In file included from /cvmfs/juno.ihep.ac.cn/centos7_amd64_gcc830/contrib/gcc/8.3.0/include/c++/8.3.0/string:38,
                 from /dybfs/users/xuhangkun/SimTAO/analysis/calibrate/include/RunData.h:43,
                 from /dybfs/users/xuhangkun/SimTAO/analysis/calibrate/include/TAORunData.h:44,
                 from /dybfs/users/xuhangkun/SimTAO/analysis/calibrate/src/NonLinearCalibration.cpp:2:
/cvmfs/juno.ihep.ac.cn/centos7_amd64_gcc830/contrib/gcc/8.3.0/include/c++/8.3.0/x86_64-pc-linux-gnu/bits/c++config.h:236:1: error: expected initializer before ‘namespace’
 namespace std
 ^~~~~~~~~
In file included from /cvmfs/juno.ihep.ac.cn/centos7_amd64_gcc830/contrib/gcc/8.3.0/include/c++/8.3.0/bits/stl_algobase.h:62,
                 from /cvmfs/juno.ihep.ac.cn/centos7_amd64_gcc830/contrib/gcc/8.3.0/include/c++/8.3.0/bits/char_traits.h:39,
                 from /cvmfs/juno.ihep.ac.cn/centos7_amd64_gcc830/contrib/gcc/8.3.0/include/c++/8.3.0/string:40,
                 from /dybfs/users/xuhangkun/SimTAO/analysis/calibrate/include/RunData.h:43,
                 from /dybfs/users/xuhangkun/SimTAO/analysis/calibrate/include/TAORunData.h:44,
                 from /dybfs/users/xuhangkun/SimTAO/analysis/calibrate/src/NonLinearCalibration.cpp:2:
/cvmfs/juno.ihep.ac.cn/centos7_amd64_gcc830/contrib/gcc/8.3.0/include/c++/8.3.0/ext/type_traits.h:162:35: error: ‘bool __gnu_cxx::__is_null_pointer’ redeclared as different kind of symbol
   __is_null_pointer(std::nullptr_t)
                                   ^
/cvmfs/juno.ihep.ac.cn/centos7_amd64_gcc830/contrib/gcc/8.3.0/include/c++/8.3.0/ext/type_traits.h:157:5: note: previous declaration ‘template<class _Type> bool __gnu_cxx::__is_null_pointer(_Type)’
     __is_null_pointer(_Type)
     ^~~~~~~~~~~~~~~~~
/cvmfs/juno.ihep.ac.cn/centos7_amd64_gcc830/contrib/gcc/8.3.0/include/c++/8.3.0/ext/type_traits.h:162:26: error: ‘nullptr_t’ is not a member of ‘std’
   __is_null_pointer(std::nullptr_t)
                          ^~~~~~~~~
In file included from /cvmfs/juno.ihep.ac.cn/centos7_amd64_gcc830/contrib/gcc/8.3.0/include/c++/8.3.0/bits/move.h:55,
                 from /cvmfs/juno.ihep.ac.cn/centos7_amd64_gcc830/contrib/gcc/8.3.0/include/c++/8.3.0/bits/stl_pair.h:59,
                 from /cvmfs/juno.ihep.ac.cn/centos7_amd64_gcc830/contrib/gcc/8.3.0/include/c++/8.3.0/bits/stl_algobase.h:64,
                 from /cvmfs/juno.ihep.ac.cn/centos7_amd64_gcc830/contrib/gcc/8.3.0/include/c++/8.3.0/bits/char_traits.h:39,
                 from /cvmfs/juno.ihep.ac.cn/centos7_amd64_gcc830/contrib/gcc/8.3.0/include/c++/8.3.0/string:40,
                 from /dybfs/users/xuhangkun/SimTAO/analysis/calibrate/include/RunData.h:43,
                 from /dybfs/users/xuhangkun/SimTAO/analysis/calibrate/include/TAORunData.h:44,
                 from /dybfs/users/xuhangkun/SimTAO/analysis/calibrate/src/NonLinearCalibration.cpp:2:
/cvmfs/juno.ihep.ac.cn/centos7_amd64_gcc830/contrib/gcc/8.3.0/include/c++/8.3.0/type_traits:350:31: error: ‘std::size_t’ has not been declared
   template<typename _Tp, std::size_t _Size>
                               ^~~~~~
/cvmfs/juno.ihep.ac.cn/centos7_amd64_gcc830/contrib/gcc/8.3.0/include/c++/8.3.0/type_traits:351:25: error: ‘_Size’ was not declared in this scope
     struct is_array<_Tp[_Size]>
                         ^~~~~
/cvmfs/juno.ihep.ac.cn/centos7_amd64_gcc830/contrib/gcc/8.3.0/include/c++/8.3.0/type_traits:351:31: error: template argument 1 is invalid
     struct is_array<_Tp[_Size]>
                               ^
/cvmfs/juno.ihep.ac.cn/centos7_amd64_gcc830/contrib/gcc/8.3.0/include/c++/8.3.0/type_traits:549:42: error: ‘nullptr_t’ is not a member of ‘std’
     struct __is_null_pointer_helper<std::nullptr_t>
                                          ^~~~~~~~~
/cvmfs/juno.ihep.ac.cn/centos7_amd64_gcc830/contrib/gcc/8.3.0/include/c++/8.3.0/type_traits:549:42: error: ‘nullptr_t’ is not a member of ‘std’
/cvmfs/juno.ihep.ac.cn/centos7_amd64_gcc830/contrib/gcc/8.3.0/include/c++/8.3.0/type_traits:549:51: error: template argument 1 is invalid
     struct __is_null_pointer_helper<std::nullptr_t>
                                                   ^
/cvmfs/juno.ihep.ac.cn/centos7_amd64_gcc830/contrib/gcc/8.3.0/include/c++/8.3.0/type_traits:1289:37: error: ‘size_t’ is not a member of ‘std’
     : public integral_constant<std::size_t, alignof(_Tp)> { };
                                     ^~~~~~
/cvmfs/juno.ihep.ac.cn/centos7_amd64_gcc830/contrib/gcc/8.3.0/include/c++/8.3.0/type_traits:1289:37: error: ‘size_t’ is not a member of ‘std’
/cvmfs/juno.ihep.ac.cn/centos7_amd64_gcc830/contrib/gcc/8.3.0/include/c++/8.3.0/type_traits:1289:57: error: template argument 1 is invalid
     : public integral_constant<std::size_t, alignof(_Tp)> { };
                                                         ^
/cvmfs/juno.ihep.ac.cn/centos7_amd64_gcc830/contrib/gcc/8.3.0/include/c++/8.3.0/type_traits:1289:57: note: invalid template non-type parameter
/cvmfs/juno.ihep.ac.cn/centos7_amd64_gcc830/contrib/gcc/8.3.0/include/c++/8.3.0/type_traits:1294:37: error: ‘size_t’ is not a member of ‘std’
     : public integral_constant<std::size_t, 0> { };
                                     ^~~~~~
/cvmfs/juno.ihep.ac.cn/centos7_amd64_gcc830/contrib/gcc/8.3.0/include/c++/8.3.0/type_traits:1294:37: error: ‘size_t’ is not a member of ‘std’
/cvmfs/juno.ihep.ac.cn/centos7_amd64_gcc830/contrib/gcc/8.3.0/include/c++/8.3.0/type_traits:1294:46: error: template argument 1 is invalid
     : public integral_constant<std::size_t, 0> { };
                                              ^
/cvmfs/juno.ihep.ac.cn/centos7_amd64_gcc830/contrib/gcc/8.3.0/include/c++/8.3.0/type_traits:1294:46: note: invalid template non-type parameter
/cvmfs/juno.ihep.ac.cn/centos7_amd64_gcc830/contrib/gcc/8.3.0/include/c++/8.3.0/type_traits:1296:31: error: ‘std::size_t’ has not been declared
   template<typename _Tp, std::size_t _Size>
                               ^~~~~~
/cvmfs/juno.ihep.ac.cn/centos7_amd64_gcc830/contrib/gcc/8.3.0/include/c++/8.3.0/type_traits:1297:21: error: ‘_Size’ was not declared in this scope
     struct rank<_Tp[_Size]>
                     ^~~~~
/cvmfs/juno.ihep.ac.cn/centos7_amd64_gcc830/contrib/gcc/8.3.0/include/c++/8.3.0/type_traits:1297:27: error: template argument 1 is invalid
     struct rank<_Tp[_Size]>
                           ^
/cvmfs/juno.ihep.ac.cn/centos7_amd64_gcc830/contrib/gcc/8.3.0/include/c++/8.3.0/type_traits:1298:37: error: ‘size_t’ is not a member of ‘std’
     : public integral_constant<std::size_t, 1 + rank<_Tp>::value> { };
                                     ^~~~~~
/cvmfs/juno.ihep.ac.cn/centos7_amd64_gcc830/contrib/gcc/8.3.0/include/c++/8.3.0/type_traits:1298:37: error: ‘size_t’ is not a member of ‘std’
/cvmfs/juno.ihep.ac.cn/centos7_amd64_gcc830/contrib/gcc/8.3.0/include/c++/8.3.0/type_traits:1298:65: error: template argument 1 is invalid
     : public integral_constant<std::size_t, 1 + rank<_Tp>::value> { };
                                                                 ^
/cvmfs/juno.ihep.ac.cn/centos7_amd64_gcc830/contrib/gcc/8.3.0/include/c++/8.3.0/type_traits:1298:65: note: invalid template non-type parameter
/cvmfs/juno.ihep.ac.cn/centos7_amd64_gcc830/contrib/gcc/8.3.0/include/c++/8.3.0/type_traits:1302:37: error: ‘size_t’ is not a member of ‘std’
     : public integral_constant<std::size_t, 1 + rank<_Tp>::value> { };
                                     ^~~~~~
/cvmfs/juno.ihep.ac.cn/centos7_amd64_gcc830/contrib/gcc/8.3.0/include/c++/8.3.0/type_traits:1302:37: error: ‘size_t’ is not a member of ‘std’
/cvmfs/juno.ihep.ac.cn/centos7_amd64_gcc830/contrib/gcc/8.3.0/include/c++/8.3.0/type_traits:1302:65: error: template argument 1 is invalid
     : public integral_constant<std::size_t, 1 + rank<_Tp>::value> { };
                                                                 ^
/cvmfs/juno.ihep.ac.cn/centos7_amd64_gcc830/contrib/gcc/8.3.0/include/c++/8.3.0/type_traits:1302:65: note: invalid template non-type parameter
/cvmfs/juno.ihep.ac.cn/centos7_amd64_gcc830/contrib/gcc/8.3.0/include/c++/8.3.0/type_traits:1307:37: error: ‘size_t’ is not a member of ‘std’
     : public integral_constant<std::size_t, 0> { };
                                     ^~~~~~
/cvmfs/juno.ihep.ac.cn/centos7_amd64_gcc830/contrib/gcc/8.3.0/include/c++/8.3.0/type_traits:1307:37: error: ‘size_t’ is not a member of ‘std’
/cvmfs/juno.ihep.ac.cn/centos7_amd64_gcc830/contrib/gcc/8.3.0/include/c++/8.3.0/type_traits:1307:46: error: template argument 1 is invalid
     : public integral_constant<std::size_t, 0> { };
                                              ^
/cvmfs/juno.ihep.ac.cn/centos7_amd64_gcc830/contrib/gcc/8.3.0/include/c++/8.3.0/type_traits:1307:46: note: invalid template non-type parameter
/cvmfs/juno.ihep.ac.cn/centos7_amd64_gcc830/contrib/gcc/8.3.0/include/c++/8.3.0/type_traits:1309:47: error: ‘std::size_t’ has not been declared
   template<typename _Tp, unsigned _Uint, std::size_t _Size>
                                               ^~~~~~
/cvmfs/juno.ihep.ac.cn/centos7_amd64_gcc830/contrib/gcc/8.3.0/include/c++/8.3.0/type_traits:1310:23: error: ‘_Size’ was not declared in this scope
     struct extent<_Tp[_Size], _Uint>
                       ^~~~~
/cvmfs/juno.ihep.ac.cn/centos7_amd64_gcc830/contrib/gcc/8.3.0/include/c++/8.3.0/type_traits:1310:36: error: template argument 1 is invalid
     struct extent<_Tp[_Size], _Uint>
                                    ^
/cvmfs/juno.ihep.ac.cn/centos7_amd64_gcc830/contrib/gcc/8.3.0/include/c++/8.3.0/type_traits:1311:37: error: ‘size_t’ is not a member of ‘std’
     : public integral_constant<std::size_t,
                                     ^~~~~~
/cvmfs/juno.ihep.ac.cn/centos7_amd64_gcc830/contrib/gcc/8.3.0/include/c++/8.3.0/type_traits:1311:37: error: ‘size_t’ is not a member of ‘std’
/cvmfs/juno.ihep.ac.cn/centos7_amd64_gcc830/contrib/gcc/8.3.0/include/c++/8.3.0/type_traits:1312:24: error: ‘_Size’ was not declared in this scope
           _Uint == 0 ? _Size : extent<_Tp,
                        ^~~~~
/cvmfs/juno.ihep.ac.cn/centos7_amd64_gcc830/contrib/gcc/8.3.0/include/c++/8.3.0/type_traits:1313:28: error: template argument 1 is invalid
           _Uint - 1>::value>
                            ^
/cvmfs/juno.ihep.ac.cn/centos7_amd64_gcc830/contrib/gcc/8.3.0/include/c++/8.3.0/type_traits:1313:28: note: invalid template non-type parameter
/cvmfs/juno.ihep.ac.cn/centos7_amd64_gcc830/contrib/gcc/8.3.0/include/c++/8.3.0/type_traits:1318:37: error: ‘size_t’ is not a member of ‘std’
     : public integral_constant<std::size_t,
                                     ^~~~~~
/cvmfs/juno.ihep.ac.cn/centos7_amd64_gcc830/contrib/gcc/8.3.0/include/c++/8.3.0/type_traits:1318:37: error: ‘size_t’ is not a member of ‘std’
/cvmfs/juno.ihep.ac.cn/centos7_amd64_gcc830/contrib/gcc/8.3.0/include/c++/8.3.0/type_traits:1320:31: error: template argument 1 is invalid
              _Uint - 1>::value>
                               ^
/cvmfs/juno.ihep.ac.cn/centos7_amd64_gcc830/contrib/gcc/8.3.0/include/c++/8.3.0/type_traits:1320:31: note: invalid template non-type parameter
/cvmfs/juno.ihep.ac.cn/centos7_amd64_gcc830/contrib/gcc/8.3.0/include/c++/8.3.0/type_traits:1748:31: error: ‘std::size_t’ has not been declared
   template<typename _Tp, std::size_t _Size>
                               ^~~~~~
/cvmfs/juno.ihep.ac.cn/centos7_amd64_gcc830/contrib/gcc/8.3.0/include/c++/8.3.0/type_traits:1749:30: error: ‘_Size’ was not declared in this scope
     struct remove_extent<_Tp[_Size]>
                              ^~~~~
/cvmfs/juno.ihep.ac.cn/centos7_amd64_gcc830/contrib/gcc/8.3.0/include/c++/8.3.0/type_traits:1749:36: error: template argument 1 is invalid
     struct remove_extent<_Tp[_Size]>
                                    ^
/cvmfs/juno.ihep.ac.cn/centos7_amd64_gcc830/contrib/gcc/8.3.0/include/c++/8.3.0/type_traits:1761:31: error: ‘std::size_t’ has not been declared
   template<typename _Tp, std::size_t _Size>
                               ^~~~~~
/cvmfs/juno.ihep.ac.cn/centos7_amd64_gcc830/contrib/gcc/8.3.0/include/c++/8.3.0/type_traits:1762:35: error: ‘_Size’ was not declared in this scope
     struct remove_all_extents<_Tp[_Size]>
                                   ^~~~~
/cvmfs/juno.ihep.ac.cn/centos7_amd64_gcc830/contrib/gcc/8.3.0/include/c++/8.3.0/type_traits:1762:41: error: template argument 1 is invalid
     struct remove_all_extents<_Tp[_Size]>
                                         ^
/cvmfs/juno.ihep.ac.cn/centos7_amd64_gcc830/contrib/gcc/8.3.0/include/c++/8.3.0/type_traits:1820:17: error: ‘std::size_t’ has not been declared
   template<std::size_t _Len>
                 ^~~~~~
/cvmfs/juno.ihep.ac.cn/centos7_amd64_gcc830/contrib/gcc/8.3.0/include/c++/8.3.0/type_traits:1825:23: error: ‘_Len’ was not declared in this scope
  unsigned char __data[_Len];
                       ^~~~
/cvmfs/juno.ihep.ac.cn/centos7_amd64_gcc830/contrib/gcc/8.3.0/include/c++/8.3.0/type_traits:1840:17: error: ‘std::size_t’ has not been declared
   template<std::size_t _Len, std::size_t _Align =
                 ^~~~~~
/cvmfs/juno.ihep.ac.cn/centos7_amd64_gcc830/contrib/gcc/8.3.0/include/c++/8.3.0/type_traits:1840:35: error: ‘std::size_t’ has not been declared
   template<std::size_t _Len, std::size_t _Align =
                                   ^~~~~~
/cvmfs/juno.ihep.ac.cn/centos7_amd64_gcc830/contrib/gcc/8.3.0/include/c++/8.3.0/type_traits:1841:48: error: ‘_Len’ was not declared in this scope
     __alignof__(typename __aligned_storage_msa<_Len>::__type)>
                                                ^~~~
/cvmfs/juno.ihep.ac.cn/centos7_amd64_gcc830/contrib/gcc/8.3.0/include/c++/8.3.0/type_traits:1841:52: error: template argument 1 is invalid
     __alignof__(typename __aligned_storage_msa<_Len>::__type)>
                                                    ^
/cvmfs/juno.ihep.ac.cn/centos7_amd64_gcc830/contrib/gcc/8.3.0/include/c++/8.3.0/type_traits:1846:23: error: ‘_Len’ was not declared in this scope
  unsigned char __data[_Len];
                       ^~~~
/cvmfs/juno.ihep.ac.cn/centos7_amd64_gcc830/contrib/gcc/8.3.0/include/c++/8.3.0/type_traits:1847:37: error: ‘_Align’ was not declared in this scope
  struct __attribute__((__aligned__((_Align)))) { } __align;
                                     ^~~~~~
/cvmfs/juno.ihep.ac.cn/centos7_amd64_gcc830/contrib/gcc/8.3.0/include/c++/8.3.0/type_traits:1854:20: error: ‘size_t’ does not name a type
       static const size_t _S_alignment = 0;
                    ^~~~~~
/cvmfs/juno.ihep.ac.cn/centos7_amd64_gcc830/contrib/gcc/8.3.0/include/c++/8.3.0/type_traits:1854:20: note: ‘size_t’ is defined in header ‘<cstddef>’; did you forget to ‘#include <cstddef>’?
/cvmfs/juno.ihep.ac.cn/centos7_amd64_gcc830/contrib/gcc/8.3.0/include/c++/8.3.0/type_traits:1:1:
+#include <cstddef>
 // C++11 <type_traits> -*- C++ -*-
/cvmfs/juno.ihep.ac.cn/centos7_amd64_gcc830/contrib/gcc/8.3.0/include/c++/8.3.0/type_traits:1854:20:
       static const size_t _S_alignment = 0;
                    ^~~~~~
/cvmfs/juno.ihep.ac.cn/centos7_amd64_gcc830/contrib/gcc/8.3.0/include/c++/8.3.0/type_traits:1855:20: error: ‘size_t’ does not name a type
       static const size_t _S_size = 0;
                    ^~~~~~
/cvmfs/juno.ihep.ac.cn/centos7_amd64_gcc830/contrib/gcc/8.3.0/include/c++/8.3.0/type_traits:1855:20: note: ‘size_t’ is defined in header ‘<cstddef>’; did you forget to ‘#include <cstddef>’?
/cvmfs/juno.ihep.ac.cn/centos7_amd64_gcc830/contrib/gcc/8.3.0/include/c++/8.3.0/type_traits:1861:20: error: ‘size_t’ does not name a type
       static const size_t _S_alignment =
                    ^~~~~~
/cvmfs/juno.ihep.ac.cn/centos7_amd64_gcc830/contrib/gcc/8.3.0/include/c++/8.3.0/type_traits:1861:20: note: ‘size_t’ is defined in header ‘<cstddef>’; did you forget to ‘#include <cstddef>’?
/cvmfs/juno.ihep.ac.cn/centos7_amd64_gcc830/contrib/gcc/8.3.0/include/c++/8.3.0/type_traits:1864:20: error: ‘size_t’ does not name a type
       static const size_t _S_size =
                    ^~~~~~
/cvmfs/juno.ihep.ac.cn/centos7_amd64_gcc830/contrib/gcc/8.3.0/include/c++/8.3.0/type_traits:1864:20: note: ‘size_t’ is defined in header ‘<cstddef>’; did you forget to ‘#include <cstddef>’?
/cvmfs/juno.ihep.ac.cn/centos7_amd64_gcc830/contrib/gcc/8.3.0/include/c++/8.3.0/type_traits:1879:13: error: ‘size_t’ has not been declared
   template <size_t _Len, typename... _Types>
             ^~~~~~
/cvmfs/juno.ihep.ac.cn/centos7_amd64_gcc830/contrib/gcc/8.3.0/include/c++/8.3.0/type_traits:1886:20: error: ‘size_t’ does not name a type
       static const size_t _S_len = _Len > __strictest::_S_size
                    ^~~~~~
/cvmfs/juno.ihep.ac.cn/centos7_amd64_gcc830/contrib/gcc/8.3.0/include/c++/8.3.0/type_traits:1886:20: note: ‘size_t’ is defined in header ‘<cstddef>’; did you forget to ‘#include <cstddef>’?
/cvmfs/juno.ihep.ac.cn/centos7_amd64_gcc830/contrib/gcc/8.3.0/include/c++/8.3.0/type_traits:1890:20: error: ‘size_t’ does not name a type
       static const size_t alignment_value = __strictest::_S_alignment;
                    ^~~~~~
/cvmfs/juno.ihep.ac.cn/centos7_amd64_gcc830/contrib/gcc/8.3.0/include/c++/8.3.0/type_traits:1890:20: note: ‘size_t’ is defined in header ‘<cstddef>’; did you forget to ‘#include <cstddef>’?
/cvmfs/juno.ihep.ac.cn/centos7_amd64_gcc830/contrib/gcc/8.3.0/include/c++/8.3.0/type_traits:1892:40: error: ‘_S_len’ was not declared in this scope
       typedef typename aligned_storage<_S_len, alignment_value>::type type;
                                        ^~~~~~
/cvmfs/juno.ihep.ac.cn/centos7_amd64_gcc830/contrib/gcc/8.3.0/include/c++/8.3.0/type_traits:1892:48: error: ‘alignment_value’ was not declared in this scope
       typedef typename aligned_storage<_S_len, alignment_value>::type type;
                                                ^~~~~~~~~~~~~~~
/cvmfs/juno.ihep.ac.cn/centos7_amd64_gcc830/contrib/gcc/8.3.0/include/c++/8.3.0/type_traits:1892:48: note: suggested alternative: ‘alignment_of’
       typedef typename aligned_storage<_S_len, alignment_value>::type type;
                                                ^~~~~~~~~~~~~~~
                                                alignment_of
/cvmfs/juno.ihep.ac.cn/centos7_amd64_gcc830/contrib/gcc/8.3.0/include/c++/8.3.0/type_traits:1892:63: error: template argument 1 is invalid
       typedef typename aligned_storage<_S_len, alignment_value>::type type;
                                                               ^
/cvmfs/juno.ihep.ac.cn/centos7_amd64_gcc830/contrib/gcc/8.3.0/include/c++/8.3.0/type_traits:1892:63: error: template argument 2 is invalid
/cvmfs/juno.ihep.ac.cn/centos7_amd64_gcc830/contrib/gcc/8.3.0/include/c++/8.3.0/type_traits:1895:13: error: ‘size_t’ has not been declared
   template <size_t _Len, typename... _Types>
             ^~~~~~
/cvmfs/juno.ihep.ac.cn/centos7_amd64_gcc830/contrib/gcc/8.3.0/include/c++/8.3.0/type_traits:1896:11: error: ‘size_t’ does not name a type
     const size_t aligned_union<_Len, _Types...>::alignment_value;
           ^~~~~~
/cvmfs/juno.ihep.ac.cn/centos7_amd64_gcc830/contrib/gcc/8.3.0/include/c++/8.3.0/type_traits:1896:11: note: ‘size_t’ is defined in header ‘<cstddef>’; did you forget to ‘#include <cstddef>’?
/cvmfs/juno.ihep.ac.cn/centos7_amd64_gcc830/contrib/gcc/8.3.0/include/c++/8.3.0/type_traits:2441:26: error: ‘size_t’ has not been declared
   template<typename _Tp, size_t _Nm>
                          ^~~~~~
/cvmfs/juno.ihep.ac.cn/centos7_amd64_gcc830/contrib/gcc/8.3.0/include/c++/8.3.0/type_traits:2444:21: error: ‘_Nm’ was not declared in this scope
     swap(_Tp (&__a)[_Nm], _Tp (&__b)[_Nm])
                     ^~~
/cvmfs/juno.ihep.ac.cn/centos7_amd64_gcc830/contrib/gcc/8.3.0/include/c++/8.3.0/type_traits:2444:24: error: ‘template<class _Tp, <declaration error> > typename std::enable_if<std::__is_swappable<_Tp>::value>::type std::swap’ conflicts with a previous declaration
     swap(_Tp (&__a)[_Nm], _Tp (&__b)[_Nm])
                        ^
/cvmfs/juno.ihep.ac.cn/centos7_amd64_gcc830/contrib/gcc/8.3.0/include/c++/8.3.0/type_traits:2437:5: note: previous declaration ‘typename std::enable_if<std::__and_<std::__not_<std::__is_tuple_like<_Tp> >, std::is_move_constructible<_Tp>, std::is_move_assignable<_Tp> >::value>::type std::swap(_Tp&, _Tp&)’
     swap(_Tp&, _Tp&)
     ^~~~
/cvmfs/juno.ihep.ac.cn/centos7_amd64_gcc830/contrib/gcc/8.3.0/include/c++/8.3.0/type_traits:2444:16: error: ‘__a’ was not declared in this scope
     swap(_Tp (&__a)[_Nm], _Tp (&__b)[_Nm])
                ^~~
/cvmfs/juno.ihep.ac.cn/centos7_amd64_gcc830/contrib/gcc/8.3.0/include/c++/8.3.0/type_traits:2444:21: error: ‘_Nm’ was not declared in this scope
     swap(_Tp (&__a)[_Nm], _Tp (&__b)[_Nm])
                     ^~~
/cvmfs/juno.ihep.ac.cn/centos7_amd64_gcc830/contrib/gcc/8.3.0/include/c++/8.3.0/type_traits:2444:33: error: ‘__b’ was not declared in this scope
     swap(_Tp (&__a)[_Nm], _Tp (&__b)[_Nm])
                                 ^~~
/cvmfs/juno.ihep.ac.cn/centos7_amd64_gcc830/contrib/gcc/8.3.0/include/c++/8.3.0/type_traits:2444:38: error: ‘_Nm’ was not declared in this scope
     swap(_Tp (&__a)[_Nm], _Tp (&__b)[_Nm])
                                      ^~~
/cvmfs/juno.ihep.ac.cn/centos7_amd64_gcc830/contrib/gcc/8.3.0/include/c++/8.3.0/type_traits:2444:43: error: expected ‘;’ before ‘noexcept’
     swap(_Tp (&__a)[_Nm], _Tp (&__b)[_Nm])
                                           ^
                                           ;
     noexcept(__is_nothrow_swappable<_Tp>::value);
     ~~~~~~~~                               
In file included from /cvmfs/juno.ihep.ac.cn/centos7_amd64_gcc830/contrib/gcc/8.3.0/include/c++/8.3.0/bits/stl_pair.h:59,
                 from /cvmfs/juno.ihep.ac.cn/centos7_amd64_gcc830/contrib/gcc/8.3.0/include/c++/8.3.0/bits/stl_algobase.h:64,
                 from /cvmfs/juno.ihep.ac.cn/centos7_amd64_gcc830/contrib/gcc/8.3.0/include/c++/8.3.0/bits/char_traits.h:39,
                 from /cvmfs/juno.ihep.ac.cn/centos7_amd64_gcc830/contrib/gcc/8.3.0/include/c++/8.3.0/string:40,
                 from /dybfs/users/xuhangkun/SimTAO/analysis/calibrate/include/RunData.h:43,
                 from /dybfs/users/xuhangkun/SimTAO/analysis/calibrate/include/TAORunData.h:44,
                 from /dybfs/users/xuhangkun/SimTAO/analysis/calibrate/src/NonLinearCalibration.cpp:2:
/cvmfs/juno.ihep.ac.cn/centos7_amd64_gcc830/contrib/gcc/8.3.0/include/c++/8.3.0/bits/move.h:201:26: error: ‘size_t’ has not been declared
   template<typename _Tp, size_t _Nm>
                          ^~~~~~
/cvmfs/juno.ihep.ac.cn/centos7_amd64_gcc830/contrib/gcc/8.3.0/include/c++/8.3.0/bits/move.h:205:21: error: ‘_Nm’ was not declared in this scope
     swap(_Tp (&__a)[_Nm], _Tp (&__b)[_Nm])
                     ^~~
/cvmfs/juno.ihep.ac.cn/centos7_amd64_gcc830/contrib/gcc/8.3.0/include/c++/8.3.0/bits/move.h:205:24: error: ‘template<class _Tp, <declaration error> > typename std::enable_if<std::__is_swappable<_Tp>::value>::type std::swap’ conflicts with a previous declaration
     swap(_Tp (&__a)[_Nm], _Tp (&__b)[_Nm])
                        ^
/cvmfs/juno.ihep.ac.cn/centos7_amd64_gcc830/contrib/gcc/8.3.0/include/c++/8.3.0/bits/move.h:182:5: note: previous declaration ‘typename std::enable_if<std::__and_<std::__not_<std::__is_tuple_like<_Tp> >, std::is_move_constructible<_Tp>, std::is_move_assignable<_Tp> >::value>::type std::swap(_Tp&, _Tp&)’
     swap(_Tp& __a, _Tp& __b)
     ^~~~
/cvmfs/juno.ihep.ac.cn/centos7_amd64_gcc830/contrib/gcc/8.3.0/include/c++/8.3.0/bits/move.h:205:16: error: ‘__a’ was not declared in this scope
     swap(_Tp (&__a)[_Nm], _Tp (&__b)[_Nm])
                ^~~
/cvmfs/juno.ihep.ac.cn/centos7_amd64_gcc830/contrib/gcc/8.3.0/include/c++/8.3.0/bits/move.h:205:21: error: ‘_Nm’ was not declared in this scope
     swap(_Tp (&__a)[_Nm], _Tp (&__b)[_Nm])
                     ^~~
/cvmfs/juno.ihep.ac.cn/centos7_amd64_gcc830/contrib/gcc/8.3.0/include/c++/8.3.0/bits/move.h:205:33: error: ‘__b’ was not declared in this scope
     swap(_Tp (&__a)[_Nm], _Tp (&__b)[_Nm])
                                 ^~~
/cvmfs/juno.ihep.ac.cn/centos7_amd64_gcc830/contrib/gcc/8.3.0/include/c++/8.3.0/bits/move.h:205:38: error: ‘_Nm’ was not declared in this scope
     swap(_Tp (&__a)[_Nm], _Tp (&__b)[_Nm])
                                      ^~~
/cvmfs/juno.ihep.ac.cn/centos7_amd64_gcc830/contrib/gcc/8.3.0/include/c++/8.3.0/bits/move.h:205:43: error: expected ‘;’ before ‘noexcept’
     swap(_Tp (&__a)[_Nm], _Tp (&__b)[_Nm])
                                           ^
                                           ;
     noexcept(__is_nothrow_swappable<_Tp>::value)
     ~~~~~~~~                               
In file included from /cvmfs/juno.ihep.ac.cn/centos7_amd64_gcc830/contrib/gcc/8.3.0/include/c++/8.3.0/bits/stl_algobase.h:64,
                 from /cvmfs/juno.ihep.ac.cn/centos7_amd64_gcc830/contrib/gcc/8.3.0/include/c++/8.3.0/bits/char_traits.h:39,
                 from /cvmfs/juno.ihep.ac.cn/centos7_amd64_gcc830/contrib/gcc/8.3.0/include/c++/8.3.0/string:40,
                 from /dybfs/users/xuhangkun/SimTAO/analysis/calibrate/include/RunData.h:43,
                 from /dybfs/users/xuhangkun/SimTAO/analysis/calibrate/include/TAORunData.h:44,
                 from /dybfs/users/xuhangkun/SimTAO/analysis/calibrate/src/NonLinearCalibration.cpp:2:
/cvmfs/juno.ihep.ac.cn/centos7_amd64_gcc830/contrib/gcc/8.3.0/include/c++/8.3.0/bits/stl_pair.h:86:17: error: ‘std::size_t’ has not been declared
   template<std::size_t...>
                 ^~~~~~
/cvmfs/juno.ihep.ac.cn/centos7_amd64_gcc830/contrib/gcc/8.3.0/include/c++/8.3.0/bits/stl_pair.h:434:41: error: ‘std::size_t’ has not been declared
       template<typename... _Args1, std::size_t... _Indexes1,
                                         ^~~~~~
/cvmfs/juno.ihep.ac.cn/centos7_amd64_gcc830/contrib/gcc/8.3.0/include/c++/8.3.0/bits/stl_pair.h:435:41: error: ‘std::size_t’ has not been declared
                typename... _Args2, std::size_t... _Indexes2>
                                         ^~~~~~
/cvmfs/juno.ihep.ac.cn/centos7_amd64_gcc830/contrib/gcc/8.3.0/include/c++/8.3.0/bits/stl_pair.h:437:27: error: ‘_Indexes1’ was not declared in this scope
              _Index_tuple<_Indexes1...>, _Index_tuple<_Indexes2...>);
                           ^~~~~~~~~
/cvmfs/juno.ihep.ac.cn/centos7_amd64_gcc830/contrib/gcc/8.3.0/include/c++/8.3.0/bits/stl_pair.h:437:27: note: suggested alternative: ‘_Index_tuple’
              _Index_tuple<_Indexes1...>, _Index_tuple<_Indexes2...>);
                           ^~~~~~~~~
                           _Index_tuple
/cvmfs/juno.ihep.ac.cn/centos7_amd64_gcc830/contrib/gcc/8.3.0/include/c++/8.3.0/bits/stl_pair.h:437:36: error: expected parameter pack before ‘...’
              _Index_tuple<_Indexes1...>, _Index_tuple<_Indexes2...>);
                                    ^~~
/cvmfs/juno.ihep.ac.cn/centos7_amd64_gcc830/contrib/gcc/8.3.0/include/c++/8.3.0/bits/stl_pair.h:437:39: error: template argument 1 is invalid
              _Index_tuple<_Indexes1...>, _Index_tuple<_Indexes2...>);
                                       ^
/cvmfs/juno.ihep.ac.cn/centos7_amd64_gcc830/contrib/gcc/8.3.0/include/c++/8.3.0/bits/stl_pair.h:437:55: error: ‘_Indexes2’ was not declared in this scope
              _Index_tuple<_Indexes1...>, _Index_tuple<_Indexes2...>);
                                                       ^~~~~~~~~
/cvmfs/juno.ihep.ac.cn/centos7_amd64_gcc830/contrib/gcc/8.3.0/include/c++/8.3.0/bits/stl_pair.h:437:55: note: suggested alternative: ‘_Index_tuple’
              _Index_tuple<_Indexes1...>, _Index_tuple<_Indexes2...>);
                                                       ^~~~~~~~~
                                                       _Index_tuple
/cvmfs/juno.ihep.ac.cn/centos7_amd64_gcc830/contrib/gcc/8.3.0/include/c++/8.3.0/bits/stl_pair.h:437:64: error: expected parameter pack before ‘...’
              _Index_tuple<_Indexes1...>, _Index_tuple<_Indexes2...>);
                                                                ^~~
/cvmfs/juno.ihep.ac.cn/centos7_amd64_gcc830/contrib/gcc/8.3.0/include/c++/8.3.0/bits/stl_pair.h:437:67: error: template argument 1 is invalid
              _Index_tuple<_Indexes1...>, _Index_tuple<_Indexes2...>);
                                                                   ^
In file included from /cvmfs/juno.ihep.ac.cn/centos7_amd64_gcc830/contrib/gcc/8.3.0/include/c++/8.3.0/bits/stl_algobase.h:65,
                 from /cvmfs/juno.ihep.ac.cn/centos7_amd64_gcc830/contrib/gcc/8.3.0/include/c++/8.3.0/bits/char_traits.h:39,
                 from /cvmfs/juno.ihep.ac.cn/centos7_amd64_gcc830/contrib/gcc/8.3.0/include/c++/8.3.0/string:40,
                 from /dybfs/users/xuhangkun/SimTAO/analysis/calibrate/include/RunData.h:43,
                 from /dybfs/users/xuhangkun/SimTAO/analysis/calibrate/include/TAORunData.h:44,
                 from /dybfs/users/xuhangkun/SimTAO/analysis/calibrate/src/NonLinearCalibration.cpp:2:
/cvmfs/juno.ihep.ac.cn/centos7_amd64_gcc830/contrib/gcc/8.3.0/include/c++/8.3.0/bits/stl_iterator_base_types.h:116:67: error: ‘ptrdiff_t’ does not name a type
   template<typename _Category, typename _Tp, typename _Distance = ptrdiff_t,
                                                                   ^~~~~~~~~
/cvmfs/juno.ihep.ac.cn/centos7_amd64_gcc830/contrib/gcc/8.3.0/include/c++/8.3.0/bits/stl_iterator_base_types.h:116:67: note: ‘ptrdiff_t’ is defined in header ‘<cstddef>’; did you forget to ‘#include <cstddef>’?
/cvmfs/juno.ihep.ac.cn/centos7_amd64_gcc830/contrib/gcc/8.3.0/include/c++/8.3.0/bits/stl_iterator_base_types.h:1:1:
+#include <cstddef>
 // Types used in iterator implementation -*- C++ -*-
/cvmfs/juno.ihep.ac.cn/centos7_amd64_gcc830/contrib/gcc/8.3.0/include/c++/8.3.0/bits/stl_iterator_base_types.h:116:67:
   template<typename _Category, typename _Tp, typename _Distance = ptrdiff_t,
                                                                   ^~~~~~~~~
/cvmfs/juno.ihep.ac.cn/centos7_amd64_gcc830/contrib/gcc/8.3.0/include/c++/8.3.0/bits/stl_iterator_base_types.h:182:15: error: ‘ptrdiff_t’ does not name a type
       typedef ptrdiff_t                   difference_type;
               ^~~~~~~~~
/cvmfs/juno.ihep.ac.cn/centos7_amd64_gcc830/contrib/gcc/8.3.0/include/c++/8.3.0/bits/stl_iterator_base_types.h:182:15: note: ‘ptrdiff_t’ is defined in header ‘<cstddef>’; did you forget to ‘#include <cstddef>’?
/cvmfs/juno.ihep.ac.cn/centos7_amd64_gcc830/contrib/gcc/8.3.0/include/c++/8.3.0/bits/stl_iterator_base_types.h:193:15: error: ‘ptrdiff_t’ does not name a type
       typedef ptrdiff_t                   difference_type;
               ^~~~~~~~~
/cvmfs/juno.ihep.ac.cn/centos7_amd64_gcc830/contrib/gcc/8.3.0/include/c++/8.3.0/bits/stl_iterator_base_types.h:193:15: note: ‘ptrdiff_t’ is defined in header ‘<cstddef>’; did you forget to ‘#include <cstddef>’?
In file included from /cvmfs/juno.ihep.ac.cn/centos7_amd64_gcc830/contrib/gcc/8.3.0/include/c++/8.3.0/bits/stl_algobase.h:66,
                 from /cvmfs/juno.ihep.ac.cn/centos7_amd64_gcc830/contrib/gcc/8.3.0/include/c++/8.3.0/bits/char_traits.h:39,
                 from /cvmfs/juno.ihep.ac.cn/centos7_amd64_gcc830/contrib/gcc/8.3.0/include/c++/8.3.0/string:40,
                 from /dybfs/users/xuhangkun/SimTAO/analysis/calibrate/include/RunData.h:43,
                 from /dybfs/users/xuhangkun/SimTAO/analysis/calibrate/include/TAORunData.h:44,
                 from /dybfs/users/xuhangkun/SimTAO/analysis/calibrate/src/NonLinearCalibration.cpp:2:
/cvmfs/juno.ihep.ac.cn/centos7_amd64_gcc830/contrib/gcc/8.3.0/include/c++/8.3.0/bits/stl_iterator_base_funcs.h:110:5: error: ‘ptrdiff_t’ does not name a type
     ptrdiff_t
     ^~~~~~~~~
/cvmfs/juno.ihep.ac.cn/centos7_amd64_gcc830/contrib/gcc/8.3.0/include/c++/8.3.0/bits/stl_iterator_base_funcs.h:110:5: note: ‘ptrdiff_t’ is defined in header ‘<cstddef>’; did you forget to ‘#include <cstddef>’?
/cvmfs/juno.ihep.ac.cn/centos7_amd64_gcc830/contrib/gcc/8.3.0/include/c++/8.3.0/bits/stl_iterator_base_funcs.h:66:1:
+#include <cstddef>
 
/cvmfs/juno.ihep.ac.cn/centos7_amd64_gcc830/contrib/gcc/8.3.0/include/c++/8.3.0/bits/stl_iterator_base_funcs.h:110:5:
     ptrdiff_t
     ^~~~~~~~~
/cvmfs/juno.ihep.ac.cn/centos7_amd64_gcc830/contrib/gcc/8.3.0/include/c++/8.3.0/bits/stl_iterator_base_funcs.h:116:5: error: ‘ptrdiff_t’ does not name a type
     ptrdiff_t
     ^~~~~~~~~
/cvmfs/juno.ihep.ac.cn/centos7_amd64_gcc830/contrib/gcc/8.3.0/include/c++/8.3.0/bits/stl_iterator_base_funcs.h:116:5: note: ‘ptrdiff_t’ is defined in header ‘<cstddef>’; did you forget to ‘#include <cstddef>’?
In file included from /cvmfs/juno.ihep.ac.cn/centos7_amd64_gcc830/contrib/gcc/8.3.0/include/c++/8.3.0/bits/stl_iterator.h:66,
                 from /cvmfs/juno.ihep.ac.cn/centos7_amd64_gcc830/contrib/gcc/8.3.0/include/c++/8.3.0/bits/stl_algobase.h:67,
                 from /cvmfs/juno.ihep.ac.cn/centos7_amd64_gcc830/contrib/gcc/8.3.0/include/c++/8.3.0/bits/char_traits.h:39,
                 from /cvmfs/juno.ihep.ac.cn/centos7_amd64_gcc830/contrib/gcc/8.3.0/include/c++/8.3.0/string:40,
                 from /dybfs/users/xuhangkun/SimTAO/analysis/calibrate/include/RunData.h:43,
                 from /dybfs/users/xuhangkun/SimTAO/analysis/calibrate/include/TAORunData.h:44,
                 from /dybfs/users/xuhangkun/SimTAO/analysis/calibrate/src/NonLinearCalibration.cpp:2:
/cvmfs/juno.ihep.ac.cn/centos7_amd64_gcc830/contrib/gcc/8.3.0/include/c++/8.3.0/bits/ptr_traits.h:104:20: error: ‘ptrdiff_t’ was not declared in this scope
  = __detected_or_t<ptrdiff_t, __difference_type, _Ptr>;
                    ^~~~~~~~~
/cvmfs/juno.ihep.ac.cn/centos7_amd64_gcc830/contrib/gcc/8.3.0/include/c++/8.3.0/bits/ptr_traits.h:104:20: note: ‘ptrdiff_t’ is defined in header ‘<cstddef>’; did you forget to ‘#include <cstddef>’?
/cvmfs/juno.ihep.ac.cn/centos7_amd64_gcc830/contrib/gcc/8.3.0/include/c++/8.3.0/bits/ptr_traits.h:1:1:
+#include <cstddef>
 // Pointer Traits -*- C++ -*-
/cvmfs/juno.ihep.ac.cn/centos7_amd64_gcc830/contrib/gcc/8.3.0/include/c++/8.3.0/bits/ptr_traits.h:104:20:
  = __detected_or_t<ptrdiff_t, __difference_type, _Ptr>;
                    ^~~~~~~~~
/cvmfs/juno.ihep.ac.cn/centos7_amd64_gcc830/contrib/gcc/8.3.0/include/c++/8.3.0/bits/ptr_traits.h:104:54: error: template argument 1 is invalid
  = __detected_or_t<ptrdiff_t, __difference_type, _Ptr>;
                                                      ^
/cvmfs/juno.ihep.ac.cn/centos7_amd64_gcc830/contrib/gcc/8.3.0/include/c++/8.3.0/bits/ptr_traits.h:130:15: error: ‘ptrdiff_t’ does not name a type
       typedef ptrdiff_t difference_type;
               ^~~~~~~~~
/cvmfs/juno.ihep.ac.cn/centos7_amd64_gcc830/contrib/gcc/8.3.0/include/c++/8.3.0/bits/ptr_traits.h:130:15: note: ‘ptrdiff_t’ is defined in header ‘<cstddef>’; did you forget to ‘#include <cstddef>’?
In file included from /cvmfs/juno.ihep.ac.cn/centos7_amd64_gcc830/contrib/gcc/8.3.0/include/c++/8.3.0/bits/char_traits.h:39,
                 from /cvmfs/juno.ihep.ac.cn/centos7_amd64_gcc830/contrib/gcc/8.3.0/include/c++/8.3.0/string:40,
                 from /dybfs/users/xuhangkun/SimTAO/analysis/calibrate/include/RunData.h:43,
                 from /dybfs/users/xuhangkun/SimTAO/analysis/calibrate/include/TAORunData.h:44,
                 from /dybfs/users/xuhangkun/SimTAO/analysis/calibrate/src/NonLinearCalibration.cpp:2:
/cvmfs/juno.ihep.ac.cn/centos7_amd64_gcc830/contrib/gcc/8.3.0/include/c++/8.3.0/bits/stl_algobase.h: In static member function ‘static _Tp* std::__copy_move<_IsMove, true, std::random_access_iterator_tag>::__copy_m(const _Tp*, const _Tp*, _Tp*)’:
/cvmfs/juno.ihep.ac.cn/centos7_amd64_gcc830/contrib/gcc/8.3.0/include/c++/8.3.0/bits/stl_algobase.h:366:10: error: ‘ptrdiff_t’ does not name a type
    const ptrdiff_t _Num = __last - __first;
          ^~~~~~~~~
/cvmfs/juno.ihep.ac.cn/centos7_amd64_gcc830/contrib/gcc/8.3.0/include/c++/8.3.0/bits/stl_algobase.h:366:10: note: ‘ptrdiff_t’ is defined in header ‘<cstddef>’; did you forget to ‘#include <cstddef>’?
/cvmfs/juno.ihep.ac.cn/centos7_amd64_gcc830/contrib/gcc/8.3.0/include/c++/8.3.0/bits/stl_algobase.h:72:1:
+#include <cstddef>
 
/cvmfs/juno.ihep.ac.cn/centos7_amd64_gcc830/contrib/gcc/8.3.0/include/c++/8.3.0/bits/stl_algobase.h:366:10:
    const ptrdiff_t _Num = __last - __first;
          ^~~~~~~~~
/cvmfs/juno.ihep.ac.cn/centos7_amd64_gcc830/contrib/gcc/8.3.0/include/c++/8.3.0/bits/stl_algobase.h:367:8: error: ‘_Num’ was not declared in this scope
    if (_Num)
        ^~~~
/cvmfs/juno.ihep.ac.cn/centos7_amd64_gcc830/contrib/gcc/8.3.0/include/c++/8.3.0/bits/stl_algobase.h:367:8: note: suggested alternative: ‘enum’
    if (_Num)
        ^~~~
        enum
/cvmfs/juno.ihep.ac.cn/centos7_amd64_gcc830/contrib/gcc/8.3.0/include/c++/8.3.0/bits/stl_algobase.h:369:22: error: ‘_Num’ was not declared in this scope
    return __result + _Num;
                      ^~~~
/cvmfs/juno.ihep.ac.cn/centos7_amd64_gcc830/contrib/gcc/8.3.0/include/c++/8.3.0/bits/stl_algobase.h:369:22: note: suggested alternative: ‘enum’
    return __result + _Num;
                      ^~~~
                      enum
/cvmfs/juno.ihep.ac.cn/centos7_amd64_gcc830/contrib/gcc/8.3.0/include/c++/8.3.0/bits/stl_algobase.h: In static member function ‘static _Tp* std::__copy_move_backward<_IsMove, true, std::random_access_iterator_tag>::__copy_move_b(const _Tp*, const _Tp*, _Tp*)’:
/cvmfs/juno.ihep.ac.cn/centos7_amd64_gcc830/contrib/gcc/8.3.0/include/c++/8.3.0/bits/stl_algobase.h:568:10: error: ‘ptrdiff_t’ does not name a type
    const ptrdiff_t _Num = __last - __first;
          ^~~~~~~~~
/cvmfs/juno.ihep.ac.cn/centos7_amd64_gcc830/contrib/gcc/8.3.0/include/c++/8.3.0/bits/stl_algobase.h:568:10: note: ‘ptrdiff_t’ is defined in header ‘<cstddef>’; did you forget to ‘#include <cstddef>’?
/cvmfs/juno.ihep.ac.cn/centos7_amd64_gcc830/contrib/gcc/8.3.0/include/c++/8.3.0/bits/stl_algobase.h:569:8: error: ‘_Num’ was not declared in this scope
    if (_Num)
        ^~~~
/cvmfs/juno.ihep.ac.cn/centos7_amd64_gcc830/contrib/gcc/8.3.0/include/c++/8.3.0/bits/stl_algobase.h:569:8: note: suggested alternative: ‘enum’
    if (_Num)
        ^~~~
        enum
/cvmfs/juno.ihep.ac.cn/centos7_amd64_gcc830/contrib/gcc/8.3.0/include/c++/8.3.0/bits/stl_algobase.h:571:22: error: ‘_Num’ was not declared in this scope
    return __result - _Num;
                      ^~~~
/cvmfs/juno.ihep.ac.cn/centos7_amd64_gcc830/contrib/gcc/8.3.0/include/c++/8.3.0/bits/stl_algobase.h:571:22: note: suggested alternative: ‘enum’
    return __result - _Num;
                      ^~~~
                      enum
/cvmfs/juno.ihep.ac.cn/centos7_amd64_gcc830/contrib/gcc/8.3.0/include/c++/8.3.0/bits/stl_algobase.h: In function ‘typename __gnu_cxx::__enable_if<std::__is_byte<_Tp>::__value, void>::__type std::__fill_a(_Tp*, _Tp*, const _Tp&)’:
/cvmfs/juno.ihep.ac.cn/centos7_amd64_gcc830/contrib/gcc/8.3.0/include/c++/8.3.0/bits/stl_algobase.h:706:11: error: expected primary-expression before ‘const’
       if (const size_t __len = __last - __first)
           ^~~~~
/cvmfs/juno.ihep.ac.cn/centos7_amd64_gcc830/contrib/gcc/8.3.0/include/c++/8.3.0/bits/stl_algobase.h:706:11: error: expected ‘)’ before ‘const’
       if (const size_t __len = __last - __first)
          ~^~~~~
           )
/cvmfs/juno.ihep.ac.cn/centos7_amd64_gcc830/contrib/gcc/8.3.0/include/c++/8.3.0/bits/stl_algobase.h:707:63: error: ‘__len’ was not declared in this scope
  __builtin_memset(__first, static_cast<unsigned char>(__tmp), __len);
                                                               ^~~~~
/cvmfs/juno.ihep.ac.cn/centos7_amd64_gcc830/contrib/gcc/8.3.0/include/c++/8.3.0/bits/stl_algobase.h: In static member function ‘static bool std::__equal<true>::equal(const _Tp*, const _Tp*, const _Tp*)’:
/cvmfs/juno.ihep.ac.cn/centos7_amd64_gcc830/contrib/gcc/8.3.0/include/c++/8.3.0/bits/stl_algobase.h:813:8: error: expected primary-expression before ‘const’
    if (const size_t __len = (__last1 - __first1))
        ^~~~~
/cvmfs/juno.ihep.ac.cn/centos7_amd64_gcc830/contrib/gcc/8.3.0/include/c++/8.3.0/bits/stl_algobase.h:813:8: error: expected ‘)’ before ‘const’
    if (const size_t __len = (__last1 - __first1))
       ~^~~~~
        )
/cvmfs/juno.ihep.ac.cn/centos7_amd64_gcc830/contrib/gcc/8.3.0/include/c++/8.3.0/bits/stl_algobase.h:814:65: error: ‘__len’ was not declared in this scope
      return !__builtin_memcmp(__first1, __first2, sizeof(_Tp) * __len);
                                                                 ^~~~~
/cvmfs/juno.ihep.ac.cn/centos7_amd64_gcc830/contrib/gcc/8.3.0/include/c++/8.3.0/bits/stl_algobase.h: In static member function ‘static bool std::__lexicographical_compare<true>::__lc(const _Tp*, const _Tp*, const _Up*, const _Up*)’:
/cvmfs/juno.ihep.ac.cn/centos7_amd64_gcc830/contrib/gcc/8.3.0/include/c++/8.3.0/bits/stl_algobase.h:917:10: error: ‘size_t’ does not name a type
    const size_t __len1 = __last1 - __first1;
          ^~~~~~
/cvmfs/juno.ihep.ac.cn/centos7_amd64_gcc830/contrib/gcc/8.3.0/include/c++/8.3.0/bits/stl_algobase.h:917:10: note: ‘size_t’ is defined in header ‘<cstddef>’; did you forget to ‘#include <cstddef>’?
/cvmfs/juno.ihep.ac.cn/centos7_amd64_gcc830/contrib/gcc/8.3.0/include/c++/8.3.0/bits/stl_algobase.h:918:10: error: ‘size_t’ does not name a type
    const size_t __len2 = __last2 - __first2;
          ^~~~~~
/cvmfs/juno.ihep.ac.cn/centos7_amd64_gcc830/contrib/gcc/8.3.0/include/c++/8.3.0/bits/stl_algobase.h:918:10: note: ‘size_t’ is defined in header ‘<cstddef>’; did you forget to ‘#include <cstddef>’?
/cvmfs/juno.ihep.ac.cn/centos7_amd64_gcc830/contrib/gcc/8.3.0/include/c++/8.3.0/bits/stl_algobase.h:919:8: error: expected primary-expression before ‘const’
    if (const size_t __len = std::min(__len1, __len2))
        ^~~~~
/cvmfs/juno.ihep.ac.cn/centos7_amd64_gcc830/contrib/gcc/8.3.0/include/c++/8.3.0/bits/stl_algobase.h:919:8: error: expected ‘)’ before ‘const’
    if (const size_t __len = std::min(__len1, __len2))
       ~^~~~~
        )
/cvmfs/juno.ihep.ac.cn/centos7_amd64_gcc830/contrib/gcc/8.3.0/include/c++/8.3.0/bits/stl_algobase.h:920:62: error: ‘__len’ was not declared in this scope
      if (int __result = __builtin_memcmp(__first1, __first2, __len))
                                                              ^~~~~
/cvmfs/juno.ihep.ac.cn/centos7_amd64_gcc830/contrib/gcc/8.3.0/include/c++/8.3.0/bits/stl_algobase.h:920:62: note: suggested alternative: ‘__lc’
      if (int __result = __builtin_memcmp(__first1, __first2, __len))
                                                              ^~~~~
                                                              __lc
/cvmfs/juno.ihep.ac.cn/centos7_amd64_gcc830/contrib/gcc/8.3.0/include/c++/8.3.0/bits/stl_algobase.h:922:11: error: ‘__len1’ was not declared in this scope
    return __len1 < __len2;
           ^~~~~~
/cvmfs/juno.ihep.ac.cn/centos7_amd64_gcc830/contrib/gcc/8.3.0/include/c++/8.3.0/bits/stl_algobase.h:922:11: note: suggested alternative: ‘__lc’
    return __len1 < __len2;
           ^~~~~~
           __lc
/cvmfs/juno.ihep.ac.cn/centos7_amd64_gcc830/contrib/gcc/8.3.0/include/c++/8.3.0/bits/stl_algobase.h:922:20: error: ‘__len2’ was not declared in this scope
    return __len1 < __len2;
                    ^~~~~~
/cvmfs/juno.ihep.ac.cn/centos7_amd64_gcc830/contrib/gcc/8.3.0/include/c++/8.3.0/bits/stl_algobase.h:922:20: note: suggested alternative: ‘__lc’
    return __len1 < __len2;
                    ^~~~~~
                    __lc
In file included from /cvmfs/juno.ihep.ac.cn/centos7_amd64_gcc830/contrib/gcc/8.3.0/include/c++/8.3.0/bits/char_traits.h:40,
                 from /cvmfs/juno.ihep.ac.cn/centos7_amd64_gcc830/contrib/gcc/8.3.0/include/c++/8.3.0/string:40,
                 from /dybfs/users/xuhangkun/SimTAO/analysis/calibrate/include/RunData.h:43,
                 from /dybfs/users/xuhangkun/SimTAO/analysis/calibrate/include/TAORunData.h:44,
                 from /dybfs/users/xuhangkun/SimTAO/analysis/calibrate/src/NonLinearCalibration.cpp:2:
/cvmfs/juno.ihep.ac.cn/centos7_amd64_gcc830/contrib/gcc/8.3.0/include/c++/8.3.0/bits/postypes.h: At global scope:
/cvmfs/juno.ihep.ac.cn/centos7_amd64_gcc830/contrib/gcc/8.3.0/include/c++/8.3.0/bits/postypes.h:98:11: error: ‘ptrdiff_t’ does not name a type
   typedef ptrdiff_t streamsize; // Signed integral type
           ^~~~~~~~~
/cvmfs/juno.ihep.ac.cn/centos7_amd64_gcc830/contrib/gcc/8.3.0/include/c++/8.3.0/bits/postypes.h:98:11: note: ‘ptrdiff_t’ is defined in header ‘<cstddef>’; did you forget to ‘#include <cstddef>’?
/cvmfs/juno.ihep.ac.cn/centos7_amd64_gcc830/contrib/gcc/8.3.0/include/c++/8.3.0/bits/postypes.h:41:1:
+#include <cstddef>
 
/cvmfs/juno.ihep.ac.cn/centos7_amd64_gcc830/contrib/gcc/8.3.0/include/c++/8.3.0/bits/postypes.h:98:11:
   typedef ptrdiff_t streamsize; // Signed integral type
           ^~~~~~~~~
In file included from /cvmfs/juno.ihep.ac.cn/centos7_amd64_gcc830/contrib/gcc/8.3.0/include/c++/8.3.0/string:40,
                 from /dybfs/users/xuhangkun/SimTAO/analysis/calibrate/include/RunData.h:43,
                 from /dybfs/users/xuhangkun/SimTAO/analysis/calibrate/include/TAORunData.h:44,
                 from /dybfs/users/xuhangkun/SimTAO/analysis/calibrate/src/NonLinearCalibration.cpp:2:
/cvmfs/juno.ihep.ac.cn/centos7_amd64_gcc830/contrib/gcc/8.3.0/include/c++/8.3.0/bits/char_traits.h:108:66: error: ‘std::size_t’ has not been declared
       compare(const char_type* __s1, const char_type* __s2, std::size_t __n);
                                                                  ^~~~~~
/cvmfs/juno.ihep.ac.cn/centos7_amd64_gcc830/contrib/gcc/8.3.0/include/c++/8.3.0/bits/char_traits.h:110:40: error: ‘size_t’ in namespace ‘std’ does not name a type
       static _GLIBCXX14_CONSTEXPR std::size_t
                                        ^~~~~~
/cvmfs/juno.ihep.ac.cn/centos7_amd64_gcc830/contrib/gcc/8.3.0/include/c++/8.3.0/bits/char_traits.h:114:39: error: ‘std::size_t’ has not been declared
       find(const char_type* __s, std::size_t __n, const char_type& __a);
                                       ^~~~~~
/cvmfs/juno.ihep.ac.cn/centos7_amd64_gcc830/contrib/gcc/8.3.0/include/c++/8.3.0/bits/char_traits.h:117:57: error: ‘std::size_t’ has not been declared
       move(char_type* __s1, const char_type* __s2, std::size_t __n);
                                                         ^~~~~~
/cvmfs/juno.ihep.ac.cn/centos7_amd64_gcc830/contrib/gcc/8.3.0/include/c++/8.3.0/bits/char_traits.h:120:57: error: ‘std::size_t’ has not been declared
       copy(char_type* __s1, const char_type* __s2, std::size_t __n);
                                                         ^~~~~~
/cvmfs/juno.ihep.ac.cn/centos7_amd64_gcc830/contrib/gcc/8.3.0/include/c++/8.3.0/bits/char_traits.h:123:35: error: ‘std::size_t’ has not been declared
       assign(char_type* __s, std::size_t __n, char_type __a);
                                   ^~~~~~
/cvmfs/juno.ihep.ac.cn/centos7_amd64_gcc830/contrib/gcc/8.3.0/include/c++/8.3.0/bits/char_traits.h:149:64: error: ‘std::size_t’ has not been declared
     compare(const char_type* __s1, const char_type* __s2, std::size_t __n)
                                                                ^~~~~~
/cvmfs/juno.ihep.ac.cn/centos7_amd64_gcc830/contrib/gcc/8.3.0/include/c++/8.3.0/bits/char_traits.h: In static member function ‘static int __gnu_cxx::char_traits<_CharT>::compare(const char_type*, const char_type*, int)’:
/cvmfs/juno.ihep.ac.cn/centos7_amd64_gcc830/contrib/gcc/8.3.0/include/c++/8.3.0/bits/char_traits.h:151:17: error: ‘size_t’ is not a member of ‘std’
       for (std::size_t __i = 0; __i < __n; ++__i)
                 ^~~~~~
/cvmfs/juno.ihep.ac.cn/centos7_amd64_gcc830/contrib/gcc/8.3.0/include/c++/8.3.0/bits/char_traits.h:151:17: note: suggested alternative:
In file included from /usr/include/wchar.h:51,
                 from /cvmfs/juno.ihep.ac.cn/centos7_amd64_gcc830/contrib/gcc/8.3.0/include/c++/8.3.0/cwchar:44,
                 from /cvmfs/juno.ihep.ac.cn/centos7_amd64_gcc830/contrib/gcc/8.3.0/include/c++/8.3.0/bits/postypes.h:40,
                 from /cvmfs/juno.ihep.ac.cn/centos7_amd64_gcc830/contrib/gcc/8.3.0/include/c++/8.3.0/bits/char_traits.h:40,
                 from /cvmfs/juno.ihep.ac.cn/centos7_amd64_gcc830/contrib/gcc/8.3.0/include/c++/8.3.0/string:40,
                 from /dybfs/users/xuhangkun/SimTAO/analysis/calibrate/include/RunData.h:43,
                 from /dybfs/users/xuhangkun/SimTAO/analysis/calibrate/include/TAORunData.h:44,
                 from /dybfs/users/xuhangkun/SimTAO/analysis/calibrate/src/NonLinearCalibration.cpp:2:
/cvmfs/juno.ihep.ac.cn/centos7_amd64_gcc830/contrib/gcc/8.3.0/lib/gcc/x86_64-pc-linux-gnu/8.3.0/include/stddef.h:216:23: note:   ‘size_t’
 typedef __SIZE_TYPE__ size_t;
                       ^~~~~~
In file included from /cvmfs/juno.ihep.ac.cn/centos7_amd64_gcc830/contrib/gcc/8.3.0/include/c++/8.3.0/string:40,
                 from /dybfs/users/xuhangkun/SimTAO/analysis/calibrate/include/RunData.h:43,
                 from /dybfs/users/xuhangkun/SimTAO/analysis/calibrate/include/TAORunData.h:44,
                 from /dybfs/users/xuhangkun/SimTAO/analysis/calibrate/src/NonLinearCalibration.cpp:2:
/cvmfs/juno.ihep.ac.cn/centos7_amd64_gcc830/contrib/gcc/8.3.0/include/c++/8.3.0/bits/char_traits.h:151:33: error: ‘__i’ was not declared in this scope
       for (std::size_t __i = 0; __i < __n; ++__i)
                                 ^~~
/cvmfs/juno.ihep.ac.cn/centos7_amd64_gcc830/contrib/gcc/8.3.0/include/c++/8.3.0/bits/char_traits.h:151:33: note: suggested alternative: ‘__n’
       for (std::size_t __i = 0; __i < __n; ++__i)
                                 ^~~
                                 __n
/cvmfs/juno.ihep.ac.cn/centos7_amd64_gcc830/contrib/gcc/8.3.0/include/c++/8.3.0/bits/char_traits.h: At global scope:
/cvmfs/juno.ihep.ac.cn/centos7_amd64_gcc830/contrib/gcc/8.3.0/include/c++/8.3.0/bits/char_traits.h:160:31: error: ‘size_t’ in namespace ‘std’ does not name a type
     _GLIBCXX14_CONSTEXPR std::size_t
                               ^~~~~~
/cvmfs/juno.ihep.ac.cn/centos7_amd64_gcc830/contrib/gcc/8.3.0/include/c++/8.3.0/bits/char_traits.h:173:37: error: ‘std::size_t’ has not been declared
     find(const char_type* __s, std::size_t __n, const char_type& __a)
                                     ^~~~~~
/cvmfs/juno.ihep.ac.cn/centos7_amd64_gcc830/contrib/gcc/8.3.0/include/c++/8.3.0/bits/char_traits.h: In static member function ‘static const char_type* __gnu_cxx::char_traits<_CharT>::find(const char_type*, int, const char_type&)’:
/cvmfs/juno.ihep.ac.cn/centos7_amd64_gcc830/contrib/gcc/8.3.0/include/c++/8.3.0/bits/char_traits.h:175:17: error: ‘size_t’ is not a member of ‘std’
       for (std::size_t __i = 0; __i < __n; ++__i)
                 ^~~~~~
/cvmfs/juno.ihep.ac.cn/centos7_amd64_gcc830/contrib/gcc/8.3.0/include/c++/8.3.0/bits/char_traits.h:175:17: note: suggested alternative:
In file included from /usr/include/wchar.h:51,
                 from /cvmfs/juno.ihep.ac.cn/centos7_amd64_gcc830/contrib/gcc/8.3.0/include/c++/8.3.0/cwchar:44,
                 from /cvmfs/juno.ihep.ac.cn/centos7_amd64_gcc830/contrib/gcc/8.3.0/include/c++/8.3.0/bits/postypes.h:40,
                 from /cvmfs/juno.ihep.ac.cn/centos7_amd64_gcc830/contrib/gcc/8.3.0/include/c++/8.3.0/bits/char_traits.h:40,
                 from /cvmfs/juno.ihep.ac.cn/centos7_amd64_gcc830/contrib/gcc/8.3.0/include/c++/8.3.0/string:40,
                 from /dybfs/users/xuhangkun/SimTAO/analysis/calibrate/include/RunData.h:43,
                 from /dybfs/users/xuhangkun/SimTAO/analysis/calibrate/include/TAORunData.h:44,
                 from /dybfs/users/xuhangkun/SimTAO/analysis/calibrate/src/NonLinearCalibration.cpp:2:
/cvmfs/juno.ihep.ac.cn/centos7_amd64_gcc830/contrib/gcc/8.3.0/lib/gcc/x86_64-pc-linux-gnu/8.3.0/include/stddef.h:216:23: note:   ‘size_t’
 typedef __SIZE_TYPE__ size_t;
                       ^~~~~~
In file included from /cvmfs/juno.ihep.ac.cn/centos7_amd64_gcc830/contrib/gcc/8.3.0/include/c++/8.3.0/string:40,
                 from /dybfs/users/xuhangkun/SimTAO/analysis/calibrate/include/RunData.h:43,
                 from /dybfs/users/xuhangkun/SimTAO/analysis/calibrate/include/TAORunData.h:44,
                 from /dybfs/users/xuhangkun/SimTAO/analysis/calibrate/src/NonLinearCalibration.cpp:2:
/cvmfs/juno.ihep.ac.cn/centos7_amd64_gcc830/contrib/gcc/8.3.0/include/c++/8.3.0/bits/char_traits.h:175:33: error: ‘__i’ was not declared in this scope
       for (std::size_t __i = 0; __i < __n; ++__i)
                                 ^~~
/cvmfs/juno.ihep.ac.cn/centos7_amd64_gcc830/contrib/gcc/8.3.0/include/c++/8.3.0/bits/char_traits.h:175:33: note: suggested alternative: ‘__s’
       for (std::size_t __i = 0; __i < __n; ++__i)
                                 ^~~
                                 __s
/cvmfs/juno.ihep.ac.cn/centos7_amd64_gcc830/contrib/gcc/8.3.0/include/c++/8.3.0/bits/char_traits.h: At global scope:
/cvmfs/juno.ihep.ac.cn/centos7_amd64_gcc830/contrib/gcc/8.3.0/include/c++/8.3.0/bits/char_traits.h:184:55: error: ‘std::size_t’ has not been declared
     move(char_type* __s1, const char_type* __s2, std::size_t __n)
                                                       ^~~~~~
/cvmfs/juno.ihep.ac.cn/centos7_amd64_gcc830/contrib/gcc/8.3.0/include/c++/8.3.0/bits/char_traits.h:195:55: error: ‘std::size_t’ has not been declared
     copy(char_type* __s1, const char_type* __s2, std::size_t __n)
                                                       ^~~~~~
/cvmfs/juno.ihep.ac.cn/centos7_amd64_gcc830/contrib/gcc/8.3.0/include/c++/8.3.0/bits/char_traits.h:205:33: error: ‘std::size_t’ has not been declared
     assign(char_type* __s, std::size_t __n, char_type __a)
                                 ^~~~~~
In file included from /cvmfs/juno.ihep.ac.cn/centos7_amd64_gcc830/contrib/gcc/8.3.0/include/c++/8.3.0/ext/new_allocator.h:33,
                 from /cvmfs/juno.ihep.ac.cn/centos7_amd64_gcc830/contrib/gcc/8.3.0/include/c++/8.3.0/x86_64-pc-linux-gnu/bits/c++allocator.h:33,
                 from /cvmfs/juno.ihep.ac.cn/centos7_amd64_gcc830/contrib/gcc/8.3.0/include/c++/8.3.0/bits/allocator.h:46,
                 from /cvmfs/juno.ihep.ac.cn/centos7_amd64_gcc830/contrib/gcc/8.3.0/include/c++/8.3.0/string:41,
                 from /dybfs/users/xuhangkun/SimTAO/analysis/calibrate/include/RunData.h:43,
                 from /dybfs/users/xuhangkun/SimTAO/analysis/calibrate/include/TAORunData.h:44,
                 from /dybfs/users/xuhangkun/SimTAO/analysis/calibrate/src/NonLinearCalibration.cpp:2:
/cvmfs/juno.ihep.ac.cn/centos7_amd64_gcc830/contrib/gcc/8.3.0/include/c++/8.3.0/new:120:31: error: declaration of ‘operator new’ as non-function
 void* operator new(std::size_t) _GLIBCXX_THROW (std::bad_alloc)
                               ^
/cvmfs/juno.ihep.ac.cn/centos7_amd64_gcc830/contrib/gcc/8.3.0/include/c++/8.3.0/new:120:25: error: ‘size_t’ is not a member of ‘std’
 void* operator new(std::size_t) _GLIBCXX_THROW (std::bad_alloc)
                         ^~~~~~
/cvmfs/juno.ihep.ac.cn/centos7_amd64_gcc830/contrib/gcc/8.3.0/include/c++/8.3.0/new:120:25: note: suggested alternative:
In file included from /usr/include/wchar.h:51,
                 from /cvmfs/juno.ihep.ac.cn/centos7_amd64_gcc830/contrib/gcc/8.3.0/include/c++/8.3.0/cwchar:44,
                 from /cvmfs/juno.ihep.ac.cn/centos7_amd64_gcc830/contrib/gcc/8.3.0/include/c++/8.3.0/bits/postypes.h:40,
                 from /cvmfs/juno.ihep.ac.cn/centos7_amd64_gcc830/contrib/gcc/8.3.0/include/c++/8.3.0/bits/char_traits.h:40,
                 from /cvmfs/juno.ihep.ac.cn/centos7_amd64_gcc830/contrib/gcc/8.3.0/include/c++/8.3.0/string:40,
                 from /dybfs/users/xuhangkun/SimTAO/analysis/calibrate/include/RunData.h:43,
                 from /dybfs/users/xuhangkun/SimTAO/analysis/calibrate/include/TAORunData.h:44,
                 from /dybfs/users/xuhangkun/SimTAO/analysis/calibrate/src/NonLinearCalibration.cpp:2:
/cvmfs/juno.ihep.ac.cn/centos7_amd64_gcc830/contrib/gcc/8.3.0/lib/gcc/x86_64-pc-linux-gnu/8.3.0/include/stddef.h:216:23: note:   ‘size_t’
 typedef __SIZE_TYPE__ size_t;
                       ^~~~~~
In file included from /cvmfs/juno.ihep.ac.cn/centos7_amd64_gcc830/contrib/gcc/8.3.0/include/c++/8.3.0/ext/new_allocator.h:33,
                 from /cvmfs/juno.ihep.ac.cn/centos7_amd64_gcc830/contrib/gcc/8.3.0/include/c++/8.3.0/x86_64-pc-linux-gnu/bits/c++allocator.h:33,
                 from /cvmfs/juno.ihep.ac.cn/centos7_amd64_gcc830/contrib/gcc/8.3.0/include/c++/8.3.0/bits/allocator.h:46,
                 from /cvmfs/juno.ihep.ac.cn/centos7_amd64_gcc830/contrib/gcc/8.3.0/include/c++/8.3.0/string:41,
                 from /dybfs/users/xuhangkun/SimTAO/analysis/calibrate/include/RunData.h:43,
                 from /dybfs/users/xuhangkun/SimTAO/analysis/calibrate/include/TAORunData.h:44,
                 from /dybfs/users/xuhangkun/SimTAO/analysis/calibrate/src/NonLinearCalibration.cpp:2:
/cvmfs/juno.ihep.ac.cn/centos7_amd64_gcc830/contrib/gcc/8.3.0/include/c++/8.3.0/new:121:41: error: attributes after parenthesized initializer ignored [-fpermissive]
   __attribute__((__externally_visible__));
                                         ^
/cvmfs/juno.ihep.ac.cn/centos7_amd64_gcc830/contrib/gcc/8.3.0/include/c++/8.3.0/new:122:33: error: declaration of ‘operator new []’ as non-function
 void* operator new[](std::size_t) _GLIBCXX_THROW (std::bad_alloc)
                                 ^
/cvmfs/juno.ihep.ac.cn/centos7_amd64_gcc830/contrib/gcc/8.3.0/include/c++/8.3.0/new:122:27: error: ‘size_t’ is not a member of ‘std’
 void* operator new[](std::size_t) _GLIBCXX_THROW (std::bad_alloc)
                           ^~~~~~
/cvmfs/juno.ihep.ac.cn/centos7_amd64_gcc830/contrib/gcc/8.3.0/include/c++/8.3.0/new:122:27: note: suggested alternative:
In file included from /usr/include/wchar.h:51,
                 from /cvmfs/juno.ihep.ac.cn/centos7_amd64_gcc830/contrib/gcc/8.3.0/include/c++/8.3.0/cwchar:44,
                 from /cvmfs/juno.ihep.ac.cn/centos7_amd64_gcc830/contrib/gcc/8.3.0/include/c++/8.3.0/bits/postypes.h:40,
                 from /cvmfs/juno.ihep.ac.cn/centos7_amd64_gcc830/contrib/gcc/8.3.0/include/c++/8.3.0/bits/char_traits.h:40,
                 from /cvmfs/juno.ihep.ac.cn/centos7_amd64_gcc830/contrib/gcc/8.3.0/include/c++/8.3.0/string:40,
                 from /dybfs/users/xuhangkun/SimTAO/analysis/calibrate/include/RunData.h:43,
                 from /dybfs/users/xuhangkun/SimTAO/analysis/calibrate/include/TAORunData.h:44,
                 from /dybfs/users/xuhangkun/SimTAO/analysis/calibrate/src/NonLinearCalibration.cpp:2:
/cvmfs/juno.ihep.ac.cn/centos7_amd64_gcc830/contrib/gcc/8.3.0/lib/gcc/x86_64-pc-linux-gnu/8.3.0/include/stddef.h:216:23: note:   ‘size_t’
 typedef __SIZE_TYPE__ size_t;
                       ^~~~~~
In file included from /cvmfs/juno.ihep.ac.cn/centos7_amd64_gcc830/contrib/gcc/8.3.0/include/c++/8.3.0/ext/new_allocator.h:33,
                 from /cvmfs/juno.ihep.ac.cn/centos7_amd64_gcc830/contrib/gcc/8.3.0/include/c++/8.3.0/x86_64-pc-linux-gnu/bits/c++allocator.h:33,
                 from /cvmfs/juno.ihep.ac.cn/centos7_amd64_gcc830/contrib/gcc/8.3.0/include/c++/8.3.0/bits/allocator.h:46,
                 from /cvmfs/juno.ihep.ac.cn/centos7_amd64_gcc830/contrib/gcc/8.3.0/include/c++/8.3.0/string:41,
                 from /dybfs/users/xuhangkun/SimTAO/analysis/calibrate/include/RunData.h:43,
                 from /dybfs/users/xuhangkun/SimTAO/analysis/calibrate/include/TAORunData.h:44,
                 from /dybfs/users/xuhangkun/SimTAO/analysis/calibrate/src/NonLinearCalibration.cpp:2:
/cvmfs/juno.ihep.ac.cn/centos7_amd64_gcc830/contrib/gcc/8.3.0/include/c++/8.3.0/new:123:41: error: attributes after parenthesized initializer ignored [-fpermissive]
   __attribute__((__externally_visible__));
                                         ^
/cvmfs/juno.ihep.ac.cn/centos7_amd64_gcc830/contrib/gcc/8.3.0/include/c++/8.3.0/new:134:25: error: declaration of ‘operator new’ as non-function
 void* operator new(std::size_t, const std::nothrow_t&) _GLIBCXX_USE_NOEXCEPT
                         ^~~~~~
/cvmfs/juno.ihep.ac.cn/centos7_amd64_gcc830/contrib/gcc/8.3.0/include/c++/8.3.0/new:134:25: error: ‘size_t’ is not a member of ‘std’
/cvmfs/juno.ihep.ac.cn/centos7_amd64_gcc830/contrib/gcc/8.3.0/include/c++/8.3.0/new:134:25: note: suggested alternative:
In file included from /usr/include/wchar.h:51,
                 from /cvmfs/juno.ihep.ac.cn/centos7_amd64_gcc830/contrib/gcc/8.3.0/include/c++/8.3.0/cwchar:44,
                 from /cvmfs/juno.ihep.ac.cn/centos7_amd64_gcc830/contrib/gcc/8.3.0/include/c++/8.3.0/bits/postypes.h:40,
                 from /cvmfs/juno.ihep.ac.cn/centos7_amd64_gcc830/contrib/gcc/8.3.0/include/c++/8.3.0/bits/char_traits.h:40,
                 from /cvmfs/juno.ihep.ac.cn/centos7_amd64_gcc830/contrib/gcc/8.3.0/include/c++/8.3.0/string:40,
                 from /dybfs/users/xuhangkun/SimTAO/analysis/calibrate/include/RunData.h:43,
                 from /dybfs/users/xuhangkun/SimTAO/analysis/calibrate/include/TAORunData.h:44,
                 from /dybfs/users/xuhangkun/SimTAO/analysis/calibrate/src/NonLinearCalibration.cpp:2:
/cvmfs/juno.ihep.ac.cn/centos7_amd64_gcc830/contrib/gcc/8.3.0/lib/gcc/x86_64-pc-linux-gnu/8.3.0/include/stddef.h:216:23: note:   ‘size_t’
 typedef __SIZE_TYPE__ size_t;
                       ^~~~~~
In file included from /cvmfs/juno.ihep.ac.cn/centos7_amd64_gcc830/contrib/gcc/8.3.0/include/c++/8.3.0/ext/new_allocator.h:33,
                 from /cvmfs/juno.ihep.ac.cn/centos7_amd64_gcc830/contrib/gcc/8.3.0/include/c++/8.3.0/x86_64-pc-linux-gnu/bits/c++allocator.h:33,
                 from /cvmfs/juno.ihep.ac.cn/centos7_amd64_gcc830/contrib/gcc/8.3.0/include/c++/8.3.0/bits/allocator.h:46,
                 from /cvmfs/juno.ihep.ac.cn/centos7_amd64_gcc830/contrib/gcc/8.3.0/include/c++/8.3.0/string:41,
                 from /dybfs/users/xuhangkun/SimTAO/analysis/calibrate/include/RunData.h:43,
                 from /dybfs/users/xuhangkun/SimTAO/analysis/calibrate/include/TAORunData.h:44,
                 from /dybfs/users/xuhangkun/SimTAO/analysis/calibrate/src/NonLinearCalibration.cpp:2:
/cvmfs/juno.ihep.ac.cn/centos7_amd64_gcc830/contrib/gcc/8.3.0/include/c++/8.3.0/new:134:33: error: expected primary-expression before ‘const’
 void* operator new(std::size_t, const std::nothrow_t&) _GLIBCXX_USE_NOEXCEPT
                                 ^~~~~
/cvmfs/juno.ihep.ac.cn/centos7_amd64_gcc830/contrib/gcc/8.3.0/include/c++/8.3.0/new:136:27: error: declaration of ‘operator new []’ as non-function
 void* operator new[](std::size_t, const std::nothrow_t&) _GLIBCXX_USE_NOEXCEPT
                           ^~~~~~
/cvmfs/juno.ihep.ac.cn/centos7_amd64_gcc830/contrib/gcc/8.3.0/include/c++/8.3.0/new:136:27: error: ‘size_t’ is not a member of ‘std’
/cvmfs/juno.ihep.ac.cn/centos7_amd64_gcc830/contrib/gcc/8.3.0/include/c++/8.3.0/new:136:27: note: suggested alternative:
In file included from /usr/include/wchar.h:51,
                 from /cvmfs/juno.ihep.ac.cn/centos7_amd64_gcc830/contrib/gcc/8.3.0/include/c++/8.3.0/cwchar:44,
                 from /cvmfs/juno.ihep.ac.cn/centos7_amd64_gcc830/contrib/gcc/8.3.0/include/c++/8.3.0/bits/postypes.h:40,
                 from /cvmfs/juno.ihep.ac.cn/centos7_amd64_gcc830/contrib/gcc/8.3.0/include/c++/8.3.0/bits/char_traits.h:40,
                 from /cvmfs/juno.ihep.ac.cn/centos7_amd64_gcc830/contrib/gcc/8.3.0/include/c++/8.3.0/string:40,
                 from /dybfs/users/xuhangkun/SimTAO/analysis/calibrate/include/RunData.h:43,
                 from /dybfs/users/xuhangkun/SimTAO/analysis/calibrate/include/TAORunData.h:44,
                 from /dybfs/users/xuhangkun/SimTAO/analysis/calibrate/src/NonLinearCalibration.cpp:2:
/cvmfs/juno.ihep.ac.cn/centos7_amd64_gcc830/contrib/gcc/8.3.0/lib/gcc/x86_64-pc-linux-gnu/8.3.0/include/stddef.h:216:23: note:   ‘size_t’
 typedef __SIZE_TYPE__ size_t;
                       ^~~~~~
In file included from /cvmfs/juno.ihep.ac.cn/centos7_amd64_gcc830/contrib/gcc/8.3.0/include/c++/8.3.0/ext/new_allocator.h:33,
                 from /cvmfs/juno.ihep.ac.cn/centos7_amd64_gcc830/contrib/gcc/8.3.0/include/c++/8.3.0/x86_64-pc-linux-gnu/bits/c++allocator.h:33,
                 from /cvmfs/juno.ihep.ac.cn/centos7_amd64_gcc830/contrib/gcc/8.3.0/include/c++/8.3.0/bits/allocator.h:46,
                 from /cvmfs/juno.ihep.ac.cn/centos7_amd64_gcc830/contrib/gcc/8.3.0/include/c++/8.3.0/string:41,
                 from /dybfs/users/xuhangkun/SimTAO/analysis/calibrate/include/RunData.h:43,
                 from /dybfs/users/xuhangkun/SimTAO/analysis/calibrate/include/TAORunData.h:44,
                 from /dybfs/users/xuhangkun/SimTAO/analysis/calibrate/src/NonLinearCalibration.cpp:2:
/cvmfs/juno.ihep.ac.cn/centos7_amd64_gcc830/contrib/gcc/8.3.0/include/c++/8.3.0/new:136:35: error: expected primary-expression before ‘const’
 void* operator new[](std::size_t, const std::nothrow_t&) _GLIBCXX_USE_NOEXCEPT
                                   ^~~~~
/cvmfs/juno.ihep.ac.cn/centos7_amd64_gcc830/contrib/gcc/8.3.0/include/c++/8.3.0/new:168:32: error: declaration of ‘operator new’ as non-function
 inline void* operator new(std::size_t, void* __p) _GLIBCXX_USE_NOEXCEPT
                                ^~~~~~
/cvmfs/juno.ihep.ac.cn/centos7_amd64_gcc830/contrib/gcc/8.3.0/include/c++/8.3.0/new:168:32: error: ‘size_t’ is not a member of ‘std’
/cvmfs/juno.ihep.ac.cn/centos7_amd64_gcc830/contrib/gcc/8.3.0/include/c++/8.3.0/new:168:32: note: suggested alternative:
In file included from /usr/include/wchar.h:51,
                 from /cvmfs/juno.ihep.ac.cn/centos7_amd64_gcc830/contrib/gcc/8.3.0/include/c++/8.3.0/cwchar:44,
                 from /cvmfs/juno.ihep.ac.cn/centos7_amd64_gcc830/contrib/gcc/8.3.0/include/c++/8.3.0/bits/postypes.h:40,
                 from /cvmfs/juno.ihep.ac.cn/centos7_amd64_gcc830/contrib/gcc/8.3.0/include/c++/8.3.0/bits/char_traits.h:40,
                 from /cvmfs/juno.ihep.ac.cn/centos7_amd64_gcc830/contrib/gcc/8.3.0/include/c++/8.3.0/string:40,
                 from /dybfs/users/xuhangkun/SimTAO/analysis/calibrate/include/RunData.h:43,
                 from /dybfs/users/xuhangkun/SimTAO/analysis/calibrate/include/TAORunData.h:44,
                 from /dybfs/users/xuhangkun/SimTAO/analysis/calibrate/src/NonLinearCalibration.cpp:2:
/cvmfs/juno.ihep.ac.cn/centos7_amd64_gcc830/contrib/gcc/8.3.0/lib/gcc/x86_64-pc-linux-gnu/8.3.0/include/stddef.h:216:23: note:   ‘size_t’
 typedef __SIZE_TYPE__ size_t;
                       ^~~~~~
In file included from /cvmfs/juno.ihep.ac.cn/centos7_amd64_gcc830/contrib/gcc/8.3.0/include/c++/8.3.0/ext/new_allocator.h:33,
                 from /cvmfs/juno.ihep.ac.cn/centos7_amd64_gcc830/contrib/gcc/8.3.0/include/c++/8.3.0/x86_64-pc-linux-gnu/bits/c++allocator.h:33,
                 from /cvmfs/juno.ihep.ac.cn/centos7_amd64_gcc830/contrib/gcc/8.3.0/include/c++/8.3.0/bits/allocator.h:46,
                 from /cvmfs/juno.ihep.ac.cn/centos7_amd64_gcc830/contrib/gcc/8.3.0/include/c++/8.3.0/string:41,
                 from /dybfs/users/xuhangkun/SimTAO/analysis/calibrate/include/RunData.h:43,
                 from /dybfs/users/xuhangkun/SimTAO/analysis/calibrate/include/TAORunData.h:44,
                 from /dybfs/users/xuhangkun/SimTAO/analysis/calibrate/src/NonLinearCalibration.cpp:2:
/cvmfs/juno.ihep.ac.cn/centos7_amd64_gcc830/contrib/gcc/8.3.0/include/c++/8.3.0/new:168:40: error: expected primary-expression before ‘void’
 inline void* operator new(std::size_t, void* __p) _GLIBCXX_USE_NOEXCEPT
                                        ^~~~
/cvmfs/juno.ihep.ac.cn/centos7_amd64_gcc830/contrib/gcc/8.3.0/include/c++/8.3.0/new:170:34: error: declaration of ‘operator new []’ as non-function
 inline void* operator new[](std::size_t, void* __p) _GLIBCXX_USE_NOEXCEPT
                                  ^~~~~~
/cvmfs/juno.ihep.ac.cn/centos7_amd64_gcc830/contrib/gcc/8.3.0/include/c++/8.3.0/new:170:34: error: ‘size_t’ is not a member of ‘std’
/cvmfs/juno.ihep.ac.cn/centos7_amd64_gcc830/contrib/gcc/8.3.0/include/c++/8.3.0/new:170:34: note: suggested alternative:
In file included from /usr/include/wchar.h:51,
                 from /cvmfs/juno.ihep.ac.cn/centos7_amd64_gcc830/contrib/gcc/8.3.0/include/c++/8.3.0/cwchar:44,
                 from /cvmfs/juno.ihep.ac.cn/centos7_amd64_gcc830/contrib/gcc/8.3.0/include/c++/8.3.0/bits/postypes.h:40,
                 from /cvmfs/juno.ihep.ac.cn/centos7_amd64_gcc830/contrib/gcc/8.3.0/include/c++/8.3.0/bits/char_traits.h:40,
                 from /cvmfs/juno.ihep.ac.cn/centos7_amd64_gcc830/contrib/gcc/8.3.0/include/c++/8.3.0/string:40,
                 from /dybfs/users/xuhangkun/SimTAO/analysis/calibrate/include/RunData.h:43,
                 from /dybfs/users/xuhangkun/SimTAO/analysis/calibrate/include/TAORunData.h:44,
                 from /dybfs/users/xuhangkun/SimTAO/analysis/calibrate/src/NonLinearCalibration.cpp:2:
/cvmfs/juno.ihep.ac.cn/centos7_amd64_gcc830/contrib/gcc/8.3.0/lib/gcc/x86_64-pc-linux-gnu/8.3.0/include/stddef.h:216:23: note:   ‘size_t’
 typedef __SIZE_TYPE__ size_t;
                       ^~~~~~
In file included from /cvmfs/juno.ihep.ac.cn/centos7_amd64_gcc830/contrib/gcc/8.3.0/include/c++/8.3.0/ext/new_allocator.h:33,
                 from /cvmfs/juno.ihep.ac.cn/centos7_amd64_gcc830/contrib/gcc/8.3.0/include/c++/8.3.0/x86_64-pc-linux-gnu/bits/c++allocator.h:33,
                 from /cvmfs/juno.ihep.ac.cn/centos7_amd64_gcc830/contrib/gcc/8.3.0/include/c++/8.3.0/bits/allocator.h:46,
                 from /cvmfs/juno.ihep.ac.cn/centos7_amd64_gcc830/contrib/gcc/8.3.0/include/c++/8.3.0/string:41,
                 from /dybfs/users/xuhangkun/SimTAO/analysis/calibrate/include/RunData.h:43,
                 from /dybfs/users/xuhangkun/SimTAO/analysis/calibrate/include/TAORunData.h:44,
                 from /dybfs/users/xuhangkun/SimTAO/analysis/calibrate/src/NonLinearCalibration.cpp:2:
/cvmfs/juno.ihep.ac.cn/centos7_amd64_gcc830/contrib/gcc/8.3.0/include/c++/8.3.0/new:170:42: error: expected primary-expression before ‘void’
 inline void* operator new[](std::size_t, void* __p) _GLIBCXX_USE_NOEXCEPT
                                          ^~~~
In file included from /cvmfs/juno.ihep.ac.cn/centos7_amd64_gcc830/contrib/gcc/8.3.0/include/c++/8.3.0/x86_64-pc-linux-gnu/bits/c++allocator.h:33,
                 from /cvmfs/juno.ihep.ac.cn/centos7_amd64_gcc830/contrib/gcc/8.3.0/include/c++/8.3.0/bits/allocator.h:46,
                 from /cvmfs/juno.ihep.ac.cn/centos7_amd64_gcc830/contrib/gcc/8.3.0/include/c++/8.3.0/string:41,
                 from /dybfs/users/xuhangkun/SimTAO/analysis/calibrate/include/RunData.h:43,
                 from /dybfs/users/xuhangkun/SimTAO/analysis/calibrate/include/TAORunData.h:44,
                 from /dybfs/users/xuhangkun/SimTAO/analysis/calibrate/src/NonLinearCalibration.cpp:2:
/cvmfs/juno.ihep.ac.cn/centos7_amd64_gcc830/contrib/gcc/8.3.0/include/c++/8.3.0/ext/new_allocator.h:44:14: error: ‘std::size_t’ has not been declared
   using std::size_t;
              ^~~~~~
/cvmfs/juno.ihep.ac.cn/centos7_amd64_gcc830/contrib/gcc/8.3.0/include/c++/8.3.0/ext/new_allocator.h:45:14: error: ‘std::ptrdiff_t’ has not been declared
   using std::ptrdiff_t;
              ^~~~~~~~~
In file included from /cvmfs/juno.ihep.ac.cn/centos7_amd64_gcc830/contrib/gcc/8.3.0/include/c++/8.3.0/string:44,
                 from /dybfs/users/xuhangkun/SimTAO/analysis/calibrate/include/RunData.h:43,
                 from /dybfs/users/xuhangkun/SimTAO/analysis/calibrate/include/TAORunData.h:44,
                 from /dybfs/users/xuhangkun/SimTAO/analysis/calibrate/src/NonLinearCalibration.cpp:2:
/cvmfs/juno.ihep.ac.cn/centos7_amd64_gcc830/contrib/gcc/8.3.0/include/c++/8.3.0/bits/ostream_insert.h:45:26: error: ‘streamsize’ has not been declared
       const _CharT* __s, streamsize __n)
                          ^~~~~~~~~~
/cvmfs/juno.ihep.ac.cn/centos7_amd64_gcc830/contrib/gcc/8.3.0/include/c++/8.3.0/bits/ostream_insert.h: In function ‘void std::__ostream_write(std::basic_ostream<_CharT, _Traits>&, const _CharT*, int)’:
/cvmfs/juno.ihep.ac.cn/centos7_amd64_gcc830/contrib/gcc/8.3.0/include/c++/8.3.0/bits/ostream_insert.h:50:13: error: ‘streamsize’ does not name a type; did you mean ‘streambuf’?
       const streamsize __put = __out.rdbuf()->sputn(__s, __n);
             ^~~~~~~~~~
             streambuf
/cvmfs/juno.ihep.ac.cn/centos7_amd64_gcc830/contrib/gcc/8.3.0/include/c++/8.3.0/bits/ostream_insert.h:51:11: error: ‘__put’ was not declared in this scope
       if (__put != __n)
           ^~~~~
/cvmfs/juno.ihep.ac.cn/centos7_amd64_gcc830/contrib/gcc/8.3.0/include/c++/8.3.0/bits/ostream_insert.h:51:11: note: suggested alternative: ‘__out’
       if (__put != __n)
           ^~~~~
           __out
/cvmfs/juno.ihep.ac.cn/centos7_amd64_gcc830/contrib/gcc/8.3.0/include/c++/8.3.0/bits/ostream_insert.h: At global scope:
/cvmfs/juno.ihep.ac.cn/centos7_amd64_gcc830/contrib/gcc/8.3.0/include/c++/8.3.0/bits/ostream_insert.h:57:59: error: ‘streamsize’ has not been declared
     __ostream_fill(basic_ostream<_CharT, _Traits>& __out, streamsize __n)
                                                           ^~~~~~~~~~
/cvmfs/juno.ihep.ac.cn/centos7_amd64_gcc830/contrib/gcc/8.3.0/include/c++/8.3.0/bits/ostream_insert.h:77:27: error: ‘streamsize’ has not been declared
        const _CharT* __s, streamsize __n)
                           ^~~~~~~~~~
/cvmfs/juno.ihep.ac.cn/centos7_amd64_gcc830/contrib/gcc/8.3.0/include/c++/8.3.0/bits/ostream_insert.h: In function ‘std::basic_ostream<_CharT, _Traits>& std::__ostream_insert(std::basic_ostream<_CharT, _Traits>&, const _CharT*, int)’:
/cvmfs/juno.ihep.ac.cn/centos7_amd64_gcc830/contrib/gcc/8.3.0/include/c++/8.3.0/bits/ostream_insert.h:87:14: error: ‘streamsize’ does not name a type; did you mean ‘streambuf’?
        const streamsize __w = __out.width();
              ^~~~~~~~~~
              streambuf
/cvmfs/juno.ihep.ac.cn/centos7_amd64_gcc830/contrib/gcc/8.3.0/include/c++/8.3.0/bits/ostream_insert.h:88:12: error: ‘__w’ was not declared in this scope
        if (__w > __n)
            ^~~
/cvmfs/juno.ihep.ac.cn/centos7_amd64_gcc830/contrib/gcc/8.3.0/include/c++/8.3.0/bits/ostream_insert.h:88:12: note: suggested alternative: ‘__s’
        if (__w > __n)
            ^~~
            __s
/cvmfs/juno.ihep.ac.cn/centos7_amd64_gcc830/contrib/gcc/8.3.0/include/c++/8.3.0/bits/ostream_insert.h: At global scope:
/cvmfs/juno.ihep.ac.cn/centos7_amd64_gcc830/contrib/gcc/8.3.0/include/c++/8.3.0/bits/ostream_insert.h:118:68: error: ‘streamsize’ has not been declared
   extern template ostream& __ostream_insert(ostream&, const char*, streamsize);
                                                                    ^~~~~~~~~~
/cvmfs/juno.ihep.ac.cn/centos7_amd64_gcc830/contrib/gcc/8.3.0/include/c++/8.3.0/bits/ostream_insert.h:122:11: error: ‘streamsize’ has not been declared
           streamsize);
           ^~~~~~~~~~
In file included from /cvmfs/juno.ihep.ac.cn/centos7_amd64_gcc830/contrib/gcc/8.3.0/include/c++/8.3.0/ext/alloc_traits.h:36,
                 from /cvmfs/juno.ihep.ac.cn/centos7_amd64_gcc830/contrib/gcc/8.3.0/include/c++/8.3.0/bits/basic_string.h:40,
                 from /cvmfs/juno.ihep.ac.cn/centos7_amd64_gcc830/contrib/gcc/8.3.0/include/c++/8.3.0/string:52,
                 from /dybfs/users/xuhangkun/SimTAO/analysis/calibrate/include/RunData.h:43,
                 from /dybfs/users/xuhangkun/SimTAO/analysis/calibrate/include/TAORunData.h:44,
                 from /dybfs/users/xuhangkun/SimTAO/analysis/calibrate/src/NonLinearCalibration.cpp:2:
/cvmfs/juno.ihep.ac.cn/centos7_amd64_gcc830/contrib/gcc/8.3.0/include/c++/8.3.0/bits/alloc_traits.h:404:36: error: ‘ptrdiff_t’ in namespace ‘std’ does not name a type
       using difference_type = std::ptrdiff_t;
                                    ^~~~~~~~~
/cvmfs/juno.ihep.ac.cn/centos7_amd64_gcc830/contrib/gcc/8.3.0/include/c++/8.3.0/bits/alloc_traits.h:407:30: error: ‘size_t’ in namespace ‘std’ does not name a type
       using size_type = std::size_t;
                              ^~~~~~
/cvmfs/juno.ihep.ac.cn/centos7_amd64_gcc830/contrib/gcc/8.3.0/include/c++/8.3.0/bits/alloc_traits.h:407:25: note: suggested alternative: ‘time_put’
       using size_type = std::size_t;
                         ^~~
                         time_put
/cvmfs/juno.ihep.ac.cn/centos7_amd64_gcc830/contrib/gcc/8.3.0/include/c++/8.3.0/bits/alloc_traits.h:435:37: error: ‘size_type’ has not been declared
       allocate(allocator_type& __a, size_type __n)
                                     ^~~~~~~~~
/cvmfs/juno.ihep.ac.cn/centos7_amd64_gcc830/contrib/gcc/8.3.0/include/c++/8.3.0/bits/alloc_traits.h:449:37: error: ‘size_type’ has not been declared
       allocate(allocator_type& __a, size_type __n, const_void_pointer __hint)
                                     ^~~~~~~~~
/cvmfs/juno.ihep.ac.cn/centos7_amd64_gcc830/contrib/gcc/8.3.0/include/c++/8.3.0/bits/alloc_traits.h:461:52: error: ‘size_type’ has not been declared
       deallocate(allocator_type& __a, pointer __p, size_type __n)
                                                    ^~~~~~~~~
/cvmfs/juno.ihep.ac.cn/centos7_amd64_gcc830/contrib/gcc/8.3.0/include/c++/8.3.0/bits/alloc_traits.h:494:14: error: ‘size_type’ does not name a type; did you mean ‘true_type’?
       static size_type
              ^~~~~~~~~
              true_type
In file included from /cvmfs/juno.ihep.ac.cn/centos7_amd64_gcc830/contrib/gcc/8.3.0/include/c++/8.3.0/bits/basic_string.h:6400,
                 from /cvmfs/juno.ihep.ac.cn/centos7_amd64_gcc830/contrib/gcc/8.3.0/include/c++/8.3.0/string:52,
                 from /dybfs/users/xuhangkun/SimTAO/analysis/calibrate/include/RunData.h:43,
                 from /dybfs/users/xuhangkun/SimTAO/analysis/calibrate/include/TAORunData.h:44,
                 from /dybfs/users/xuhangkun/SimTAO/analysis/calibrate/src/NonLinearCalibration.cpp:2:
/cvmfs/juno.ihep.ac.cn/centos7_amd64_gcc830/contrib/gcc/8.3.0/include/c++/8.3.0/ext/string_conversions.h:55:51: error: ‘std::size_t’ has not been declared
     const char* __name, const _CharT* __str, std::size_t* __idx,
                                                   ^~~~~~
/cvmfs/juno.ihep.ac.cn/centos7_amd64_gcc830/contrib/gcc/8.3.0/include/c++/8.3.0/ext/string_conversions.h:99:48: error: ‘std::size_t’ has not been declared
     __to_xstring(int (*__convf) (_CharT*, std::size_t, const _CharT*,
                                                ^~~~~~
/cvmfs/juno.ihep.ac.cn/centos7_amd64_gcc830/contrib/gcc/8.3.0/include/c++/8.3.0/ext/string_conversions.h:100:31: error: ‘std::size_t’ has not been declared
      __builtin_va_list), std::size_t __n,
                               ^~~~~~
In file included from /cvmfs/juno.ihep.ac.cn/centos7_amd64_gcc830/contrib/gcc/8.3.0/include/c++/8.3.0/bits/basic_string.h:40,
                 from /cvmfs/juno.ihep.ac.cn/centos7_amd64_gcc830/contrib/gcc/8.3.0/include/c++/8.3.0/string:52,
                 from /dybfs/users/xuhangkun/SimTAO/analysis/calibrate/include/RunData.h:43,
                 from /dybfs/users/xuhangkun/SimTAO/analysis/calibrate/include/TAORunData.h:44,
                 from /dybfs/users/xuhangkun/SimTAO/analysis/calibrate/src/NonLinearCalibration.cpp:2:
/cvmfs/juno.ihep.ac.cn/centos7_amd64_gcc830/contrib/gcc/8.3.0/include/c++/8.3.0/ext/alloc_traits.h: In instantiation of ‘struct __gnu_cxx::__alloc_traits<std::allocator<char>, char>’:
/cvmfs/juno.ihep.ac.cn/centos7_amd64_gcc830/contrib/gcc/8.3.0/include/c++/8.3.0/bits/basic_string.h:80:24:   required from ‘class std::__cxx11::basic_string<char>’
/cvmfs/juno.ihep.ac.cn/centos7_amd64_gcc830/contrib/gcc/8.3.0/include/c++/8.3.0/bits/basic_string.h:6411:68:   required from here
/cvmfs/juno.ihep.ac.cn/centos7_amd64_gcc830/contrib/gcc/8.3.0/include/c++/8.3.0/ext/alloc_traits.h:61:53: error: no type named ‘size_type’ in ‘struct std::allocator_traits<std::allocator<char> >’
     typedef typename _Base_type::size_type          size_type;
                                                     ^~~~~~~~~
/cvmfs/juno.ihep.ac.cn/centos7_amd64_gcc830/contrib/gcc/8.3.0/include/c++/8.3.0/ext/alloc_traits.h:62:53: error: no type named ‘difference_type’ in ‘struct std::allocator_traits<std::allocator<char> >’
     typedef typename _Base_type::difference_type    difference_type;
                                                     ^~~~~~~~~~~~~~~
/cvmfs/juno.ihep.ac.cn/centos7_amd64_gcc830/contrib/gcc/8.3.0/include/c++/8.3.0/ext/alloc_traits.h:70:23: error: no members matching ‘__gnu_cxx::__alloc_traits<std::allocator<char>, char>::_Base_type {aka std::allocator_traits<std::allocator<char> >}::max_size’ in ‘__gnu_cxx::__alloc_traits<std::allocator<char>, char>::_Base_type’ {aka ‘struct std::allocator_traits<std::allocator<char> >’}
     using _Base_type::max_size;
                       ^~~~~~~~
In file included from /cvmfs/juno.ihep.ac.cn/centos7_amd64_gcc830/contrib/gcc/8.3.0/include/c++/8.3.0/string:52,
                 from /dybfs/users/xuhangkun/SimTAO/analysis/calibrate/include/RunData.h:43,
                 from /dybfs/users/xuhangkun/SimTAO/analysis/calibrate/include/TAORunData.h:44,
                 from /dybfs/users/xuhangkun/SimTAO/analysis/calibrate/src/NonLinearCalibration.cpp:2:
/cvmfs/juno.ihep.ac.cn/centos7_amd64_gcc830/contrib/gcc/8.3.0/include/c++/8.3.0/bits/basic_string.h: In function ‘int std::__cxx11::stoi(const string&, size_t*, int)’:
/cvmfs/juno.ihep.ac.cn/centos7_amd64_gcc830/contrib/gcc/8.3.0/include/c++/8.3.0/bits/basic_string.h:6412:19: error: no matching function for call to ‘__stoa<long int, int>(long int (*)(const char*, char**, int) throw (), const char [5], const char*, size_t*&, int&)’
      __idx, __base); }
                   ^
In file included from /cvmfs/juno.ihep.ac.cn/centos7_amd64_gcc830/contrib/gcc/8.3.0/include/c++/8.3.0/bits/basic_string.h:6400,
                 from /cvmfs/juno.ihep.ac.cn/centos7_amd64_gcc830/contrib/gcc/8.3.0/include/c++/8.3.0/string:52,
                 from /dybfs/users/xuhangkun/SimTAO/analysis/calibrate/include/RunData.h:43,
                 from /dybfs/users/xuhangkun/SimTAO/analysis/calibrate/include/TAORunData.h:44,
                 from /dybfs/users/xuhangkun/SimTAO/analysis/calibrate/src/NonLinearCalibration.cpp:2:
/cvmfs/juno.ihep.ac.cn/centos7_amd64_gcc830/contrib/gcc/8.3.0/include/c++/8.3.0/ext/string_conversions.h:54:5: note: candidate: ‘template<class _TRet, class _Ret, class _CharT, class ... _Base> _Ret __gnu_cxx::__stoa(_TRet (*)(const _CharT*, _CharT**, _Base ...), const char*, const _CharT*, int*, _Base ...)’
     __stoa(_TRet (*__convf) (const _CharT*, _CharT**, _Base...),
     ^~~~~~
/cvmfs/juno.ihep.ac.cn/centos7_amd64_gcc830/contrib/gcc/8.3.0/include/c++/8.3.0/ext/string_conversions.h:54:5: note:   template argument deduction/substitution failed:
In file included from /cvmfs/juno.ihep.ac.cn/centos7_amd64_gcc830/contrib/gcc/8.3.0/include/c++/8.3.0/string:52,
                 from /dybfs/users/xuhangkun/SimTAO/analysis/calibrate/include/RunData.h:43,
                 from /dybfs/users/xuhangkun/SimTAO/analysis/calibrate/include/TAORunData.h:44,
                 from /dybfs/users/xuhangkun/SimTAO/analysis/calibrate/src/NonLinearCalibration.cpp:2:
/cvmfs/juno.ihep.ac.cn/centos7_amd64_gcc830/contrib/gcc/8.3.0/include/c++/8.3.0/bits/basic_string.h:6412:6: note:   cannot convert ‘__idx’ (type ‘size_t*’ {aka ‘long unsigned int*’}) to type ‘int*’
      __idx, __base); }
      ^~~~~
/cvmfs/juno.ihep.ac.cn/centos7_amd64_gcc830/contrib/gcc/8.3.0/include/c++/8.3.0/bits/basic_string.h: In function ‘long int std::__cxx11::stol(const string&, size_t*, int)’:
/cvmfs/juno.ihep.ac.cn/centos7_amd64_gcc830/contrib/gcc/8.3.0/include/c++/8.3.0/bits/basic_string.h:6417:22: error: no matching function for call to ‘__stoa(long int (*)(const char*, char**, int) throw (), const char [5], const char*, size_t*&, int&)’
         __idx, __base); }
                      ^
In file included from /cvmfs/juno.ihep.ac.cn/centos7_amd64_gcc830/contrib/gcc/8.3.0/include/c++/8.3.0/bits/basic_string.h:6400,
                 from /cvmfs/juno.ihep.ac.cn/centos7_amd64_gcc830/contrib/gcc/8.3.0/include/c++/8.3.0/string:52,
                 from /dybfs/users/xuhangkun/SimTAO/analysis/calibrate/include/RunData.h:43,
                 from /dybfs/users/xuhangkun/SimTAO/analysis/calibrate/include/TAORunData.h:44,
                 from /dybfs/users/xuhangkun/SimTAO/analysis/calibrate/src/NonLinearCalibration.cpp:2:
/cvmfs/juno.ihep.ac.cn/centos7_amd64_gcc830/contrib/gcc/8.3.0/include/c++/8.3.0/ext/string_conversions.h:54:5: note: candidate: ‘template<class _TRet, class _Ret, class _CharT, class ... _Base> _Ret __gnu_cxx::__stoa(_TRet (*)(const _CharT*, _CharT**, _Base ...), const char*, const _CharT*, int*, _Base ...)’
     __stoa(_TRet (*__convf) (const _CharT*, _CharT**, _Base...),
     ^~~~~~
/cvmfs/juno.ihep.ac.cn/centos7_amd64_gcc830/contrib/gcc/8.3.0/include/c++/8.3.0/ext/string_conversions.h:54:5: note:   template argument deduction/substitution failed:
In file included from /cvmfs/juno.ihep.ac.cn/centos7_amd64_gcc830/contrib/gcc/8.3.0/include/c++/8.3.0/string:52,
                 from /dybfs/users/xuhangkun/SimTAO/analysis/calibrate/include/RunData.h:43,
                 from /dybfs/users/xuhangkun/SimTAO/analysis/calibrate/include/TAORunData.h:44,
                 from /dybfs/users/xuhangkun/SimTAO/analysis/calibrate/src/NonLinearCalibration.cpp:2:
/cvmfs/juno.ihep.ac.cn/centos7_amd64_gcc830/contrib/gcc/8.3.0/include/c++/8.3.0/bits/basic_string.h:6417:9: note:   cannot convert ‘__idx’ (type ‘size_t*’ {aka ‘long unsigned int*’}) to type ‘int*’
         __idx, __base); }
         ^~~~~
/cvmfs/juno.ihep.ac.cn/centos7_amd64_gcc830/contrib/gcc/8.3.0/include/c++/8.3.0/bits/basic_string.h: In function ‘long unsigned int std::__cxx11::stoul(const string&, size_t*, int)’:
/cvmfs/juno.ihep.ac.cn/centos7_amd64_gcc830/contrib/gcc/8.3.0/include/c++/8.3.0/bits/basic_string.h:6422:22: error: no matching function for call to ‘__stoa(long unsigned int (*)(const char*, char**, int) throw (), const char [6], const char*, size_t*&, int&)’
         __idx, __base); }
                      ^
In file included from /cvmfs/juno.ihep.ac.cn/centos7_amd64_gcc830/contrib/gcc/8.3.0/include/c++/8.3.0/bits/basic_string.h:6400,
                 from /cvmfs/juno.ihep.ac.cn/centos7_amd64_gcc830/contrib/gcc/8.3.0/include/c++/8.3.0/string:52,
                 from /dybfs/users/xuhangkun/SimTAO/analysis/calibrate/include/RunData.h:43,
                 from /dybfs/users/xuhangkun/SimTAO/analysis/calibrate/include/TAORunData.h:44,
                 from /dybfs/users/xuhangkun/SimTAO/analysis/calibrate/src/NonLinearCalibration.cpp:2:
/cvmfs/juno.ihep.ac.cn/centos7_amd64_gcc830/contrib/gcc/8.3.0/include/c++/8.3.0/ext/string_conversions.h:54:5: note: candidate: ‘template<class _TRet, class _Ret, class _CharT, class ... _Base> _Ret __gnu_cxx::__stoa(_TRet (*)(const _CharT*, _CharT**, _Base ...), const char*, const _CharT*, int*, _Base ...)’
     __stoa(_TRet (*__convf) (const _CharT*, _CharT**, _Base...),
     ^~~~~~
/cvmfs/juno.ihep.ac.cn/centos7_amd64_gcc830/contrib/gcc/8.3.0/include/c++/8.3.0/ext/string_conversions.h:54:5: note:   template argument deduction/substitution failed:
In file included from /cvmfs/juno.ihep.ac.cn/centos7_amd64_gcc830/contrib/gcc/8.3.0/include/c++/8.3.0/string:52,
                 from /dybfs/users/xuhangkun/SimTAO/analysis/calibrate/include/RunData.h:43,
                 from /dybfs/users/xuhangkun/SimTAO/analysis/calibrate/include/TAORunData.h:44,
                 from /dybfs/users/xuhangkun/SimTAO/analysis/calibrate/src/NonLinearCalibration.cpp:2:
/cvmfs/juno.ihep.ac.cn/centos7_amd64_gcc830/contrib/gcc/8.3.0/include/c++/8.3.0/bits/basic_string.h:6422:9: note:   cannot convert ‘__idx’ (type ‘size_t*’ {aka ‘long unsigned int*’}) to type ‘int*’
         __idx, __base); }
         ^~~~~
/cvmfs/juno.ihep.ac.cn/centos7_amd64_gcc830/contrib/gcc/8.3.0/include/c++/8.3.0/bits/basic_string.h: In function ‘long long int std::__cxx11::stoll(const string&, size_t*, int)’:
/cvmfs/juno.ihep.ac.cn/centos7_amd64_gcc830/contrib/gcc/8.3.0/include/c++/8.3.0/bits/basic_string.h:6427:22: error: no matching function for call to ‘__stoa(long long int (*)(const char*, char**, int) throw (), const char [6], const char*, size_t*&, int&)’
         __idx, __base); }
                      ^
In file included from /cvmfs/juno.ihep.ac.cn/centos7_amd64_gcc830/contrib/gcc/8.3.0/include/c++/8.3.0/bits/basic_string.h:6400,
                 from /cvmfs/juno.ihep.ac.cn/centos7_amd64_gcc830/contrib/gcc/8.3.0/include/c++/8.3.0/string:52,
                 from /dybfs/users/xuhangkun/SimTAO/analysis/calibrate/include/RunData.h:43,
                 from /dybfs/users/xuhangkun/SimTAO/analysis/calibrate/include/TAORunData.h:44,
                 from /dybfs/users/xuhangkun/SimTAO/analysis/calibrate/src/NonLinearCalibration.cpp:2:
/cvmfs/juno.ihep.ac.cn/centos7_amd64_gcc830/contrib/gcc/8.3.0/include/c++/8.3.0/ext/string_conversions.h:54:5: note: candidate: ‘template<class _TRet, class _Ret, class _CharT, class ... _Base> _Ret __gnu_cxx::__stoa(_TRet (*)(const _CharT*, _CharT**, _Base ...), const char*, const _CharT*, int*, _Base ...)’
     __stoa(_TRet (*__convf) (const _CharT*, _CharT**, _Base...),
     ^~~~~~
/cvmfs/juno.ihep.ac.cn/centos7_amd64_gcc830/contrib/gcc/8.3.0/include/c++/8.3.0/ext/string_conversions.h:54:5: note:   template argument deduction/substitution failed:
In file included from /cvmfs/juno.ihep.ac.cn/centos7_amd64_gcc830/contrib/gcc/8.3.0/include/c++/8.3.0/string:52,
                 from /dybfs/users/xuhangkun/SimTAO/analysis/calibrate/include/RunData.h:43,
                 from /dybfs/users/xuhangkun/SimTAO/analysis/calibrate/include/TAORunData.h:44,
                 from /dybfs/users/xuhangkun/SimTAO/analysis/calibrate/src/NonLinearCalibration.cpp:2:
/cvmfs/juno.ihep.ac.cn/centos7_amd64_gcc830/contrib/gcc/8.3.0/include/c++/8.3.0/bits/basic_string.h:6427:9: note:   cannot convert ‘__idx’ (type ‘size_t*’ {aka ‘long unsigned int*’}) to type ‘int*’
         __idx, __base); }
         ^~~~~
/cvmfs/juno.ihep.ac.cn/centos7_amd64_gcc830/contrib/gcc/8.3.0/include/c++/8.3.0/bits/basic_string.h: In function ‘long long unsigned int std::__cxx11::stoull(const string&, size_t*, int)’:
/cvmfs/juno.ihep.ac.cn/centos7_amd64_gcc830/contrib/gcc/8.3.0/include/c++/8.3.0/bits/basic_string.h:6432:22: error: no matching function for call to ‘__stoa(long long unsigned int (*)(const char*, char**, int) throw (), const char [7], const char*, size_t*&, int&)’
         __idx, __base); }
                      ^
In file included from /cvmfs/juno.ihep.ac.cn/centos7_amd64_gcc830/contrib/gcc/8.3.0/include/c++/8.3.0/bits/basic_string.h:6400,
                 from /cvmfs/juno.ihep.ac.cn/centos7_amd64_gcc830/contrib/gcc/8.3.0/include/c++/8.3.0/string:52,
                 from /dybfs/users/xuhangkun/SimTAO/analysis/calibrate/include/RunData.h:43,
                 from /dybfs/users/xuhangkun/SimTAO/analysis/calibrate/include/TAORunData.h:44,
                 from /dybfs/users/xuhangkun/SimTAO/analysis/calibrate/src/NonLinearCalibration.cpp:2:
/cvmfs/juno.ihep.ac.cn/centos7_amd64_gcc830/contrib/gcc/8.3.0/include/c++/8.3.0/ext/string_conversions.h:54:5: note: candidate: ‘template<class _TRet, class _Ret, class _CharT, class ... _Base> _Ret __gnu_cxx::__stoa(_TRet (*)(const _CharT*, _CharT**, _Base ...), const char*, const _CharT*, int*, _Base ...)’
     __stoa(_TRet (*__convf) (const _CharT*, _CharT**, _Base...),
     ^~~~~~
/cvmfs/juno.ihep.ac.cn/centos7_amd64_gcc830/contrib/gcc/8.3.0/include/c++/8.3.0/ext/string_conversions.h:54:5: note:   template argument deduction/substitution failed:
In file included from /cvmfs/juno.ihep.ac.cn/centos7_amd64_gcc830/contrib/gcc/8.3.0/include/c++/8.3.0/string:52,
                 from /dybfs/users/xuhangkun/SimTAO/analysis/calibrate/include/RunData.h:43,
                 from /dybfs/users/xuhangkun/SimTAO/analysis/calibrate/include/TAORunData.h:44,
                 from /dybfs/users/xuhangkun/SimTAO/analysis/calibrate/src/NonLinearCalibration.cpp:2:
/cvmfs/juno.ihep.ac.cn/centos7_amd64_gcc830/contrib/gcc/8.3.0/include/c++/8.3.0/bits/basic_string.h:6432:9: note:   cannot convert ‘__idx’ (type ‘size_t*’ {aka ‘long unsigned int*’}) to type ‘int*’
         __idx, __base); }
         ^~~~~
/cvmfs/juno.ihep.ac.cn/centos7_amd64_gcc830/contrib/gcc/8.3.0/include/c++/8.3.0/bits/basic_string.h: In function ‘float std::__cxx11::stof(const string&, size_t*)’:
/cvmfs/juno.ihep.ac.cn/centos7_amd64_gcc830/contrib/gcc/8.3.0/include/c++/8.3.0/bits/basic_string.h:6437:72: error: no matching function for call to ‘__stoa(float (*)(const char*, char**) throw (), const char [5], const char*, size_t*&)’
   { return __gnu_cxx::__stoa(&std::strtof, "stof", __str.c_str(), __idx); }
                                                                        ^
In file included from /cvmfs/juno.ihep.ac.cn/centos7_amd64_gcc830/contrib/gcc/8.3.0/include/c++/8.3.0/bits/basic_string.h:6400,
                 from /cvmfs/juno.ihep.ac.cn/centos7_amd64_gcc830/contrib/gcc/8.3.0/include/c++/8.3.0/string:52,
                 from /dybfs/users/xuhangkun/SimTAO/analysis/calibrate/include/RunData.h:43,
                 from /dybfs/users/xuhangkun/SimTAO/analysis/calibrate/include/TAORunData.h:44,
                 from /dybfs/users/xuhangkun/SimTAO/analysis/calibrate/src/NonLinearCalibration.cpp:2:
/cvmfs/juno.ihep.ac.cn/centos7_amd64_gcc830/contrib/gcc/8.3.0/include/c++/8.3.0/ext/string_conversions.h:54:5: note: candidate: ‘template<class _TRet, class _Ret, class _CharT, class ... _Base> _Ret __gnu_cxx::__stoa(_TRet (*)(const _CharT*, _CharT**, _Base ...), const char*, const _CharT*, int*, _Base ...)’
     __stoa(_TRet (*__convf) (const _CharT*, _CharT**, _Base...),
     ^~~~~~
/cvmfs/juno.ihep.ac.cn/centos7_amd64_gcc830/contrib/gcc/8.3.0/include/c++/8.3.0/ext/string_conversions.h:54:5: note:   template argument deduction/substitution failed:
In file included from /cvmfs/juno.ihep.ac.cn/centos7_amd64_gcc830/contrib/gcc/8.3.0/include/c++/8.3.0/string:52,
                 from /dybfs/users/xuhangkun/SimTAO/analysis/calibrate/include/RunData.h:43,
                 from /dybfs/users/xuhangkun/SimTAO/analysis/calibrate/include/TAORunData.h:44,
                 from /dybfs/users/xuhangkun/SimTAO/analysis/calibrate/src/NonLinearCalibration.cpp:2:
/cvmfs/juno.ihep.ac.cn/centos7_amd64_gcc830/contrib/gcc/8.3.0/include/c++/8.3.0/bits/basic_string.h:6437:67: note:   cannot convert ‘__idx’ (type ‘size_t*’ {aka ‘long unsigned int*’}) to type ‘int*’
   { return __gnu_cxx::__stoa(&std::strtof, "stof", __str.c_str(), __idx); }
                                                                   ^~~~~
/cvmfs/juno.ihep.ac.cn/centos7_amd64_gcc830/contrib/gcc/8.3.0/include/c++/8.3.0/bits/basic_string.h: In function ‘double std::__cxx11::stod(const string&, size_t*)’:
/cvmfs/juno.ihep.ac.cn/centos7_amd64_gcc830/contrib/gcc/8.3.0/include/c++/8.3.0/bits/basic_string.h:6441:72: error: no matching function for call to ‘__stoa(double (*)(const char*, char**) throw (), const char [5], const char*, size_t*&)’
   { return __gnu_cxx::__stoa(&std::strtod, "stod", __str.c_str(), __idx); }
                                                                        ^
In file included from /cvmfs/juno.ihep.ac.cn/centos7_amd64_gcc830/contrib/gcc/8.3.0/include/c++/8.3.0/bits/basic_string.h:6400,
                 from /cvmfs/juno.ihep.ac.cn/centos7_amd64_gcc830/contrib/gcc/8.3.0/include/c++/8.3.0/string:52,
                 from /dybfs/users/xuhangkun/SimTAO/analysis/calibrate/include/RunData.h:43,
                 from /dybfs/users/xuhangkun/SimTAO/analysis/calibrate/include/TAORunData.h:44,
                 from /dybfs/users/xuhangkun/SimTAO/analysis/calibrate/src/NonLinearCalibration.cpp:2:
/cvmfs/juno.ihep.ac.cn/centos7_amd64_gcc830/contrib/gcc/8.3.0/include/c++/8.3.0/ext/string_conversions.h:54:5: note: candidate: ‘template<class _TRet, class _Ret, class _CharT, class ... _Base> _Ret __gnu_cxx::__stoa(_TRet (*)(const _CharT*, _CharT**, _Base ...), const char*, const _CharT*, int*, _Base ...)’
     __stoa(_TRet (*__convf) (const _CharT*, _CharT**, _Base...),
     ^~~~~~
/cvmfs/juno.ihep.ac.cn/centos7_amd64_gcc830/contrib/gcc/8.3.0/include/c++/8.3.0/ext/string_conversions.h:54:5: note:   template argument deduction/substitution failed:
In file included from /cvmfs/juno.ihep.ac.cn/centos7_amd64_gcc830/contrib/gcc/8.3.0/include/c++/8.3.0/string:52,
                 from /dybfs/users/xuhangkun/SimTAO/analysis/calibrate/include/RunData.h:43,
                 from /dybfs/users/xuhangkun/SimTAO/analysis/calibrate/include/TAORunData.h:44,
                 from /dybfs/users/xuhangkun/SimTAO/analysis/calibrate/src/NonLinearCalibration.cpp:2:
/cvmfs/juno.ihep.ac.cn/centos7_amd64_gcc830/contrib/gcc/8.3.0/include/c++/8.3.0/bits/basic_string.h:6441:67: note:   cannot convert ‘__idx’ (type ‘size_t*’ {aka ‘long unsigned int*’}) to type ‘int*’
   { return __gnu_cxx::__stoa(&std::strtod, "stod", __str.c_str(), __idx); }
                                                                   ^~~~~
/cvmfs/juno.ihep.ac.cn/centos7_amd64_gcc830/contrib/gcc/8.3.0/include/c++/8.3.0/bits/basic_string.h: In function ‘long double std::__cxx11::stold(const string&, size_t*)’:
/cvmfs/juno.ihep.ac.cn/centos7_amd64_gcc830/contrib/gcc/8.3.0/include/c++/8.3.0/bits/basic_string.h:6445:74: error: no matching function for call to ‘__stoa(long double (*)(const char*, char**) throw (), const char [6], const char*, size_t*&)’
   { return __gnu_cxx::__stoa(&std::strtold, "stold", __str.c_str(), __idx); }
                                                                          ^
In file included from /cvmfs/juno.ihep.ac.cn/centos7_amd64_gcc830/contrib/gcc/8.3.0/include/c++/8.3.0/bits/basic_string.h:6400,
                 from /cvmfs/juno.ihep.ac.cn/centos7_amd64_gcc830/contrib/gcc/8.3.0/include/c++/8.3.0/string:52,
                 from /dybfs/users/xuhangkun/SimTAO/analysis/calibrate/include/RunData.h:43,
                 from /dybfs/users/xuhangkun/SimTAO/analysis/calibrate/include/TAORunData.h:44,
                 from /dybfs/users/xuhangkun/SimTAO/analysis/calibrate/src/NonLinearCalibration.cpp:2:
/cvmfs/juno.ihep.ac.cn/centos7_amd64_gcc830/contrib/gcc/8.3.0/include/c++/8.3.0/ext/string_conversions.h:54:5: note: candidate: ‘template<class _TRet, class _Ret, class _CharT, class ... _Base> _Ret __gnu_cxx::__stoa(_TRet (*)(const _CharT*, _CharT**, _Base ...), const char*, const _CharT*, int*, _Base ...)’
     __stoa(_TRet (*__convf) (const _CharT*, _CharT**, _Base...),
     ^~~~~~
/cvmfs/juno.ihep.ac.cn/centos7_amd64_gcc830/contrib/gcc/8.3.0/include/c++/8.3.0/ext/string_conversions.h:54:5: note:   template argument deduction/substitution failed:
In file included from /cvmfs/juno.ihep.ac.cn/centos7_amd64_gcc830/contrib/gcc/8.3.0/include/c++/8.3.0/string:52,
                 from /dybfs/users/xuhangkun/SimTAO/analysis/calibrate/include/RunData.h:43,
                 from /dybfs/users/xuhangkun/SimTAO/analysis/calibrate/include/TAORunData.h:44,
                 from /dybfs/users/xuhangkun/SimTAO/analysis/calibrate/src/NonLinearCalibration.cpp:2:
/cvmfs/juno.ihep.ac.cn/centos7_amd64_gcc830/contrib/gcc/8.3.0/include/c++/8.3.0/bits/basic_string.h:6445:69: note:   cannot convert ‘__idx’ (type ‘size_t*’ {aka ‘long unsigned int*’}) to type ‘int*’
   { return __gnu_cxx::__stoa(&std::strtold, "stold", __str.c_str(), __idx); }
                                                                     ^~~~~
/cvmfs/juno.ihep.ac.cn/centos7_amd64_gcc830/contrib/gcc/8.3.0/include/c++/8.3.0/bits/basic_string.h: In function ‘std::__cxx11::string std::__cxx11::to_string(int)’:
/cvmfs/juno.ihep.ac.cn/centos7_amd64_gcc830/contrib/gcc/8.3.0/include/c++/8.3.0/bits/basic_string.h:6455:20: error: no matching function for call to ‘__to_xstring<std::__cxx11::string>(int (*)(char*, size_t, const char*, __va_list_tag*) throw (), long unsigned int, const char [3], int&)’
         "%d", __val); }
                    ^
In file included from /cvmfs/juno.ihep.ac.cn/centos7_amd64_gcc830/contrib/gcc/8.3.0/include/c++/8.3.0/bits/basic_string.h:6400,
                 from /cvmfs/juno.ihep.ac.cn/centos7_amd64_gcc830/contrib/gcc/8.3.0/include/c++/8.3.0/string:52,
                 from /dybfs/users/xuhangkun/SimTAO/analysis/calibrate/include/RunData.h:43,
                 from /dybfs/users/xuhangkun/SimTAO/analysis/calibrate/include/TAORunData.h:44,
                 from /dybfs/users/xuhangkun/SimTAO/analysis/calibrate/src/NonLinearCalibration.cpp:2:
/cvmfs/juno.ihep.ac.cn/centos7_amd64_gcc830/contrib/gcc/8.3.0/include/c++/8.3.0/ext/string_conversions.h:99:5: note: candidate: ‘template<class _String, class _CharT> _String __gnu_cxx::__to_xstring(int (*)(_CharT*, int, const _CharT*, __va_list_tag*), int, const _CharT*, ...)’
     __to_xstring(int (*__convf) (_CharT*, std::size_t, const _CharT*,
     ^~~~~~~~~~~~
/cvmfs/juno.ihep.ac.cn/centos7_amd64_gcc830/contrib/gcc/8.3.0/include/c++/8.3.0/ext/string_conversions.h:99:5: note:   template argument deduction/substitution failed:
In file included from /cvmfs/juno.ihep.ac.cn/centos7_amd64_gcc830/contrib/gcc/8.3.0/include/c++/8.3.0/string:52,
                 from /dybfs/users/xuhangkun/SimTAO/analysis/calibrate/include/RunData.h:43,
                 from /dybfs/users/xuhangkun/SimTAO/analysis/calibrate/include/TAORunData.h:44,
                 from /dybfs/users/xuhangkun/SimTAO/analysis/calibrate/src/NonLinearCalibration.cpp:2:
/cvmfs/juno.ihep.ac.cn/centos7_amd64_gcc830/contrib/gcc/8.3.0/include/c++/8.3.0/bits/basic_string.h:6455:20: note:   mismatched types ‘int’ and ‘size_t’ {aka ‘long unsigned int’}
         "%d", __val); }
                    ^
/cvmfs/juno.ihep.ac.cn/centos7_amd64_gcc830/contrib/gcc/8.3.0/include/c++/8.3.0/bits/basic_string.h: In function ‘std::__cxx11::string std::__cxx11::to_string(unsigned int)’:
/cvmfs/juno.ihep.ac.cn/centos7_amd64_gcc830/contrib/gcc/8.3.0/include/c++/8.3.0/bits/basic_string.h:6461:20: error: no matching function for call to ‘__to_xstring<std::__cxx11::string>(int (*)(char*, size_t, const char*, __va_list_tag*) throw (), long unsigned int, const char [3], unsigned int&)’
         "%u", __val); }
                    ^
In file included from /cvmfs/juno.ihep.ac.cn/centos7_amd64_gcc830/contrib/gcc/8.3.0/include/c++/8.3.0/bits/basic_string.h:6400,
                 from /cvmfs/juno.ihep.ac.cn/centos7_amd64_gcc830/contrib/gcc/8.3.0/include/c++/8.3.0/string:52,
                 from /dybfs/users/xuhangkun/SimTAO/analysis/calibrate/include/RunData.h:43,
                 from /dybfs/users/xuhangkun/SimTAO/analysis/calibrate/include/TAORunData.h:44,
                 from /dybfs/users/xuhangkun/SimTAO/analysis/calibrate/src/NonLinearCalibration.cpp:2:
/cvmfs/juno.ihep.ac.cn/centos7_amd64_gcc830/contrib/gcc/8.3.0/include/c++/8.3.0/ext/string_conversions.h:99:5: note: candidate: ‘template<class _String, class _CharT> _String __gnu_cxx::__to_xstring(int (*)(_CharT*, int, const _CharT*, __va_list_tag*), int, const _CharT*, ...)’
     __to_xstring(int (*__convf) (_CharT*, std::size_t, const _CharT*,
     ^~~~~~~~~~~~
/cvmfs/juno.ihep.ac.cn/centos7_amd64_gcc830/contrib/gcc/8.3.0/include/c++/8.3.0/ext/string_conversions.h:99:5: note:   template argument deduction/substitution failed:
In file included from /cvmfs/juno.ihep.ac.cn/centos7_amd64_gcc830/contrib/gcc/8.3.0/include/c++/8.3.0/string:52,
                 from /dybfs/users/xuhangkun/SimTAO/analysis/calibrate/include/RunData.h:43,
                 from /dybfs/users/xuhangkun/SimTAO/analysis/calibrate/include/TAORunData.h:44,
                 from /dybfs/users/xuhangkun/SimTAO/analysis/calibrate/src/NonLinearCalibration.cpp:2:
/cvmfs/juno.ihep.ac.cn/centos7_amd64_gcc830/contrib/gcc/8.3.0/include/c++/8.3.0/bits/basic_string.h:6461:20: note:   mismatched types ‘int’ and ‘size_t’ {aka ‘long unsigned int’}
         "%u", __val); }
                    ^
/cvmfs/juno.ihep.ac.cn/centos7_amd64_gcc830/contrib/gcc/8.3.0/include/c++/8.3.0/bits/basic_string.h: In function ‘std::__cxx11::string std::__cxx11::to_string(long int)’:
/cvmfs/juno.ihep.ac.cn/centos7_amd64_gcc830/contrib/gcc/8.3.0/include/c++/8.3.0/bits/basic_string.h:6466:21: error: no matching function for call to ‘__to_xstring<std::__cxx11::string>(int (*)(char*, size_t, const char*, __va_list_tag*) throw (), long unsigned int, const char [4], long int&)’
         "%ld", __val); }
                     ^
In file included from /cvmfs/juno.ihep.ac.cn/centos7_amd64_gcc830/contrib/gcc/8.3.0/include/c++/8.3.0/bits/basic_string.h:6400,
                 from /cvmfs/juno.ihep.ac.cn/centos7_amd64_gcc830/contrib/gcc/8.3.0/include/c++/8.3.0/string:52,
                 from /dybfs/users/xuhangkun/SimTAO/analysis/calibrate/include/RunData.h:43,
                 from /dybfs/users/xuhangkun/SimTAO/analysis/calibrate/include/TAORunData.h:44,
                 from /dybfs/users/xuhangkun/SimTAO/analysis/calibrate/src/NonLinearCalibration.cpp:2:
/cvmfs/juno.ihep.ac.cn/centos7_amd64_gcc830/contrib/gcc/8.3.0/include/c++/8.3.0/ext/string_conversions.h:99:5: note: candidate: ‘template<class _String, class _CharT> _String __gnu_cxx::__to_xstring(int (*)(_CharT*, int, const _CharT*, __va_list_tag*), int, const _CharT*, ...)’
     __to_xstring(int (*__convf) (_CharT*, std::size_t, const _CharT*,
     ^~~~~~~~~~~~
/cvmfs/juno.ihep.ac.cn/centos7_amd64_gcc830/contrib/gcc/8.3.0/include/c++/8.3.0/ext/string_conversions.h:99:5: note:   template argument deduction/substitution failed:
In file included from /cvmfs/juno.ihep.ac.cn/centos7_amd64_gcc830/contrib/gcc/8.3.0/include/c++/8.3.0/string:52,
                 from /dybfs/users/xuhangkun/SimTAO/analysis/calibrate/include/RunData.h:43,
                 from /dybfs/users/xuhangkun/SimTAO/analysis/calibrate/include/TAORunData.h:44,
                 from /dybfs/users/xuhangkun/SimTAO/analysis/calibrate/src/NonLinearCalibration.cpp:2:
/cvmfs/juno.ihep.ac.cn/centos7_amd64_gcc830/contrib/gcc/8.3.0/include/c++/8.3.0/bits/basic_string.h:6466:21: note:   mismatched types ‘int’ and ‘size_t’ {aka ‘long unsigned int’}
         "%ld", __val); }
                     ^
/cvmfs/juno.ihep.ac.cn/centos7_amd64_gcc830/contrib/gcc/8.3.0/include/c++/8.3.0/bits/basic_string.h: In function ‘std::__cxx11::string std::__cxx11::to_string(long unsigned int)’:
/cvmfs/juno.ihep.ac.cn/centos7_amd64_gcc830/contrib/gcc/8.3.0/include/c++/8.3.0/bits/basic_string.h:6472:21: error: no matching function for call to ‘__to_xstring<std::__cxx11::string>(int (*)(char*, size_t, const char*, __va_list_tag*) throw (), long unsigned int, const char [4], long unsigned int&)’
         "%lu", __val); }
                     ^
In file included from /cvmfs/juno.ihep.ac.cn/centos7_amd64_gcc830/contrib/gcc/8.3.0/include/c++/8.3.0/bits/basic_string.h:6400,
                 from /cvmfs/juno.ihep.ac.cn/centos7_amd64_gcc830/contrib/gcc/8.3.0/include/c++/8.3.0/string:52,
                 from /dybfs/users/xuhangkun/SimTAO/analysis/calibrate/include/RunData.h:43,
                 from /dybfs/users/xuhangkun/SimTAO/analysis/calibrate/include/TAORunData.h:44,
                 from /dybfs/users/xuhangkun/SimTAO/analysis/calibrate/src/NonLinearCalibration.cpp:2:
/cvmfs/juno.ihep.ac.cn/centos7_amd64_gcc830/contrib/gcc/8.3.0/include/c++/8.3.0/ext/string_conversions.h:99:5: note: candidate: ‘template<class _String, class _CharT> _String __gnu_cxx::__to_xstring(int (*)(_CharT*, int, const _CharT*, __va_list_tag*), int, const _CharT*, ...)’
     __to_xstring(int (*__convf) (_CharT*, std::size_t, const _CharT*,
     ^~~~~~~~~~~~
/cvmfs/juno.ihep.ac.cn/centos7_amd64_gcc830/contrib/gcc/8.3.0/include/c++/8.3.0/ext/string_conversions.h:99:5: note:   template argument deduction/substitution failed:
In file included from /cvmfs/juno.ihep.ac.cn/centos7_amd64_gcc830/contrib/gcc/8.3.0/include/c++/8.3.0/string:52,
                 from /dybfs/users/xuhangkun/SimTAO/analysis/calibrate/include/RunData.h:43,
                 from /dybfs/users/xuhangkun/SimTAO/analysis/calibrate/include/TAORunData.h:44,
                 from /dybfs/users/xuhangkun/SimTAO/analysis/calibrate/src/NonLinearCalibration.cpp:2:
/cvmfs/juno.ihep.ac.cn/centos7_amd64_gcc830/contrib/gcc/8.3.0/include/c++/8.3.0/bits/basic_string.h:6472:21: note:   mismatched types ‘int’ and ‘size_t’ {aka ‘long unsigned int’}
         "%lu", __val); }
                     ^
/cvmfs/juno.ihep.ac.cn/centos7_amd64_gcc830/contrib/gcc/8.3.0/include/c++/8.3.0/bits/basic_string.h: In function ‘std::__cxx11::string std::__cxx11::to_string(long long int)’:
/cvmfs/juno.ihep.ac.cn/centos7_amd64_gcc830/contrib/gcc/8.3.0/include/c++/8.3.0/bits/basic_string.h:6478:22: error: no matching function for call to ‘__to_xstring<std::__cxx11::string>(int (*)(char*, size_t, const char*, __va_list_tag*) throw (), long unsigned int, const char [5], long long int&)’
         "%lld", __val); }
                      ^
In file included from /cvmfs/juno.ihep.ac.cn/centos7_amd64_gcc830/contrib/gcc/8.3.0/include/c++/8.3.0/bits/basic_string.h:6400,
                 from /cvmfs/juno.ihep.ac.cn/centos7_amd64_gcc830/contrib/gcc/8.3.0/include/c++/8.3.0/string:52,
                 from /dybfs/users/xuhangkun/SimTAO/analysis/calibrate/include/RunData.h:43,
                 from /dybfs/users/xuhangkun/SimTAO/analysis/calibrate/include/TAORunData.h:44,
                 from /dybfs/users/xuhangkun/SimTAO/analysis/calibrate/src/NonLinearCalibration.cpp:2:
/cvmfs/juno.ihep.ac.cn/centos7_amd64_gcc830/contrib/gcc/8.3.0/include/c++/8.3.0/ext/string_conversions.h:99:5: note: candidate: ‘template<class _String, class _CharT> _String __gnu_cxx::__to_xstring(int (*)(_CharT*, int, const _CharT*, __va_list_tag*), int, const _CharT*, ...)’
     __to_xstring(int (*__convf) (_CharT*, std::size_t, const _CharT*,
     ^~~~~~~~~~~~
/cvmfs/juno.ihep.ac.cn/centos7_amd64_gcc830/contrib/gcc/8.3.0/include/c++/8.3.0/ext/string_conversions.h:99:5: note:   template argument deduction/substitution failed:
In file included from /cvmfs/juno.ihep.ac.cn/centos7_amd64_gcc830/contrib/gcc/8.3.0/include/c++/8.3.0/string:52,
                 from /dybfs/users/xuhangkun/SimTAO/analysis/calibrate/include/RunData.h:43,
                 from /dybfs/users/xuhangkun/SimTAO/analysis/calibrate/include/TAORunData.h:44,
                 from /dybfs/users/xuhangkun/SimTAO/analysis/calibrate/src/NonLinearCalibration.cpp:2:
/cvmfs/juno.ihep.ac.cn/centos7_amd64_gcc830/contrib/gcc/8.3.0/include/c++/8.3.0/bits/basic_string.h:6478:22: note:   mismatched types ‘int’ and ‘size_t’ {aka ‘long unsigned int’}
         "%lld", __val); }
                      ^
/cvmfs/juno.ihep.ac.cn/centos7_amd64_gcc830/contrib/gcc/8.3.0/include/c++/8.3.0/bits/basic_string.h: In function ‘std::__cxx11::string std::__cxx11::to_string(long long unsigned int)’:
/cvmfs/juno.ihep.ac.cn/centos7_amd64_gcc830/contrib/gcc/8.3.0/include/c++/8.3.0/bits/basic_string.h:6484:22: error: no matching function for call to ‘__to_xstring<std::__cxx11::string>(int (*)(char*, size_t, const char*, __va_list_tag*) throw (), long unsigned int, const char [5], long long unsigned int&)’
         "%llu", __val); }
                      ^
In file included from /cvmfs/juno.ihep.ac.cn/centos7_amd64_gcc830/contrib/gcc/8.3.0/include/c++/8.3.0/bits/basic_string.h:6400,
                 from /cvmfs/juno.ihep.ac.cn/centos7_amd64_gcc830/contrib/gcc/8.3.0/include/c++/8.3.0/string:52,
                 from /dybfs/users/xuhangkun/SimTAO/analysis/calibrate/include/RunData.h:43,
                 from /dybfs/users/xuhangkun/SimTAO/analysis/calibrate/include/TAORunData.h:44,
                 from /dybfs/users/xuhangkun/SimTAO/analysis/calibrate/src/NonLinearCalibration.cpp:2:
/cvmfs/juno.ihep.ac.cn/centos7_amd64_gcc830/contrib/gcc/8.3.0/include/c++/8.3.0/ext/string_conversions.h:99:5: note: candidate: ‘template<class _String, class _CharT> _String __gnu_cxx::__to_xstring(int (*)(_CharT*, int, const _CharT*, __va_list_tag*), int, const _CharT*, ...)’
     __to_xstring(int (*__convf) (_CharT*, std::size_t, const _CharT*,
     ^~~~~~~~~~~~
/cvmfs/juno.ihep.ac.cn/centos7_amd64_gcc830/contrib/gcc/8.3.0/include/c++/8.3.0/ext/string_conversions.h:99:5: note:   template argument deduction/substitution failed:
In file included from /cvmfs/juno.ihep.ac.cn/centos7_amd64_gcc830/contrib/gcc/8.3.0/include/c++/8.3.0/string:52,
                 from /dybfs/users/xuhangkun/SimTAO/analysis/calibrate/include/RunData.h:43,
                 from /dybfs/users/xuhangkun/SimTAO/analysis/calibrate/include/TAORunData.h:44,
                 from /dybfs/users/xuhangkun/SimTAO/analysis/calibrate/src/NonLinearCalibration.cpp:2:
/cvmfs/juno.ihep.ac.cn/centos7_amd64_gcc830/contrib/gcc/8.3.0/include/c++/8.3.0/bits/basic_string.h:6484:22: note:   mismatched types ‘int’ and ‘size_t’ {aka ‘long unsigned int’}
         "%llu", __val); }
                      ^
/cvmfs/juno.ihep.ac.cn/centos7_amd64_gcc830/contrib/gcc/8.3.0/include/c++/8.3.0/bits/basic_string.h: In function ‘std::__cxx11::string std::__cxx11::to_string(float)’:
/cvmfs/juno.ihep.ac.cn/centos7_amd64_gcc830/contrib/gcc/8.3.0/include/c++/8.3.0/bits/basic_string.h:6492:20: error: no matching function for call to ‘__to_xstring<std::__cxx11::string>(int (*)(char*, size_t, const char*, __va_list_tag*) throw (), const int&, const char [3], float&)’
         "%f", __val);
                    ^
In file included from /cvmfs/juno.ihep.ac.cn/centos7_amd64_gcc830/contrib/gcc/8.3.0/include/c++/8.3.0/bits/basic_string.h:6400,
                 from /cvmfs/juno.ihep.ac.cn/centos7_amd64_gcc830/contrib/gcc/8.3.0/include/c++/8.3.0/string:52,
                 from /dybfs/users/xuhangkun/SimTAO/analysis/calibrate/include/RunData.h:43,
                 from /dybfs/users/xuhangkun/SimTAO/analysis/calibrate/include/TAORunData.h:44,
                 from /dybfs/users/xuhangkun/SimTAO/analysis/calibrate/src/NonLinearCalibration.cpp:2:
/cvmfs/juno.ihep.ac.cn/centos7_amd64_gcc830/contrib/gcc/8.3.0/include/c++/8.3.0/ext/string_conversions.h:99:5: note: candidate: ‘template<class _String, class _CharT> _String __gnu_cxx::__to_xstring(int (*)(_CharT*, int, const _CharT*, __va_list_tag*), int, const _CharT*, ...)’
     __to_xstring(int (*__convf) (_CharT*, std::size_t, const _CharT*,
     ^~~~~~~~~~~~
/cvmfs/juno.ihep.ac.cn/centos7_amd64_gcc830/contrib/gcc/8.3.0/include/c++/8.3.0/ext/string_conversions.h:99:5: note:   template argument deduction/substitution failed:
In file included from /cvmfs/juno.ihep.ac.cn/centos7_amd64_gcc830/contrib/gcc/8.3.0/include/c++/8.3.0/string:52,
                 from /dybfs/users/xuhangkun/SimTAO/analysis/calibrate/include/RunData.h:43,
                 from /dybfs/users/xuhangkun/SimTAO/analysis/calibrate/include/TAORunData.h:44,
                 from /dybfs/users/xuhangkun/SimTAO/analysis/calibrate/src/NonLinearCalibration.cpp:2:
/cvmfs/juno.ihep.ac.cn/centos7_amd64_gcc830/contrib/gcc/8.3.0/include/c++/8.3.0/bits/basic_string.h:6492:20: note:   mismatched types ‘int’ and ‘size_t’ {aka ‘long unsigned int’}
         "%f", __val);
                    ^
/cvmfs/juno.ihep.ac.cn/centos7_amd64_gcc830/contrib/gcc/8.3.0/include/c++/8.3.0/bits/basic_string.h: In function ‘std::__cxx11::string std::__cxx11::to_string(double)’:
/cvmfs/juno.ihep.ac.cn/centos7_amd64_gcc830/contrib/gcc/8.3.0/include/c++/8.3.0/bits/basic_string.h:6501:20: error: no matching function for call to ‘__to_xstring<std::__cxx11::string>(int (*)(char*, size_t, const char*, __va_list_tag*) throw (), const int&, const char [3], double&)’
         "%f", __val);
                    ^
In file included from /cvmfs/juno.ihep.ac.cn/centos7_amd64_gcc830/contrib/gcc/8.3.0/include/c++/8.3.0/bits/basic_string.h:6400,
                 from /cvmfs/juno.ihep.ac.cn/centos7_amd64_gcc830/contrib/gcc/8.3.0/include/c++/8.3.0/string:52,
                 from /dybfs/users/xuhangkun/SimTAO/analysis/calibrate/include/RunData.h:43,
                 from /dybfs/users/xuhangkun/SimTAO/analysis/calibrate/include/TAORunData.h:44,
                 from /dybfs/users/xuhangkun/SimTAO/analysis/calibrate/src/NonLinearCalibration.cpp:2:
/cvmfs/juno.ihep.ac.cn/centos7_amd64_gcc830/contrib/gcc/8.3.0/include/c++/8.3.0/ext/string_conversions.h:99:5: note: candidate: ‘template<class _String, class _CharT> _String __gnu_cxx::__to_xstring(int (*)(_CharT*, int, const _CharT*, __va_list_tag*), int, const _CharT*, ...)’
     __to_xstring(int (*__convf) (_CharT*, std::size_t, const _CharT*,
     ^~~~~~~~~~~~
/cvmfs/juno.ihep.ac.cn/centos7_amd64_gcc830/contrib/gcc/8.3.0/include/c++/8.3.0/ext/string_conversions.h:99:5: note:   template argument deduction/substitution failed:
In file included from /cvmfs/juno.ihep.ac.cn/centos7_amd64_gcc830/contrib/gcc/8.3.0/include/c++/8.3.0/string:52,
                 from /dybfs/users/xuhangkun/SimTAO/analysis/calibrate/include/RunData.h:43,
                 from /dybfs/users/xuhangkun/SimTAO/analysis/calibrate/include/TAORunData.h:44,
                 from /dybfs/users/xuhangkun/SimTAO/analysis/calibrate/src/NonLinearCalibration.cpp:2:
/cvmfs/juno.ihep.ac.cn/centos7_amd64_gcc830/contrib/gcc/8.3.0/include/c++/8.3.0/bits/basic_string.h:6501:20: note:   mismatched types ‘int’ and ‘size_t’ {aka ‘long unsigned int’}
         "%f", __val);
                    ^
/cvmfs/juno.ihep.ac.cn/centos7_amd64_gcc830/contrib/gcc/8.3.0/include/c++/8.3.0/bits/basic_string.h: In function ‘std::__cxx11::string std::__cxx11::to_string(long double)’:
/cvmfs/juno.ihep.ac.cn/centos7_amd64_gcc830/contrib/gcc/8.3.0/include/c++/8.3.0/bits/basic_string.h:6510:21: error: no matching function for call to ‘__to_xstring<std::__cxx11::string>(int (*)(char*, size_t, const char*, __va_list_tag*) throw (), const int&, const char [4], long double&)’
         "%Lf", __val);
                     ^
In file included from /cvmfs/juno.ihep.ac.cn/centos7_amd64_gcc830/contrib/gcc/8.3.0/include/c++/8.3.0/bits/basic_string.h:6400,
                 from /cvmfs/juno.ihep.ac.cn/centos7_amd64_gcc830/contrib/gcc/8.3.0/include/c++/8.3.0/string:52,
                 from /dybfs/users/xuhangkun/SimTAO/analysis/calibrate/include/RunData.h:43,
                 from /dybfs/users/xuhangkun/SimTAO/analysis/calibrate/include/TAORunData.h:44,
                 from /dybfs/users/xuhangkun/SimTAO/analysis/calibrate/src/NonLinearCalibration.cpp:2:
/cvmfs/juno.ihep.ac.cn/centos7_amd64_gcc830/contrib/gcc/8.3.0/include/c++/8.3.0/ext/string_conversions.h:99:5: note: candidate: ‘template<class _String, class _CharT> _String __gnu_cxx::__to_xstring(int (*)(_CharT*, int, const _CharT*, __va_list_tag*), int, const _CharT*, ...)’
     __to_xstring(int (*__convf) (_CharT*, std::size_t, const _CharT*,
     ^~~~~~~~~~~~
/cvmfs/juno.ihep.ac.cn/centos7_amd64_gcc830/contrib/gcc/8.3.0/include/c++/8.3.0/ext/string_conversions.h:99:5: note:   template argument deduction/substitution failed:
In file included from /cvmfs/juno.ihep.ac.cn/centos7_amd64_gcc830/contrib/gcc/8.3.0/include/c++/8.3.0/string:52,
                 from /dybfs/users/xuhangkun/SimTAO/analysis/calibrate/include/RunData.h:43,
                 from /dybfs/users/xuhangkun/SimTAO/analysis/calibrate/include/TAORunData.h:44,
                 from /dybfs/users/xuhangkun/SimTAO/analysis/calibrate/src/NonLinearCalibration.cpp:2:
/cvmfs/juno.ihep.ac.cn/centos7_amd64_gcc830/contrib/gcc/8.3.0/include/c++/8.3.0/bits/basic_string.h:6510:21: note:   mismatched types ‘int’ and ‘size_t’ {aka ‘long unsigned int’}
         "%Lf", __val);
                     ^
In file included from /cvmfs/juno.ihep.ac.cn/centos7_amd64_gcc830/contrib/gcc/8.3.0/include/c++/8.3.0/bits/basic_string.h:40,
                 from /cvmfs/juno.ihep.ac.cn/centos7_amd64_gcc830/contrib/gcc/8.3.0/include/c++/8.3.0/string:52,
                 from /dybfs/users/xuhangkun/SimTAO/analysis/calibrate/include/RunData.h:43,
                 from /dybfs/users/xuhangkun/SimTAO/analysis/calibrate/include/TAORunData.h:44,
                 from /dybfs/users/xuhangkun/SimTAO/analysis/calibrate/src/NonLinearCalibration.cpp:2:
/cvmfs/juno.ihep.ac.cn/centos7_amd64_gcc830/contrib/gcc/8.3.0/include/c++/8.3.0/ext/alloc_traits.h: In instantiation of ‘struct __gnu_cxx::__alloc_traits<std::allocator<wchar_t>, wchar_t>’:
/cvmfs/juno.ihep.ac.cn/centos7_amd64_gcc830/contrib/gcc/8.3.0/include/c++/8.3.0/bits/basic_string.h:80:24:   required from ‘class std::__cxx11::basic_string<wchar_t>’
/cvmfs/juno.ihep.ac.cn/centos7_amd64_gcc830/contrib/gcc/8.3.0/include/c++/8.3.0/bits/basic_string.h:6517:68:   required from here
/cvmfs/juno.ihep.ac.cn/centos7_amd64_gcc830/contrib/gcc/8.3.0/include/c++/8.3.0/ext/alloc_traits.h:61:53: error: no type named ‘size_type’ in ‘struct std::allocator_traits<std::allocator<wchar_t> >’
     typedef typename _Base_type::size_type          size_type;
                                                     ^~~~~~~~~
/cvmfs/juno.ihep.ac.cn/centos7_amd64_gcc830/contrib/gcc/8.3.0/include/c++/8.3.0/ext/alloc_traits.h:62:53: error: no type named ‘difference_type’ in ‘struct std::allocator_traits<std::allocator<wchar_t> >’
     typedef typename _Base_type::difference_type    difference_type;
                                                     ^~~~~~~~~~~~~~~
/cvmfs/juno.ihep.ac.cn/centos7_amd64_gcc830/contrib/gcc/8.3.0/include/c++/8.3.0/ext/alloc_traits.h:70:23: error: no members matching ‘__gnu_cxx::__alloc_traits<std::allocator<wchar_t>, wchar_t>::_Base_type {aka std::allocator_traits<std::allocator<wchar_t> >}::max_size’ in ‘__gnu_cxx::__alloc_traits<std::allocator<wchar_t>, wchar_t>::_Base_type’ {aka ‘struct std::allocator_traits<std::allocator<wchar_t> >’}
     using _Base_type::max_size;
                       ^~~~~~~~
In file included from /cvmfs/juno.ihep.ac.cn/centos7_amd64_gcc830/contrib/gcc/8.3.0/include/c++/8.3.0/string:52,
                 from /dybfs/users/xuhangkun/SimTAO/analysis/calibrate/include/RunData.h:43,
                 from /dybfs/users/xuhangkun/SimTAO/analysis/calibrate/include/TAORunData.h:44,
                 from /dybfs/users/xuhangkun/SimTAO/analysis/calibrate/src/NonLinearCalibration.cpp:2:
/cvmfs/juno.ihep.ac.cn/centos7_amd64_gcc830/contrib/gcc/8.3.0/include/c++/8.3.0/bits/basic_string.h: In function ‘int std::__cxx11::stoi(const wstring&, size_t*, int)’:
/cvmfs/juno.ihep.ac.cn/centos7_amd64_gcc830/contrib/gcc/8.3.0/include/c++/8.3.0/bits/basic_string.h:6518:19: error: no matching function for call to ‘__stoa<long int, int>(long int (*)(const wchar_t*, wchar_t**, int) throw (), const char [5], const wchar_t*, size_t*&, int&)’
      __idx, __base); }
                   ^
In file included from /cvmfs/juno.ihep.ac.cn/centos7_amd64_gcc830/contrib/gcc/8.3.0/include/c++/8.3.0/bits/basic_string.h:6400,
                 from /cvmfs/juno.ihep.ac.cn/centos7_amd64_gcc830/contrib/gcc/8.3.0/include/c++/8.3.0/string:52,
                 from /dybfs/users/xuhangkun/SimTAO/analysis/calibrate/include/RunData.h:43,
                 from /dybfs/users/xuhangkun/SimTAO/analysis/calibrate/include/TAORunData.h:44,
                 from /dybfs/users/xuhangkun/SimTAO/analysis/calibrate/src/NonLinearCalibration.cpp:2:
/cvmfs/juno.ihep.ac.cn/centos7_amd64_gcc830/contrib/gcc/8.3.0/include/c++/8.3.0/ext/string_conversions.h:54:5: note: candidate: ‘template<class _TRet, class _Ret, class _CharT, class ... _Base> _Ret __gnu_cxx::__stoa(_TRet (*)(const _CharT*, _CharT**, _Base ...), const char*, const _CharT*, int*, _Base ...)’
     __stoa(_TRet (*__convf) (const _CharT*, _CharT**, _Base...),
     ^~~~~~
/cvmfs/juno.ihep.ac.cn/centos7_amd64_gcc830/contrib/gcc/8.3.0/include/c++/8.3.0/ext/string_conversions.h:54:5: note:   template argument deduction/substitution failed:
In file included from /cvmfs/juno.ihep.ac.cn/centos7_amd64_gcc830/contrib/gcc/8.3.0/include/c++/8.3.0/string:52,
                 from /dybfs/users/xuhangkun/SimTAO/analysis/calibrate/include/RunData.h:43,
                 from /dybfs/users/xuhangkun/SimTAO/analysis/calibrate/include/TAORunData.h:44,
                 from /dybfs/users/xuhangkun/SimTAO/analysis/calibrate/src/NonLinearCalibration.cpp:2:
/cvmfs/juno.ihep.ac.cn/centos7_amd64_gcc830/contrib/gcc/8.3.0/include/c++/8.3.0/bits/basic_string.h:6518:6: note:   cannot convert ‘__idx’ (type ‘size_t*’ {aka ‘long unsigned int*’}) to type ‘int*’
      __idx, __base); }
      ^~~~~
/cvmfs/juno.ihep.ac.cn/centos7_amd64_gcc830/contrib/gcc/8.3.0/include/c++/8.3.0/bits/basic_string.h: In function ‘long int std::__cxx11::stol(const wstring&, size_t*, int)’:
/cvmfs/juno.ihep.ac.cn/centos7_amd64_gcc830/contrib/gcc/8.3.0/include/c++/8.3.0/bits/basic_string.h:6523:22: error: no matching function for call to ‘__stoa(long int (*)(const wchar_t*, wchar_t**, int) throw (), const char [5], const wchar_t*, size_t*&, int&)’
         __idx, __base); }
                      ^
In file included from /cvmfs/juno.ihep.ac.cn/centos7_amd64_gcc830/contrib/gcc/8.3.0/include/c++/8.3.0/bits/basic_string.h:6400,
                 from /cvmfs/juno.ihep.ac.cn/centos7_amd64_gcc830/contrib/gcc/8.3.0/include/c++/8.3.0/string:52,
                 from /dybfs/users/xuhangkun/SimTAO/analysis/calibrate/include/RunData.h:43,
                 from /dybfs/users/xuhangkun/SimTAO/analysis/calibrate/include/TAORunData.h:44,
                 from /dybfs/users/xuhangkun/SimTAO/analysis/calibrate/src/NonLinearCalibration.cpp:2:
/cvmfs/juno.ihep.ac.cn/centos7_amd64_gcc830/contrib/gcc/8.3.0/include/c++/8.3.0/ext/string_conversions.h:54:5: note: candidate: ‘template<class _TRet, class _Ret, class _CharT, class ... _Base> _Ret __gnu_cxx::__stoa(_TRet (*)(const _CharT*, _CharT**, _Base ...), const char*, const _CharT*, int*, _Base ...)’
     __stoa(_TRet (*__convf) (const _CharT*, _CharT**, _Base...),
     ^~~~~~
/cvmfs/juno.ihep.ac.cn/centos7_amd64_gcc830/contrib/gcc/8.3.0/include/c++/8.3.0/ext/string_conversions.h:54:5: note:   template argument deduction/substitution failed:
In file included from /cvmfs/juno.ihep.ac.cn/centos7_amd64_gcc830/contrib/gcc/8.3.0/include/c++/8.3.0/string:52,
                 from /dybfs/users/xuhangkun/SimTAO/analysis/calibrate/include/RunData.h:43,
                 from /dybfs/users/xuhangkun/SimTAO/analysis/calibrate/include/TAORunData.h:44,
                 from /dybfs/users/xuhangkun/SimTAO/analysis/calibrate/src/NonLinearCalibration.cpp:2:
/cvmfs/juno.ihep.ac.cn/centos7_amd64_gcc830/contrib/gcc/8.3.0/include/c++/8.3.0/bits/basic_string.h:6523:9: note:   cannot convert ‘__idx’ (type ‘size_t*’ {aka ‘long unsigned int*’}) to type ‘int*’
         __idx, __base); }
         ^~~~~
/cvmfs/juno.ihep.ac.cn/centos7_amd64_gcc830/contrib/gcc/8.3.0/include/c++/8.3.0/bits/basic_string.h: In function ‘long unsigned int std::__cxx11::stoul(const wstring&, size_t*, int)’:
/cvmfs/juno.ihep.ac.cn/centos7_amd64_gcc830/contrib/gcc/8.3.0/include/c++/8.3.0/bits/basic_string.h:6528:22: error: no matching function for call to ‘__stoa(long unsigned int (*)(const wchar_t*, wchar_t**, int) throw (), const char [6], const wchar_t*, size_t*&, int&)’
         __idx, __base); }
                      ^
In file included from /cvmfs/juno.ihep.ac.cn/centos7_amd64_gcc830/contrib/gcc/8.3.0/include/c++/8.3.0/bits/basic_string.h:6400,
                 from /cvmfs/juno.ihep.ac.cn/centos7_amd64_gcc830/contrib/gcc/8.3.0/include/c++/8.3.0/string:52,
                 from /dybfs/users/xuhangkun/SimTAO/analysis/calibrate/include/RunData.h:43,
                 from /dybfs/users/xuhangkun/SimTAO/analysis/calibrate/include/TAORunData.h:44,
                 from /dybfs/users/xuhangkun/SimTAO/analysis/calibrate/src/NonLinearCalibration.cpp:2:
/cvmfs/juno.ihep.ac.cn/centos7_amd64_gcc830/contrib/gcc/8.3.0/include/c++/8.3.0/ext/string_conversions.h:54:5: note: candidate: ‘template<class _TRet, class _Ret, class _CharT, class ... _Base> _Ret __gnu_cxx::__stoa(_TRet (*)(const _CharT*, _CharT**, _Base ...), const char*, const _CharT*, int*, _Base ...)’
     __stoa(_TRet (*__convf) (const _CharT*, _CharT**, _Base...),
     ^~~~~~
/cvmfs/juno.ihep.ac.cn/centos7_amd64_gcc830/contrib/gcc/8.3.0/include/c++/8.3.0/ext/string_conversions.h:54:5: note:   template argument deduction/substitution failed:
In file included from /cvmfs/juno.ihep.ac.cn/centos7_amd64_gcc830/contrib/gcc/8.3.0/include/c++/8.3.0/string:52,
                 from /dybfs/users/xuhangkun/SimTAO/analysis/calibrate/include/RunData.h:43,
                 from /dybfs/users/xuhangkun/SimTAO/analysis/calibrate/include/TAORunData.h:44,
                 from /dybfs/users/xuhangkun/SimTAO/analysis/calibrate/src/NonLinearCalibration.cpp:2:
/cvmfs/juno.ihep.ac.cn/centos7_amd64_gcc830/contrib/gcc/8.3.0/include/c++/8.3.0/bits/basic_string.h:6528:9: note:   cannot convert ‘__idx’ (type ‘size_t*’ {aka ‘long unsigned int*’}) to type ‘int*’
         __idx, __base); }
         ^~~~~
/cvmfs/juno.ihep.ac.cn/centos7_amd64_gcc830/contrib/gcc/8.3.0/include/c++/8.3.0/bits/basic_string.h: In function ‘long long int std::__cxx11::stoll(const wstring&, size_t*, int)’:
/cvmfs/juno.ihep.ac.cn/centos7_amd64_gcc830/contrib/gcc/8.3.0/include/c++/8.3.0/bits/basic_string.h:6533:22: error: no matching function for call to ‘__stoa(long long int (*)(const wchar_t*, wchar_t**, int) throw (), const char [6], const wchar_t*, size_t*&, int&)’
         __idx, __base); }
                      ^
In file included from /cvmfs/juno.ihep.ac.cn/centos7_amd64_gcc830/contrib/gcc/8.3.0/include/c++/8.3.0/bits/basic_string.h:6400,
                 from /cvmfs/juno.ihep.ac.cn/centos7_amd64_gcc830/contrib/gcc/8.3.0/include/c++/8.3.0/string:52,
                 from /dybfs/users/xuhangkun/SimTAO/analysis/calibrate/include/RunData.h:43,
                 from /dybfs/users/xuhangkun/SimTAO/analysis/calibrate/include/TAORunData.h:44,
                 from /dybfs/users/xuhangkun/SimTAO/analysis/calibrate/src/NonLinearCalibration.cpp:2:
/cvmfs/juno.ihep.ac.cn/centos7_amd64_gcc830/contrib/gcc/8.3.0/include/c++/8.3.0/ext/string_conversions.h:54:5: note: candidate: ‘template<class _TRet, class _Ret, class _CharT, class ... _Base> _Ret __gnu_cxx::__stoa(_TRet (*)(const _CharT*, _CharT**, _Base ...), const char*, const _CharT*, int*, _Base ...)’
     __stoa(_TRet (*__convf) (const _CharT*, _CharT**, _Base...),
     ^~~~~~
/cvmfs/juno.ihep.ac.cn/centos7_amd64_gcc830/contrib/gcc/8.3.0/include/c++/8.3.0/ext/string_conversions.h:54:5: note:   template argument deduction/substitution failed:
In file included from /cvmfs/juno.ihep.ac.cn/centos7_amd64_gcc830/contrib/gcc/8.3.0/include/c++/8.3.0/string:52,
                 from /dybfs/users/xuhangkun/SimTAO/analysis/calibrate/include/RunData.h:43,
                 from /dybfs/users/xuhangkun/SimTAO/analysis/calibrate/include/TAORunData.h:44,
                 from /dybfs/users/xuhangkun/SimTAO/analysis/calibrate/src/NonLinearCalibration.cpp:2:
/cvmfs/juno.ihep.ac.cn/centos7_amd64_gcc830/contrib/gcc/8.3.0/include/c++/8.3.0/bits/basic_string.h:6533:9: note:   cannot convert ‘__idx’ (type ‘size_t*’ {aka ‘long unsigned int*’}) to type ‘int*’
         __idx, __base); }
         ^~~~~
/cvmfs/juno.ihep.ac.cn/centos7_amd64_gcc830/contrib/gcc/8.3.0/include/c++/8.3.0/bits/basic_string.h: In function ‘long long unsigned int std::__cxx11::stoull(const wstring&, size_t*, int)’:
/cvmfs/juno.ihep.ac.cn/centos7_amd64_gcc830/contrib/gcc/8.3.0/include/c++/8.3.0/bits/basic_string.h:6538:22: error: no matching function for call to ‘__stoa(long long unsigned int (*)(const wchar_t*, wchar_t**, int) throw (), const char [7], const wchar_t*, size_t*&, int&)’
         __idx, __base); }
                      ^
In file included from /cvmfs/juno.ihep.ac.cn/centos7_amd64_gcc830/contrib/gcc/8.3.0/include/c++/8.3.0/bits/basic_string.h:6400,
                 from /cvmfs/juno.ihep.ac.cn/centos7_amd64_gcc830/contrib/gcc/8.3.0/include/c++/8.3.0/string:52,
                 from /dybfs/users/xuhangkun/SimTAO/analysis/calibrate/include/RunData.h:43,
                 from /dybfs/users/xuhangkun/SimTAO/analysis/calibrate/include/TAORunData.h:44,
                 from /dybfs/users/xuhangkun/SimTAO/analysis/calibrate/src/NonLinearCalibration.cpp:2:
/cvmfs/juno.ihep.ac.cn/centos7_amd64_gcc830/contrib/gcc/8.3.0/include/c++/8.3.0/ext/string_conversions.h:54:5: note: candidate: ‘template<class _TRet, class _Ret, class _CharT, class ... _Base> _Ret __gnu_cxx::__stoa(_TRet (*)(const _CharT*, _CharT**, _Base ...), const char*, const _CharT*, int*, _Base ...)’
     __stoa(_TRet (*__convf) (const _CharT*, _CharT**, _Base...),
     ^~~~~~
/cvmfs/juno.ihep.ac.cn/centos7_amd64_gcc830/contrib/gcc/8.3.0/include/c++/8.3.0/ext/string_conversions.h:54:5: note:   template argument deduction/substitution failed:
In file included from /cvmfs/juno.ihep.ac.cn/centos7_amd64_gcc830/contrib/gcc/8.3.0/include/c++/8.3.0/string:52,
                 from /dybfs/users/xuhangkun/SimTAO/analysis/calibrate/include/RunData.h:43,
                 from /dybfs/users/xuhangkun/SimTAO/analysis/calibrate/include/TAORunData.h:44,
                 from /dybfs/users/xuhangkun/SimTAO/analysis/calibrate/src/NonLinearCalibration.cpp:2:
/cvmfs/juno.ihep.ac.cn/centos7_amd64_gcc830/contrib/gcc/8.3.0/include/c++/8.3.0/bits/basic_string.h:6538:9: note:   cannot convert ‘__idx’ (type ‘size_t*’ {aka ‘long unsigned int*’}) to type ‘int*’
         __idx, __base); }
         ^~~~~
/cvmfs/juno.ihep.ac.cn/centos7_amd64_gcc830/contrib/gcc/8.3.0/include/c++/8.3.0/bits/basic_string.h: In function ‘float std::__cxx11::stof(const wstring&, size_t*)’:
/cvmfs/juno.ihep.ac.cn/centos7_amd64_gcc830/contrib/gcc/8.3.0/include/c++/8.3.0/bits/basic_string.h:6543:72: error: no matching function for call to ‘__stoa(float (*)(const wchar_t*, wchar_t**) throw (), const char [5], const wchar_t*, size_t*&)’
   { return __gnu_cxx::__stoa(&std::wcstof, "stof", __str.c_str(), __idx); }
                                                                        ^
In file included from /cvmfs/juno.ihep.ac.cn/centos7_amd64_gcc830/contrib/gcc/8.3.0/include/c++/8.3.0/bits/basic_string.h:6400,
                 from /cvmfs/juno.ihep.ac.cn/centos7_amd64_gcc830/contrib/gcc/8.3.0/include/c++/8.3.0/string:52,
                 from /dybfs/users/xuhangkun/SimTAO/analysis/calibrate/include/RunData.h:43,
                 from /dybfs/users/xuhangkun/SimTAO/analysis/calibrate/include/TAORunData.h:44,
                 from /dybfs/users/xuhangkun/SimTAO/analysis/calibrate/src/NonLinearCalibration.cpp:2:
/cvmfs/juno.ihep.ac.cn/centos7_amd64_gcc830/contrib/gcc/8.3.0/include/c++/8.3.0/ext/string_conversions.h:54:5: note: candidate: ‘template<class _TRet, class _Ret, class _CharT, class ... _Base> _Ret __gnu_cxx::__stoa(_TRet (*)(const _CharT*, _CharT**, _Base ...), const char*, const _CharT*, int*, _Base ...)’
     __stoa(_TRet (*__convf) (const _CharT*, _CharT**, _Base...),
     ^~~~~~
/cvmfs/juno.ihep.ac.cn/centos7_amd64_gcc830/contrib/gcc/8.3.0/include/c++/8.3.0/ext/string_conversions.h:54:5: note:   template argument deduction/substitution failed:
In file included from /cvmfs/juno.ihep.ac.cn/centos7_amd64_gcc830/contrib/gcc/8.3.0/include/c++/8.3.0/string:52,
                 from /dybfs/users/xuhangkun/SimTAO/analysis/calibrate/include/RunData.h:43,
                 from /dybfs/users/xuhangkun/SimTAO/analysis/calibrate/include/TAORunData.h:44,
                 from /dybfs/users/xuhangkun/SimTAO/analysis/calibrate/src/NonLinearCalibration.cpp:2:
/cvmfs/juno.ihep.ac.cn/centos7_amd64_gcc830/contrib/gcc/8.3.0/include/c++/8.3.0/bits/basic_string.h:6543:67: note:   cannot convert ‘__idx’ (type ‘size_t*’ {aka ‘long unsigned int*’}) to type ‘int*’
   { return __gnu_cxx::__stoa(&std::wcstof, "stof", __str.c_str(), __idx); }
                                                                   ^~~~~
/cvmfs/juno.ihep.ac.cn/centos7_amd64_gcc830/contrib/gcc/8.3.0/include/c++/8.3.0/bits/basic_string.h: In function ‘double std::__cxx11::stod(const wstring&, size_t*)’:
/cvmfs/juno.ihep.ac.cn/centos7_amd64_gcc830/contrib/gcc/8.3.0/include/c++/8.3.0/bits/basic_string.h:6547:72: error: no matching function for call to ‘__stoa(double (*)(const wchar_t*, wchar_t**) throw (), const char [5], const wchar_t*, size_t*&)’
   { return __gnu_cxx::__stoa(&std::wcstod, "stod", __str.c_str(), __idx); }
                                                                        ^
In file included from /cvmfs/juno.ihep.ac.cn/centos7_amd64_gcc830/contrib/gcc/8.3.0/include/c++/8.3.0/bits/basic_string.h:6400,
                 from /cvmfs/juno.ihep.ac.cn/centos7_amd64_gcc830/contrib/gcc/8.3.0/include/c++/8.3.0/string:52,
                 from /dybfs/users/xuhangkun/SimTAO/analysis/calibrate/include/RunData.h:43,
                 from /dybfs/users/xuhangkun/SimTAO/analysis/calibrate/include/TAORunData.h:44,
                 from /dybfs/users/xuhangkun/SimTAO/analysis/calibrate/src/NonLinearCalibration.cpp:2:
/cvmfs/juno.ihep.ac.cn/centos7_amd64_gcc830/contrib/gcc/8.3.0/include/c++/8.3.0/ext/string_conversions.h:54:5: note: candidate: ‘template<class _TRet, class _Ret, class _CharT, class ... _Base> _Ret __gnu_cxx::__stoa(_TRet (*)(const _CharT*, _CharT**, _Base ...), const char*, const _CharT*, int*, _Base ...)’
     __stoa(_TRet (*__convf) (const _CharT*, _CharT**, _Base...),
     ^~~~~~
/cvmfs/juno.ihep.ac.cn/centos7_amd64_gcc830/contrib/gcc/8.3.0/include/c++/8.3.0/ext/string_conversions.h:54:5: note:   template argument deduction/substitution failed:
In file included from /cvmfs/juno.ihep.ac.cn/centos7_amd64_gcc830/contrib/gcc/8.3.0/include/c++/8.3.0/string:52,
                 from /dybfs/users/xuhangkun/SimTAO/analysis/calibrate/include/RunData.h:43,
                 from /dybfs/users/xuhangkun/SimTAO/analysis/calibrate/include/TAORunData.h:44,
                 from /dybfs/users/xuhangkun/SimTAO/analysis/calibrate/src/NonLinearCalibration.cpp:2:
/cvmfs/juno.ihep.ac.cn/centos7_amd64_gcc830/contrib/gcc/8.3.0/include/c++/8.3.0/bits/basic_string.h:6547:67: note:   cannot convert ‘__idx’ (type ‘size_t*’ {aka ‘long unsigned int*’}) to type ‘int*’
   { return __gnu_cxx::__stoa(&std::wcstod, "stod", __str.c_str(), __idx); }
                                                                   ^~~~~
/cvmfs/juno.ihep.ac.cn/centos7_amd64_gcc830/contrib/gcc/8.3.0/include/c++/8.3.0/bits/basic_string.h: In function ‘long double std::__cxx11::stold(const wstring&, size_t*)’:
/cvmfs/juno.ihep.ac.cn/centos7_amd64_gcc830/contrib/gcc/8.3.0/include/c++/8.3.0/bits/basic_string.h:6551:74: error: no matching function for call to ‘__stoa(long double (*)(const wchar_t*, wchar_t**) throw (), const char [6], const wchar_t*, size_t*&)’
   { return __gnu_cxx::__stoa(&std::wcstold, "stold", __str.c_str(), __idx); }
                                                                          ^
In file included from /cvmfs/juno.ihep.ac.cn/centos7_amd64_gcc830/contrib/gcc/8.3.0/include/c++/8.3.0/bits/basic_string.h:6400,
                 from /cvmfs/juno.ihep.ac.cn/centos7_amd64_gcc830/contrib/gcc/8.3.0/include/c++/8.3.0/string:52,
                 from /dybfs/users/xuhangkun/SimTAO/analysis/calibrate/include/RunData.h:43,
                 from /dybfs/users/xuhangkun/SimTAO/analysis/calibrate/include/TAORunData.h:44,
                 from /dybfs/users/xuhangkun/SimTAO/analysis/calibrate/src/NonLinearCalibration.cpp:2:
/cvmfs/juno.ihep.ac.cn/centos7_amd64_gcc830/contrib/gcc/8.3.0/include/c++/8.3.0/ext/string_conversions.h:54:5: note: candidate: ‘template<class _TRet, class _Ret, class _CharT, class ... _Base> _Ret __gnu_cxx::__stoa(_TRet (*)(const _CharT*, _CharT**, _Base ...), const char*, const _CharT*, int*, _Base ...)’
     __stoa(_TRet (*__convf) (const _CharT*, _CharT**, _Base...),
     ^~~~~~
/cvmfs/juno.ihep.ac.cn/centos7_amd64_gcc830/contrib/gcc/8.3.0/include/c++/8.3.0/ext/string_conversions.h:54:5: note:   template argument deduction/substitution failed:
In file included from /cvmfs/juno.ihep.ac.cn/centos7_amd64_gcc830/contrib/gcc/8.3.0/include/c++/8.3.0/string:52,
                 from /dybfs/users/xuhangkun/SimTAO/analysis/calibrate/include/RunData.h:43,
                 from /dybfs/users/xuhangkun/SimTAO/analysis/calibrate/include/TAORunData.h:44,
                 from /dybfs/users/xuhangkun/SimTAO/analysis/calibrate/src/NonLinearCalibration.cpp:2:
/cvmfs/juno.ihep.ac.cn/centos7_amd64_gcc830/contrib/gcc/8.3.0/include/c++/8.3.0/bits/basic_string.h:6551:69: note:   cannot convert ‘__idx’ (type ‘size_t*’ {aka ‘long unsigned int*’}) to type ‘int*’
   { return __gnu_cxx::__stoa(&std::wcstold, "stold", __str.c_str(), __idx); }
                                                                     ^~~~~
/cvmfs/juno.ihep.ac.cn/centos7_amd64_gcc830/contrib/gcc/8.3.0/include/c++/8.3.0/bits/basic_string.h: In function ‘std::__cxx11::wstring std::__cxx11::to_wstring(int)’:
/cvmfs/juno.ihep.ac.cn/centos7_amd64_gcc830/contrib/gcc/8.3.0/include/c++/8.3.0/bits/basic_string.h:6558:22: error: no matching function for call to ‘__to_xstring<std::__cxx11::wstring>(int (*)(wchar_t*, size_t, const wchar_t*, __va_list_tag*) throw (), long unsigned int, const wchar_t [3], int&)’
          L"%d", __val); }
                      ^
In file included from /cvmfs/juno.ihep.ac.cn/centos7_amd64_gcc830/contrib/gcc/8.3.0/include/c++/8.3.0/bits/basic_string.h:6400,
                 from /cvmfs/juno.ihep.ac.cn/centos7_amd64_gcc830/contrib/gcc/8.3.0/include/c++/8.3.0/string:52,
                 from /dybfs/users/xuhangkun/SimTAO/analysis/calibrate/include/RunData.h:43,
                 from /dybfs/users/xuhangkun/SimTAO/analysis/calibrate/include/TAORunData.h:44,
                 from /dybfs/users/xuhangkun/SimTAO/analysis/calibrate/src/NonLinearCalibration.cpp:2:
/cvmfs/juno.ihep.ac.cn/centos7_amd64_gcc830/contrib/gcc/8.3.0/include/c++/8.3.0/ext/string_conversions.h:99:5: note: candidate: ‘template<class _String, class _CharT> _String __gnu_cxx::__to_xstring(int (*)(_CharT*, int, const _CharT*, __va_list_tag*), int, const _CharT*, ...)’
     __to_xstring(int (*__convf) (_CharT*, std::size_t, const _CharT*,
     ^~~~~~~~~~~~
/cvmfs/juno.ihep.ac.cn/centos7_amd64_gcc830/contrib/gcc/8.3.0/include/c++/8.3.0/ext/string_conversions.h:99:5: note:   template argument deduction/substitution failed:
In file included from /cvmfs/juno.ihep.ac.cn/centos7_amd64_gcc830/contrib/gcc/8.3.0/include/c++/8.3.0/string:52,
                 from /dybfs/users/xuhangkun/SimTAO/analysis/calibrate/include/RunData.h:43,
                 from /dybfs/users/xuhangkun/SimTAO/analysis/calibrate/include/TAORunData.h:44,
                 from /dybfs/users/xuhangkun/SimTAO/analysis/calibrate/src/NonLinearCalibration.cpp:2:
/cvmfs/juno.ihep.ac.cn/centos7_amd64_gcc830/contrib/gcc/8.3.0/include/c++/8.3.0/bits/basic_string.h:6558:22: note:   mismatched types ‘int’ and ‘size_t’ {aka ‘long unsigned int’}
          L"%d", __val); }
                      ^
/cvmfs/juno.ihep.ac.cn/centos7_amd64_gcc830/contrib/gcc/8.3.0/include/c++/8.3.0/bits/basic_string.h: In function ‘std::__cxx11::wstring std::__cxx11::to_wstring(unsigned int)’:
/cvmfs/juno.ihep.ac.cn/centos7_amd64_gcc830/contrib/gcc/8.3.0/include/c++/8.3.0/bits/basic_string.h:6564:22: error: no matching function for call to ‘__to_xstring<std::__cxx11::wstring>(int (*)(wchar_t*, size_t, const wchar_t*, __va_list_tag*) throw (), long unsigned int, const wchar_t [3], unsigned int&)’
          L"%u", __val); }
                      ^
In file included from /cvmfs/juno.ihep.ac.cn/centos7_amd64_gcc830/contrib/gcc/8.3.0/include/c++/8.3.0/bits/basic_string.h:6400,
                 from /cvmfs/juno.ihep.ac.cn/centos7_amd64_gcc830/contrib/gcc/8.3.0/include/c++/8.3.0/string:52,
                 from /dybfs/users/xuhangkun/SimTAO/analysis/calibrate/include/RunData.h:43,
                 from /dybfs/users/xuhangkun/SimTAO/analysis/calibrate/include/TAORunData.h:44,
                 from /dybfs/users/xuhangkun/SimTAO/analysis/calibrate/src/NonLinearCalibration.cpp:2:
/cvmfs/juno.ihep.ac.cn/centos7_amd64_gcc830/contrib/gcc/8.3.0/include/c++/8.3.0/ext/string_conversions.h:99:5: note: candidate: ‘template<class _String, class _CharT> _String __gnu_cxx::__to_xstring(int (*)(_CharT*, int, const _CharT*, __va_list_tag*), int, const _CharT*, ...)’
     __to_xstring(int (*__convf) (_CharT*, std::size_t, const _CharT*,
     ^~~~~~~~~~~~
/cvmfs/juno.ihep.ac.cn/centos7_amd64_gcc830/contrib/gcc/8.3.0/include/c++/8.3.0/ext/string_conversions.h:99:5: note:   template argument deduction/substitution failed:
In file included from /cvmfs/juno.ihep.ac.cn/centos7_amd64_gcc830/contrib/gcc/8.3.0/include/c++/8.3.0/string:52,
                 from /dybfs/users/xuhangkun/SimTAO/analysis/calibrate/include/RunData.h:43,
                 from /dybfs/users/xuhangkun/SimTAO/analysis/calibrate/include/TAORunData.h:44,
                 from /dybfs/users/xuhangkun/SimTAO/analysis/calibrate/src/NonLinearCalibration.cpp:2:
/cvmfs/juno.ihep.ac.cn/centos7_amd64_gcc830/contrib/gcc/8.3.0/include/c++/8.3.0/bits/basic_string.h:6564:22: note:   mismatched types ‘int’ and ‘size_t’ {aka ‘long unsigned int’}
          L"%u", __val); }
                      ^
/cvmfs/juno.ihep.ac.cn/centos7_amd64_gcc830/contrib/gcc/8.3.0/include/c++/8.3.0/bits/basic_string.h: In function ‘std::__cxx11::wstring std::__cxx11::to_wstring(long int)’:
/cvmfs/juno.ihep.ac.cn/centos7_amd64_gcc830/contrib/gcc/8.3.0/include/c++/8.3.0/bits/basic_string.h:6569:23: error: no matching function for call to ‘__to_xstring<std::__cxx11::wstring>(int (*)(wchar_t*, size_t, const wchar_t*, __va_list_tag*) throw (), long unsigned int, const wchar_t [4], long int&)’
          L"%ld", __val); }
                       ^
In file included from /cvmfs/juno.ihep.ac.cn/centos7_amd64_gcc830/contrib/gcc/8.3.0/include/c++/8.3.0/bits/basic_string.h:6400,
                 from /cvmfs/juno.ihep.ac.cn/centos7_amd64_gcc830/contrib/gcc/8.3.0/include/c++/8.3.0/string:52,
                 from /dybfs/users/xuhangkun/SimTAO/analysis/calibrate/include/RunData.h:43,
                 from /dybfs/users/xuhangkun/SimTAO/analysis/calibrate/include/TAORunData.h:44,
                 from /dybfs/users/xuhangkun/SimTAO/analysis/calibrate/src/NonLinearCalibration.cpp:2:
/cvmfs/juno.ihep.ac.cn/centos7_amd64_gcc830/contrib/gcc/8.3.0/include/c++/8.3.0/ext/string_conversions.h:99:5: note: candidate: ‘template<class _String, class _CharT> _String __gnu_cxx::__to_xstring(int (*)(_CharT*, int, const _CharT*, __va_list_tag*), int, const _CharT*, ...)’
     __to_xstring(int (*__convf) (_CharT*, std::size_t, const _CharT*,
     ^~~~~~~~~~~~
/cvmfs/juno.ihep.ac.cn/centos7_amd64_gcc830/contrib/gcc/8.3.0/include/c++/8.3.0/ext/string_conversions.h:99:5: note:   template argument deduction/substitution failed:
In file included from /cvmfs/juno.ihep.ac.cn/centos7_amd64_gcc830/contrib/gcc/8.3.0/include/c++/8.3.0/string:52,
                 from /dybfs/users/xuhangkun/SimTAO/analysis/calibrate/include/RunData.h:43,
                 from /dybfs/users/xuhangkun/SimTAO/analysis/calibrate/include/TAORunData.h:44,
                 from /dybfs/users/xuhangkun/SimTAO/analysis/calibrate/src/NonLinearCalibration.cpp:2:
/cvmfs/juno.ihep.ac.cn/centos7_amd64_gcc830/contrib/gcc/8.3.0/include/c++/8.3.0/bits/basic_string.h:6569:23: note:   mismatched types ‘int’ and ‘size_t’ {aka ‘long unsigned int’}
          L"%ld", __val); }
                       ^
/cvmfs/juno.ihep.ac.cn/centos7_amd64_gcc830/contrib/gcc/8.3.0/include/c++/8.3.0/bits/basic_string.h: In function ‘std::__cxx11::wstring std::__cxx11::to_wstring(long unsigned int)’:
/cvmfs/juno.ihep.ac.cn/centos7_amd64_gcc830/contrib/gcc/8.3.0/include/c++/8.3.0/bits/basic_string.h:6575:23: error: no matching function for call to ‘__to_xstring<std::__cxx11::wstring>(int (*)(wchar_t*, size_t, const wchar_t*, __va_list_tag*) throw (), long unsigned int, const wchar_t [4], long unsigned int&)’
          L"%lu", __val); }
                       ^
In file included from /cvmfs/juno.ihep.ac.cn/centos7_amd64_gcc830/contrib/gcc/8.3.0/include/c++/8.3.0/bits/basic_string.h:6400,
                 from /cvmfs/juno.ihep.ac.cn/centos7_amd64_gcc830/contrib/gcc/8.3.0/include/c++/8.3.0/string:52,
                 from /dybfs/users/xuhangkun/SimTAO/analysis/calibrate/include/RunData.h:43,
                 from /dybfs/users/xuhangkun/SimTAO/analysis/calibrate/include/TAORunData.h:44,
                 from /dybfs/users/xuhangkun/SimTAO/analysis/calibrate/src/NonLinearCalibration.cpp:2:
/cvmfs/juno.ihep.ac.cn/centos7_amd64_gcc830/contrib/gcc/8.3.0/include/c++/8.3.0/ext/string_conversions.h:99:5: note: candidate: ‘template<class _String, class _CharT> _String __gnu_cxx::__to_xstring(int (*)(_CharT*, int, const _CharT*, __va_list_tag*), int, const _CharT*, ...)’
     __to_xstring(int (*__convf) (_CharT*, std::size_t, const _CharT*,
     ^~~~~~~~~~~~
/cvmfs/juno.ihep.ac.cn/centos7_amd64_gcc830/contrib/gcc/8.3.0/include/c++/8.3.0/ext/string_conversions.h:99:5: note:   template argument deduction/substitution failed:
In file included from /cvmfs/juno.ihep.ac.cn/centos7_amd64_gcc830/contrib/gcc/8.3.0/include/c++/8.3.0/string:52,
                 from /dybfs/users/xuhangkun/SimTAO/analysis/calibrate/include/RunData.h:43,
                 from /dybfs/users/xuhangkun/SimTAO/analysis/calibrate/include/TAORunData.h:44,
                 from /dybfs/users/xuhangkun/SimTAO/analysis/calibrate/src/NonLinearCalibration.cpp:2:
/cvmfs/juno.ihep.ac.cn/centos7_amd64_gcc830/contrib/gcc/8.3.0/include/c++/8.3.0/bits/basic_string.h:6575:23: note:   mismatched types ‘int’ and ‘size_t’ {aka ‘long unsigned int’}
          L"%lu", __val); }
                       ^
/cvmfs/juno.ihep.ac.cn/centos7_amd64_gcc830/contrib/gcc/8.3.0/include/c++/8.3.0/bits/basic_string.h: In function ‘std::__cxx11::wstring std::__cxx11::to_wstring(long long int)’:
/cvmfs/juno.ihep.ac.cn/centos7_amd64_gcc830/contrib/gcc/8.3.0/include/c++/8.3.0/bits/basic_string.h:6581:24: error: no matching function for call to ‘__to_xstring<std::__cxx11::wstring>(int (*)(wchar_t*, size_t, const wchar_t*, __va_list_tag*) throw (), long unsigned int, const wchar_t [5], long long int&)’
          L"%lld", __val); }
                        ^
In file included from /cvmfs/juno.ihep.ac.cn/centos7_amd64_gcc830/contrib/gcc/8.3.0/include/c++/8.3.0/bits/basic_string.h:6400,
                 from /cvmfs/juno.ihep.ac.cn/centos7_amd64_gcc830/contrib/gcc/8.3.0/include/c++/8.3.0/string:52,
                 from /dybfs/users/xuhangkun/SimTAO/analysis/calibrate/include/RunData.h:43,
                 from /dybfs/users/xuhangkun/SimTAO/analysis/calibrate/include/TAORunData.h:44,
                 from /dybfs/users/xuhangkun/SimTAO/analysis/calibrate/src/NonLinearCalibration.cpp:2:
/cvmfs/juno.ihep.ac.cn/centos7_amd64_gcc830/contrib/gcc/8.3.0/include/c++/8.3.0/ext/string_conversions.h:99:5: note: candidate: ‘template<class _String, class _CharT> _String __gnu_cxx::__to_xstring(int (*)(_CharT*, int, const _CharT*, __va_list_tag*), int, const _CharT*, ...)’
     __to_xstring(int (*__convf) (_CharT*, std::size_t, const _CharT*,
     ^~~~~~~~~~~~
/cvmfs/juno.ihep.ac.cn/centos7_amd64_gcc830/contrib/gcc/8.3.0/include/c++/8.3.0/ext/string_conversions.h:99:5: note:   template argument deduction/substitution failed:
In file included from /cvmfs/juno.ihep.ac.cn/centos7_amd64_gcc830/contrib/gcc/8.3.0/include/c++/8.3.0/string:52,
                 from /dybfs/users/xuhangkun/SimTAO/analysis/calibrate/include/RunData.h:43,
                 from /dybfs/users/xuhangkun/SimTAO/analysis/calibrate/include/TAORunData.h:44,
                 from /dybfs/users/xuhangkun/SimTAO/analysis/calibrate/src/NonLinearCalibration.cpp:2:
/cvmfs/juno.ihep.ac.cn/centos7_amd64_gcc830/contrib/gcc/8.3.0/include/c++/8.3.0/bits/basic_string.h:6581:24: note:   mismatched types ‘int’ and ‘size_t’ {aka ‘long unsigned int’}
          L"%lld", __val); }
                        ^
/cvmfs/juno.ihep.ac.cn/centos7_amd64_gcc830/contrib/gcc/8.3.0/include/c++/8.3.0/bits/basic_string.h: In function ‘std::__cxx11::wstring std::__cxx11::to_wstring(long long unsigned int)’:
/cvmfs/juno.ihep.ac.cn/centos7_amd64_gcc830/contrib/gcc/8.3.0/include/c++/8.3.0/bits/basic_string.h:6587:24: error: no matching function for call to ‘__to_xstring<std::__cxx11::wstring>(int (*)(wchar_t*, size_t, const wchar_t*, __va_list_tag*) throw (), long unsigned int, const wchar_t [5], long long unsigned int&)’
          L"%llu", __val); }
                        ^
In file included from /cvmfs/juno.ihep.ac.cn/centos7_amd64_gcc830/contrib/gcc/8.3.0/include/c++/8.3.0/bits/basic_string.h:6400,
                 from /cvmfs/juno.ihep.ac.cn/centos7_amd64_gcc830/contrib/gcc/8.3.0/include/c++/8.3.0/string:52,
                 from /dybfs/users/xuhangkun/SimTAO/analysis/calibrate/include/RunData.h:43,
                 from /dybfs/users/xuhangkun/SimTAO/analysis/calibrate/include/TAORunData.h:44,
                 from /dybfs/users/xuhangkun/SimTAO/analysis/calibrate/src/NonLinearCalibration.cpp:2:
/cvmfs/juno.ihep.ac.cn/centos7_amd64_gcc830/contrib/gcc/8.3.0/include/c++/8.3.0/ext/string_conversions.h:99:5: note: candidate: ‘template<class _String, class _CharT> _String __gnu_cxx::__to_xstring(int (*)(_CharT*, int, const _CharT*, __va_list_tag*), int, const _CharT*, ...)’
     __to_xstring(int (*__convf) (_CharT*, std::size_t, const _CharT*,
     ^~~~~~~~~~~~
/cvmfs/juno.ihep.ac.cn/centos7_amd64_gcc830/contrib/gcc/8.3.0/include/c++/8.3.0/ext/string_conversions.h:99:5: note:   template argument deduction/substitution failed:
In file included from /cvmfs/juno.ihep.ac.cn/centos7_amd64_gcc830/contrib/gcc/8.3.0/include/c++/8.3.0/string:52,
                 from /dybfs/users/xuhangkun/SimTAO/analysis/calibrate/include/RunData.h:43,
                 from /dybfs/users/xuhangkun/SimTAO/analysis/calibrate/include/TAORunData.h:44,
                 from /dybfs/users/xuhangkun/SimTAO/analysis/calibrate/src/NonLinearCalibration.cpp:2:
/cvmfs/juno.ihep.ac.cn/centos7_amd64_gcc830/contrib/gcc/8.3.0/include/c++/8.3.0/bits/basic_string.h:6587:24: note:   mismatched types ‘int’ and ‘size_t’ {aka ‘long unsigned int’}
          L"%llu", __val); }
                        ^
/cvmfs/juno.ihep.ac.cn/centos7_amd64_gcc830/contrib/gcc/8.3.0/include/c++/8.3.0/bits/basic_string.h: In function ‘std::__cxx11::wstring std::__cxx11::to_wstring(float)’:
/cvmfs/juno.ihep.ac.cn/centos7_amd64_gcc830/contrib/gcc/8.3.0/include/c++/8.3.0/bits/basic_string.h:6595:22: error: no matching function for call to ‘__to_xstring<std::__cxx11::wstring>(int (*)(wchar_t*, size_t, const wchar_t*, __va_list_tag*) throw (), const int&, const wchar_t [3], float&)’
          L"%f", __val);
                      ^
In file included from /cvmfs/juno.ihep.ac.cn/centos7_amd64_gcc830/contrib/gcc/8.3.0/include/c++/8.3.0/bits/basic_string.h:6400,
                 from /cvmfs/juno.ihep.ac.cn/centos7_amd64_gcc830/contrib/gcc/8.3.0/include/c++/8.3.0/string:52,
                 from /dybfs/users/xuhangkun/SimTAO/analysis/calibrate/include/RunData.h:43,
                 from /dybfs/users/xuhangkun/SimTAO/analysis/calibrate/include/TAORunData.h:44,
                 from /dybfs/users/xuhangkun/SimTAO/analysis/calibrate/src/NonLinearCalibration.cpp:2:
/cvmfs/juno.ihep.ac.cn/centos7_amd64_gcc830/contrib/gcc/8.3.0/include/c++/8.3.0/ext/string_conversions.h:99:5: note: candidate: ‘template<class _String, class _CharT> _String __gnu_cxx::__to_xstring(int (*)(_CharT*, int, const _CharT*, __va_list_tag*), int, const _CharT*, ...)’
     __to_xstring(int (*__convf) (_CharT*, std::size_t, const _CharT*,
     ^~~~~~~~~~~~
/cvmfs/juno.ihep.ac.cn/centos7_amd64_gcc830/contrib/gcc/8.3.0/include/c++/8.3.0/ext/string_conversions.h:99:5: note:   template argument deduction/substitution failed:
In file included from /cvmfs/juno.ihep.ac.cn/centos7_amd64_gcc830/contrib/gcc/8.3.0/include/c++/8.3.0/string:52,
                 from /dybfs/users/xuhangkun/SimTAO/analysis/calibrate/include/RunData.h:43,
                 from /dybfs/users/xuhangkun/SimTAO/analysis/calibrate/include/TAORunData.h:44,
                 from /dybfs/users/xuhangkun/SimTAO/analysis/calibrate/src/NonLinearCalibration.cpp:2:
/cvmfs/juno.ihep.ac.cn/centos7_amd64_gcc830/contrib/gcc/8.3.0/include/c++/8.3.0/bits/basic_string.h:6595:22: note:   mismatched types ‘int’ and ‘size_t’ {aka ‘long unsigned int’}
          L"%f", __val);
                      ^
/cvmfs/juno.ihep.ac.cn/centos7_amd64_gcc830/contrib/gcc/8.3.0/include/c++/8.3.0/bits/basic_string.h: In function ‘std::__cxx11::wstring std::__cxx11::to_wstring(double)’:
/cvmfs/juno.ihep.ac.cn/centos7_amd64_gcc830/contrib/gcc/8.3.0/include/c++/8.3.0/bits/basic_string.h:6604:22: error: no matching function for call to ‘__to_xstring<std::__cxx11::wstring>(int (*)(wchar_t*, size_t, const wchar_t*, __va_list_tag*) throw (), const int&, const wchar_t [3], double&)’
          L"%f", __val);
                      ^
In file included from /cvmfs/juno.ihep.ac.cn/centos7_amd64_gcc830/contrib/gcc/8.3.0/include/c++/8.3.0/bits/basic_string.h:6400,
                 from /cvmfs/juno.ihep.ac.cn/centos7_amd64_gcc830/contrib/gcc/8.3.0/include/c++/8.3.0/string:52,
                 from /dybfs/users/xuhangkun/SimTAO/analysis/calibrate/include/RunData.h:43,
                 from /dybfs/users/xuhangkun/SimTAO/analysis/calibrate/include/TAORunData.h:44,
                 from /dybfs/users/xuhangkun/SimTAO/analysis/calibrate/src/NonLinearCalibration.cpp:2:
/cvmfs/juno.ihep.ac.cn/centos7_amd64_gcc830/contrib/gcc/8.3.0/include/c++/8.3.0/ext/string_conversions.h:99:5: note: candidate: ‘template<class _String, class _CharT> _String __gnu_cxx::__to_xstring(int (*)(_CharT*, int, const _CharT*, __va_list_tag*), int, const _CharT*, ...)’
     __to_xstring(int (*__convf) (_CharT*, std::size_t, const _CharT*,
     ^~~~~~~~~~~~
/cvmfs/juno.ihep.ac.cn/centos7_amd64_gcc830/contrib/gcc/8.3.0/include/c++/8.3.0/ext/string_conversions.h:99:5: note:   template argument deduction/substitution failed:
In file included from /cvmfs/juno.ihep.ac.cn/centos7_amd64_gcc830/contrib/gcc/8.3.0/include/c++/8.3.0/string:52,
                 from /dybfs/users/xuhangkun/SimTAO/analysis/calibrate/include/RunData.h:43,
                 from /dybfs/users/xuhangkun/SimTAO/analysis/calibrate/include/TAORunData.h:44,
                 from /dybfs/users/xuhangkun/SimTAO/analysis/calibrate/src/NonLinearCalibration.cpp:2:
/cvmfs/juno.ihep.ac.cn/centos7_amd64_gcc830/contrib/gcc/8.3.0/include/c++/8.3.0/bits/basic_string.h:6604:22: note:   mismatched types ‘int’ and ‘size_t’ {aka ‘long unsigned int’}
          L"%f", __val);
                      ^
/cvmfs/juno.ihep.ac.cn/centos7_amd64_gcc830/contrib/gcc/8.3.0/include/c++/8.3.0/bits/basic_string.h: In function ‘std::__cxx11::wstring std::__cxx11::to_wstring(long double)’:
/cvmfs/juno.ihep.ac.cn/centos7_amd64_gcc830/contrib/gcc/8.3.0/include/c++/8.3.0/bits/basic_string.h:6613:23: error: no matching function for call to ‘__to_xstring<std::__cxx11::wstring>(int (*)(wchar_t*, size_t, const wchar_t*, __va_list_tag*) throw (), const int&, const wchar_t [4], long double&)’
          L"%Lf", __val);
                       ^
In file included from /cvmfs/juno.ihep.ac.cn/centos7_amd64_gcc830/contrib/gcc/8.3.0/include/c++/8.3.0/bits/basic_string.h:6400,
                 from /cvmfs/juno.ihep.ac.cn/centos7_amd64_gcc830/contrib/gcc/8.3.0/include/c++/8.3.0/string:52,
                 from /dybfs/users/xuhangkun/SimTAO/analysis/calibrate/include/RunData.h:43,
                 from /dybfs/users/xuhangkun/SimTAO/analysis/calibrate/include/TAORunData.h:44,
                 from /dybfs/users/xuhangkun/SimTAO/analysis/calibrate/src/NonLinearCalibration.cpp:2:
/cvmfs/juno.ihep.ac.cn/centos7_amd64_gcc830/contrib/gcc/8.3.0/include/c++/8.3.0/ext/string_conversions.h:99:5: note: candidate: ‘template<class _String, class _CharT> _String __gnu_cxx::__to_xstring(int (*)(_CharT*, int, const _CharT*, __va_list_tag*), int, const _CharT*, ...)’
     __to_xstring(int (*__convf) (_CharT*, std::size_t, const _CharT*,
     ^~~~~~~~~~~~
/cvmfs/juno.ihep.ac.cn/centos7_amd64_gcc830/contrib/gcc/8.3.0/include/c++/8.3.0/ext/string_conversions.h:99:5: note:   template argument deduction/substitution failed:
In file included from /cvmfs/juno.ihep.ac.cn/centos7_amd64_gcc830/contrib/gcc/8.3.0/include/c++/8.3.0/string:52,
                 from /dybfs/users/xuhangkun/SimTAO/analysis/calibrate/include/RunData.h:43,
                 from /dybfs/users/xuhangkun/SimTAO/analysis/calibrate/include/TAORunData.h:44,
                 from /dybfs/users/xuhangkun/SimTAO/analysis/calibrate/src/NonLinearCalibration.cpp:2:
/cvmfs/juno.ihep.ac.cn/centos7_amd64_gcc830/contrib/gcc/8.3.0/include/c++/8.3.0/bits/basic_string.h:6613:23: note:   mismatched types ‘int’ and ‘size_t’ {aka ‘long unsigned int’}
          L"%Lf", __val);
                       ^
In file included from /cvmfs/juno.ihep.ac.cn/centos7_amd64_gcc830/contrib/gcc/8.3.0/include/c++/8.3.0/string:52,
                 from /dybfs/users/xuhangkun/SimTAO/analysis/calibrate/include/RunData.h:43,
                 from /dybfs/users/xuhangkun/SimTAO/analysis/calibrate/include/TAORunData.h:44,
                 from /dybfs/users/xuhangkun/SimTAO/analysis/calibrate/src/NonLinearCalibration.cpp:2:
/cvmfs/juno.ihep.ac.cn/centos7_amd64_gcc830/contrib/gcc/8.3.0/include/c++/8.3.0/bits/basic_string.h: In member function ‘size_t std::hash<std::__cxx11::basic_string<char> >::operator()(const string&) const’:
/cvmfs/juno.ihep.ac.cn/centos7_amd64_gcc830/contrib/gcc/8.3.0/include/c++/8.3.0/bits/basic_string.h:6642:54: error: ‘const string’ {aka ‘const class std::__cxx11::basic_string<char>’} has no member named ‘length’
       { return std::_Hash_impl::hash(__s.data(), __s.length()); }
                                                      ^~~~~~
/cvmfs/juno.ihep.ac.cn/centos7_amd64_gcc830/contrib/gcc/8.3.0/include/c++/8.3.0/bits/basic_string.h: In member function ‘size_t std::hash<std::__cxx11::basic_string<wchar_t> >::operator()(const wstring&) const’:
/cvmfs/juno.ihep.ac.cn/centos7_amd64_gcc830/contrib/gcc/8.3.0/include/c++/8.3.0/bits/basic_string.h:6658:42: error: ‘const wstring’ {aka ‘const class std::__cxx11::basic_string<wchar_t>’} has no member named ‘length’
                                      __s.length() * sizeof(wchar_t)); }
                                          ^~~~~~
In file included from /cvmfs/juno.ihep.ac.cn/centos7_amd64_gcc830/contrib/gcc/8.3.0/include/c++/8.3.0/bits/basic_string.h:40,
                 from /cvmfs/juno.ihep.ac.cn/centos7_amd64_gcc830/contrib/gcc/8.3.0/include/c++/8.3.0/string:52,
                 from /dybfs/users/xuhangkun/SimTAO/analysis/calibrate/include/RunData.h:43,
                 from /dybfs/users/xuhangkun/SimTAO/analysis/calibrate/include/TAORunData.h:44,
                 from /dybfs/users/xuhangkun/SimTAO/analysis/calibrate/src/NonLinearCalibration.cpp:2:
/cvmfs/juno.ihep.ac.cn/centos7_amd64_gcc830/contrib/gcc/8.3.0/include/c++/8.3.0/ext/alloc_traits.h: In instantiation of ‘struct __gnu_cxx::__alloc_traits<std::allocator<char16_t>, char16_t>’:
/cvmfs/juno.ihep.ac.cn/centos7_amd64_gcc830/contrib/gcc/8.3.0/include/c++/8.3.0/bits/basic_string.h:80:24:   required from ‘class std::__cxx11::basic_string<char16_t>’
/cvmfs/juno.ihep.ac.cn/centos7_amd64_gcc830/contrib/gcc/8.3.0/include/c++/8.3.0/bits/basic_string.h:6675:41:   required from here
/cvmfs/juno.ihep.ac.cn/centos7_amd64_gcc830/contrib/gcc/8.3.0/include/c++/8.3.0/ext/alloc_traits.h:61:53: error: no type named ‘size_type’ in ‘struct std::allocator_traits<std::allocator<char16_t> >’
     typedef typename _Base_type::size_type          size_type;
                                                     ^~~~~~~~~
/cvmfs/juno.ihep.ac.cn/centos7_amd64_gcc830/contrib/gcc/8.3.0/include/c++/8.3.0/ext/alloc_traits.h:62:53: error: no type named ‘difference_type’ in ‘struct std::allocator_traits<std::allocator<char16_t> >’
     typedef typename _Base_type::difference_type    difference_type;
                                                     ^~~~~~~~~~~~~~~
/cvmfs/juno.ihep.ac.cn/centos7_amd64_gcc830/contrib/gcc/8.3.0/include/c++/8.3.0/ext/alloc_traits.h:70:23: error: no members matching ‘__gnu_cxx::__alloc_traits<std::allocator<char16_t>, char16_t>::_Base_type {aka std::allocator_traits<std::allocator<char16_t> >}::max_size’ in ‘__gnu_cxx::__alloc_traits<std::allocator<char16_t>, char16_t>::_Base_type’ {aka ‘struct std::allocator_traits<std::allocator<char16_t> >’}
     using _Base_type::max_size;
                       ^~~~~~~~
In file included from /cvmfs/juno.ihep.ac.cn/centos7_amd64_gcc830/contrib/gcc/8.3.0/include/c++/8.3.0/string:52,
                 from /dybfs/users/xuhangkun/SimTAO/analysis/calibrate/include/RunData.h:43,
                 from /dybfs/users/xuhangkun/SimTAO/analysis/calibrate/include/TAORunData.h:44,
                 from /dybfs/users/xuhangkun/SimTAO/analysis/calibrate/src/NonLinearCalibration.cpp:2:
/cvmfs/juno.ihep.ac.cn/centos7_amd64_gcc830/contrib/gcc/8.3.0/include/c++/8.3.0/bits/basic_string.h: In member function ‘size_t std::hash<std::__cxx11::basic_string<char16_t> >::operator()(const u16string&) const’:
/cvmfs/juno.ihep.ac.cn/centos7_amd64_gcc830/contrib/gcc/8.3.0/include/c++/8.3.0/bits/basic_string.h:6676:42: error: ‘const u16string’ {aka ‘const class std::__cxx11::basic_string<char16_t>’} has no member named ‘length’
                                      __s.length() * sizeof(char16_t)); }
                                          ^~~~~~
In file included from /cvmfs/juno.ihep.ac.cn/centos7_amd64_gcc830/contrib/gcc/8.3.0/include/c++/8.3.0/bits/basic_string.h:40,
                 from /cvmfs/juno.ihep.ac.cn/centos7_amd64_gcc830/contrib/gcc/8.3.0/include/c++/8.3.0/string:52,
                 from /dybfs/users/xuhangkun/SimTAO/analysis/calibrate/include/RunData.h:43,
                 from /dybfs/users/xuhangkun/SimTAO/analysis/calibrate/include/TAORunData.h:44,
                 from /dybfs/users/xuhangkun/SimTAO/analysis/calibrate/src/NonLinearCalibration.cpp:2:
/cvmfs/juno.ihep.ac.cn/centos7_amd64_gcc830/contrib/gcc/8.3.0/include/c++/8.3.0/ext/alloc_traits.h: In instantiation of ‘struct __gnu_cxx::__alloc_traits<std::allocator<char32_t>, char32_t>’:
/cvmfs/juno.ihep.ac.cn/centos7_amd64_gcc830/contrib/gcc/8.3.0/include/c++/8.3.0/bits/basic_string.h:80:24:   required from ‘class std::__cxx11::basic_string<char32_t>’
/cvmfs/juno.ihep.ac.cn/centos7_amd64_gcc830/contrib/gcc/8.3.0/include/c++/8.3.0/bits/basic_string.h:6690:41:   required from here
/cvmfs/juno.ihep.ac.cn/centos7_amd64_gcc830/contrib/gcc/8.3.0/include/c++/8.3.0/ext/alloc_traits.h:61:53: error: no type named ‘size_type’ in ‘struct std::allocator_traits<std::allocator<char32_t> >’
     typedef typename _Base_type::size_type          size_type;
                                                     ^~~~~~~~~
/cvmfs/juno.ihep.ac.cn/centos7_amd64_gcc830/contrib/gcc/8.3.0/include/c++/8.3.0/ext/alloc_traits.h:62:53: error: no type named ‘difference_type’ in ‘struct std::allocator_traits<std::allocator<char32_t> >’
     typedef typename _Base_type::difference_type    difference_type;
                                                     ^~~~~~~~~~~~~~~
/cvmfs/juno.ihep.ac.cn/centos7_amd64_gcc830/contrib/gcc/8.3.0/include/c++/8.3.0/ext/alloc_traits.h:70:23: error: no members matching ‘__gnu_cxx::__alloc_traits<std::allocator<char32_t>, char32_t>::_Base_type {aka std::allocator_traits<std::allocator<char32_t> >}::max_size’ in ‘__gnu_cxx::__alloc_traits<std::allocator<char32_t>, char32_t>::_Base_type’ {aka ‘struct std::allocator_traits<std::allocator<char32_t> >’}
     using _Base_type::max_size;
                       ^~~~~~~~
In file included from /cvmfs/juno.ihep.ac.cn/centos7_amd64_gcc830/contrib/gcc/8.3.0/include/c++/8.3.0/string:52,
                 from /dybfs/users/xuhangkun/SimTAO/analysis/calibrate/include/RunData.h:43,
                 from /dybfs/users/xuhangkun/SimTAO/analysis/calibrate/include/TAORunData.h:44,
                 from /dybfs/users/xuhangkun/SimTAO/analysis/calibrate/src/NonLinearCalibration.cpp:2:
/cvmfs/juno.ihep.ac.cn/centos7_amd64_gcc830/contrib/gcc/8.3.0/include/c++/8.3.0/bits/basic_string.h: In member function ‘size_t std::hash<std::__cxx11::basic_string<char32_t> >::operator()(const u32string&) const’:
/cvmfs/juno.ihep.ac.cn/centos7_amd64_gcc830/contrib/gcc/8.3.0/include/c++/8.3.0/bits/basic_string.h:6691:42: error: ‘const u32string’ {aka ‘const class std::__cxx11::basic_string<char32_t>’} has no member named ‘length’
                                      __s.length() * sizeof(char32_t)); }
                                          ^~~~~~
In file included from /cvmfs/juno.ihep.ac.cn/centos7_amd64_gcc830/contrib/gcc/8.3.0/include/c++/8.3.0/string:53,
                 from /dybfs/users/xuhangkun/SimTAO/analysis/calibrate/include/RunData.h:43,
                 from /dybfs/users/xuhangkun/SimTAO/analysis/calibrate/include/TAORunData.h:44,
                 from /dybfs/users/xuhangkun/SimTAO/analysis/calibrate/src/NonLinearCalibration.cpp:2:
/cvmfs/juno.ihep.ac.cn/centos7_amd64_gcc830/contrib/gcc/8.3.0/include/c++/8.3.0/bits/basic_string.tcc: In function ‘std::basic_istream<_CharT, _Traits>& std::operator>>(std::basic_istream<_CharT, _Traits>&, std::__cxx11::basic_string<_CharT, _Traits, _Alloc>&)’:
/cvmfs/juno.ihep.ac.cn/centos7_amd64_gcc830/contrib/gcc/8.3.0/include/c++/8.3.0/bits/basic_string.tcc:1487:14: error: ‘streamsize’ does not name a type; did you mean ‘streambuf’?
        const streamsize __w = __in.width();
              ^~~~~~~~~~
              streambuf
/cvmfs/juno.ihep.ac.cn/centos7_amd64_gcc830/contrib/gcc/8.3.0/include/c++/8.3.0/bits/basic_string.tcc:1488:32: error: ‘__w’ was not declared in this scope
        const __size_type __n = __w > 0 ? static_cast<__size_type>(__w)
                                ^~~
/cvmfs/juno.ihep.ac.cn/centos7_amd64_gcc830/contrib/gcc/8.3.0/include/c++/8.3.0/bits/basic_string.tcc:1488:32: note: suggested alternative: ‘__n’
        const __size_type __n = __w > 0 ? static_cast<__size_type>(__w)
                                ^~~
                                __n
In file included from /cvmfs/juno.ihep.ac.cn/centos7_amd64_gcc830/contrib/gcc/8.3.0/include/c++/8.3.0/vector:65,
                 from /cvmfs/juno.ihep.ac.cn/centos7_amd64_gcc830/Pre-Release/J20v1r0-Pre2/ExternalLibs/ROOT/6.20.02/include/TGenericClassInfo.h:15,
                 from /cvmfs/juno.ihep.ac.cn/centos7_amd64_gcc830/Pre-Release/J20v1r0-Pre2/ExternalLibs/ROOT/6.20.02/include/Rtypes.h:193,
                 from /cvmfs/juno.ihep.ac.cn/centos7_amd64_gcc830/Pre-Release/J20v1r0-Pre2/ExternalLibs/ROOT/6.20.02/include/Compression.h:15,
                 from /cvmfs/juno.ihep.ac.cn/centos7_amd64_gcc830/Pre-Release/J20v1r0-Pre2/ExternalLibs/ROOT/6.20.02/include/TFile.h:26,
                 from /dybfs/users/xuhangkun/SimTAO/analysis/calibrate/include/RunData.h:44,
                 from /dybfs/users/xuhangkun/SimTAO/analysis/calibrate/include/TAORunData.h:44,
                 from /dybfs/users/xuhangkun/SimTAO/analysis/calibrate/src/NonLinearCalibration.cpp:2:
/cvmfs/juno.ihep.ac.cn/centos7_amd64_gcc830/contrib/gcc/8.3.0/include/c++/8.3.0/bits/stl_bvector.h: At global scope:
/cvmfs/juno.ihep.ac.cn/centos7_amd64_gcc830/contrib/gcc/8.3.0/include/c++/8.3.0/bits/stl_bvector.h:139:63: error: template argument 3 is invalid
   : public std::iterator<std::random_access_iterator_tag, bool>
                                                               ^
/cvmfs/juno.ihep.ac.cn/centos7_amd64_gcc830/contrib/gcc/8.3.0/include/c++/8.3.0/bits/stl_bvector.h: In member function ‘void std::_Bit_iterator_base::_M_incr(ptrdiff_t)’:
/cvmfs/juno.ihep.ac.cn/centos7_amd64_gcc830/contrib/gcc/8.3.0/include/c++/8.3.0/bits/stl_bvector.h:170:7: error: ‘difference_type’ was not declared in this scope
       difference_type __n = __i + _M_offset;
       ^~~~~~~~~~~~~~~
/cvmfs/juno.ihep.ac.cn/centos7_amd64_gcc830/contrib/gcc/8.3.0/include/c++/8.3.0/bits/stl_bvector.h:170:7: note: suggested alternative: ‘reference_wrapper’
       difference_type __n = __i + _M_offset;
       ^~~~~~~~~~~~~~~
       reference_wrapper
/cvmfs/juno.ihep.ac.cn/centos7_amd64_gcc830/contrib/gcc/8.3.0/include/c++/8.3.0/bits/stl_bvector.h:171:15: error: ‘__n’ was not declared in this scope
       _M_p += __n / int(_S_word_bit);
               ^~~
/cvmfs/juno.ihep.ac.cn/centos7_amd64_gcc830/contrib/gcc/8.3.0/include/c++/8.3.0/bits/stl_bvector.h:171:15: note: suggested alternative: ‘__i’
       _M_p += __n / int(_S_word_bit);
               ^~~
               __i
/cvmfs/juno.ihep.ac.cn/centos7_amd64_gcc830/contrib/gcc/8.3.0/include/c++/8.3.0/bits/stl_bvector.h: At global scope:
/cvmfs/juno.ihep.ac.cn/centos7_amd64_gcc830/contrib/gcc/8.3.0/include/c++/8.3.0/bits/stl_bvector.h:266:16: error: declaration of ‘operator+=’ as non-function
     operator+=(difference_type __i)
                ^~~~~~~~~~~~~~~
/cvmfs/juno.ihep.ac.cn/centos7_amd64_gcc830/contrib/gcc/8.3.0/include/c++/8.3.0/bits/stl_bvector.h:266:13: error: expected ‘;’ at end of member declaration
     operator+=(difference_type __i)
             ^~
               ;
/cvmfs/juno.ihep.ac.cn/centos7_amd64_gcc830/contrib/gcc/8.3.0/include/c++/8.3.0/bits/stl_bvector.h:266:31: error: expected ‘)’ before ‘__i’
     operator+=(difference_type __i)
               ~               ^~~~
                               )
/cvmfs/juno.ihep.ac.cn/centos7_amd64_gcc830/contrib/gcc/8.3.0/include/c++/8.3.0/bits/stl_bvector.h:273:16: error: declaration of ‘operator-=’ as non-function
     operator-=(difference_type __i)
                ^~~~~~~~~~~~~~~
/cvmfs/juno.ihep.ac.cn/centos7_amd64_gcc830/contrib/gcc/8.3.0/include/c++/8.3.0/bits/stl_bvector.h:273:13: error: expected ‘;’ at end of member declaration
     operator-=(difference_type __i)
             ^~
               ;
/cvmfs/juno.ihep.ac.cn/centos7_amd64_gcc830/contrib/gcc/8.3.0/include/c++/8.3.0/bits/stl_bvector.h:273:31: error: expected ‘)’ before ‘__i’
     operator-=(difference_type __i)
               ~               ^~~~
                               )
/cvmfs/juno.ihep.ac.cn/centos7_amd64_gcc830/contrib/gcc/8.3.0/include/c++/8.3.0/bits/stl_bvector.h:280:15: error: ‘difference_type’ has not been declared
     operator+(difference_type __i) const
               ^~~~~~~~~~~~~~~
/cvmfs/juno.ihep.ac.cn/centos7_amd64_gcc830/contrib/gcc/8.3.0/include/c++/8.3.0/bits/stl_bvector.h:287:15: error: ‘difference_type’ has not been declared
     operator-(difference_type __i) const
               ^~~~~~~~~~~~~~~
/cvmfs/juno.ihep.ac.cn/centos7_amd64_gcc830/contrib/gcc/8.3.0/include/c++/8.3.0/bits/stl_bvector.h:294:16: error: ‘difference_type’ has not been declared
     operator[](difference_type __i) const
                ^~~~~~~~~~~~~~~
/cvmfs/juno.ihep.ac.cn/centos7_amd64_gcc830/contrib/gcc/8.3.0/include/c++/8.3.0/bits/stl_bvector.h: In member function ‘std::_Bit_iterator::iterator std::_Bit_iterator::operator+(int) const’:
/cvmfs/juno.ihep.ac.cn/centos7_amd64_gcc830/contrib/gcc/8.3.0/include/c++/8.3.0/bits/stl_bvector.h:283:20: error: no match for ‘operator+=’ (operand types are ‘std::_Bit_iterator::iterator’ {aka ‘std::_Bit_iterator’} and ‘int’)
       return __tmp += __i;
              ~~~~~~^~~~~~
/cvmfs/juno.ihep.ac.cn/centos7_amd64_gcc830/contrib/gcc/8.3.0/include/c++/8.3.0/bits/stl_bvector.h: In member function ‘std::_Bit_iterator::iterator std::_Bit_iterator::operator-(int) const’:
/cvmfs/juno.ihep.ac.cn/centos7_amd64_gcc830/contrib/gcc/8.3.0/include/c++/8.3.0/bits/stl_bvector.h:290:20: error: no match for ‘operator-=’ (operand types are ‘std::_Bit_iterator::iterator’ {aka ‘std::_Bit_iterator’} and ‘int’)
       return __tmp -= __i;
              ~~~~~~^~~~~~
/cvmfs/juno.ihep.ac.cn/centos7_amd64_gcc830/contrib/gcc/8.3.0/include/c++/8.3.0/bits/stl_bvector.h: At global scope:
/cvmfs/juno.ihep.ac.cn/centos7_amd64_gcc830/contrib/gcc/8.3.0/include/c++/8.3.0/bits/stl_bvector.h:356:16: error: declaration of ‘operator+=’ as non-function
     operator+=(difference_type __i)
                ^~~~~~~~~~~~~~~
/cvmfs/juno.ihep.ac.cn/centos7_amd64_gcc830/contrib/gcc/8.3.0/include/c++/8.3.0/bits/stl_bvector.h:356:13: error: expected ‘;’ at end of member declaration
     operator+=(difference_type __i)
             ^~
               ;
/cvmfs/juno.ihep.ac.cn/centos7_amd64_gcc830/contrib/gcc/8.3.0/include/c++/8.3.0/bits/stl_bvector.h:356:31: error: expected ‘)’ before ‘__i’
     operator+=(difference_type __i)
               ~               ^~~~
                               )
/cvmfs/juno.ihep.ac.cn/centos7_amd64_gcc830/contrib/gcc/8.3.0/include/c++/8.3.0/bits/stl_bvector.h:363:16: error: declaration of ‘operator-=’ as non-function
     operator-=(difference_type __i)
                ^~~~~~~~~~~~~~~
/cvmfs/juno.ihep.ac.cn/centos7_amd64_gcc830/contrib/gcc/8.3.0/include/c++/8.3.0/bits/stl_bvector.h:363:13: error: expected ‘;’ at end of member declaration
     operator-=(difference_type __i)
             ^~
               ;
/cvmfs/juno.ihep.ac.cn/centos7_amd64_gcc830/contrib/gcc/8.3.0/include/c++/8.3.0/bits/stl_bvector.h:363:31: error: expected ‘)’ before ‘__i’
     operator-=(difference_type __i)
               ~               ^~~~
                               )
/cvmfs/juno.ihep.ac.cn/centos7_amd64_gcc830/contrib/gcc/8.3.0/include/c++/8.3.0/bits/stl_bvector.h:370:15: error: ‘difference_type’ has not been declared
     operator+(difference_type __i) const
               ^~~~~~~~~~~~~~~
/cvmfs/juno.ihep.ac.cn/centos7_amd64_gcc830/contrib/gcc/8.3.0/include/c++/8.3.0/bits/stl_bvector.h:377:15: error: ‘difference_type’ has not been declared
     operator-(difference_type __i) const
               ^~~~~~~~~~~~~~~
/cvmfs/juno.ihep.ac.cn/centos7_amd64_gcc830/contrib/gcc/8.3.0/include/c++/8.3.0/bits/stl_bvector.h:384:16: error: ‘difference_type’ has not been declared
     operator[](difference_type __i) const
                ^~~~~~~~~~~~~~~
/cvmfs/juno.ihep.ac.cn/centos7_amd64_gcc830/contrib/gcc/8.3.0/include/c++/8.3.0/bits/stl_bvector.h: In member function ‘std::_Bit_const_iterator::const_iterator std::_Bit_const_iterator::operator+(int) const’:
/cvmfs/juno.ihep.ac.cn/centos7_amd64_gcc830/contrib/gcc/8.3.0/include/c++/8.3.0/bits/stl_bvector.h:373:20: error: no match for ‘operator+=’ (operand types are ‘std::_Bit_const_iterator::const_iterator’ {aka ‘std::_Bit_const_iterator’} and ‘int’)
       return __tmp += __i;
              ~~~~~~^~~~~~
/cvmfs/juno.ihep.ac.cn/centos7_amd64_gcc830/contrib/gcc/8.3.0/include/c++/8.3.0/bits/stl_bvector.h: In member function ‘std::_Bit_const_iterator::const_iterator std::_Bit_const_iterator::operator-(int) const’:
/cvmfs/juno.ihep.ac.cn/centos7_amd64_gcc830/contrib/gcc/8.3.0/include/c++/8.3.0/bits/stl_bvector.h:380:20: error: no match for ‘operator-=’ (operand types are ‘std::_Bit_const_iterator::const_iterator’ {aka ‘std::_Bit_const_iterator’} and ‘int’)
       return __tmp -= __i;
              ~~~~~~^~~~~~
In file included from /cvmfs/juno.ihep.ac.cn/centos7_amd64_gcc830/contrib/gcc/8.3.0/include/c++/8.3.0/bits/stl_algobase.h:67,
                 from /cvmfs/juno.ihep.ac.cn/centos7_amd64_gcc830/contrib/gcc/8.3.0/include/c++/8.3.0/bits/char_traits.h:39,
                 from /cvmfs/juno.ihep.ac.cn/centos7_amd64_gcc830/contrib/gcc/8.3.0/include/c++/8.3.0/string:40,
                 from /dybfs/users/xuhangkun/SimTAO/analysis/calibrate/include/RunData.h:43,
                 from /dybfs/users/xuhangkun/SimTAO/analysis/calibrate/include/TAORunData.h:44,
                 from /dybfs/users/xuhangkun/SimTAO/analysis/calibrate/src/NonLinearCalibration.cpp:2:
/cvmfs/juno.ihep.ac.cn/centos7_amd64_gcc830/contrib/gcc/8.3.0/include/c++/8.3.0/bits/stl_iterator.h: In instantiation of ‘class std::reverse_iterator<std::_Bit_iterator>’:
/cvmfs/juno.ihep.ac.cn/centos7_amd64_gcc830/contrib/gcc/8.3.0/include/c++/8.3.0/bits/stl_bvector.h:824:7:   required from here
/cvmfs/juno.ihep.ac.cn/centos7_amd64_gcc830/contrib/gcc/8.3.0/include/c++/8.3.0/bits/stl_iterator.h:101:11: error: no type named ‘iterator_category’ in ‘struct std::iterator_traits<std::_Bit_iterator>’
     class reverse_iterator
           ^~~~~~~~~~~~~~~~
/cvmfs/juno.ihep.ac.cn/centos7_amd64_gcc830/contrib/gcc/8.3.0/include/c++/8.3.0/bits/stl_iterator.h:115:55: error: no type named ‘difference_type’ in ‘struct std::iterator_traits<std::_Bit_iterator>’
       typedef typename __traits_type::difference_type difference_type;
                                                       ^~~~~~~~~~~~~~~
/cvmfs/juno.ihep.ac.cn/centos7_amd64_gcc830/contrib/gcc/8.3.0/include/c++/8.3.0/bits/stl_iterator.h:116:48: error: no type named ‘pointer’ in ‘struct std::iterator_traits<std::_Bit_iterator>’
       typedef typename __traits_type::pointer  pointer;
                                                ^~~~~~~
/cvmfs/juno.ihep.ac.cn/centos7_amd64_gcc830/contrib/gcc/8.3.0/include/c++/8.3.0/bits/stl_iterator.h:117:50: error: no type named ‘reference’ in ‘struct std::iterator_traits<std::_Bit_iterator>’
       typedef typename __traits_type::reference  reference;
                                                  ^~~~~~~~~
/cvmfs/juno.ihep.ac.cn/centos7_amd64_gcc830/contrib/gcc/8.3.0/include/c++/8.3.0/bits/stl_iterator.h: In instantiation of ‘class std::reverse_iterator<std::_Bit_const_iterator>’:
/cvmfs/juno.ihep.ac.cn/centos7_amd64_gcc830/contrib/gcc/8.3.0/include/c++/8.3.0/bits/stl_bvector.h:828:7:   required from here
/cvmfs/juno.ihep.ac.cn/centos7_amd64_gcc830/contrib/gcc/8.3.0/include/c++/8.3.0/bits/stl_iterator.h:101:11: error: no type named ‘iterator_category’ in ‘struct std::iterator_traits<std::_Bit_const_iterator>’
     class reverse_iterator
           ^~~~~~~~~~~~~~~~
/cvmfs/juno.ihep.ac.cn/centos7_amd64_gcc830/contrib/gcc/8.3.0/include/c++/8.3.0/bits/stl_iterator.h:115:55: error: no type named ‘difference_type’ in ‘struct std::iterator_traits<std::_Bit_const_iterator>’
       typedef typename __traits_type::difference_type difference_type;
                                                       ^~~~~~~~~~~~~~~
/cvmfs/juno.ihep.ac.cn/centos7_amd64_gcc830/contrib/gcc/8.3.0/include/c++/8.3.0/bits/stl_iterator.h:116:48: error: no type named ‘pointer’ in ‘struct std::iterator_traits<std::_Bit_const_iterator>’
       typedef typename __traits_type::pointer  pointer;
                                                ^~~~~~~
/cvmfs/juno.ihep.ac.cn/centos7_amd64_gcc830/contrib/gcc/8.3.0/include/c++/8.3.0/bits/stl_iterator.h:117:50: error: no type named ‘reference’ in ‘struct std::iterator_traits<std::_Bit_const_iterator>’
       typedef typename __traits_type::reference  reference;
                                                  ^~~~~~~~~
In file included from /cvmfs/juno.ihep.ac.cn/centos7_amd64_gcc830/contrib/gcc/8.3.0/include/c++/8.3.0/bits/basic_string.h:40,
                 from /cvmfs/juno.ihep.ac.cn/centos7_amd64_gcc830/contrib/gcc/8.3.0/include/c++/8.3.0/string:52,
                 from /dybfs/users/xuhangkun/SimTAO/analysis/calibrate/include/RunData.h:43,
                 from /dybfs/users/xuhangkun/SimTAO/analysis/calibrate/include/TAORunData.h:44,
                 from /dybfs/users/xuhangkun/SimTAO/analysis/calibrate/src/NonLinearCalibration.cpp:2:
/cvmfs/juno.ihep.ac.cn/centos7_amd64_gcc830/contrib/gcc/8.3.0/include/c++/8.3.0/ext/alloc_traits.h: In instantiation of ‘struct __gnu_cxx::__alloc_traits<std::allocator<ROOT::Internal::TSchemaHelper>, ROOT::Internal::TSchemaHelper>’:
/cvmfs/juno.ihep.ac.cn/centos7_amd64_gcc830/contrib/gcc/8.3.0/include/c++/8.3.0/bits/stl_vector.h:84:21:   required from ‘struct std::_Vector_base<ROOT::Internal::TSchemaHelper, std::allocator<ROOT::Internal::TSchemaHelper> >’
/cvmfs/juno.ihep.ac.cn/centos7_amd64_gcc830/contrib/gcc/8.3.0/include/c++/8.3.0/bits/stl_vector.h:339:11:   required from ‘class std::vector<ROOT::Internal::TSchemaHelper>’
/cvmfs/juno.ihep.ac.cn/centos7_amd64_gcc830/Pre-Release/J20v1r0-Pre2/ExternalLibs/ROOT/6.20.02/include/TGenericClassInfo.h:69:51:   required from here
/cvmfs/juno.ihep.ac.cn/centos7_amd64_gcc830/contrib/gcc/8.3.0/include/c++/8.3.0/ext/alloc_traits.h:61:53: error: no type named ‘size_type’ in ‘struct std::allocator_traits<std::allocator<ROOT::Internal::TSchemaHelper> >’
     typedef typename _Base_type::size_type          size_type;
                                                     ^~~~~~~~~
/cvmfs/juno.ihep.ac.cn/centos7_amd64_gcc830/contrib/gcc/8.3.0/include/c++/8.3.0/ext/alloc_traits.h:62:53: error: no type named ‘difference_type’ in ‘struct std::allocator_traits<std::allocator<ROOT::Internal::TSchemaHelper> >’
     typedef typename _Base_type::difference_type    difference_type;
                                                     ^~~~~~~~~~~~~~~
/cvmfs/juno.ihep.ac.cn/centos7_amd64_gcc830/contrib/gcc/8.3.0/include/c++/8.3.0/ext/alloc_traits.h:70:23: error: no members matching ‘__gnu_cxx::__alloc_traits<std::allocator<ROOT::Internal::TSchemaHelper>, ROOT::Internal::TSchemaHelper>::_Base_type {aka std::allocator_traits<std::allocator<ROOT::Internal::TSchemaHelper> >}::max_size’ in ‘__gnu_cxx::__alloc_traits<std::allocator<ROOT::Internal::TSchemaHelper>, ROOT::Internal::TSchemaHelper>::_Base_type’ {aka ‘struct std::allocator_traits<std::allocator<ROOT::Internal::TSchemaHelper> >’}
     using _Base_type::max_size;
                       ^~~~~~~~
In file included from /cvmfs/juno.ihep.ac.cn/centos7_amd64_gcc830/contrib/gcc/8.3.0/include/c++/8.3.0/algorithm:60,
                 from /cvmfs/juno.ihep.ac.cn/centos7_amd64_gcc830/Pre-Release/J20v1r0-Pre2/ExternalLibs/ROOT/6.20.02/include/TMathBase.h:33,
                 from /cvmfs/juno.ihep.ac.cn/centos7_amd64_gcc830/Pre-Release/J20v1r0-Pre2/ExternalLibs/ROOT/6.20.02/include/TString.h:26,
                 from /cvmfs/juno.ihep.ac.cn/centos7_amd64_gcc830/Pre-Release/J20v1r0-Pre2/ExternalLibs/ROOT/6.20.02/include/TNamed.h:26,
                 from /cvmfs/juno.ihep.ac.cn/centos7_amd64_gcc830/Pre-Release/J20v1r0-Pre2/ExternalLibs/ROOT/6.20.02/include/TDictionary.h:44,
                 from /cvmfs/juno.ihep.ac.cn/centos7_amd64_gcc830/Pre-Release/J20v1r0-Pre2/ExternalLibs/ROOT/6.20.02/include/TDataType.h:25,
                 from /cvmfs/juno.ihep.ac.cn/centos7_amd64_gcc830/Pre-Release/J20v1r0-Pre2/ExternalLibs/ROOT/6.20.02/include/TBuffer.h:24,
                 from /cvmfs/juno.ihep.ac.cn/centos7_amd64_gcc830/Pre-Release/J20v1r0-Pre2/ExternalLibs/ROOT/6.20.02/include/TDirectory.h:24,
                 from /cvmfs/juno.ihep.ac.cn/centos7_amd64_gcc830/Pre-Release/J20v1r0-Pre2/ExternalLibs/ROOT/6.20.02/include/TDirectoryFile.h:25,
                 from /cvmfs/juno.ihep.ac.cn/centos7_amd64_gcc830/Pre-Release/J20v1r0-Pre2/ExternalLibs/ROOT/6.20.02/include/TFile.h:27,
                 from /dybfs/users/xuhangkun/SimTAO/analysis/calibrate/include/RunData.h:44,
                 from /dybfs/users/xuhangkun/SimTAO/analysis/calibrate/include/TAORunData.h:44,
                 from /dybfs/users/xuhangkun/SimTAO/analysis/calibrate/src/NonLinearCalibration.cpp:2:
/cvmfs/juno.ihep.ac.cn/centos7_amd64_gcc830/contrib/gcc/8.3.0/include/c++/8.3.0/utility: At global scope:
/cvmfs/juno.ihep.ac.cn/centos7_amd64_gcc830/contrib/gcc/8.3.0/include/c++/8.3.0/utility:109:17: error: ‘std::size_t’ has not been declared
   template<std::size_t __i, typename _Tp>
                 ^~~~~~
/cvmfs/juno.ihep.ac.cn/centos7_amd64_gcc830/contrib/gcc/8.3.0/include/c++/8.3.0/utility:110:12: error: no default argument for ‘_Tp’
     struct tuple_element;
            ^~~~~~~~~~~~~
/cvmfs/juno.ihep.ac.cn/centos7_amd64_gcc830/contrib/gcc/8.3.0/include/c++/8.3.0/utility:113:17: error: ‘std::size_t’ has not been declared
   template<std::size_t __i, typename _Tp>
                 ^~~~~~
/cvmfs/juno.ihep.ac.cn/centos7_amd64_gcc830/contrib/gcc/8.3.0/include/c++/8.3.0/utility:114:54: error: ‘__i’ was not declared in this scope
     using __tuple_element_t = typename tuple_element<__i, _Tp>::type;
                                                      ^~~
/cvmfs/juno.ihep.ac.cn/centos7_amd64_gcc830/contrib/gcc/8.3.0/include/c++/8.3.0/utility:114:62: error: template argument 1 is invalid
     using __tuple_element_t = typename tuple_element<__i, _Tp>::type;
                                                              ^
/cvmfs/juno.ihep.ac.cn/centos7_amd64_gcc830/contrib/gcc/8.3.0/include/c++/8.3.0/utility:116:17: error: ‘std::size_t’ has not been declared
   template<std::size_t __i, typename _Tp>
                 ^~~~~~
/cvmfs/juno.ihep.ac.cn/centos7_amd64_gcc830/contrib/gcc/8.3.0/include/c++/8.3.0/utility:117:26: error: ‘__i’ was not declared in this scope
     struct tuple_element<__i, const _Tp>
                          ^~~
/cvmfs/juno.ihep.ac.cn/centos7_amd64_gcc830/contrib/gcc/8.3.0/include/c++/8.3.0/utility:117:40: error: template argument 1 is invalid
     struct tuple_element<__i, const _Tp>
                                        ^
/cvmfs/juno.ihep.ac.cn/centos7_amd64_gcc830/contrib/gcc/8.3.0/include/c++/8.3.0/utility:122:17: error: ‘std::size_t’ has not been declared
   template<std::size_t __i, typename _Tp>
                 ^~~~~~
/cvmfs/juno.ihep.ac.cn/centos7_amd64_gcc830/contrib/gcc/8.3.0/include/c++/8.3.0/utility:123:26: error: ‘__i’ was not declared in this scope
     struct tuple_element<__i, volatile _Tp>
                          ^~~
/cvmfs/juno.ihep.ac.cn/centos7_amd64_gcc830/contrib/gcc/8.3.0/include/c++/8.3.0/utility:123:43: error: template argument 1 is invalid
     struct tuple_element<__i, volatile _Tp>
                                           ^
/cvmfs/juno.ihep.ac.cn/centos7_amd64_gcc830/contrib/gcc/8.3.0/include/c++/8.3.0/utility:128:17: error: ‘std::size_t’ has not been declared
   template<std::size_t __i, typename _Tp>
                 ^~~~~~
/cvmfs/juno.ihep.ac.cn/centos7_amd64_gcc830/contrib/gcc/8.3.0/include/c++/8.3.0/utility:129:26: error: ‘__i’ was not declared in this scope
     struct tuple_element<__i, const volatile _Tp>
                          ^~~
/cvmfs/juno.ihep.ac.cn/centos7_amd64_gcc830/contrib/gcc/8.3.0/include/c++/8.3.0/utility:129:49: error: template argument 1 is invalid
     struct tuple_element<__i, const volatile _Tp>
                                                 ^
/cvmfs/juno.ihep.ac.cn/centos7_amd64_gcc830/contrib/gcc/8.3.0/include/c++/8.3.0/utility:151:37: error: ‘size_t’ is not a member of ‘std’
     : public integral_constant<std::size_t, 2> { };
                                     ^~~~~~
/cvmfs/juno.ihep.ac.cn/centos7_amd64_gcc830/contrib/gcc/8.3.0/include/c++/8.3.0/utility:151:37: note: suggested alternative:
In file included from /usr/include/wchar.h:51,
                 from /cvmfs/juno.ihep.ac.cn/centos7_amd64_gcc830/contrib/gcc/8.3.0/include/c++/8.3.0/cwchar:44,
                 from /cvmfs/juno.ihep.ac.cn/centos7_amd64_gcc830/contrib/gcc/8.3.0/include/c++/8.3.0/bits/postypes.h:40,
                 from /cvmfs/juno.ihep.ac.cn/centos7_amd64_gcc830/contrib/gcc/8.3.0/include/c++/8.3.0/bits/char_traits.h:40,
                 from /cvmfs/juno.ihep.ac.cn/centos7_amd64_gcc830/contrib/gcc/8.3.0/include/c++/8.3.0/string:40,
                 from /dybfs/users/xuhangkun/SimTAO/analysis/calibrate/include/RunData.h:43,
                 from /dybfs/users/xuhangkun/SimTAO/analysis/calibrate/include/TAORunData.h:44,
                 from /dybfs/users/xuhangkun/SimTAO/analysis/calibrate/src/NonLinearCalibration.cpp:2:
/cvmfs/juno.ihep.ac.cn/centos7_amd64_gcc830/contrib/gcc/8.3.0/lib/gcc/x86_64-pc-linux-gnu/8.3.0/include/stddef.h:216:23: note:   ‘size_t’
 typedef __SIZE_TYPE__ size_t;
                       ^~~~~~
In file included from /cvmfs/juno.ihep.ac.cn/centos7_amd64_gcc830/contrib/gcc/8.3.0/include/c++/8.3.0/algorithm:60,
                 from /cvmfs/juno.ihep.ac.cn/centos7_amd64_gcc830/Pre-Release/J20v1r0-Pre2/ExternalLibs/ROOT/6.20.02/include/TMathBase.h:33,
                 from /cvmfs/juno.ihep.ac.cn/centos7_amd64_gcc830/Pre-Release/J20v1r0-Pre2/ExternalLibs/ROOT/6.20.02/include/TString.h:26,
                 from /cvmfs/juno.ihep.ac.cn/centos7_amd64_gcc830/Pre-Release/J20v1r0-Pre2/ExternalLibs/ROOT/6.20.02/include/TNamed.h:26,
                 from /cvmfs/juno.ihep.ac.cn/centos7_amd64_gcc830/Pre-Release/J20v1r0-Pre2/ExternalLibs/ROOT/6.20.02/include/TDictionary.h:44,
                 from /cvmfs/juno.ihep.ac.cn/centos7_amd64_gcc830/Pre-Release/J20v1r0-Pre2/ExternalLibs/ROOT/6.20.02/include/TDataType.h:25,
                 from /cvmfs/juno.ihep.ac.cn/centos7_amd64_gcc830/Pre-Release/J20v1r0-Pre2/ExternalLibs/ROOT/6.20.02/include/TBuffer.h:24,
                 from /cvmfs/juno.ihep.ac.cn/centos7_amd64_gcc830/Pre-Release/J20v1r0-Pre2/ExternalLibs/ROOT/6.20.02/include/TDirectory.h:24,
                 from /cvmfs/juno.ihep.ac.cn/centos7_amd64_gcc830/Pre-Release/J20v1r0-Pre2/ExternalLibs/ROOT/6.20.02/include/TDirectoryFile.h:25,
                 from /cvmfs/juno.ihep.ac.cn/centos7_amd64_gcc830/Pre-Release/J20v1r0-Pre2/ExternalLibs/ROOT/6.20.02/include/TFile.h:27,
                 from /dybfs/users/xuhangkun/SimTAO/analysis/calibrate/include/RunData.h:44,
                 from /dybfs/users/xuhangkun/SimTAO/analysis/calibrate/include/TAORunData.h:44,
                 from /dybfs/users/xuhangkun/SimTAO/analysis/calibrate/src/NonLinearCalibration.cpp:2:
/cvmfs/juno.ihep.ac.cn/centos7_amd64_gcc830/contrib/gcc/8.3.0/include/c++/8.3.0/utility:151:37: error: ‘size_t’ is not a member of ‘std’
     : public integral_constant<std::size_t, 2> { };
                                     ^~~~~~
/cvmfs/juno.ihep.ac.cn/centos7_amd64_gcc830/contrib/gcc/8.3.0/include/c++/8.3.0/utility:151:37: note: suggested alternative:
In file included from /usr/include/wchar.h:51,
                 from /cvmfs/juno.ihep.ac.cn/centos7_amd64_gcc830/contrib/gcc/8.3.0/include/c++/8.3.0/cwchar:44,
                 from /cvmfs/juno.ihep.ac.cn/centos7_amd64_gcc830/contrib/gcc/8.3.0/include/c++/8.3.0/bits/postypes.h:40,
                 from /cvmfs/juno.ihep.ac.cn/centos7_amd64_gcc830/contrib/gcc/8.3.0/include/c++/8.3.0/bits/char_traits.h:40,
                 from /cvmfs/juno.ihep.ac.cn/centos7_amd64_gcc830/contrib/gcc/8.3.0/include/c++/8.3.0/string:40,
                 from /dybfs/users/xuhangkun/SimTAO/analysis/calibrate/include/RunData.h:43,
                 from /dybfs/users/xuhangkun/SimTAO/analysis/calibrate/include/TAORunData.h:44,
                 from /dybfs/users/xuhangkun/SimTAO/analysis/calibrate/src/NonLinearCalibration.cpp:2:
/cvmfs/juno.ihep.ac.cn/centos7_amd64_gcc830/contrib/gcc/8.3.0/lib/gcc/x86_64-pc-linux-gnu/8.3.0/include/stddef.h:216:23: note:   ‘size_t’
 typedef __SIZE_TYPE__ size_t;
                       ^~~~~~
In file included from /cvmfs/juno.ihep.ac.cn/centos7_amd64_gcc830/contrib/gcc/8.3.0/include/c++/8.3.0/algorithm:60,
                 from /cvmfs/juno.ihep.ac.cn/centos7_amd64_gcc830/Pre-Release/J20v1r0-Pre2/ExternalLibs/ROOT/6.20.02/include/TMathBase.h:33,
                 from /cvmfs/juno.ihep.ac.cn/centos7_amd64_gcc830/Pre-Release/J20v1r0-Pre2/ExternalLibs/ROOT/6.20.02/include/TString.h:26,
                 from /cvmfs/juno.ihep.ac.cn/centos7_amd64_gcc830/Pre-Release/J20v1r0-Pre2/ExternalLibs/ROOT/6.20.02/include/TNamed.h:26,
                 from /cvmfs/juno.ihep.ac.cn/centos7_amd64_gcc830/Pre-Release/J20v1r0-Pre2/ExternalLibs/ROOT/6.20.02/include/TDictionary.h:44,
                 from /cvmfs/juno.ihep.ac.cn/centos7_amd64_gcc830/Pre-Release/J20v1r0-Pre2/ExternalLibs/ROOT/6.20.02/include/TDataType.h:25,
                 from /cvmfs/juno.ihep.ac.cn/centos7_amd64_gcc830/Pre-Release/J20v1r0-Pre2/ExternalLibs/ROOT/6.20.02/include/TBuffer.h:24,
                 from /cvmfs/juno.ihep.ac.cn/centos7_amd64_gcc830/Pre-Release/J20v1r0-Pre2/ExternalLibs/ROOT/6.20.02/include/TDirectory.h:24,
                 from /cvmfs/juno.ihep.ac.cn/centos7_amd64_gcc830/Pre-Release/J20v1r0-Pre2/ExternalLibs/ROOT/6.20.02/include/TDirectoryFile.h:25,
                 from /cvmfs/juno.ihep.ac.cn/centos7_amd64_gcc830/Pre-Release/J20v1r0-Pre2/ExternalLibs/ROOT/6.20.02/include/TFile.h:27,
                 from /dybfs/users/xuhangkun/SimTAO/analysis/calibrate/include/RunData.h:44,
                 from /dybfs/users/xuhangkun/SimTAO/analysis/calibrate/include/TAORunData.h:44,
                 from /dybfs/users/xuhangkun/SimTAO/analysis/calibrate/src/NonLinearCalibration.cpp:2:
/cvmfs/juno.ihep.ac.cn/centos7_amd64_gcc830/contrib/gcc/8.3.0/include/c++/8.3.0/utility:151:46: error: template argument 1 is invalid
     : public integral_constant<std::size_t, 2> { };
                                              ^
/cvmfs/juno.ihep.ac.cn/centos7_amd64_gcc830/contrib/gcc/8.3.0/include/c++/8.3.0/utility:151:46: note: invalid template non-type parameter
/cvmfs/juno.ihep.ac.cn/centos7_amd64_gcc830/contrib/gcc/8.3.0/include/c++/8.3.0/utility:163:17: error: ‘std::size_t’ has not been declared
   template<std::size_t _Int>
                 ^~~~~~
/cvmfs/juno.ihep.ac.cn/centos7_amd64_gcc830/contrib/gcc/8.3.0/include/c++/8.3.0/utility:214:17: error: ‘std::size_t’ has not been declared
   template<std::size_t _Int, class _Tp1, class _Tp2>
                 ^~~~~~
/cvmfs/juno.ihep.ac.cn/centos7_amd64_gcc830/contrib/gcc/8.3.0/include/c++/8.3.0/utility:215:38: error: ‘_Int’ was not declared in this scope
     constexpr typename tuple_element<_Int, std::pair<_Tp1, _Tp2>>::type&
                                      ^~~~
/cvmfs/juno.ihep.ac.cn/centos7_amd64_gcc830/contrib/gcc/8.3.0/include/c++/8.3.0/utility:215:38: note: suggested alternative: ‘rint’
     constexpr typename tuple_element<_Int, std::pair<_Tp1, _Tp2>>::type&
                                      ^~~~
                                      rint
/cvmfs/juno.ihep.ac.cn/centos7_amd64_gcc830/contrib/gcc/8.3.0/include/c++/8.3.0/utility:215:64: error: template argument 1 is invalid
     constexpr typename tuple_element<_Int, std::pair<_Tp1, _Tp2>>::type&
                                                                ^~
/cvmfs/juno.ihep.ac.cn/centos7_amd64_gcc830/contrib/gcc/8.3.0/include/c++/8.3.0/utility: In function ‘constexpr int& std::get(std::pair<_Tp1, _Tp2>&)’:
/cvmfs/juno.ihep.ac.cn/centos7_amd64_gcc830/contrib/gcc/8.3.0/include/c++/8.3.0/utility:217:25: error: ‘_Int’ was not declared in this scope
     { return __pair_get<_Int>::__get(__in); }
                         ^~~~
/cvmfs/juno.ihep.ac.cn/centos7_amd64_gcc830/contrib/gcc/8.3.0/include/c++/8.3.0/utility:217:25: note: suggested alternative: ‘rint’
     { return __pair_get<_Int>::__get(__in); }
                         ^~~~
                         rint
/cvmfs/juno.ihep.ac.cn/centos7_amd64_gcc830/contrib/gcc/8.3.0/include/c++/8.3.0/utility:217:29: error: template argument 1 is invalid
     { return __pair_get<_Int>::__get(__in); }
                             ^
/cvmfs/juno.ihep.ac.cn/centos7_amd64_gcc830/contrib/gcc/8.3.0/include/c++/8.3.0/utility: At global scope:
/cvmfs/juno.ihep.ac.cn/centos7_amd64_gcc830/contrib/gcc/8.3.0/include/c++/8.3.0/utility:219:17: error: ‘std::size_t’ has not been declared
   template<std::size_t _Int, class _Tp1, class _Tp2>
                 ^~~~~~
/cvmfs/juno.ihep.ac.cn/centos7_amd64_gcc830/contrib/gcc/8.3.0/include/c++/8.3.0/utility:220:38: error: ‘_Int’ was not declared in this scope
     constexpr typename tuple_element<_Int, std::pair<_Tp1, _Tp2>>::type&&
                                      ^~~~
/cvmfs/juno.ihep.ac.cn/centos7_amd64_gcc830/contrib/gcc/8.3.0/include/c++/8.3.0/utility:220:38: note: suggested alternative: ‘rint’
     constexpr typename tuple_element<_Int, std::pair<_Tp1, _Tp2>>::type&&
                                      ^~~~
                                      rint
/cvmfs/juno.ihep.ac.cn/centos7_amd64_gcc830/contrib/gcc/8.3.0/include/c++/8.3.0/utility:220:64: error: template argument 1 is invalid
     constexpr typename tuple_element<_Int, std::pair<_Tp1, _Tp2>>::type&&
                                                                ^~
/cvmfs/juno.ihep.ac.cn/centos7_amd64_gcc830/contrib/gcc/8.3.0/include/c++/8.3.0/utility: In function ‘constexpr int&& std::get(std::pair<_Tp1, _Tp2>&&)’:
/cvmfs/juno.ihep.ac.cn/centos7_amd64_gcc830/contrib/gcc/8.3.0/include/c++/8.3.0/utility:222:25: error: ‘_Int’ was not declared in this scope
     { return __pair_get<_Int>::__move_get(std::move(__in)); }
                         ^~~~
/cvmfs/juno.ihep.ac.cn/centos7_amd64_gcc830/contrib/gcc/8.3.0/include/c++/8.3.0/utility:222:25: note: suggested alternative: ‘rint’
     { return __pair_get<_Int>::__move_get(std::move(__in)); }
                         ^~~~
                         rint
/cvmfs/juno.ihep.ac.cn/centos7_amd64_gcc830/contrib/gcc/8.3.0/include/c++/8.3.0/utility:222:29: error: template argument 1 is invalid
     { return __pair_get<_Int>::__move_get(std::move(__in)); }
                             ^
/cvmfs/juno.ihep.ac.cn/centos7_amd64_gcc830/contrib/gcc/8.3.0/include/c++/8.3.0/utility: At global scope:
/cvmfs/juno.ihep.ac.cn/centos7_amd64_gcc830/contrib/gcc/8.3.0/include/c++/8.3.0/utility:224:17: error: ‘std::size_t’ has not been declared
   template<std::size_t _Int, class _Tp1, class _Tp2>
                 ^~~~~~
/cvmfs/juno.ihep.ac.cn/centos7_amd64_gcc830/contrib/gcc/8.3.0/include/c++/8.3.0/utility:225:44: error: ‘_Int’ was not declared in this scope
     constexpr const typename tuple_element<_Int, std::pair<_Tp1, _Tp2>>::type&
                                            ^~~~
/cvmfs/juno.ihep.ac.cn/centos7_amd64_gcc830/contrib/gcc/8.3.0/include/c++/8.3.0/utility:225:44: note: suggested alternative: ‘rint’
     constexpr const typename tuple_element<_Int, std::pair<_Tp1, _Tp2>>::type&
                                            ^~~~
                                            rint
/cvmfs/juno.ihep.ac.cn/centos7_amd64_gcc830/contrib/gcc/8.3.0/include/c++/8.3.0/utility:225:70: error: template argument 1 is invalid
     constexpr const typename tuple_element<_Int, std::pair<_Tp1, _Tp2>>::type&
                                                                      ^~
/cvmfs/juno.ihep.ac.cn/centos7_amd64_gcc830/contrib/gcc/8.3.0/include/c++/8.3.0/utility: In function ‘constexpr const int& std::get(const std::pair<_Tp1, _Tp2>&)’:
/cvmfs/juno.ihep.ac.cn/centos7_amd64_gcc830/contrib/gcc/8.3.0/include/c++/8.3.0/utility:227:25: error: ‘_Int’ was not declared in this scope
     { return __pair_get<_Int>::__const_get(__in); }
                         ^~~~
/cvmfs/juno.ihep.ac.cn/centos7_amd64_gcc830/contrib/gcc/8.3.0/include/c++/8.3.0/utility:227:25: note: suggested alternative: ‘rint’
     { return __pair_get<_Int>::__const_get(__in); }
                         ^~~~
                         rint
/cvmfs/juno.ihep.ac.cn/centos7_amd64_gcc830/contrib/gcc/8.3.0/include/c++/8.3.0/utility:227:29: error: template argument 1 is invalid
     { return __pair_get<_Int>::__const_get(__in); }
                             ^
/cvmfs/juno.ihep.ac.cn/centos7_amd64_gcc830/contrib/gcc/8.3.0/include/c++/8.3.0/utility: At global scope:
/cvmfs/juno.ihep.ac.cn/centos7_amd64_gcc830/contrib/gcc/8.3.0/include/c++/8.3.0/utility:229:17: error: ‘std::size_t’ has not been declared
   template<std::size_t _Int, class _Tp1, class _Tp2>
                 ^~~~~~
/cvmfs/juno.ihep.ac.cn/centos7_amd64_gcc830/contrib/gcc/8.3.0/include/c++/8.3.0/utility:230:44: error: ‘_Int’ was not declared in this scope
     constexpr const typename tuple_element<_Int, std::pair<_Tp1, _Tp2>>::type&&
                                            ^~~~
/cvmfs/juno.ihep.ac.cn/centos7_amd64_gcc830/contrib/gcc/8.3.0/include/c++/8.3.0/utility:230:44: note: suggested alternative: ‘rint’
     constexpr const typename tuple_element<_Int, std::pair<_Tp1, _Tp2>>::type&&
                                            ^~~~
                                            rint
/cvmfs/juno.ihep.ac.cn/centos7_amd64_gcc830/contrib/gcc/8.3.0/include/c++/8.3.0/utility:230:70: error: template argument 1 is invalid
     constexpr const typename tuple_element<_Int, std::pair<_Tp1, _Tp2>>::type&&
                                                                      ^~
/cvmfs/juno.ihep.ac.cn/centos7_amd64_gcc830/contrib/gcc/8.3.0/include/c++/8.3.0/utility: In function ‘constexpr const int&& std::get(const std::pair<_Tp1, _Tp2>&&)’:
/cvmfs/juno.ihep.ac.cn/centos7_amd64_gcc830/contrib/gcc/8.3.0/include/c++/8.3.0/utility:232:25: error: ‘_Int’ was not declared in this scope
     { return __pair_get<_Int>::__const_move_get(std::move(__in)); }
                         ^~~~
/cvmfs/juno.ihep.ac.cn/centos7_amd64_gcc830/contrib/gcc/8.3.0/include/c++/8.3.0/utility:232:25: note: suggested alternative: ‘rint’
     { return __pair_get<_Int>::__const_move_get(std::move(__in)); }
                         ^~~~
                         rint
/cvmfs/juno.ihep.ac.cn/centos7_amd64_gcc830/contrib/gcc/8.3.0/include/c++/8.3.0/utility:232:29: error: template argument 1 is invalid
     { return __pair_get<_Int>::__const_move_get(std::move(__in)); }
                             ^
/cvmfs/juno.ihep.ac.cn/centos7_amd64_gcc830/contrib/gcc/8.3.0/include/c++/8.3.0/utility: At global scope:
/cvmfs/juno.ihep.ac.cn/centos7_amd64_gcc830/contrib/gcc/8.3.0/include/c++/8.3.0/utility:307:58: note: invalid template non-type parameter
       using __type = _Index_tuple<__integer_pack(_Num)...>;
                                                          ^
In file included from /cvmfs/juno.ihep.ac.cn/centos7_amd64_gcc830/contrib/gcc/8.3.0/include/c++/8.3.0/bits/stl_algo.h:62,
                 from /cvmfs/juno.ihep.ac.cn/centos7_amd64_gcc830/contrib/gcc/8.3.0/include/c++/8.3.0/algorithm:62,
                 from /cvmfs/juno.ihep.ac.cn/centos7_amd64_gcc830/Pre-Release/J20v1r0-Pre2/ExternalLibs/ROOT/6.20.02/include/TMathBase.h:33,
                 from /cvmfs/juno.ihep.ac.cn/centos7_amd64_gcc830/Pre-Release/J20v1r0-Pre2/ExternalLibs/ROOT/6.20.02/include/TString.h:26,
                 from /cvmfs/juno.ihep.ac.cn/centos7_amd64_gcc830/Pre-Release/J20v1r0-Pre2/ExternalLibs/ROOT/6.20.02/include/TNamed.h:26,
                 from /cvmfs/juno.ihep.ac.cn/centos7_amd64_gcc830/Pre-Release/J20v1r0-Pre2/ExternalLibs/ROOT/6.20.02/include/TDictionary.h:44,
                 from /cvmfs/juno.ihep.ac.cn/centos7_amd64_gcc830/Pre-Release/J20v1r0-Pre2/ExternalLibs/ROOT/6.20.02/include/TDataType.h:25,
                 from /cvmfs/juno.ihep.ac.cn/centos7_amd64_gcc830/Pre-Release/J20v1r0-Pre2/ExternalLibs/ROOT/6.20.02/include/TBuffer.h:24,
                 from /cvmfs/juno.ihep.ac.cn/centos7_amd64_gcc830/Pre-Release/J20v1r0-Pre2/ExternalLibs/ROOT/6.20.02/include/TDirectory.h:24,
                 from /cvmfs/juno.ihep.ac.cn/centos7_amd64_gcc830/Pre-Release/J20v1r0-Pre2/ExternalLibs/ROOT/6.20.02/include/TDirectoryFile.h:25,
                 from /cvmfs/juno.ihep.ac.cn/centos7_amd64_gcc830/Pre-Release/J20v1r0-Pre2/ExternalLibs/ROOT/6.20.02/include/TFile.h:27,
                 from /dybfs/users/xuhangkun/SimTAO/analysis/calibrate/include/RunData.h:44,
                 from /dybfs/users/xuhangkun/SimTAO/analysis/calibrate/include/TAORunData.h:44,
                 from /dybfs/users/xuhangkun/SimTAO/analysis/calibrate/src/NonLinearCalibration.cpp:2:
/cvmfs/juno.ihep.ac.cn/centos7_amd64_gcc830/contrib/gcc/8.3.0/include/c++/8.3.0/bits/stl_tempbuf.h: In function ‘std::pair<_Tp*, long int> std::get_temporary_buffer(ptrdiff_t)’:
/cvmfs/juno.ihep.ac.cn/centos7_amd64_gcc830/contrib/gcc/8.3.0/include/c++/8.3.0/bits/stl_tempbuf.h:95:20: error: too many arguments to function ‘void* operator new(long unsigned int)’
        std::nothrow));
                    ^
In file included from /cvmfs/juno.ihep.ac.cn/centos7_amd64_gcc830/contrib/gcc/8.3.0/include/c++/8.3.0/ios:42,
                 from /cvmfs/juno.ihep.ac.cn/centos7_amd64_gcc830/contrib/gcc/8.3.0/include/c++/8.3.0/ostream:38,
                 from /cvmfs/juno.ihep.ac.cn/centos7_amd64_gcc830/contrib/gcc/8.3.0/include/c++/8.3.0/iterator:64,
                 from /cvmfs/juno.ihep.ac.cn/centos7_amd64_gcc830/Pre-Release/J20v1r0-Pre2/ExternalLibs/ROOT/6.20.02/include/ROOT/RWrap_libcpp_string_view.h:42,
                 from /cvmfs/juno.ihep.ac.cn/centos7_amd64_gcc830/Pre-Release/J20v1r0-Pre2/ExternalLibs/ROOT/6.20.02/include/ROOT/RStringView.hxx:26,
                 from /cvmfs/juno.ihep.ac.cn/centos7_amd64_gcc830/Pre-Release/J20v1r0-Pre2/ExternalLibs/ROOT/6.20.02/include/TString.h:28,
                 from /cvmfs/juno.ihep.ac.cn/centos7_amd64_gcc830/Pre-Release/J20v1r0-Pre2/ExternalLibs/ROOT/6.20.02/include/TNamed.h:26,
                 from /cvmfs/juno.ihep.ac.cn/centos7_amd64_gcc830/Pre-Release/J20v1r0-Pre2/ExternalLibs/ROOT/6.20.02/include/TDictionary.h:44,
                 from /cvmfs/juno.ihep.ac.cn/centos7_amd64_gcc830/Pre-Release/J20v1r0-Pre2/ExternalLibs/ROOT/6.20.02/include/TDataType.h:25,
                 from /cvmfs/juno.ihep.ac.cn/centos7_amd64_gcc830/Pre-Release/J20v1r0-Pre2/ExternalLibs/ROOT/6.20.02/include/TBuffer.h:24,
                 from /cvmfs/juno.ihep.ac.cn/centos7_amd64_gcc830/Pre-Release/J20v1r0-Pre2/ExternalLibs/ROOT/6.20.02/include/TDirectory.h:24,
                 from /cvmfs/juno.ihep.ac.cn/centos7_amd64_gcc830/Pre-Release/J20v1r0-Pre2/ExternalLibs/ROOT/6.20.02/include/TDirectoryFile.h:25,
                 from /cvmfs/juno.ihep.ac.cn/centos7_amd64_gcc830/Pre-Release/J20v1r0-Pre2/ExternalLibs/ROOT/6.20.02/include/TFile.h:27,
                 from /dybfs/users/xuhangkun/SimTAO/analysis/calibrate/include/RunData.h:44,
                 from /dybfs/users/xuhangkun/SimTAO/analysis/calibrate/include/TAORunData.h:44,
                 from /dybfs/users/xuhangkun/SimTAO/analysis/calibrate/src/NonLinearCalibration.cpp:2:
/cvmfs/juno.ihep.ac.cn/centos7_amd64_gcc830/contrib/gcc/8.3.0/include/c++/8.3.0/bits/ios_base.h: At global scope:
/cvmfs/juno.ihep.ac.cn/centos7_amd64_gcc830/contrib/gcc/8.3.0/include/c++/8.3.0/bits/ios_base.h:522:5: error: ‘streamsize’ does not name a type; did you mean ‘streampos’?
     streamsize  _M_precision;
     ^~~~~~~~~~
     streampos
/cvmfs/juno.ihep.ac.cn/centos7_amd64_gcc830/contrib/gcc/8.3.0/include/c++/8.3.0/bits/ios_base.h:523:5: error: ‘streamsize’ does not name a type; did you mean ‘streampos’?
     streamsize  _M_width;
     ^~~~~~~~~~
     streampos
/cvmfs/juno.ihep.ac.cn/centos7_amd64_gcc830/contrib/gcc/8.3.0/include/c++/8.3.0/bits/ios_base.h:690:5: error: ‘streamsize’ does not name a type; did you mean ‘streampos’?
     streamsize
     ^~~~~~~~~~
     streampos
/cvmfs/juno.ihep.ac.cn/centos7_amd64_gcc830/contrib/gcc/8.3.0/include/c++/8.3.0/bits/ios_base.h:699:5: error: ‘streamsize’ does not name a type; did you mean ‘streampos’?
     streamsize
     ^~~~~~~~~~
     streampos
/cvmfs/juno.ihep.ac.cn/centos7_amd64_gcc830/contrib/gcc/8.3.0/include/c++/8.3.0/bits/ios_base.h:713:5: error: ‘streamsize’ does not name a type; did you mean ‘streampos’?
     streamsize
     ^~~~~~~~~~
     streampos
/cvmfs/juno.ihep.ac.cn/centos7_amd64_gcc830/contrib/gcc/8.3.0/include/c++/8.3.0/bits/ios_base.h:722:5: error: ‘streamsize’ does not name a type; did you mean ‘streampos’?
     streamsize
     ^~~~~~~~~~
     streampos
In file included from /cvmfs/juno.ihep.ac.cn/centos7_amd64_gcc830/contrib/gcc/8.3.0/include/c++/8.3.0/ios:43,
                 from /cvmfs/juno.ihep.ac.cn/centos7_amd64_gcc830/contrib/gcc/8.3.0/include/c++/8.3.0/ostream:38,
                 from /cvmfs/juno.ihep.ac.cn/centos7_amd64_gcc830/contrib/gcc/8.3.0/include/c++/8.3.0/iterator:64,
                 from /cvmfs/juno.ihep.ac.cn/centos7_amd64_gcc830/Pre-Release/J20v1r0-Pre2/ExternalLibs/ROOT/6.20.02/include/ROOT/RWrap_libcpp_string_view.h:42,
                 from /cvmfs/juno.ihep.ac.cn/centos7_amd64_gcc830/Pre-Release/J20v1r0-Pre2/ExternalLibs/ROOT/6.20.02/include/ROOT/RStringView.hxx:26,
                 from /cvmfs/juno.ihep.ac.cn/centos7_amd64_gcc830/Pre-Release/J20v1r0-Pre2/ExternalLibs/ROOT/6.20.02/include/TString.h:28,
                 from /cvmfs/juno.ihep.ac.cn/centos7_amd64_gcc830/Pre-Release/J20v1r0-Pre2/ExternalLibs/ROOT/6.20.02/include/TNamed.h:26,
                 from /cvmfs/juno.ihep.ac.cn/centos7_amd64_gcc830/Pre-Release/J20v1r0-Pre2/ExternalLibs/ROOT/6.20.02/include/TDictionary.h:44,
                 from /cvmfs/juno.ihep.ac.cn/centos7_amd64_gcc830/Pre-Release/J20v1r0-Pre2/ExternalLibs/ROOT/6.20.02/include/TDataType.h:25,
                 from /cvmfs/juno.ihep.ac.cn/centos7_amd64_gcc830/Pre-Release/J20v1r0-Pre2/ExternalLibs/ROOT/6.20.02/include/TBuffer.h:24,
                 from /cvmfs/juno.ihep.ac.cn/centos7_amd64_gcc830/Pre-Release/J20v1r0-Pre2/ExternalLibs/ROOT/6.20.02/include/TDirectory.h:24,
                 from /cvmfs/juno.ihep.ac.cn/centos7_amd64_gcc830/Pre-Release/J20v1r0-Pre2/ExternalLibs/ROOT/6.20.02/include/TDirectoryFile.h:25,
                 from /cvmfs/juno.ihep.ac.cn/centos7_amd64_gcc830/Pre-Release/J20v1r0-Pre2/ExternalLibs/ROOT/6.20.02/include/TFile.h:27,
                 from /dybfs/users/xuhangkun/SimTAO/analysis/calibrate/include/RunData.h:44,
                 from /dybfs/users/xuhangkun/SimTAO/analysis/calibrate/include/TAORunData.h:44,
                 from /dybfs/users/xuhangkun/SimTAO/analysis/calibrate/src/NonLinearCalibration.cpp:2:
/cvmfs/juno.ihep.ac.cn/centos7_amd64_gcc830/contrib/gcc/8.3.0/include/c++/8.3.0/streambuf:52:5: error: ‘streamsize’ does not name a type; did you mean ‘streambuf’?
     streamsize
     ^~~~~~~~~~
     streambuf
/cvmfs/juno.ihep.ac.cn/centos7_amd64_gcc830/contrib/gcc/8.3.0/include/c++/8.3.0/streambuf:149:14: error: ‘streamsize’ does not name a type; did you mean ‘streambuf’?
       friend streamsize
              ^~~~~~~~~~
              streambuf
/cvmfs/juno.ihep.ac.cn/centos7_amd64_gcc830/contrib/gcc/8.3.0/include/c++/8.3.0/streambuf:246:33: error: ‘streamsize’ has not been declared
       pubsetbuf(char_type* __s, streamsize __n)
                                 ^~~~~~~~~~
/cvmfs/juno.ihep.ac.cn/centos7_amd64_gcc830/contrib/gcc/8.3.0/include/c++/8.3.0/streambuf:290:7: error: ‘streamsize’ does not name a type; did you mean ‘streambuf’?
       streamsize
       ^~~~~~~~~~
       streambuf
/cvmfs/juno.ihep.ac.cn/centos7_amd64_gcc830/contrib/gcc/8.3.0/include/c++/8.3.0/streambuf:363:7: error: ‘streamsize’ does not name a type; did you mean ‘streambuf’?
       streamsize
       ^~~~~~~~~~
       streambuf
/cvmfs/juno.ihep.ac.cn/centos7_amd64_gcc830/contrib/gcc/8.3.0/include/c++/8.3.0/streambuf:456:7: error: ‘streamsize’ does not name a type; did you mean ‘streambuf’?
       streamsize
       ^~~~~~~~~~
       streambuf
/cvmfs/juno.ihep.ac.cn/centos7_amd64_gcc830/contrib/gcc/8.3.0/include/c++/8.3.0/streambuf:598:26: error: ‘streamsize’ has not been declared
       setbuf(char_type*, streamsize)
                          ^~~~~~~~~~
/cvmfs/juno.ihep.ac.cn/centos7_amd64_gcc830/contrib/gcc/8.3.0/include/c++/8.3.0/streambuf:655:15: error: ‘streamsize’ does not name a type; did you mean ‘streambuf’?
       virtual streamsize
               ^~~~~~~~~~
               streambuf
/cvmfs/juno.ihep.ac.cn/centos7_amd64_gcc830/contrib/gcc/8.3.0/include/c++/8.3.0/streambuf:671:15: error: ‘streamsize’ does not name a type; did you mean ‘streambuf’?
       virtual streamsize
               ^~~~~~~~~~
               streambuf
/cvmfs/juno.ihep.ac.cn/centos7_amd64_gcc830/contrib/gcc/8.3.0/include/c++/8.3.0/streambuf:748:15: error: ‘streamsize’ does not name a type; did you mean ‘streambuf’?
       virtual streamsize
               ^~~~~~~~~~
               streambuf
/cvmfs/juno.ihep.ac.cn/centos7_amd64_gcc830/contrib/gcc/8.3.0/include/c++/8.3.0/streambuf:804:20: error: ‘streamsize’ has not been declared
       __safe_gbump(streamsize __n) { _M_in_cur += __n; }
                    ^~~~~~~~~~
/cvmfs/juno.ihep.ac.cn/centos7_amd64_gcc830/contrib/gcc/8.3.0/include/c++/8.3.0/streambuf:807:20: error: ‘streamsize’ has not been declared
       __safe_pbump(streamsize __n) { _M_out_cur += __n; }
                    ^~~~~~~~~~
/cvmfs/juno.ihep.ac.cn/centos7_amd64_gcc830/contrib/gcc/8.3.0/include/c++/8.3.0/streambuf:847:5: error: ‘streamsize’ does not name a type; did you mean ‘streambuf’?
     streamsize
     ^~~~~~~~~~
     streambuf
/cvmfs/juno.ihep.ac.cn/centos7_amd64_gcc830/contrib/gcc/8.3.0/include/c++/8.3.0/streambuf:852:5: error: ‘streamsize’ does not name a type; did you mean ‘streambuf’?
     streamsize
     ^~~~~~~~~~
     streambuf
In file included from /cvmfs/juno.ihep.ac.cn/centos7_amd64_gcc830/contrib/gcc/8.3.0/include/c++/8.3.0/streambuf:862,
                 from /cvmfs/juno.ihep.ac.cn/centos7_amd64_gcc830/contrib/gcc/8.3.0/include/c++/8.3.0/ios:43,
                 from /cvmfs/juno.ihep.ac.cn/centos7_amd64_gcc830/contrib/gcc/8.3.0/include/c++/8.3.0/ostream:38,
                 from /cvmfs/juno.ihep.ac.cn/centos7_amd64_gcc830/contrib/gcc/8.3.0/include/c++/8.3.0/iterator:64,
                 from /cvmfs/juno.ihep.ac.cn/centos7_amd64_gcc830/Pre-Release/J20v1r0-Pre2/ExternalLibs/ROOT/6.20.02/include/ROOT/RWrap_libcpp_string_view.h:42,
                 from /cvmfs/juno.ihep.ac.cn/centos7_amd64_gcc830/Pre-Release/J20v1r0-Pre2/ExternalLibs/ROOT/6.20.02/include/ROOT/RStringView.hxx:26,
                 from /cvmfs/juno.ihep.ac.cn/centos7_amd64_gcc830/Pre-Release/J20v1r0-Pre2/ExternalLibs/ROOT/6.20.02/include/TString.h:28,
                 from /cvmfs/juno.ihep.ac.cn/centos7_amd64_gcc830/Pre-Release/J20v1r0-Pre2/ExternalLibs/ROOT/6.20.02/include/TNamed.h:26,
                 from /cvmfs/juno.ihep.ac.cn/centos7_amd64_gcc830/Pre-Release/J20v1r0-Pre2/ExternalLibs/ROOT/6.20.02/include/TDictionary.h:44,
                 from /cvmfs/juno.ihep.ac.cn/centos7_amd64_gcc830/Pre-Release/J20v1r0-Pre2/ExternalLibs/ROOT/6.20.02/include/TDataType.h:25,
                 from /cvmfs/juno.ihep.ac.cn/centos7_amd64_gcc830/Pre-Release/J20v1r0-Pre2/ExternalLibs/ROOT/6.20.02/include/TBuffer.h:24,
                 from /cvmfs/juno.ihep.ac.cn/centos7_amd64_gcc830/Pre-Release/J20v1r0-Pre2/ExternalLibs/ROOT/6.20.02/include/TDirectory.h:24,
                 from /cvmfs/juno.ihep.ac.cn/centos7_amd64_gcc830/Pre-Release/J20v1r0-Pre2/ExternalLibs/ROOT/6.20.02/include/TDirectoryFile.h:25,
                 from /cvmfs/juno.ihep.ac.cn/centos7_amd64_gcc830/Pre-Release/J20v1r0-Pre2/ExternalLibs/ROOT/6.20.02/include/TFile.h:27,
                 from /dybfs/users/xuhangkun/SimTAO/analysis/calibrate/include/RunData.h:44,
                 from /dybfs/users/xuhangkun/SimTAO/analysis/calibrate/include/TAORunData.h:44,
                 from /dybfs/users/xuhangkun/SimTAO/analysis/calibrate/src/NonLinearCalibration.cpp:2:
/cvmfs/juno.ihep.ac.cn/centos7_amd64_gcc830/contrib/gcc/8.3.0/include/c++/8.3.0/bits/streambuf.tcc:44:5: error: ‘streamsize’ does not name a type; did you mean ‘streambuf’?
     streamsize
     ^~~~~~~~~~
     streambuf
/cvmfs/juno.ihep.ac.cn/centos7_amd64_gcc830/contrib/gcc/8.3.0/include/c++/8.3.0/bits/streambuf.tcc:78:5: error: ‘streamsize’ does not name a type; did you mean ‘streambuf’?
     streamsize
     ^~~~~~~~~~
     streambuf
/cvmfs/juno.ihep.ac.cn/centos7_amd64_gcc830/contrib/gcc/8.3.0/include/c++/8.3.0/bits/streambuf.tcc:115:5: error: ‘streamsize’ does not name a type; did you mean ‘streambuf’?
     streamsize
     ^~~~~~~~~~
     streambuf
/cvmfs/juno.ihep.ac.cn/centos7_amd64_gcc830/contrib/gcc/8.3.0/include/c++/8.3.0/bits/streambuf.tcc:138:12: error: ‘streamsize’ does not name a type; did you mean ‘streambuf’?
     inline streamsize
            ^~~~~~~~~~
            streambuf
/cvmfs/juno.ihep.ac.cn/centos7_amd64_gcc830/contrib/gcc/8.3.0/include/c++/8.3.0/bits/streambuf.tcc:151:5: error: ‘streamsize’ is not a template function
     streamsize
     ^~~~~~~~~~
/cvmfs/juno.ihep.ac.cn/centos7_amd64_gcc830/contrib/gcc/8.3.0/include/c++/8.3.0/bits/streambuf.tcc:151:15: error: expected ‘;’ before ‘__copy_streambufs’
     streamsize
               ^
               ;
     __copy_streambufs(basic_streambuf<char>*,
     ~~~~~~~~~~~~~~~~~
/cvmfs/juno.ihep.ac.cn/centos7_amd64_gcc830/contrib/gcc/8.3.0/include/c++/8.3.0/bits/streambuf.tcc:155:5: error: ‘streamsize’ is not a template function
     streamsize
     ^~~~~~~~~~
/cvmfs/juno.ihep.ac.cn/centos7_amd64_gcc830/contrib/gcc/8.3.0/include/c++/8.3.0/bits/streambuf.tcc:155:15: error: expected ‘;’ before ‘__copy_streambufs_eof’
     streamsize
               ^
               ;
     __copy_streambufs_eof(basic_streambuf<char>*,
     ~~~~~~~~~~~~~~~~~~~~~
/cvmfs/juno.ihep.ac.cn/centos7_amd64_gcc830/contrib/gcc/8.3.0/include/c++/8.3.0/bits/streambuf.tcc:162:5: error: ‘streamsize’ is not a template function
     streamsize
     ^~~~~~~~~~
/cvmfs/juno.ihep.ac.cn/centos7_amd64_gcc830/contrib/gcc/8.3.0/include/c++/8.3.0/bits/streambuf.tcc:162:15: error: expected ‘;’ before ‘__copy_streambufs’
     streamsize
               ^
               ;
     __copy_streambufs(basic_streambuf<wchar_t>*,
     ~~~~~~~~~~~~~~~~~
/cvmfs/juno.ihep.ac.cn/centos7_amd64_gcc830/contrib/gcc/8.3.0/include/c++/8.3.0/bits/streambuf.tcc:166:5: error: ‘streamsize’ is not a template function
     streamsize
     ^~~~~~~~~~
/cvmfs/juno.ihep.ac.cn/centos7_amd64_gcc830/contrib/gcc/8.3.0/include/c++/8.3.0/bits/streambuf.tcc:166:15: error: expected ‘;’ before ‘__copy_streambufs_eof’
     streamsize
               ^
               ;
     __copy_streambufs_eof(basic_streambuf<wchar_t>*,
     ~~~~~~~~~~~~~~~~~~~~~
In file included from /cvmfs/juno.ihep.ac.cn/centos7_amd64_gcc830/contrib/gcc/8.3.0/include/c++/8.3.0/bits/locale_facets.h:48,
                 from /cvmfs/juno.ihep.ac.cn/centos7_amd64_gcc830/contrib/gcc/8.3.0/include/c++/8.3.0/bits/basic_ios.h:37,
                 from /cvmfs/juno.ihep.ac.cn/centos7_amd64_gcc830/contrib/gcc/8.3.0/include/c++/8.3.0/ios:44,
                 from /cvmfs/juno.ihep.ac.cn/centos7_amd64_gcc830/contrib/gcc/8.3.0/include/c++/8.3.0/ostream:38,
                 from /cvmfs/juno.ihep.ac.cn/centos7_amd64_gcc830/contrib/gcc/8.3.0/include/c++/8.3.0/iterator:64,
                 from /cvmfs/juno.ihep.ac.cn/centos7_amd64_gcc830/Pre-Release/J20v1r0-Pre2/ExternalLibs/ROOT/6.20.02/include/ROOT/RWrap_libcpp_string_view.h:42,
                 from /cvmfs/juno.ihep.ac.cn/centos7_amd64_gcc830/Pre-Release/J20v1r0-Pre2/ExternalLibs/ROOT/6.20.02/include/ROOT/RStringView.hxx:26,
                 from /cvmfs/juno.ihep.ac.cn/centos7_amd64_gcc830/Pre-Release/J20v1r0-Pre2/ExternalLibs/ROOT/6.20.02/include/TString.h:28,
                 from /cvmfs/juno.ihep.ac.cn/centos7_amd64_gcc830/Pre-Release/J20v1r0-Pre2/ExternalLibs/ROOT/6.20.02/include/TNamed.h:26,
                 from /cvmfs/juno.ihep.ac.cn/centos7_amd64_gcc830/Pre-Release/J20v1r0-Pre2/ExternalLibs/ROOT/6.20.02/include/TDictionary.h:44,
                 from /cvmfs/juno.ihep.ac.cn/centos7_amd64_gcc830/Pre-Release/J20v1r0-Pre2/ExternalLibs/ROOT/6.20.02/include/TDataType.h:25,
                 from /cvmfs/juno.ihep.ac.cn/centos7_amd64_gcc830/Pre-Release/J20v1r0-Pre2/ExternalLibs/ROOT/6.20.02/include/TBuffer.h:24,
                 from /cvmfs/juno.ihep.ac.cn/centos7_amd64_gcc830/Pre-Release/J20v1r0-Pre2/ExternalLibs/ROOT/6.20.02/include/TDirectory.h:24,
                 from /cvmfs/juno.ihep.ac.cn/centos7_amd64_gcc830/Pre-Release/J20v1r0-Pre2/ExternalLibs/ROOT/6.20.02/include/TDirectoryFile.h:25,
                 from /cvmfs/juno.ihep.ac.cn/centos7_amd64_gcc830/Pre-Release/J20v1r0-Pre2/ExternalLibs/ROOT/6.20.02/include/TFile.h:27,
                 from /dybfs/users/xuhangkun/SimTAO/analysis/calibrate/include/RunData.h:44,
                 from /dybfs/users/xuhangkun/SimTAO/analysis/calibrate/include/TAORunData.h:44,
                 from /dybfs/users/xuhangkun/SimTAO/analysis/calibrate/src/NonLinearCalibration.cpp:2:
/cvmfs/juno.ihep.ac.cn/centos7_amd64_gcc830/contrib/gcc/8.3.0/include/c++/8.3.0/bits/streambuf_iterator.h:278:34: error: ‘streamsize’ has not been declared
       _M_put(const _CharT* __ws, streamsize __len)
                                  ^~~~~~~~~~
/cvmfs/juno.ihep.ac.cn/centos7_amd64_gcc830/contrib/gcc/8.3.0/include/c++/8.3.0/bits/streambuf_iterator.h: In function ‘typename __gnu_cxx::__enable_if<std::__is_char<_CharT>::__value, std::ostreambuf_iterator<_CharT, std::char_traits<_CharT> > >::__type std::__copy_move_a2(_CharT*, _CharT*, std::ostreambuf_iterator<_CharT, std::char_traits<_CharT> >)’:
/cvmfs/juno.ihep.ac.cn/centos7_amd64_gcc830/contrib/gcc/8.3.0/include/c++/8.3.0/bits/streambuf_iterator.h:312:13: error: ‘streamsize’ does not name a type; did you mean ‘streambuf’?
       const streamsize __num = __last - __first;
             ^~~~~~~~~~
             streambuf
/cvmfs/juno.ihep.ac.cn/centos7_amd64_gcc830/contrib/gcc/8.3.0/include/c++/8.3.0/bits/streambuf_iterator.h:313:11: error: ‘__num’ was not declared in this scope
       if (__num > 0)
           ^~~~~
/cvmfs/juno.ihep.ac.cn/centos7_amd64_gcc830/contrib/gcc/8.3.0/include/c++/8.3.0/bits/streambuf_iterator.h:313:11: note: suggested alternative: ‘__nan’
       if (__num > 0)
           ^~~~~
           __nan
/cvmfs/juno.ihep.ac.cn/centos7_amd64_gcc830/contrib/gcc/8.3.0/include/c++/8.3.0/bits/streambuf_iterator.h: In function ‘typename __gnu_cxx::__enable_if<std::__is_char<_CharT>::__value, std::ostreambuf_iterator<_CharT, std::char_traits<_CharT> > >::__type std::__copy_move_a2(const _CharT*, const _CharT*, std::ostreambuf_iterator<_CharT, std::char_traits<_CharT> >)’:
/cvmfs/juno.ihep.ac.cn/centos7_amd64_gcc830/contrib/gcc/8.3.0/include/c++/8.3.0/bits/streambuf_iterator.h:324:13: error: ‘streamsize’ does not name a type; did you mean ‘streambuf’?
       const streamsize __num = __last - __first;
             ^~~~~~~~~~
             streambuf
/cvmfs/juno.ihep.ac.cn/centos7_amd64_gcc830/contrib/gcc/8.3.0/include/c++/8.3.0/bits/streambuf_iterator.h:325:11: error: ‘__num’ was not declared in this scope
       if (__num > 0)
           ^~~~~
/cvmfs/juno.ihep.ac.cn/centos7_amd64_gcc830/contrib/gcc/8.3.0/include/c++/8.3.0/bits/streambuf_iterator.h:325:11: note: suggested alternative: ‘__nan’
       if (__num > 0)
           ^~~~~
           __nan
/cvmfs/juno.ihep.ac.cn/centos7_amd64_gcc830/contrib/gcc/8.3.0/include/c++/8.3.0/bits/streambuf_iterator.h: In function ‘typename __gnu_cxx::__enable_if<std::__is_char<_CharT>::__value, _CharT*>::__type std::__copy_move_a2(std::istreambuf_iterator<_CharT, std::char_traits<_CharT> >, std::istreambuf_iterator<_CharT, std::char_traits<_CharT> >, _CharT*)’:
/cvmfs/juno.ihep.ac.cn/centos7_amd64_gcc830/contrib/gcc/8.3.0/include/c++/8.3.0/bits/streambuf_iterator.h:347:14: error: ‘streamsize’ does not name a type; did you mean ‘streambuf’?
        const streamsize __n = __sb->egptr() - __sb->gptr();
              ^~~~~~~~~~
              streambuf
/cvmfs/juno.ihep.ac.cn/centos7_amd64_gcc830/contrib/gcc/8.3.0/include/c++/8.3.0/bits/streambuf_iterator.h:348:12: error: ‘__n’ was not declared in this scope
        if (__n > 1)
            ^~~
/cvmfs/juno.ihep.ac.cn/centos7_amd64_gcc830/contrib/gcc/8.3.0/include/c++/8.3.0/bits/streambuf_iterator.h:348:12: note: suggested alternative: ‘__c’
        if (__n > 1)
            ^~~
            __c
/cvmfs/juno.ihep.ac.cn/centos7_amd64_gcc830/contrib/gcc/8.3.0/include/c++/8.3.0/bits/streambuf_iterator.h: In function ‘typename __gnu_cxx::__enable_if<std::__is_char<_CharT2>::__value, std::istreambuf_iterator<_CharT> >::__type std::find(std::istreambuf_iterator<_CharT>, std::istreambuf_iterator<_CharT>, const _CharT2&)’:
/cvmfs/juno.ihep.ac.cn/centos7_amd64_gcc830/contrib/gcc/8.3.0/include/c++/8.3.0/bits/streambuf_iterator.h:385:8: error: ‘streamsize’ was not declared in this scope
        streamsize __n = __sb->egptr() - __sb->gptr();
        ^~~~~~~~~~
/cvmfs/juno.ihep.ac.cn/centos7_amd64_gcc830/contrib/gcc/8.3.0/include/c++/8.3.0/bits/streambuf_iterator.h:385:8: note: suggested alternative: ‘streambuf’
        streamsize __n = __sb->egptr() - __sb->gptr();
        ^~~~~~~~~~
        streambuf
/cvmfs/juno.ihep.ac.cn/centos7_amd64_gcc830/contrib/gcc/8.3.0/include/c++/8.3.0/bits/streambuf_iterator.h:386:12: error: ‘__n’ was not declared in this scope
        if (__n > 1)
            ^~~
/cvmfs/juno.ihep.ac.cn/centos7_amd64_gcc830/contrib/gcc/8.3.0/include/c++/8.3.0/bits/streambuf_iterator.h:386:12: note: suggested alternative: ‘__c’
        if (__n > 1)
            ^~~
            __c
/cvmfs/juno.ihep.ac.cn/centos7_amd64_gcc830/contrib/gcc/8.3.0/include/c++/8.3.0/bits/streambuf_iterator.h: In function ‘typename __gnu_cxx::__enable_if<std::__is_char<_CharT2>::__value, void>::__type std::advance(std::istreambuf_iterator<_CharT>&, _Distance)’:
/cvmfs/juno.ihep.ac.cn/centos7_amd64_gcc830/contrib/gcc/8.3.0/include/c++/8.3.0/bits/streambuf_iterator.h:427:4: error: ‘streamsize’ was not declared in this scope
    streamsize __size = __sb->egptr() - __sb->gptr();
    ^~~~~~~~~~
/cvmfs/juno.ihep.ac.cn/centos7_amd64_gcc830/contrib/gcc/8.3.0/include/c++/8.3.0/bits/streambuf_iterator.h:427:4: note: suggested alternative: ‘streambuf’
    streamsize __size = __sb->egptr() - __sb->gptr();
    ^~~~~~~~~~
    streambuf
/cvmfs/juno.ihep.ac.cn/centos7_amd64_gcc830/contrib/gcc/8.3.0/include/c++/8.3.0/bits/streambuf_iterator.h:428:8: error: ‘__size’ was not declared in this scope
    if (__size > __n)
        ^~~~~~
/cvmfs/juno.ihep.ac.cn/centos7_amd64_gcc830/contrib/gcc/8.3.0/include/c++/8.3.0/bits/streambuf_iterator.h:428:8: note: suggested alternative: ‘__sinl’
    if (__size > __n)
        ^~~~~~
        __sinl
/cvmfs/juno.ihep.ac.cn/centos7_amd64_gcc830/contrib/gcc/8.3.0/include/c++/8.3.0/bits/streambuf_iterator.h:434:23: error: ‘__size’ was not declared in this scope
    __sb->__safe_gbump(__size);
                       ^~~~~~
/cvmfs/juno.ihep.ac.cn/centos7_amd64_gcc830/contrib/gcc/8.3.0/include/c++/8.3.0/bits/streambuf_iterator.h:434:23: note: suggested alternative: ‘__sinl’
    __sb->__safe_gbump(__size);
                       ^~~~~~
                       __sinl
In file included from /cvmfs/juno.ihep.ac.cn/centos7_amd64_gcc830/contrib/gcc/8.3.0/include/c++/8.3.0/bits/basic_ios.h:37,
                 from /cvmfs/juno.ihep.ac.cn/centos7_amd64_gcc830/contrib/gcc/8.3.0/include/c++/8.3.0/ios:44,
                 from /cvmfs/juno.ihep.ac.cn/centos7_amd64_gcc830/contrib/gcc/8.3.0/include/c++/8.3.0/ostream:38,
                 from /cvmfs/juno.ihep.ac.cn/centos7_amd64_gcc830/contrib/gcc/8.3.0/include/c++/8.3.0/iterator:64,
                 from /cvmfs/juno.ihep.ac.cn/centos7_amd64_gcc830/Pre-Release/J20v1r0-Pre2/ExternalLibs/ROOT/6.20.02/include/ROOT/RWrap_libcpp_string_view.h:42,
                 from /cvmfs/juno.ihep.ac.cn/centos7_amd64_gcc830/Pre-Release/J20v1r0-Pre2/ExternalLibs/ROOT/6.20.02/include/ROOT/RStringView.hxx:26,
                 from /cvmfs/juno.ihep.ac.cn/centos7_amd64_gcc830/Pre-Release/J20v1r0-Pre2/ExternalLibs/ROOT/6.20.02/include/TString.h:28,
                 from /cvmfs/juno.ihep.ac.cn/centos7_amd64_gcc830/Pre-Release/J20v1r0-Pre2/ExternalLibs/ROOT/6.20.02/include/TNamed.h:26,
                 from /cvmfs/juno.ihep.ac.cn/centos7_amd64_gcc830/Pre-Release/J20v1r0-Pre2/ExternalLibs/ROOT/6.20.02/include/TDictionary.h:44,
                 from /cvmfs/juno.ihep.ac.cn/centos7_amd64_gcc830/Pre-Release/J20v1r0-Pre2/ExternalLibs/ROOT/6.20.02/include/TDataType.h:25,
                 from /cvmfs/juno.ihep.ac.cn/centos7_amd64_gcc830/Pre-Release/J20v1r0-Pre2/ExternalLibs/ROOT/6.20.02/include/TBuffer.h:24,
                 from /cvmfs/juno.ihep.ac.cn/centos7_amd64_gcc830/Pre-Release/J20v1r0-Pre2/ExternalLibs/ROOT/6.20.02/include/TDirectory.h:24,
                 from /cvmfs/juno.ihep.ac.cn/centos7_amd64_gcc830/Pre-Release/J20v1r0-Pre2/ExternalLibs/ROOT/6.20.02/include/TDirectoryFile.h:25,
                 from /cvmfs/juno.ihep.ac.cn/centos7_amd64_gcc830/Pre-Release/J20v1r0-Pre2/ExternalLibs/ROOT/6.20.02/include/TFile.h:27,
                 from /dybfs/users/xuhangkun/SimTAO/analysis/calibrate/include/RunData.h:44,
                 from /dybfs/users/xuhangkun/SimTAO/analysis/calibrate/include/TAORunData.h:44,
                 from /dybfs/users/xuhangkun/SimTAO/analysis/calibrate/src/NonLinearCalibration.cpp:2:
/cvmfs/juno.ihep.ac.cn/centos7_amd64_gcc830/contrib/gcc/8.3.0/include/c++/8.3.0/bits/locale_facets.h: At global scope:
/cvmfs/juno.ihep.ac.cn/centos7_amd64_gcc830/contrib/gcc/8.3.0/include/c++/8.3.0/bits/locale_facets.h:99:29: error: ‘streamsize’ has not been declared
       const _CharT* __olds, streamsize __newlen, streamsize __oldlen);
                             ^~~~~~~~~~
/cvmfs/juno.ihep.ac.cn/centos7_amd64_gcc830/contrib/gcc/8.3.0/include/c++/8.3.0/bits/locale_facets.h:99:50: error: ‘streamsize’ has not been declared
       const _CharT* __olds, streamsize __newlen, streamsize __oldlen);
                                                  ^~~~~~~~~~
In file included from /cvmfs/juno.ihep.ac.cn/centos7_amd64_gcc830/contrib/gcc/8.3.0/include/c++/8.3.0/bits/basic_ios.h:37,
                 from /cvmfs/juno.ihep.ac.cn/centos7_amd64_gcc830/contrib/gcc/8.3.0/include/c++/8.3.0/ios:44,
                 from /cvmfs/juno.ihep.ac.cn/centos7_amd64_gcc830/contrib/gcc/8.3.0/include/c++/8.3.0/ostream:38,
                 from /cvmfs/juno.ihep.ac.cn/centos7_amd64_gcc830/contrib/gcc/8.3.0/include/c++/8.3.0/iterator:64,
                 from /cvmfs/juno.ihep.ac.cn/centos7_amd64_gcc830/Pre-Release/J20v1r0-Pre2/ExternalLibs/ROOT/6.20.02/include/ROOT/RWrap_libcpp_string_view.h:42,
                 from /cvmfs/juno.ihep.ac.cn/centos7_amd64_gcc830/Pre-Release/J20v1r0-Pre2/ExternalLibs/ROOT/6.20.02/include/ROOT/RStringView.hxx:26,
                 from /cvmfs/juno.ihep.ac.cn/centos7_amd64_gcc830/Pre-Release/J20v1r0-Pre2/ExternalLibs/ROOT/6.20.02/include/TString.h:28,
                 from /cvmfs/juno.ihep.ac.cn/centos7_amd64_gcc830/Pre-Release/J20v1r0-Pre2/ExternalLibs/ROOT/6.20.02/include/TNamed.h:26,
                 from /cvmfs/juno.ihep.ac.cn/centos7_amd64_gcc830/Pre-Release/J20v1r0-Pre2/ExternalLibs/ROOT/6.20.02/include/TDictionary.h:44,
                 from /cvmfs/juno.ihep.ac.cn/centos7_amd64_gcc830/Pre-Release/J20v1r0-Pre2/ExternalLibs/ROOT/6.20.02/include/TDataType.h:25,
                 from /cvmfs/juno.ihep.ac.cn/centos7_amd64_gcc830/Pre-Release/J20v1r0-Pre2/ExternalLibs/ROOT/6.20.02/include/TBuffer.h:24,
                 from /cvmfs/juno.ihep.ac.cn/centos7_amd64_gcc830/Pre-Release/J20v1r0-Pre2/ExternalLibs/ROOT/6.20.02/include/TDirectory.h:24,
                 from /cvmfs/juno.ihep.ac.cn/centos7_amd64_gcc830/Pre-Release/J20v1r0-Pre2/ExternalLibs/ROOT/6.20.02/include/TDirectoryFile.h:25,
                 from /cvmfs/juno.ihep.ac.cn/centos7_amd64_gcc830/Pre-Release/J20v1r0-Pre2/ExternalLibs/ROOT/6.20.02/include/TFile.h:27,
                 from /dybfs/users/xuhangkun/SimTAO/analysis/calibrate/include/RunData.h:44,
                 from /dybfs/users/xuhangkun/SimTAO/analysis/calibrate/include/TAORunData.h:44,
                 from /dybfs/users/xuhangkun/SimTAO/analysis/calibrate/src/NonLinearCalibration.cpp:2:
/cvmfs/juno.ihep.ac.cn/centos7_amd64_gcc830/contrib/gcc/8.3.0/include/c++/8.3.0/bits/locale_facets.h:2488:32: error: ‘streamsize’ has not been declared
       _M_pad(char_type __fill, streamsize __w, ios_base& __io,
                                ^~~~~~~~~~
In file included from /cvmfs/juno.ihep.ac.cn/centos7_amd64_gcc830/contrib/gcc/8.3.0/include/c++/8.3.0/bits/locale_facets.h:2655,
                 from /cvmfs/juno.ihep.ac.cn/centos7_amd64_gcc830/contrib/gcc/8.3.0/include/c++/8.3.0/bits/basic_ios.h:37,
                 from /cvmfs/juno.ihep.ac.cn/centos7_amd64_gcc830/contrib/gcc/8.3.0/include/c++/8.3.0/ios:44,
                 from /cvmfs/juno.ihep.ac.cn/centos7_amd64_gcc830/contrib/gcc/8.3.0/include/c++/8.3.0/ostream:38,
                 from /cvmfs/juno.ihep.ac.cn/centos7_amd64_gcc830/contrib/gcc/8.3.0/include/c++/8.3.0/iterator:64,
                 from /cvmfs/juno.ihep.ac.cn/centos7_amd64_gcc830/Pre-Release/J20v1r0-Pre2/ExternalLibs/ROOT/6.20.02/include/ROOT/RWrap_libcpp_string_view.h:42,
                 from /cvmfs/juno.ihep.ac.cn/centos7_amd64_gcc830/Pre-Release/J20v1r0-Pre2/ExternalLibs/ROOT/6.20.02/include/ROOT/RStringView.hxx:26,
                 from /cvmfs/juno.ihep.ac.cn/centos7_amd64_gcc830/Pre-Release/J20v1r0-Pre2/ExternalLibs/ROOT/6.20.02/include/TString.h:28,
                 from /cvmfs/juno.ihep.ac.cn/centos7_amd64_gcc830/Pre-Release/J20v1r0-Pre2/ExternalLibs/ROOT/6.20.02/include/TNamed.h:26,
                 from /cvmfs/juno.ihep.ac.cn/centos7_amd64_gcc830/Pre-Release/J20v1r0-Pre2/ExternalLibs/ROOT/6.20.02/include/TDictionary.h:44,
                 from /cvmfs/juno.ihep.ac.cn/centos7_amd64_gcc830/Pre-Release/J20v1r0-Pre2/ExternalLibs/ROOT/6.20.02/include/TDataType.h:25,
                 from /cvmfs/juno.ihep.ac.cn/centos7_amd64_gcc830/Pre-Release/J20v1r0-Pre2/ExternalLibs/ROOT/6.20.02/include/TBuffer.h:24,
                 from /cvmfs/juno.ihep.ac.cn/centos7_amd64_gcc830/Pre-Release/J20v1r0-Pre2/ExternalLibs/ROOT/6.20.02/include/TDirectory.h:24,
                 from /cvmfs/juno.ihep.ac.cn/centos7_amd64_gcc830/Pre-Release/J20v1r0-Pre2/ExternalLibs/ROOT/6.20.02/include/TDirectoryFile.h:25,
                 from /cvmfs/juno.ihep.ac.cn/centos7_amd64_gcc830/Pre-Release/J20v1r0-Pre2/ExternalLibs/ROOT/6.20.02/include/TFile.h:27,
                 from /dybfs/users/xuhangkun/SimTAO/analysis/calibrate/include/RunData.h:44,
                 from /dybfs/users/xuhangkun/SimTAO/analysis/calibrate/include/TAORunData.h:44,
                 from /dybfs/users/xuhangkun/SimTAO/analysis/calibrate/src/NonLinearCalibration.cpp:2:
/cvmfs/juno.ihep.ac.cn/centos7_amd64_gcc830/contrib/gcc/8.3.0/include/c++/8.3.0/bits/locale_facets.tcc: In member function ‘void std::__numpunct_cache<_CharT>::_M_cache(const std::locale&)’:
/cvmfs/juno.ihep.ac.cn/centos7_amd64_gcc830/contrib/gcc/8.3.0/include/c++/8.3.0/bits/locale_facets.tcc:88:27: error: ‘const string’ {aka ‘const class std::__cxx11::basic_string<char>’} has no member named ‘size’
    _M_grouping_size = __g.size();
                           ^~~~
/cvmfs/juno.ihep.ac.cn/centos7_amd64_gcc830/contrib/gcc/8.3.0/include/c++/8.3.0/bits/locale_facets.tcc:90:8: error: ‘const string’ {aka ‘const class std::__cxx11::basic_string<char>’} has no member named ‘copy’
    __g.copy(__grouping, _M_grouping_size);
        ^~~~
/cvmfs/juno.ihep.ac.cn/centos7_amd64_gcc830/contrib/gcc/8.3.0/include/c++/8.3.0/bits/locale_facets.tcc: In member function ‘_InIter std::num_get<_CharT, _InIter>::_M_extract_float(_InIter, _InIter, std::ios_base&, std::ios_base::iostate&, std::__cxx11::string&) const’:
/cvmfs/juno.ihep.ac.cn/centos7_amd64_gcc830/contrib/gcc/8.3.0/include/c++/8.3.0/bits/locale_facets.tcc:211:19: error: ‘std::__cxx11::string’ {aka ‘class std::__cxx11::basic_string<char>’} has no member named ‘reserve’
  __found_grouping.reserve(32);
                   ^~~~~~~
/cvmfs/juno.ihep.ac.cn/centos7_amd64_gcc830/contrib/gcc/8.3.0/include/c++/8.3.0/bits/locale_facets.tcc:296:28: error: ‘std::__cxx11::string’ {aka ‘class std::__cxx11::basic_string<char>’} has no member named ‘size’
       if (__found_grouping.size())
                            ^~~~
/cvmfs/juno.ihep.ac.cn/centos7_amd64_gcc830/contrib/gcc/8.3.0/include/c++/8.3.0/bits/locale_facets.tcc:319:28: error: ‘std::__cxx11::string’ {aka ‘class std::__cxx11::basic_string<char>’} has no member named ‘size’
       if (__found_grouping.size() && !__found_dec)
                            ^~~~
/cvmfs/juno.ihep.ac.cn/centos7_amd64_gcc830/contrib/gcc/8.3.0/include/c++/8.3.0/bits/locale_facets.tcc:355:28: error: ‘std::__cxx11::string’ {aka ‘class std::__cxx11::basic_string<char>’} has no member named ‘size’
       if (__found_grouping.size())
                            ^~~~
/cvmfs/juno.ihep.ac.cn/centos7_amd64_gcc830/contrib/gcc/8.3.0/include/c++/8.3.0/bits/locale_facets.tcc: In member function ‘_InIter std::num_get<_CharT, _InIter>::_M_extract_int(_InIter, _InIter, std::ios_base&, std::ios_base::iostate&, _ValueT&) const’:
/cvmfs/juno.ihep.ac.cn/centos7_amd64_gcc830/contrib/gcc/8.3.0/include/c++/8.3.0/bits/locale_facets.tcc:469:21: error: ‘std::__cxx11::string’ {aka ‘class std::__cxx11::basic_string<char>’} has no member named ‘reserve’
    __found_grouping.reserve(32);
                     ^~~~~~~
/cvmfs/juno.ihep.ac.cn/centos7_amd64_gcc830/contrib/gcc/8.3.0/include/c++/8.3.0/bits/locale_facets.tcc:555:23: error: ‘std::__cxx11::string’ {aka ‘class std::__cxx11::basic_string<char>’} has no member named ‘size’
  if (__found_grouping.size())
                       ^~~~
/cvmfs/juno.ihep.ac.cn/centos7_amd64_gcc830/contrib/gcc/8.3.0/include/c++/8.3.0/bits/locale_facets.tcc:568:56: error: ‘std::__cxx11::string’ {aka ‘class std::__cxx11::basic_string<char>’} has no member named ‘size’
  if ((!__sep_pos && !__found_zero && !__found_grouping.size())
                                                        ^~~~
/cvmfs/juno.ihep.ac.cn/centos7_amd64_gcc830/contrib/gcc/8.3.0/include/c++/8.3.0/bits/locale_facets.tcc: In member function ‘virtual _InIter std::num_get<_CharT, _InIter>::do_get(std::num_get<_CharT, _InIter>::iter_type, std::num_get<_CharT, _InIter>::iter_type, std::ios_base&, std::ios_base::iostate&, float&) const’:
/cvmfs/juno.ihep.ac.cn/centos7_amd64_gcc830/contrib/gcc/8.3.0/include/c++/8.3.0/bits/locale_facets.tcc:695:14: error: ‘std::__cxx11::string’ {aka ‘class std::__cxx11::basic_string<char>’} has no member named ‘reserve’
       __xtrc.reserve(32);
              ^~~~~~~
/cvmfs/juno.ihep.ac.cn/centos7_amd64_gcc830/contrib/gcc/8.3.0/include/c++/8.3.0/bits/locale_facets.tcc: In member function ‘virtual _InIter std::num_get<_CharT, _InIter>::do_get(std::num_get<_CharT, _InIter>::iter_type, std::num_get<_CharT, _InIter>::iter_type, std::ios_base&, std::ios_base::iostate&, double&) const’:
/cvmfs/juno.ihep.ac.cn/centos7_amd64_gcc830/contrib/gcc/8.3.0/include/c++/8.3.0/bits/locale_facets.tcc:710:14: error: ‘std::__cxx11::string’ {aka ‘class std::__cxx11::basic_string<char>’} has no member named ‘reserve’
       __xtrc.reserve(32);
              ^~~~~~~
/cvmfs/juno.ihep.ac.cn/centos7_amd64_gcc830/contrib/gcc/8.3.0/include/c++/8.3.0/bits/locale_facets.tcc: In member function ‘virtual _InIter std::num_get<_CharT, _InIter>::do_get(std::num_get<_CharT, _InIter>::iter_type, std::num_get<_CharT, _InIter>::iter_type, std::ios_base&, std::ios_base::iostate&, long double&) const’:
/cvmfs/juno.ihep.ac.cn/centos7_amd64_gcc830/contrib/gcc/8.3.0/include/c++/8.3.0/bits/locale_facets.tcc:742:14: error: ‘std::__cxx11::string’ {aka ‘class std::__cxx11::basic_string<char>’} has no member named ‘reserve’
       __xtrc.reserve(32);
              ^~~~~~~
/cvmfs/juno.ihep.ac.cn/centos7_amd64_gcc830/contrib/gcc/8.3.0/include/c++/8.3.0/bits/locale_facets.tcc: At global scope:
/cvmfs/juno.ihep.ac.cn/centos7_amd64_gcc830/contrib/gcc/8.3.0/include/c++/8.3.0/bits/locale_facets.tcc:780:27: error: ‘streamsize’ has not been declared
     _M_pad(_CharT __fill, streamsize __w, ios_base& __io,
                           ^~~~~~~~~~
/cvmfs/juno.ihep.ac.cn/centos7_amd64_gcc830/contrib/gcc/8.3.0/include/c++/8.3.0/bits/locale_facets.tcc: In member function ‘_OutIter std::num_put<_CharT, _OutIter>::_M_insert_int(_OutIter, std::ios_base&, _CharT, _ValueT) const’:
/cvmfs/juno.ihep.ac.cn/centos7_amd64_gcc830/contrib/gcc/8.3.0/include/c++/8.3.0/bits/locale_facets.tcc:921:8: error: ‘streamsize’ does not name a type; did you mean ‘streambuf’?
  const streamsize __w = __io.width();
        ^~~~~~~~~~
        streambuf
/cvmfs/juno.ihep.ac.cn/centos7_amd64_gcc830/contrib/gcc/8.3.0/include/c++/8.3.0/bits/locale_facets.tcc:922:6: error: ‘__w’ was not declared in this scope
  if (__w > static_cast<streamsize>(__len))
      ^~~
/cvmfs/juno.ihep.ac.cn/centos7_amd64_gcc830/contrib/gcc/8.3.0/include/c++/8.3.0/bits/locale_facets.tcc:922:6: note: suggested alternative: ‘__u’
  if (__w > static_cast<streamsize>(__len))
      ^~~
      __u
/cvmfs/juno.ihep.ac.cn/centos7_amd64_gcc830/contrib/gcc/8.3.0/include/c++/8.3.0/bits/locale_facets.tcc:922:24: error: ‘streamsize’ does not name a type; did you mean ‘streambuf’?
  if (__w > static_cast<streamsize>(__len))
                        ^~~~~~~~~~
                        streambuf
/cvmfs/juno.ihep.ac.cn/centos7_amd64_gcc830/contrib/gcc/8.3.0/include/c++/8.3.0/bits/locale_facets.tcc:929:7: error: ‘class std::ios_base’ has no member named ‘width’
  __io.width(0);
       ^~~~~
/cvmfs/juno.ihep.ac.cn/centos7_amd64_gcc830/contrib/gcc/8.3.0/include/c++/8.3.0/bits/locale_facets.tcc: In member function ‘_OutIter std::num_put<_CharT, _OutIter>::_M_insert_float(_OutIter, std::ios_base&, _CharT, char, _ValueT) const’:
/cvmfs/juno.ihep.ac.cn/centos7_amd64_gcc830/contrib/gcc/8.3.0/include/c++/8.3.0/bits/locale_facets.tcc:984:8: error: ‘streamsize’ does not name a type; did you mean ‘streambuf’?
  const streamsize __prec = __io.precision() < 0 ? 6 : __io.precision();
        ^~~~~~~~~~
        streambuf
/cvmfs/juno.ihep.ac.cn/centos7_amd64_gcc830/contrib/gcc/8.3.0/include/c++/8.3.0/bits/locale_facets.tcc:1006:14: error: ‘__prec’ was not declared in this scope
      __fbuf, __prec, __v);
              ^~~~~~
/cvmfs/juno.ihep.ac.cn/centos7_amd64_gcc830/contrib/gcc/8.3.0/include/c++/8.3.0/bits/locale_facets.tcc:1006:14: note: suggested alternative: ‘__erfc’
      __fbuf, __prec, __v);
              ^~~~~~
              __erfc
/cvmfs/juno.ihep.ac.cn/centos7_amd64_gcc830/contrib/gcc/8.3.0/include/c++/8.3.0/bits/locale_facets.tcc:1018:18: error: ‘__prec’ was not declared in this scope
          __fbuf, __prec, __v);
                  ^~~~~~
/cvmfs/juno.ihep.ac.cn/centos7_amd64_gcc830/contrib/gcc/8.3.0/include/c++/8.3.0/bits/locale_facets.tcc:1018:18: note: suggested alternative: ‘__erfc’
          __fbuf, __prec, __v);
                  ^~~~~~
                  __erfc
/cvmfs/juno.ihep.ac.cn/centos7_amd64_gcc830/contrib/gcc/8.3.0/include/c++/8.3.0/bits/locale_facets.tcc:1071:6: error: ‘streamsize’ was not declared in this scope
      streamsize __off = 0;
      ^~~~~~~~~~
/cvmfs/juno.ihep.ac.cn/centos7_amd64_gcc830/contrib/gcc/8.3.0/include/c++/8.3.0/bits/locale_facets.tcc:1071:6: note: suggested alternative: ‘streambuf’
      streamsize __off = 0;
      ^~~~~~~~~~
      streambuf
/cvmfs/juno.ihep.ac.cn/centos7_amd64_gcc830/contrib/gcc/8.3.0/include/c++/8.3.0/bits/locale_facets.tcc:1074:3: error: ‘__off’ was not declared in this scope
   __off = 1;
   ^~~~~
/cvmfs/juno.ihep.ac.cn/centos7_amd64_gcc830/contrib/gcc/8.3.0/include/c++/8.3.0/bits/locale_facets.tcc:1074:3: note: suggested alternative: ‘__or_’
   __off = 1;
   ^~~~~
   __or_
/cvmfs/juno.ihep.ac.cn/centos7_amd64_gcc830/contrib/gcc/8.3.0/include/c++/8.3.0/bits/locale_facets.tcc:1080:45: error: ‘__off’ was not declared in this scope
       __lc->_M_thousands_sep, __wp, __ws2 + __off,
                                             ^~~~~
/cvmfs/juno.ihep.ac.cn/centos7_amd64_gcc830/contrib/gcc/8.3.0/include/c++/8.3.0/bits/locale_facets.tcc:1080:45: note: suggested alternative: ‘__or_’
       __lc->_M_thousands_sep, __wp, __ws2 + __off,
                                             ^~~~~
                                             __or_
/cvmfs/juno.ihep.ac.cn/centos7_amd64_gcc830/contrib/gcc/8.3.0/include/c++/8.3.0/bits/locale_facets.tcc:1088:8: error: ‘streamsize’ does not name a type; did you mean ‘streambuf’?
  const streamsize __w = __io.width();
        ^~~~~~~~~~
        streambuf
/cvmfs/juno.ihep.ac.cn/centos7_amd64_gcc830/contrib/gcc/8.3.0/include/c++/8.3.0/bits/locale_facets.tcc:1089:6: error: ‘__w’ was not declared in this scope
  if (__w > static_cast<streamsize>(__len))
      ^~~
/cvmfs/juno.ihep.ac.cn/centos7_amd64_gcc830/contrib/gcc/8.3.0/include/c++/8.3.0/bits/locale_facets.tcc:1089:6: note: suggested alternative: ‘__p’
  if (__w > static_cast<streamsize>(__len))
      ^~~
      __p
/cvmfs/juno.ihep.ac.cn/centos7_amd64_gcc830/contrib/gcc/8.3.0/include/c++/8.3.0/bits/locale_facets.tcc:1089:24: error: ‘streamsize’ does not name a type; did you mean ‘streambuf’?
  if (__w > static_cast<streamsize>(__len))
                        ^~~~~~~~~~
                        streambuf
/cvmfs/juno.ihep.ac.cn/centos7_amd64_gcc830/contrib/gcc/8.3.0/include/c++/8.3.0/bits/locale_facets.tcc:1096:7: error: ‘class std::ios_base’ has no member named ‘width’
  __io.width(0);
       ^~~~~
/cvmfs/juno.ihep.ac.cn/centos7_amd64_gcc830/contrib/gcc/8.3.0/include/c++/8.3.0/bits/locale_facets.tcc: In member function ‘virtual _OutIter std::num_put<_CharT, _OutIter>::do_put(std::num_put<_CharT, _OutIter>::iter_type, std::ios_base&, std::num_put<_CharT, _OutIter>::char_type, bool) const’:
/cvmfs/juno.ihep.ac.cn/centos7_amd64_gcc830/contrib/gcc/8.3.0/include/c++/8.3.0/bits/locale_facets.tcc:1126:10: error: ‘streamsize’ does not name a type; did you mean ‘streambuf’?
    const streamsize __w = __io.width();
          ^~~~~~~~~~
          streambuf
/cvmfs/juno.ihep.ac.cn/centos7_amd64_gcc830/contrib/gcc/8.3.0/include/c++/8.3.0/bits/locale_facets.tcc:1127:8: error: ‘__w’ was not declared in this scope
    if (__w > static_cast<streamsize>(__len))
        ^~~
/cvmfs/juno.ihep.ac.cn/centos7_amd64_gcc830/contrib/gcc/8.3.0/include/c++/8.3.0/bits/locale_facets.tcc:1127:8: note: suggested alternative: ‘__s’
    if (__w > static_cast<streamsize>(__len))
        ^~~
        __s
/cvmfs/juno.ihep.ac.cn/centos7_amd64_gcc830/contrib/gcc/8.3.0/include/c++/8.3.0/bits/locale_facets.tcc:1127:26: error: ‘streamsize’ does not name a type; did you mean ‘streambuf’?
    if (__w > static_cast<streamsize>(__len))
                          ^~~~~~~~~~
                          streambuf
/cvmfs/juno.ihep.ac.cn/centos7_amd64_gcc830/contrib/gcc/8.3.0/include/c++/8.3.0/bits/locale_facets.tcc:1129:14: error: ‘streamsize’ does not name a type; did you mean ‘streambuf’?
        const streamsize __plen = __w - __len;
              ^~~~~~~~~~
              streambuf
/cvmfs/juno.ihep.ac.cn/centos7_amd64_gcc830/contrib/gcc/8.3.0/include/c++/8.3.0/bits/locale_facets.tcc:1132:10: error: ‘__plen’ was not declared in this scope
        * __plen));
          ^~~~~~
/cvmfs/juno.ihep.ac.cn/centos7_amd64_gcc830/contrib/gcc/8.3.0/include/c++/8.3.0/bits/locale_facets.tcc:1132:10: note: suggested alternative: ‘__len’
        * __plen));
          ^~~~~~
          __len
/cvmfs/juno.ihep.ac.cn/centos7_amd64_gcc830/contrib/gcc/8.3.0/include/c++/8.3.0/bits/locale_facets.tcc:1135:13: error: ‘class std::ios_base’ has no member named ‘width’
        __io.width(0);
             ^~~~~
/cvmfs/juno.ihep.ac.cn/centos7_amd64_gcc830/contrib/gcc/8.3.0/include/c++/8.3.0/bits/locale_facets.tcc:1149:9: error: ‘class std::ios_base’ has no member named ‘width’
    __io.width(0);
         ^~~~~
/cvmfs/juno.ihep.ac.cn/centos7_amd64_gcc830/contrib/gcc/8.3.0/include/c++/8.3.0/bits/locale_facets.tcc: At global scope:
/cvmfs/juno.ihep.ac.cn/centos7_amd64_gcc830/contrib/gcc/8.3.0/include/c++/8.3.0/bits/locale_facets.tcc:1210:8: error: ‘streamsize’ has not been declared
        streamsize __newlen, streamsize __oldlen)
        ^~~~~~~~~~
/cvmfs/juno.ihep.ac.cn/centos7_amd64_gcc830/contrib/gcc/8.3.0/include/c++/8.3.0/bits/locale_facets.tcc:1210:29: error: ‘streamsize’ has not been declared
        streamsize __newlen, streamsize __oldlen)
                             ^~~~~~~~~~
In file included from /cvmfs/juno.ihep.ac.cn/centos7_amd64_gcc830/contrib/gcc/8.3.0/include/c++/8.3.0/iterator:64,
                 from /cvmfs/juno.ihep.ac.cn/centos7_amd64_gcc830/Pre-Release/J20v1r0-Pre2/ExternalLibs/ROOT/6.20.02/include/ROOT/RWrap_libcpp_string_view.h:42,
                 from /cvmfs/juno.ihep.ac.cn/centos7_amd64_gcc830/Pre-Release/J20v1r0-Pre2/ExternalLibs/ROOT/6.20.02/include/ROOT/RStringView.hxx:26,
                 from /cvmfs/juno.ihep.ac.cn/centos7_amd64_gcc830/Pre-Release/J20v1r0-Pre2/ExternalLibs/ROOT/6.20.02/include/TString.h:28,
                 from /cvmfs/juno.ihep.ac.cn/centos7_amd64_gcc830/Pre-Release/J20v1r0-Pre2/ExternalLibs/ROOT/6.20.02/include/TNamed.h:26,
                 from /cvmfs/juno.ihep.ac.cn/centos7_amd64_gcc830/Pre-Release/J20v1r0-Pre2/ExternalLibs/ROOT/6.20.02/include/TDictionary.h:44,
                 from /cvmfs/juno.ihep.ac.cn/centos7_amd64_gcc830/Pre-Release/J20v1r0-Pre2/ExternalLibs/ROOT/6.20.02/include/TDataType.h:25,
                 from /cvmfs/juno.ihep.ac.cn/centos7_amd64_gcc830/Pre-Release/J20v1r0-Pre2/ExternalLibs/ROOT/6.20.02/include/TBuffer.h:24,
                 from /cvmfs/juno.ihep.ac.cn/centos7_amd64_gcc830/Pre-Release/J20v1r0-Pre2/ExternalLibs/ROOT/6.20.02/include/TDirectory.h:24,
                 from /cvmfs/juno.ihep.ac.cn/centos7_amd64_gcc830/Pre-Release/J20v1r0-Pre2/ExternalLibs/ROOT/6.20.02/include/TDirectoryFile.h:25,
                 from /cvmfs/juno.ihep.ac.cn/centos7_amd64_gcc830/Pre-Release/J20v1r0-Pre2/ExternalLibs/ROOT/6.20.02/include/TFile.h:27,
                 from /dybfs/users/xuhangkun/SimTAO/analysis/calibrate/include/RunData.h:44,
                 from /dybfs/users/xuhangkun/SimTAO/analysis/calibrate/include/TAORunData.h:44,
                 from /dybfs/users/xuhangkun/SimTAO/analysis/calibrate/src/NonLinearCalibration.cpp:2:
/cvmfs/juno.ihep.ac.cn/centos7_amd64_gcc830/contrib/gcc/8.3.0/include/c++/8.3.0/ostream:311:38: error: ‘streamsize’ has not been declared
       _M_write(const char_type* __s, streamsize __n)
                                      ^~~~~~~~~~
/cvmfs/juno.ihep.ac.cn/centos7_amd64_gcc830/contrib/gcc/8.3.0/include/c++/8.3.0/ostream:335:35: error: ‘streamsize’ has not been declared
       write(const char_type* __s, streamsize __n);
                                   ^~~~~~~~~~
/cvmfs/juno.ihep.ac.cn/centos7_amd64_gcc830/contrib/gcc/8.3.0/include/c++/8.3.0/ostream: In member function ‘void std::basic_ostream<_CharT, _Traits>::_M_write(const char_type*, int)’:
/cvmfs/juno.ihep.ac.cn/centos7_amd64_gcc830/contrib/gcc/8.3.0/include/c++/8.3.0/ostream:313:8: error: ‘streamsize’ does not name a type; did you mean ‘streambuf’?
  const streamsize __put = this->rdbuf()->sputn(__s, __n);
        ^~~~~~~~~~
        streambuf
/cvmfs/juno.ihep.ac.cn/centos7_amd64_gcc830/contrib/gcc/8.3.0/include/c++/8.3.0/ostream:314:6: error: ‘__put’ was not declared in this scope
  if (__put != __n)
      ^~~~~
/cvmfs/juno.ihep.ac.cn/centos7_amd64_gcc830/contrib/gcc/8.3.0/include/c++/8.3.0/ostream:314:6: note: suggested alternative: ‘put’
  if (__put != __n)
      ^~~~~
      put
/cvmfs/juno.ihep.ac.cn/centos7_amd64_gcc830/contrib/gcc/8.3.0/include/c++/8.3.0/ostream: In function ‘std::basic_ostream<_CharT, _Traits>& std::operator<<(std::basic_ostream<_CharT, _Traits>&, const _CharT*)’:
/cvmfs/juno.ihep.ac.cn/centos7_amd64_gcc830/contrib/gcc/8.3.0/include/c++/8.3.0/ostream:545:17: error: ‘streamsize’ does not name a type; did you mean ‘streambuf’?
     static_cast<streamsize>(_Traits::length(__s)));
                 ^~~~~~~~~~
                 streambuf
/cvmfs/juno.ihep.ac.cn/centos7_amd64_gcc830/contrib/gcc/8.3.0/include/c++/8.3.0/ostream: In function ‘std::basic_ostream<char, _Traits>& std::operator<<(std::basic_ostream<char, _Traits>&, const char*)’:
/cvmfs/juno.ihep.ac.cn/centos7_amd64_gcc830/contrib/gcc/8.3.0/include/c++/8.3.0/ostream:562:17: error: ‘streamsize’ does not name a type; did you mean ‘streambuf’?
     static_cast<streamsize>(_Traits::length(__s)));
                 ^~~~~~~~~~
                 streambuf
In file included from /cvmfs/juno.ihep.ac.cn/centos7_amd64_gcc830/contrib/gcc/8.3.0/include/c++/8.3.0/ostream:693,
                 from /cvmfs/juno.ihep.ac.cn/centos7_amd64_gcc830/contrib/gcc/8.3.0/include/c++/8.3.0/iterator:64,
                 from /cvmfs/juno.ihep.ac.cn/centos7_amd64_gcc830/Pre-Release/J20v1r0-Pre2/ExternalLibs/ROOT/6.20.02/include/ROOT/RWrap_libcpp_string_view.h:42,
                 from /cvmfs/juno.ihep.ac.cn/centos7_amd64_gcc830/Pre-Release/J20v1r0-Pre2/ExternalLibs/ROOT/6.20.02/include/ROOT/RStringView.hxx:26,
                 from /cvmfs/juno.ihep.ac.cn/centos7_amd64_gcc830/Pre-Release/J20v1r0-Pre2/ExternalLibs/ROOT/6.20.02/include/TString.h:28,
                 from /cvmfs/juno.ihep.ac.cn/centos7_amd64_gcc830/Pre-Release/J20v1r0-Pre2/ExternalLibs/ROOT/6.20.02/include/TNamed.h:26,
                 from /cvmfs/juno.ihep.ac.cn/centos7_amd64_gcc830/Pre-Release/J20v1r0-Pre2/ExternalLibs/ROOT/6.20.02/include/TDictionary.h:44,
                 from /cvmfs/juno.ihep.ac.cn/centos7_amd64_gcc830/Pre-Release/J20v1r0-Pre2/ExternalLibs/ROOT/6.20.02/include/TDataType.h:25,
                 from /cvmfs/juno.ihep.ac.cn/centos7_amd64_gcc830/Pre-Release/J20v1r0-Pre2/ExternalLibs/ROOT/6.20.02/include/TBuffer.h:24,
                 from /cvmfs/juno.ihep.ac.cn/centos7_amd64_gcc830/Pre-Release/J20v1r0-Pre2/ExternalLibs/ROOT/6.20.02/include/TDirectory.h:24,
                 from /cvmfs/juno.ihep.ac.cn/centos7_amd64_gcc830/Pre-Release/J20v1r0-Pre2/ExternalLibs/ROOT/6.20.02/include/TDirectoryFile.h:25,
                 from /cvmfs/juno.ihep.ac.cn/centos7_amd64_gcc830/Pre-Release/J20v1r0-Pre2/ExternalLibs/ROOT/6.20.02/include/TFile.h:27,
                 from /dybfs/users/xuhangkun/SimTAO/analysis/calibrate/include/RunData.h:44,
                 from /dybfs/users/xuhangkun/SimTAO/analysis/calibrate/include/TAORunData.h:44,
                 from /dybfs/users/xuhangkun/SimTAO/analysis/calibrate/src/NonLinearCalibration.cpp:2:
/cvmfs/juno.ihep.ac.cn/centos7_amd64_gcc830/contrib/gcc/8.3.0/include/c++/8.3.0/bits/ostream.tcc: At global scope:
/cvmfs/juno.ihep.ac.cn/centos7_amd64_gcc830/contrib/gcc/8.3.0/include/c++/8.3.0/bits/ostream.tcc:183:30: error: ‘streamsize’ has not been declared
     write(const _CharT* __s, streamsize __n)
                              ^~~~~~~~~~
In file included from /cvmfs/juno.ihep.ac.cn/centos7_amd64_gcc830/contrib/gcc/8.3.0/include/c++/8.3.0/iterator:65,
                 from /cvmfs/juno.ihep.ac.cn/centos7_amd64_gcc830/Pre-Release/J20v1r0-Pre2/ExternalLibs/ROOT/6.20.02/include/ROOT/RWrap_libcpp_string_view.h:42,
                 from /cvmfs/juno.ihep.ac.cn/centos7_amd64_gcc830/Pre-Release/J20v1r0-Pre2/ExternalLibs/ROOT/6.20.02/include/ROOT/RStringView.hxx:26,
                 from /cvmfs/juno.ihep.ac.cn/centos7_amd64_gcc830/Pre-Release/J20v1r0-Pre2/ExternalLibs/ROOT/6.20.02/include/TString.h:28,
                 from /cvmfs/juno.ihep.ac.cn/centos7_amd64_gcc830/Pre-Release/J20v1r0-Pre2/ExternalLibs/ROOT/6.20.02/include/TNamed.h:26,
                 from /cvmfs/juno.ihep.ac.cn/centos7_amd64_gcc830/Pre-Release/J20v1r0-Pre2/ExternalLibs/ROOT/6.20.02/include/TDictionary.h:44,
                 from /cvmfs/juno.ihep.ac.cn/centos7_amd64_gcc830/Pre-Release/J20v1r0-Pre2/ExternalLibs/ROOT/6.20.02/include/TDataType.h:25,
                 from /cvmfs/juno.ihep.ac.cn/centos7_amd64_gcc830/Pre-Release/J20v1r0-Pre2/ExternalLibs/ROOT/6.20.02/include/TBuffer.h:24,
                 from /cvmfs/juno.ihep.ac.cn/centos7_amd64_gcc830/Pre-Release/J20v1r0-Pre2/ExternalLibs/ROOT/6.20.02/include/TDirectory.h:24,
                 from /cvmfs/juno.ihep.ac.cn/centos7_amd64_gcc830/Pre-Release/J20v1r0-Pre2/ExternalLibs/ROOT/6.20.02/include/TDirectoryFile.h:25,
                 from /cvmfs/juno.ihep.ac.cn/centos7_amd64_gcc830/Pre-Release/J20v1r0-Pre2/ExternalLibs/ROOT/6.20.02/include/TFile.h:27,
                 from /dybfs/users/xuhangkun/SimTAO/analysis/calibrate/include/RunData.h:44,
                 from /dybfs/users/xuhangkun/SimTAO/analysis/calibrate/include/TAORunData.h:44,
                 from /dybfs/users/xuhangkun/SimTAO/analysis/calibrate/src/NonLinearCalibration.cpp:2:
/cvmfs/juno.ihep.ac.cn/centos7_amd64_gcc830/contrib/gcc/8.3.0/include/c++/8.3.0/istream:82:7: error: ‘streamsize’ does not name a type; did you mean ‘streambuf’?
       streamsize   _M_gcount;
       ^~~~~~~~~~
       streambuf
/cvmfs/juno.ihep.ac.cn/centos7_amd64_gcc830/contrib/gcc/8.3.0/include/c++/8.3.0/istream:268:7: error: ‘streamsize’ does not name a type; did you mean ‘streambuf’?
       streamsize
       ^~~~~~~~~~
       streambuf
/cvmfs/juno.ihep.ac.cn/centos7_amd64_gcc830/contrib/gcc/8.3.0/include/c++/8.3.0/istream:343:27: error: ‘streamsize’ has not been declared
       get(char_type* __s, streamsize __n, char_type __delim);
                           ^~~~~~~~~~
/cvmfs/juno.ihep.ac.cn/centos7_amd64_gcc830/contrib/gcc/8.3.0/include/c++/8.3.0/istream:354:27: error: ‘streamsize’ has not been declared
       get(char_type* __s, streamsize __n)
                           ^~~~~~~~~~
/cvmfs/juno.ihep.ac.cn/centos7_amd64_gcc830/contrib/gcc/8.3.0/include/c++/8.3.0/istream:416:31: error: ‘streamsize’ has not been declared
       getline(char_type* __s, streamsize __n, char_type __delim);
                               ^~~~~~~~~~
/cvmfs/juno.ihep.ac.cn/centos7_amd64_gcc830/contrib/gcc/8.3.0/include/c++/8.3.0/istream:427:31: error: ‘streamsize’ has not been declared
       getline(char_type* __s, streamsize __n)
                               ^~~~~~~~~~
/cvmfs/juno.ihep.ac.cn/centos7_amd64_gcc830/contrib/gcc/8.3.0/include/c++/8.3.0/istream:451:7: error: expected ‘;’ at end of member declaration
       ignore(streamsize __n, int_type __delim);
       ^~~~~~
             ;
/cvmfs/juno.ihep.ac.cn/centos7_amd64_gcc830/contrib/gcc/8.3.0/include/c++/8.3.0/istream:451:24: error: expected ‘)’ before ‘__n’
       ignore(streamsize __n, int_type __delim);
             ~          ^~~~
                        )
/cvmfs/juno.ihep.ac.cn/centos7_amd64_gcc830/contrib/gcc/8.3.0/include/c++/8.3.0/istream:454:7: error: expected ‘;’ at end of member declaration
       ignore(streamsize __n);
       ^~~~~~
             ;
/cvmfs/juno.ihep.ac.cn/centos7_amd64_gcc830/contrib/gcc/8.3.0/include/c++/8.3.0/istream:454:14: error: redeclaration of ‘std::basic_istream<_CharT, _Traits>::__istream_type& std::basic_istream<_CharT, _Traits>::ignore’
       ignore(streamsize __n);
              ^~~~~~~~~~
/cvmfs/juno.ihep.ac.cn/centos7_amd64_gcc830/contrib/gcc/8.3.0/include/c++/8.3.0/istream:451:14: note: previous declaration ‘std::basic_istream<_CharT, _Traits>::__istream_type& std::basic_istream<_CharT, _Traits>::ignore’
       ignore(streamsize __n, int_type __delim);
              ^~~~~~~~~~
/cvmfs/juno.ihep.ac.cn/centos7_amd64_gcc830/contrib/gcc/8.3.0/include/c++/8.3.0/istream:454:24: error: expected ‘)’ before ‘__n’
       ignore(streamsize __n);
             ~          ^~~~
                        )
/cvmfs/juno.ihep.ac.cn/centos7_amd64_gcc830/contrib/gcc/8.3.0/include/c++/8.3.0/istream:457:14: error: ‘std::basic_istream<_CharT, _Traits>::__istream_type& std::basic_istream<_CharT, _Traits>::ignore()’ conflicts with a previous declaration
       ignore();
              ^
/cvmfs/juno.ihep.ac.cn/centos7_amd64_gcc830/contrib/gcc/8.3.0/include/c++/8.3.0/istream:451:14: note: previous declaration ‘std::basic_istream<_CharT, _Traits>::__istream_type& std::basic_istream<_CharT, _Traits>::ignore’
       ignore(streamsize __n, int_type __delim);
              ^~~~~~~~~~
/cvmfs/juno.ihep.ac.cn/centos7_amd64_gcc830/contrib/gcc/8.3.0/include/c++/8.3.0/istream:486:28: error: ‘streamsize’ has not been declared
       read(char_type* __s, streamsize __n);
                            ^~~~~~~~~~
/cvmfs/juno.ihep.ac.cn/centos7_amd64_gcc830/contrib/gcc/8.3.0/include/c++/8.3.0/istream:504:7: error: ‘streamsize’ does not name a type; did you mean ‘streambuf’?
       streamsize
       ^~~~~~~~~~
       streambuf
/cvmfs/juno.ihep.ac.cn/centos7_amd64_gcc830/contrib/gcc/8.3.0/include/c++/8.3.0/istream: In constructor ‘std::basic_istream<_CharT, _Traits>::basic_istream(std::basic_istream<_CharT, _Traits>::__streambuf_type*)’:
/cvmfs/juno.ihep.ac.cn/centos7_amd64_gcc830/contrib/gcc/8.3.0/include/c++/8.3.0/istream:94:9: error: class ‘std::basic_istream<_CharT, _Traits>’ does not have any field named ‘_M_gcount’
       : _M_gcount(streamsize(0))
         ^~~~~~~~~
/cvmfs/juno.ihep.ac.cn/centos7_amd64_gcc830/contrib/gcc/8.3.0/include/c++/8.3.0/istream:94:19: error: there are no arguments to ‘streamsize’ that depend on a template parameter, so a declaration of ‘streamsize’ must be available [-fpermissive]
       : _M_gcount(streamsize(0))
                   ^~~~~~~~~~
/cvmfs/juno.ihep.ac.cn/centos7_amd64_gcc830/contrib/gcc/8.3.0/include/c++/8.3.0/istream:94:19: note: (if you use ‘-fpermissive’, G++ will accept your code, but allowing the use of an undeclared name is deprecated)
/cvmfs/juno.ihep.ac.cn/centos7_amd64_gcc830/contrib/gcc/8.3.0/include/c++/8.3.0/istream: In destructor ‘virtual std::basic_istream<_CharT, _Traits>::~basic_istream()’:
/cvmfs/juno.ihep.ac.cn/centos7_amd64_gcc830/contrib/gcc/8.3.0/include/c++/8.3.0/istream:104:9: error: ‘_M_gcount’ was not declared in this scope
       { _M_gcount = streamsize(0); }
         ^~~~~~~~~
/cvmfs/juno.ihep.ac.cn/centos7_amd64_gcc830/contrib/gcc/8.3.0/include/c++/8.3.0/istream:104:9: note: suggested alternative: ‘_S_out’
       { _M_gcount = streamsize(0); }
         ^~~~~~~~~
         _S_out
/cvmfs/juno.ihep.ac.cn/centos7_amd64_gcc830/contrib/gcc/8.3.0/include/c++/8.3.0/istream:104:21: error: there are no arguments to ‘streamsize’ that depend on a template parameter, so a declaration of ‘streamsize’ must be available [-fpermissive]
       { _M_gcount = streamsize(0); }
                     ^~~~~~~~~~
/cvmfs/juno.ihep.ac.cn/centos7_amd64_gcc830/contrib/gcc/8.3.0/include/c++/8.3.0/istream: In constructor ‘std::basic_istream<_CharT, _Traits>::basic_istream()’:
/cvmfs/juno.ihep.ac.cn/centos7_amd64_gcc830/contrib/gcc/8.3.0/include/c++/8.3.0/istream:607:9: error: class ‘std::basic_istream<_CharT, _Traits>’ does not have any field named ‘_M_gcount’
       : _M_gcount(streamsize(0))
         ^~~~~~~~~
/cvmfs/juno.ihep.ac.cn/centos7_amd64_gcc830/contrib/gcc/8.3.0/include/c++/8.3.0/istream:607:19: error: there are no arguments to ‘streamsize’ that depend on a template parameter, so a declaration of ‘streamsize’ must be available [-fpermissive]
       : _M_gcount(streamsize(0))
                   ^~~~~~~~~~
/cvmfs/juno.ihep.ac.cn/centos7_amd64_gcc830/contrib/gcc/8.3.0/include/c++/8.3.0/istream: In constructor ‘std::basic_istream<_CharT, _Traits>::basic_istream(std::basic_istream<_CharT, _Traits>&&)’:
/cvmfs/juno.ihep.ac.cn/centos7_amd64_gcc830/contrib/gcc/8.3.0/include/c++/8.3.0/istream:614:23: error: class ‘std::basic_istream<_CharT, _Traits>’ does not have any field named ‘_M_gcount’
       : __ios_type(), _M_gcount(__rhs._M_gcount)
                       ^~~~~~~~~
/cvmfs/juno.ihep.ac.cn/centos7_amd64_gcc830/contrib/gcc/8.3.0/include/c++/8.3.0/istream: In member function ‘void std::basic_istream<_CharT, _Traits>::swap(std::basic_istream<_CharT, _Traits>&)’:
/cvmfs/juno.ihep.ac.cn/centos7_amd64_gcc830/contrib/gcc/8.3.0/include/c++/8.3.0/istream:635:12: error: ‘_M_gcount’ was not declared in this scope
  std::swap(_M_gcount, __rhs._M_gcount);
            ^~~~~~~~~
/cvmfs/juno.ihep.ac.cn/centos7_amd64_gcc830/contrib/gcc/8.3.0/include/c++/8.3.0/istream:635:12: note: suggested alternative: ‘_S_out’
  std::swap(_M_gcount, __rhs._M_gcount);
            ^~~~~~~~~
            _S_out
/cvmfs/juno.ihep.ac.cn/centos7_amd64_gcc830/contrib/gcc/8.3.0/include/c++/8.3.0/istream: At global scope:
/cvmfs/juno.ihep.ac.cn/centos7_amd64_gcc830/contrib/gcc/8.3.0/include/c++/8.3.0/istream:648:29: error: ‘streamsize’ has not been declared
     getline(char_type* __s, streamsize __n, char_type __delim);
                             ^~~~~~~~~~
/cvmfs/juno.ihep.ac.cn/centos7_amd64_gcc830/contrib/gcc/8.3.0/include/c++/8.3.0/istream:653:12: error: ‘std::basic_istream<char>& std::basic_istream<char>::ignore’ is not a static data member of ‘class std::basic_istream<char>’
     ignore(streamsize __n);
            ^~~~~~~~~~
/cvmfs/juno.ihep.ac.cn/centos7_amd64_gcc830/contrib/gcc/8.3.0/include/c++/8.3.0/istream:653:12: error: ‘streamsize’ was not declared in this scope
/cvmfs/juno.ihep.ac.cn/centos7_amd64_gcc830/contrib/gcc/8.3.0/include/c++/8.3.0/istream:653:12: note: suggested alternative: ‘streampos’
     ignore(streamsize __n);
            ^~~~~~~~~~
            streampos
/cvmfs/juno.ihep.ac.cn/centos7_amd64_gcc830/contrib/gcc/8.3.0/include/c++/8.3.0/istream:658:12: error: ‘std::basic_istream<char>& std::basic_istream<char>::ignore’ is not a static data member of ‘class std::basic_istream<char>’
     ignore(streamsize __n, int_type __delim);
            ^~~~~~~~~~
/cvmfs/juno.ihep.ac.cn/centos7_amd64_gcc830/contrib/gcc/8.3.0/include/c++/8.3.0/istream:658:12: error: ‘streamsize’ was not declared in this scope
/cvmfs/juno.ihep.ac.cn/centos7_amd64_gcc830/contrib/gcc/8.3.0/include/c++/8.3.0/istream:658:12: note: suggested alternative: ‘streampos’
     ignore(streamsize __n, int_type __delim);
            ^~~~~~~~~~
            streampos
/cvmfs/juno.ihep.ac.cn/centos7_amd64_gcc830/contrib/gcc/8.3.0/include/c++/8.3.0/istream:658:37: error: expected primary-expression before ‘__delim’
     ignore(streamsize __n, int_type __delim);
                                     ^~~~~~~
/cvmfs/juno.ihep.ac.cn/centos7_amd64_gcc830/contrib/gcc/8.3.0/include/c++/8.3.0/istream:658:44: error: expression list treated as compound expression in initializer [-fpermissive]
     ignore(streamsize __n, int_type __delim);
                                            ^
/cvmfs/juno.ihep.ac.cn/centos7_amd64_gcc830/contrib/gcc/8.3.0/include/c++/8.3.0/istream:664:29: error: ‘streamsize’ has not been declared
     getline(char_type* __s, streamsize __n, char_type __delim);
                             ^~~~~~~~~~
/cvmfs/juno.ihep.ac.cn/centos7_amd64_gcc830/contrib/gcc/8.3.0/include/c++/8.3.0/istream:669:12: error: ‘std::basic_istream<wchar_t>& std::basic_istream<wchar_t>::ignore’ is not a static data member of ‘class std::basic_istream<wchar_t>’
     ignore(streamsize __n);
            ^~~~~~~~~~
/cvmfs/juno.ihep.ac.cn/centos7_amd64_gcc830/contrib/gcc/8.3.0/include/c++/8.3.0/istream:669:12: error: ‘streamsize’ was not declared in this scope
/cvmfs/juno.ihep.ac.cn/centos7_amd64_gcc830/contrib/gcc/8.3.0/include/c++/8.3.0/istream:669:12: note: suggested alternative: ‘streampos’
     ignore(streamsize __n);
            ^~~~~~~~~~
            streampos
/cvmfs/juno.ihep.ac.cn/centos7_amd64_gcc830/contrib/gcc/8.3.0/include/c++/8.3.0/istream:674:12: error: ‘std::basic_istream<wchar_t>& std::basic_istream<wchar_t>::ignore’ is not a static data member of ‘class std::basic_istream<wchar_t>’
     ignore(streamsize __n, int_type __delim);
            ^~~~~~~~~~
/cvmfs/juno.ihep.ac.cn/centos7_amd64_gcc830/contrib/gcc/8.3.0/include/c++/8.3.0/istream:674:12: error: ‘streamsize’ was not declared in this scope
/cvmfs/juno.ihep.ac.cn/centos7_amd64_gcc830/contrib/gcc/8.3.0/include/c++/8.3.0/istream:674:12: note: suggested alternative: ‘streampos’
     ignore(streamsize __n, int_type __delim);
            ^~~~~~~~~~
            streampos
/cvmfs/juno.ihep.ac.cn/centos7_amd64_gcc830/contrib/gcc/8.3.0/include/c++/8.3.0/istream:674:37: error: expected primary-expression before ‘__delim’
     ignore(streamsize __n, int_type __delim);
                                     ^~~~~~~
/cvmfs/juno.ihep.ac.cn/centos7_amd64_gcc830/contrib/gcc/8.3.0/include/c++/8.3.0/istream:674:44: error: expression list treated as compound expression in initializer [-fpermissive]
     ignore(streamsize __n, int_type __delim);
                                            ^
In file included from /cvmfs/juno.ihep.ac.cn/centos7_amd64_gcc830/contrib/gcc/8.3.0/include/c++/8.3.0/istream:991,
                 from /cvmfs/juno.ihep.ac.cn/centos7_amd64_gcc830/contrib/gcc/8.3.0/include/c++/8.3.0/iterator:65,
                 from /cvmfs/juno.ihep.ac.cn/centos7_amd64_gcc830/Pre-Release/J20v1r0-Pre2/ExternalLibs/ROOT/6.20.02/include/ROOT/RWrap_libcpp_string_view.h:42,
                 from /cvmfs/juno.ihep.ac.cn/centos7_amd64_gcc830/Pre-Release/J20v1r0-Pre2/ExternalLibs/ROOT/6.20.02/include/ROOT/RStringView.hxx:26,
                 from /cvmfs/juno.ihep.ac.cn/centos7_amd64_gcc830/Pre-Release/J20v1r0-Pre2/ExternalLibs/ROOT/6.20.02/include/TString.h:28,
                 from /cvmfs/juno.ihep.ac.cn/centos7_amd64_gcc830/Pre-Release/J20v1r0-Pre2/ExternalLibs/ROOT/6.20.02/include/TNamed.h:26,
                 from /cvmfs/juno.ihep.ac.cn/centos7_amd64_gcc830/Pre-Release/J20v1r0-Pre2/ExternalLibs/ROOT/6.20.02/include/TDictionary.h:44,
                 from /cvmfs/juno.ihep.ac.cn/centos7_amd64_gcc830/Pre-Release/J20v1r0-Pre2/ExternalLibs/ROOT/6.20.02/include/TDataType.h:25,
                 from /cvmfs/juno.ihep.ac.cn/centos7_amd64_gcc830/Pre-Release/J20v1r0-Pre2/ExternalLibs/ROOT/6.20.02/include/TBuffer.h:24,
                 from /cvmfs/juno.ihep.ac.cn/centos7_amd64_gcc830/Pre-Release/J20v1r0-Pre2/ExternalLibs/ROOT/6.20.02/include/TDirectory.h:24,
                 from /cvmfs/juno.ihep.ac.cn/centos7_amd64_gcc830/Pre-Release/J20v1r0-Pre2/ExternalLibs/ROOT/6.20.02/include/TDirectoryFile.h:25,
                 from /cvmfs/juno.ihep.ac.cn/centos7_amd64_gcc830/Pre-Release/J20v1r0-Pre2/ExternalLibs/ROOT/6.20.02/include/TFile.h:27,
                 from /dybfs/users/xuhangkun/SimTAO/analysis/calibrate/include/RunData.h:44,
                 from /dybfs/users/xuhangkun/SimTAO/analysis/calibrate/include/TAORunData.h:44,
                 from /dybfs/users/xuhangkun/SimTAO/analysis/calibrate/src/NonLinearCalibration.cpp:2:
/cvmfs/juno.ihep.ac.cn/centos7_amd64_gcc830/contrib/gcc/8.3.0/include/c++/8.3.0/bits/istream.tcc: In member function ‘std::basic_istream<_CharT, _Traits>::int_type std::basic_istream<_CharT, _Traits>::get()’:
/cvmfs/juno.ihep.ac.cn/centos7_amd64_gcc830/contrib/gcc/8.3.0/include/c++/8.3.0/bits/istream.tcc:248:7: error: ‘_M_gcount’ was not declared in this scope
       _M_gcount = 0;
       ^~~~~~~~~
/cvmfs/juno.ihep.ac.cn/centos7_amd64_gcc830/contrib/gcc/8.3.0/include/c++/8.3.0/bits/istream.tcc:248:7: note: suggested alternative: ‘_S_out’
       _M_gcount = 0;
       ^~~~~~~~~
       _S_out
/cvmfs/juno.ihep.ac.cn/centos7_amd64_gcc830/contrib/gcc/8.3.0/include/c++/8.3.0/bits/istream.tcc: In member function ‘std::basic_istream<_CharT, _Traits>& std::basic_istream<_CharT, _Traits>::get(std::basic_istream<_CharT, _Traits>::char_type&)’:
/cvmfs/juno.ihep.ac.cn/centos7_amd64_gcc830/contrib/gcc/8.3.0/include/c++/8.3.0/bits/istream.tcc:282:7: error: ‘_M_gcount’ was not declared in this scope
       _M_gcount = 0;
       ^~~~~~~~~
/cvmfs/juno.ihep.ac.cn/centos7_amd64_gcc830/contrib/gcc/8.3.0/include/c++/8.3.0/bits/istream.tcc:282:7: note: suggested alternative: ‘_S_out’
       _M_gcount = 0;
       ^~~~~~~~~
       _S_out
/cvmfs/juno.ihep.ac.cn/centos7_amd64_gcc830/contrib/gcc/8.3.0/include/c++/8.3.0/bits/istream.tcc: At global scope:
/cvmfs/juno.ihep.ac.cn/centos7_amd64_gcc830/contrib/gcc/8.3.0/include/c++/8.3.0/bits/istream.tcc:317:25: error: ‘streamsize’ has not been declared
     get(char_type* __s, streamsize __n, char_type __delim)
                         ^~~~~~~~~~
/cvmfs/juno.ihep.ac.cn/centos7_amd64_gcc830/contrib/gcc/8.3.0/include/c++/8.3.0/bits/istream.tcc: In member function ‘std::basic_istream<_CharT, _Traits>& std::basic_istream<_CharT, _Traits>::get(std::basic_istream<_CharT, _Traits>::char_type*, int, std::basic_istream<_CharT, _Traits>::char_type)’:
/cvmfs/juno.ihep.ac.cn/centos7_amd64_gcc830/contrib/gcc/8.3.0/include/c++/8.3.0/bits/istream.tcc:319:7: error: ‘_M_gcount’ was not declared in this scope
       _M_gcount = 0;
       ^~~~~~~~~
/cvmfs/juno.ihep.ac.cn/centos7_amd64_gcc830/contrib/gcc/8.3.0/include/c++/8.3.0/bits/istream.tcc:319:7: note: suggested alternative: ‘_S_out’
       _M_gcount = 0;
       ^~~~~~~~~
       _S_out
/cvmfs/juno.ihep.ac.cn/centos7_amd64_gcc830/contrib/gcc/8.3.0/include/c++/8.3.0/bits/istream.tcc: In member function ‘std::basic_istream<_CharT, _Traits>& std::basic_istream<_CharT, _Traits>::get(std::basic_istream<_CharT, _Traits>::__streambuf_type&, std::basic_istream<_CharT, _Traits>::char_type)’:
/cvmfs/juno.ihep.ac.cn/centos7_amd64_gcc830/contrib/gcc/8.3.0/include/c++/8.3.0/bits/istream.tcc:366:7: error: ‘_M_gcount’ was not declared in this scope
       _M_gcount = 0;
       ^~~~~~~~~
/cvmfs/juno.ihep.ac.cn/centos7_amd64_gcc830/contrib/gcc/8.3.0/include/c++/8.3.0/bits/istream.tcc:366:7: note: suggested alternative: ‘_S_out’
       _M_gcount = 0;
       ^~~~~~~~~
       _S_out
/cvmfs/juno.ihep.ac.cn/centos7_amd64_gcc830/contrib/gcc/8.3.0/include/c++/8.3.0/bits/istream.tcc: At global scope:
/cvmfs/juno.ihep.ac.cn/centos7_amd64_gcc830/contrib/gcc/8.3.0/include/c++/8.3.0/bits/istream.tcc:408:29: error: ‘streamsize’ has not been declared
     getline(char_type* __s, streamsize __n, char_type __delim)
                             ^~~~~~~~~~
/cvmfs/juno.ihep.ac.cn/centos7_amd64_gcc830/contrib/gcc/8.3.0/include/c++/8.3.0/bits/istream.tcc: In member function ‘std::basic_istream<_CharT, _Traits>& std::basic_istream<_CharT, _Traits>::getline(std::basic_istream<_CharT, _Traits>::char_type*, int, std::basic_istream<_CharT, _Traits>::char_type)’:
/cvmfs/juno.ihep.ac.cn/centos7_amd64_gcc830/contrib/gcc/8.3.0/include/c++/8.3.0/bits/istream.tcc:410:7: error: ‘_M_gcount’ was not declared in this scope
       _M_gcount = 0;
       ^~~~~~~~~
/cvmfs/juno.ihep.ac.cn/centos7_amd64_gcc830/contrib/gcc/8.3.0/include/c++/8.3.0/bits/istream.tcc:410:7: note: suggested alternative: ‘_S_out’
       _M_gcount = 0;
       ^~~~~~~~~
       _S_out
/cvmfs/juno.ihep.ac.cn/centos7_amd64_gcc830/contrib/gcc/8.3.0/include/c++/8.3.0/bits/istream.tcc: At global scope:
/cvmfs/juno.ihep.ac.cn/centos7_amd64_gcc830/contrib/gcc/8.3.0/include/c++/8.3.0/bits/istream.tcc:467:5: error: no declaration matches ‘std::basic_istream<_CharT, _Traits>& std::basic_istream<_CharT, _Traits>::ignore()’
     basic_istream<_CharT, _Traits>::
     ^~~~~~~~~~~~~~~~~~~~~~~~~~~~~~
In file included from /cvmfs/juno.ihep.ac.cn/centos7_amd64_gcc830/contrib/gcc/8.3.0/include/c++/8.3.0/iterator:65,
                 from /cvmfs/juno.ihep.ac.cn/centos7_amd64_gcc830/Pre-Release/J20v1r0-Pre2/ExternalLibs/ROOT/6.20.02/include/ROOT/RWrap_libcpp_string_view.h:42,
                 from /cvmfs/juno.ihep.ac.cn/centos7_amd64_gcc830/Pre-Release/J20v1r0-Pre2/ExternalLibs/ROOT/6.20.02/include/ROOT/RStringView.hxx:26,
                 from /cvmfs/juno.ihep.ac.cn/centos7_amd64_gcc830/Pre-Release/J20v1r0-Pre2/ExternalLibs/ROOT/6.20.02/include/TString.h:28,
                 from /cvmfs/juno.ihep.ac.cn/centos7_amd64_gcc830/Pre-Release/J20v1r0-Pre2/ExternalLibs/ROOT/6.20.02/include/TNamed.h:26,
                 from /cvmfs/juno.ihep.ac.cn/centos7_amd64_gcc830/Pre-Release/J20v1r0-Pre2/ExternalLibs/ROOT/6.20.02/include/TDictionary.h:44,
                 from /cvmfs/juno.ihep.ac.cn/centos7_amd64_gcc830/Pre-Release/J20v1r0-Pre2/ExternalLibs/ROOT/6.20.02/include/TDataType.h:25,
                 from /cvmfs/juno.ihep.ac.cn/centos7_amd64_gcc830/Pre-Release/J20v1r0-Pre2/ExternalLibs/ROOT/6.20.02/include/TBuffer.h:24,
                 from /cvmfs/juno.ihep.ac.cn/centos7_amd64_gcc830/Pre-Release/J20v1r0-Pre2/ExternalLibs/ROOT/6.20.02/include/TDirectory.h:24,
                 from /cvmfs/juno.ihep.ac.cn/centos7_amd64_gcc830/Pre-Release/J20v1r0-Pre2/ExternalLibs/ROOT/6.20.02/include/TDirectoryFile.h:25,
                 from /cvmfs/juno.ihep.ac.cn/centos7_amd64_gcc830/Pre-Release/J20v1r0-Pre2/ExternalLibs/ROOT/6.20.02/include/TFile.h:27,
                 from /dybfs/users/xuhangkun/SimTAO/analysis/calibrate/include/RunData.h:44,
                 from /dybfs/users/xuhangkun/SimTAO/analysis/calibrate/include/TAORunData.h:44,
                 from /dybfs/users/xuhangkun/SimTAO/analysis/calibrate/src/NonLinearCalibration.cpp:2:
/cvmfs/juno.ihep.ac.cn/centos7_amd64_gcc830/contrib/gcc/8.3.0/include/c++/8.3.0/istream:451:14: note: candidate is: ‘std::basic_istream<_CharT, _Traits>::__istream_type& std::basic_istream<_CharT, _Traits>::ignore’
       ignore(streamsize __n, int_type __delim);
              ^~~~~~~~~~
/cvmfs/juno.ihep.ac.cn/centos7_amd64_gcc830/contrib/gcc/8.3.0/include/c++/8.3.0/istream:58:11: note: ‘class std::basic_istream<_CharT, _Traits>’ defined here
     class basic_istream : virtual public basic_ios<_CharT, _Traits>
           ^~~~~~~~~~~~~
In file included from /cvmfs/juno.ihep.ac.cn/centos7_amd64_gcc830/contrib/gcc/8.3.0/include/c++/8.3.0/istream:991,
                 from /cvmfs/juno.ihep.ac.cn/centos7_amd64_gcc830/contrib/gcc/8.3.0/include/c++/8.3.0/iterator:65,
                 from /cvmfs/juno.ihep.ac.cn/centos7_amd64_gcc830/Pre-Release/J20v1r0-Pre2/ExternalLibs/ROOT/6.20.02/include/ROOT/RWrap_libcpp_string_view.h:42,
                 from /cvmfs/juno.ihep.ac.cn/centos7_amd64_gcc830/Pre-Release/J20v1r0-Pre2/ExternalLibs/ROOT/6.20.02/include/ROOT/RStringView.hxx:26,
                 from /cvmfs/juno.ihep.ac.cn/centos7_amd64_gcc830/Pre-Release/J20v1r0-Pre2/ExternalLibs/ROOT/6.20.02/include/TString.h:28,
                 from /cvmfs/juno.ihep.ac.cn/centos7_amd64_gcc830/Pre-Release/J20v1r0-Pre2/ExternalLibs/ROOT/6.20.02/include/TNamed.h:26,
                 from /cvmfs/juno.ihep.ac.cn/centos7_amd64_gcc830/Pre-Release/J20v1r0-Pre2/ExternalLibs/ROOT/6.20.02/include/TDictionary.h:44,
                 from /cvmfs/juno.ihep.ac.cn/centos7_amd64_gcc830/Pre-Release/J20v1r0-Pre2/ExternalLibs/ROOT/6.20.02/include/TDataType.h:25,
                 from /cvmfs/juno.ihep.ac.cn/centos7_amd64_gcc830/Pre-Release/J20v1r0-Pre2/ExternalLibs/ROOT/6.20.02/include/TBuffer.h:24,
                 from /cvmfs/juno.ihep.ac.cn/centos7_amd64_gcc830/Pre-Release/J20v1r0-Pre2/ExternalLibs/ROOT/6.20.02/include/TDirectory.h:24,
                 from /cvmfs/juno.ihep.ac.cn/centos7_amd64_gcc830/Pre-Release/J20v1r0-Pre2/ExternalLibs/ROOT/6.20.02/include/TDirectoryFile.h:25,
                 from /cvmfs/juno.ihep.ac.cn/centos7_amd64_gcc830/Pre-Release/J20v1r0-Pre2/ExternalLibs/ROOT/6.20.02/include/TFile.h:27,
                 from /dybfs/users/xuhangkun/SimTAO/analysis/calibrate/include/RunData.h:44,
                 from /dybfs/users/xuhangkun/SimTAO/analysis/calibrate/include/TAORunData.h:44,
                 from /dybfs/users/xuhangkun/SimTAO/analysis/calibrate/src/NonLinearCalibration.cpp:2:
/cvmfs/juno.ihep.ac.cn/centos7_amd64_gcc830/contrib/gcc/8.3.0/include/c++/8.3.0/bits/istream.tcc:501:12: error: ‘std::basic_istream<_CharT, _Traits>& std::basic_istream<_CharT, _Traits>::ignore’ is not a static data member of ‘class std::basic_istream<_CharT, _Traits>’
     ignore(streamsize __n)
            ^~~~~~~~~~
/cvmfs/juno.ihep.ac.cn/centos7_amd64_gcc830/contrib/gcc/8.3.0/include/c++/8.3.0/bits/istream.tcc:501:12: error: template definition of non-template ‘std::basic_istream<_CharT, _Traits>& std::basic_istream<_CharT, _Traits>::ignore’
/cvmfs/juno.ihep.ac.cn/centos7_amd64_gcc830/contrib/gcc/8.3.0/include/c++/8.3.0/bits/istream.tcc:501:12: error: ‘streamsize’ was not declared in this scope
/cvmfs/juno.ihep.ac.cn/centos7_amd64_gcc830/contrib/gcc/8.3.0/include/c++/8.3.0/bits/istream.tcc:501:12: note: suggested alternative: ‘streambuf’
     ignore(streamsize __n)
            ^~~~~~~~~~
            streambuf
/cvmfs/juno.ihep.ac.cn/centos7_amd64_gcc830/contrib/gcc/8.3.0/include/c++/8.3.0/bits/istream.tcc:563:12: error: ‘std::basic_istream<_CharT, _Traits>& std::basic_istream<_CharT, _Traits>::ignore’ is not a static data member of ‘class std::basic_istream<_CharT, _Traits>’
     ignore(streamsize __n, int_type __delim)
            ^~~~~~~~~~
/cvmfs/juno.ihep.ac.cn/centos7_amd64_gcc830/contrib/gcc/8.3.0/include/c++/8.3.0/bits/istream.tcc:563:12: error: template definition of non-template ‘std::basic_istream<_CharT, _Traits>& std::basic_istream<_CharT, _Traits>::ignore’
/cvmfs/juno.ihep.ac.cn/centos7_amd64_gcc830/contrib/gcc/8.3.0/include/c++/8.3.0/bits/istream.tcc:563:12: error: ‘streamsize’ was not declared in this scope
/cvmfs/juno.ihep.ac.cn/centos7_amd64_gcc830/contrib/gcc/8.3.0/include/c++/8.3.0/bits/istream.tcc:563:12: note: suggested alternative: ‘streambuf’
     ignore(streamsize __n, int_type __delim)
            ^~~~~~~~~~
            streambuf
/cvmfs/juno.ihep.ac.cn/centos7_amd64_gcc830/contrib/gcc/8.3.0/include/c++/8.3.0/bits/istream.tcc:563:37: error: expected primary-expression before ‘__delim’
     ignore(streamsize __n, int_type __delim)
                                     ^~~~~~~
/cvmfs/juno.ihep.ac.cn/centos7_amd64_gcc830/contrib/gcc/8.3.0/include/c++/8.3.0/bits/istream.tcc: In member function ‘std::basic_istream<_CharT, _Traits>::int_type std::basic_istream<_CharT, _Traits>::peek()’:
/cvmfs/juno.ihep.ac.cn/centos7_amd64_gcc830/contrib/gcc/8.3.0/include/c++/8.3.0/bits/istream.tcc:631:7: error: ‘_M_gcount’ was not declared in this scope
       _M_gcount = 0;
       ^~~~~~~~~
/cvmfs/juno.ihep.ac.cn/centos7_amd64_gcc830/contrib/gcc/8.3.0/include/c++/8.3.0/bits/istream.tcc:631:7: note: suggested alternative: ‘_S_out’
       _M_gcount = 0;
       ^~~~~~~~~
       _S_out
/cvmfs/juno.ihep.ac.cn/centos7_amd64_gcc830/contrib/gcc/8.3.0/include/c++/8.3.0/bits/istream.tcc: At global scope:
/cvmfs/juno.ihep.ac.cn/centos7_amd64_gcc830/contrib/gcc/8.3.0/include/c++/8.3.0/bits/istream.tcc:658:26: error: ‘streamsize’ has not been declared
     read(char_type* __s, streamsize __n)
                          ^~~~~~~~~~
/cvmfs/juno.ihep.ac.cn/centos7_amd64_gcc830/contrib/gcc/8.3.0/include/c++/8.3.0/bits/istream.tcc: In member function ‘std::basic_istream<_CharT, _Traits>& std::basic_istream<_CharT, _Traits>::read(std::basic_istream<_CharT, _Traits>::char_type*, int)’:
/cvmfs/juno.ihep.ac.cn/centos7_amd64_gcc830/contrib/gcc/8.3.0/include/c++/8.3.0/bits/istream.tcc:660:7: error: ‘_M_gcount’ was not declared in this scope
       _M_gcount = 0;
       ^~~~~~~~~
/cvmfs/juno.ihep.ac.cn/centos7_amd64_gcc830/contrib/gcc/8.3.0/include/c++/8.3.0/bits/istream.tcc:660:7: note: suggested alternative: ‘_S_out’
       _M_gcount = 0;
       ^~~~~~~~~
       _S_out
/cvmfs/juno.ihep.ac.cn/centos7_amd64_gcc830/contrib/gcc/8.3.0/include/c++/8.3.0/bits/istream.tcc: At global scope:
/cvmfs/juno.ihep.ac.cn/centos7_amd64_gcc830/contrib/gcc/8.3.0/include/c++/8.3.0/bits/istream.tcc:685:5: error: ‘streamsize’ does not name a type; did you mean ‘streambuf’?
     streamsize
     ^~~~~~~~~~
     streambuf
/cvmfs/juno.ihep.ac.cn/centos7_amd64_gcc830/contrib/gcc/8.3.0/include/c++/8.3.0/bits/istream.tcc: In member function ‘std::basic_istream<_CharT, _Traits>& std::basic_istream<_CharT, _Traits>::putback(std::basic_istream<_CharT, _Traits>::char_type)’:
/cvmfs/juno.ihep.ac.cn/centos7_amd64_gcc830/contrib/gcc/8.3.0/include/c++/8.3.0/bits/istream.tcc:723:7: error: ‘_M_gcount’ was not declared in this scope
       _M_gcount = 0;
       ^~~~~~~~~
/cvmfs/juno.ihep.ac.cn/centos7_amd64_gcc830/contrib/gcc/8.3.0/include/c++/8.3.0/bits/istream.tcc:723:7: note: suggested alternative: ‘_S_out’
       _M_gcount = 0;
       ^~~~~~~~~
       _S_out
/cvmfs/juno.ihep.ac.cn/centos7_amd64_gcc830/contrib/gcc/8.3.0/include/c++/8.3.0/bits/istream.tcc: In member function ‘std::basic_istream<_CharT, _Traits>& std::basic_istream<_CharT, _Traits>::unget()’:
/cvmfs/juno.ihep.ac.cn/centos7_amd64_gcc830/contrib/gcc/8.3.0/include/c++/8.3.0/bits/istream.tcc:758:7: error: ‘_M_gcount’ was not declared in this scope
       _M_gcount = 0;
       ^~~~~~~~~
/cvmfs/juno.ihep.ac.cn/centos7_amd64_gcc830/contrib/gcc/8.3.0/include/c++/8.3.0/bits/istream.tcc:758:7: note: suggested alternative: ‘_S_out’
       _M_gcount = 0;
       ^~~~~~~~~
       _S_out
/cvmfs/juno.ihep.ac.cn/centos7_amd64_gcc830/contrib/gcc/8.3.0/include/c++/8.3.0/bits/istream.tcc: In function ‘std::basic_istream<_CharT, _Traits>& std::operator>>(std::basic_istream<_CharT, _Traits>&, _CharT2*)’:
/cvmfs/juno.ihep.ac.cn/centos7_amd64_gcc830/contrib/gcc/8.3.0/include/c++/8.3.0/bits/istream.tcc:971:7: error: ‘streamsize’ was not declared in this scope
       streamsize __extracted = 0;
       ^~~~~~~~~~
/cvmfs/juno.ihep.ac.cn/centos7_amd64_gcc830/contrib/gcc/8.3.0/include/c++/8.3.0/bits/istream.tcc:971:7: note: suggested alternative: ‘streambuf’
       streamsize __extracted = 0;
       ^~~~~~~~~~
       streambuf
/cvmfs/juno.ihep.ac.cn/centos7_amd64_gcc830/contrib/gcc/8.3.0/include/c++/8.3.0/bits/istream.tcc:979:18: error: expected ‘;’ before ‘__num’
        streamsize __num = __in.width();
                  ^~~~~~
                  ;
/cvmfs/juno.ihep.ac.cn/centos7_amd64_gcc830/contrib/gcc/8.3.0/include/c++/8.3.0/bits/istream.tcc:980:12: error: ‘__num’ was not declared in this scope
        if (__num <= 0)
            ^~~~~
/cvmfs/juno.ihep.ac.cn/centos7_amd64_gcc830/contrib/gcc/8.3.0/include/c++/8.3.0/bits/istream.tcc:980:12: note: suggested alternative: ‘__nan’
        if (__num <= 0)
            ^~~~~
            __nan
/cvmfs/juno.ihep.ac.cn/centos7_amd64_gcc830/contrib/gcc/8.3.0/include/c++/8.3.0/bits/istream.tcc:981:49: error: type/value mismatch at argument 1 in template parameter list for ‘template<class _Value> struct __gnu_cxx::__numeric_traits’
   __num = __gnu_cxx::__numeric_traits<streamsize>::__max;
                                                 ^
/cvmfs/juno.ihep.ac.cn/centos7_amd64_gcc830/contrib/gcc/8.3.0/include/c++/8.3.0/bits/istream.tcc:981:49: note:   expected a type, got ‘streamsize’
/cvmfs/juno.ihep.ac.cn/centos7_amd64_gcc830/contrib/gcc/8.3.0/include/c++/8.3.0/bits/istream.tcc:989:15: error: ‘__extracted’ was not declared in this scope
        while (__extracted < __num - 1
               ^~~~~~~~~~~
/cvmfs/juno.ihep.ac.cn/centos7_amd64_gcc830/contrib/gcc/8.3.0/include/c++/8.3.0/bits/istream.tcc:989:15: note: suggested alternative: ‘__nextafter’
        while (__extracted < __num - 1
               ^~~~~~~~~~~
               __nextafter
/cvmfs/juno.ihep.ac.cn/centos7_amd64_gcc830/contrib/gcc/8.3.0/include/c++/8.3.0/bits/istream.tcc:989:29: error: ‘__num’ was not declared in this scope
        while (__extracted < __num - 1
                             ^~~~~
/cvmfs/juno.ihep.ac.cn/centos7_amd64_gcc830/contrib/gcc/8.3.0/include/c++/8.3.0/bits/istream.tcc:989:29: note: suggested alternative: ‘__nan’
        while (__extracted < __num - 1
                             ^~~~~
                             __nan
/cvmfs/juno.ihep.ac.cn/centos7_amd64_gcc830/contrib/gcc/8.3.0/include/c++/8.3.0/bits/istream.tcc:1014:12: error: ‘__extracted’ was not declared in this scope
       if (!__extracted)
            ^~~~~~~~~~~
/cvmfs/juno.ihep.ac.cn/centos7_amd64_gcc830/contrib/gcc/8.3.0/include/c++/8.3.0/bits/istream.tcc:1014:12: note: suggested alternative: ‘__nextafter’
       if (!__extracted)
            ^~~~~~~~~~~
            __nextafter
In file included from /cvmfs/juno.ihep.ac.cn/centos7_amd64_gcc830/contrib/gcc/8.3.0/include/c++/8.3.0/bits/locale_facets_nonio.h:2015,
                 from /cvmfs/juno.ihep.ac.cn/centos7_amd64_gcc830/contrib/gcc/8.3.0/include/c++/8.3.0/locale:41,
                 from /cvmfs/juno.ihep.ac.cn/centos7_amd64_gcc830/contrib/gcc/8.3.0/include/c++/8.3.0/iomanip:43,
                 from /cvmfs/juno.ihep.ac.cn/centos7_amd64_gcc830/Pre-Release/J20v1r0-Pre2/ExternalLibs/ROOT/6.20.02/include/ROOT/RWrap_libcpp_string_view.h:44,
                 from /cvmfs/juno.ihep.ac.cn/centos7_amd64_gcc830/Pre-Release/J20v1r0-Pre2/ExternalLibs/ROOT/6.20.02/include/ROOT/RStringView.hxx:26,
                 from /cvmfs/juno.ihep.ac.cn/centos7_amd64_gcc830/Pre-Release/J20v1r0-Pre2/ExternalLibs/ROOT/6.20.02/include/TString.h:28,
                 from /cvmfs/juno.ihep.ac.cn/centos7_amd64_gcc830/Pre-Release/J20v1r0-Pre2/ExternalLibs/ROOT/6.20.02/include/TNamed.h:26,
                 from /cvmfs/juno.ihep.ac.cn/centos7_amd64_gcc830/Pre-Release/J20v1r0-Pre2/ExternalLibs/ROOT/6.20.02/include/TDictionary.h:44,
                 from /cvmfs/juno.ihep.ac.cn/centos7_amd64_gcc830/Pre-Release/J20v1r0-Pre2/ExternalLibs/ROOT/6.20.02/include/TDataType.h:25,
                 from /cvmfs/juno.ihep.ac.cn/centos7_amd64_gcc830/Pre-Release/J20v1r0-Pre2/ExternalLibs/ROOT/6.20.02/include/TBuffer.h:24,
                 from /cvmfs/juno.ihep.ac.cn/centos7_amd64_gcc830/Pre-Release/J20v1r0-Pre2/ExternalLibs/ROOT/6.20.02/include/TDirectory.h:24,
                 from /cvmfs/juno.ihep.ac.cn/centos7_amd64_gcc830/Pre-Release/J20v1r0-Pre2/ExternalLibs/ROOT/6.20.02/include/TDirectoryFile.h:25,
                 from /cvmfs/juno.ihep.ac.cn/centos7_amd64_gcc830/Pre-Release/J20v1r0-Pre2/ExternalLibs/ROOT/6.20.02/include/TFile.h:27,
                 from /dybfs/users/xuhangkun/SimTAO/analysis/calibrate/include/RunData.h:44,
                 from /dybfs/users/xuhangkun/SimTAO/analysis/calibrate/include/TAORunData.h:44,
                 from /dybfs/users/xuhangkun/SimTAO/analysis/calibrate/src/NonLinearCalibration.cpp:2:
/cvmfs/juno.ihep.ac.cn/centos7_amd64_gcc830/contrib/gcc/8.3.0/include/c++/8.3.0/bits/locale_facets_nonio.tcc: In member function ‘void std::__moneypunct_cache<_CharT, _Intl>::_M_cache(const std::locale&)’:
/cvmfs/juno.ihep.ac.cn/centos7_amd64_gcc830/contrib/gcc/8.3.0/include/c++/8.3.0/bits/locale_facets_nonio.tcc:85:27: error: ‘const string’ {aka ‘const class std::__cxx11::basic_string<char>’} has no member named ‘size’
    _M_grouping_size = __g.size();
                           ^~~~
/cvmfs/juno.ihep.ac.cn/centos7_amd64_gcc830/contrib/gcc/8.3.0/include/c++/8.3.0/bits/locale_facets_nonio.tcc:87:8: error: ‘const string’ {aka ‘const class std::__cxx11::basic_string<char>’} has no member named ‘copy’
    __g.copy(__grouping, _M_grouping_size);
        ^~~~
/cvmfs/juno.ihep.ac.cn/centos7_amd64_gcc830/contrib/gcc/8.3.0/include/c++/8.3.0/bits/locale_facets_nonio.tcc: In member function ‘_InIter std::__cxx11::money_get<_CharT, _InIter>::_M_extract(std::__cxx11::money_get<_CharT, _InIter>::iter_type, std::__cxx11::money_get<_CharT, _InIter>::iter_type, std::ios_base&, std::ios_base::iostate&, std::__cxx11::string&) const’:
/cvmfs/juno.ihep.ac.cn/centos7_amd64_gcc830/contrib/gcc/8.3.0/include/c++/8.3.0/bits/locale_facets_nonio.tcc:162:19: error: ‘std::__cxx11::string’ {aka ‘class std::__cxx11::basic_string<char>’} has no member named ‘reserve’
    __grouping_tmp.reserve(32);
                   ^~~~~~~
/cvmfs/juno.ihep.ac.cn/centos7_amd64_gcc830/contrib/gcc/8.3.0/include/c++/8.3.0/bits/locale_facets_nonio.tcc:174:8: error: ‘std::__cxx11::string’ {aka ‘class std::__cxx11::basic_string<char>’} has no member named ‘reserve’
  __res.reserve(32);
        ^~~~~~~
/cvmfs/juno.ihep.ac.cn/centos7_amd64_gcc830/contrib/gcc/8.3.0/include/c++/8.3.0/bits/locale_facets_nonio.tcc:311:16: error: ‘std::__cxx11::string’ {aka ‘class std::__cxx11::basic_string<char>’} has no member named ‘size’
      if (__res.size() > 1)
                ^~~~
/cvmfs/juno.ihep.ac.cn/centos7_amd64_gcc830/contrib/gcc/8.3.0/include/c++/8.3.0/bits/locale_facets_nonio.tcc:313:35: error: ‘std::__cxx11::string’ {aka ‘class std::__cxx11::basic_string<char>’} has no member named ‘find_first_not_of’
   const size_type __first = __res.find_first_not_of('0');
                                   ^~~~~~~~~~~~~~~~~
/cvmfs/juno.ihep.ac.cn/centos7_amd64_gcc830/contrib/gcc/8.3.0/include/c++/8.3.0/bits/locale_facets_nonio.tcc:314:48: error: ‘npos’ is not a member of ‘std::__cxx11::string’ {aka ‘std::__cxx11::basic_string<char>’}
   const bool __only_zeros = __first == string::npos;
                                                ^~~~
/cvmfs/juno.ihep.ac.cn/centos7_amd64_gcc830/contrib/gcc/8.3.0/include/c++/8.3.0/bits/locale_facets_nonio.tcc:316:41: error: ‘std::__cxx11::string’ {aka ‘class std::__cxx11::basic_string<char>’} has no member named ‘size’
     __res.erase(0, __only_zeros ? __res.size() - 1 : __first);
                                         ^~~~
/cvmfs/juno.ihep.ac.cn/centos7_amd64_gcc830/contrib/gcc/8.3.0/include/c++/8.3.0/bits/locale_facets_nonio.tcc:320:29: error: no match for ‘operator[]’ (operand types are ‘std::__cxx11::string’ {aka ‘std::__cxx11::basic_string<char>’} and ‘int’)
      if (__negative && __res[0] != '0')
                             ^
In file included from /cvmfs/juno.ihep.ac.cn/centos7_amd64_gcc830/contrib/gcc/8.3.0/include/c++/8.3.0/bits/stl_algobase.h:67,
                 from /cvmfs/juno.ihep.ac.cn/centos7_amd64_gcc830/contrib/gcc/8.3.0/include/c++/8.3.0/bits/char_traits.h:39,
                 from /cvmfs/juno.ihep.ac.cn/centos7_amd64_gcc830/contrib/gcc/8.3.0/include/c++/8.3.0/string:40,
                 from /dybfs/users/xuhangkun/SimTAO/analysis/calibrate/include/RunData.h:43,
                 from /dybfs/users/xuhangkun/SimTAO/analysis/calibrate/include/TAORunData.h:44,
                 from /dybfs/users/xuhangkun/SimTAO/analysis/calibrate/src/NonLinearCalibration.cpp:2:
/cvmfs/juno.ihep.ac.cn/centos7_amd64_gcc830/contrib/gcc/8.3.0/include/c++/8.3.0/bits/stl_iterator.h: In instantiation of ‘class __gnu_cxx::__normal_iterator<char*, std::__cxx11::basic_string<char> >’:
/cvmfs/juno.ihep.ac.cn/centos7_amd64_gcc830/contrib/gcc/8.3.0/include/c++/8.3.0/bits/locale_facets_nonio.tcc:321:39:   required from here
/cvmfs/juno.ihep.ac.cn/centos7_amd64_gcc830/contrib/gcc/8.3.0/include/c++/8.3.0/bits/stl_iterator.h:775:56: error: no type named ‘difference_type’ in ‘struct std::iterator_traits<char*>’
       typedef typename __traits_type::difference_type  difference_type;
                                                        ^~~~~~~~~~~~~~~
/cvmfs/juno.ihep.ac.cn/centos7_amd64_gcc830/contrib/gcc/8.3.0/include/c++/8.3.0/bits/stl_iterator.h: In instantiation of ‘class __gnu_cxx::__normal_iterator<const char*, std::__cxx11::basic_string<char> >’:
/cvmfs/juno.ihep.ac.cn/centos7_amd64_gcc830/contrib/gcc/8.3.0/include/c++/8.3.0/bits/locale_facets_nonio.tcc:321:39:   required from here
/cvmfs/juno.ihep.ac.cn/centos7_amd64_gcc830/contrib/gcc/8.3.0/include/c++/8.3.0/bits/stl_iterator.h:775:56: error: no type named ‘difference_type’ in ‘struct std::iterator_traits<const char*>’
In file included from /cvmfs/juno.ihep.ac.cn/centos7_amd64_gcc830/contrib/gcc/8.3.0/include/c++/8.3.0/bits/locale_facets_nonio.h:2015,
                 from /cvmfs/juno.ihep.ac.cn/centos7_amd64_gcc830/contrib/gcc/8.3.0/include/c++/8.3.0/locale:41,
                 from /cvmfs/juno.ihep.ac.cn/centos7_amd64_gcc830/contrib/gcc/8.3.0/include/c++/8.3.0/iomanip:43,
                 from /cvmfs/juno.ihep.ac.cn/centos7_amd64_gcc830/Pre-Release/J20v1r0-Pre2/ExternalLibs/ROOT/6.20.02/include/ROOT/RWrap_libcpp_string_view.h:44,
                 from /cvmfs/juno.ihep.ac.cn/centos7_amd64_gcc830/Pre-Release/J20v1r0-Pre2/ExternalLibs/ROOT/6.20.02/include/ROOT/RStringView.hxx:26,
                 from /cvmfs/juno.ihep.ac.cn/centos7_amd64_gcc830/Pre-Release/J20v1r0-Pre2/ExternalLibs/ROOT/6.20.02/include/TString.h:28,
                 from /cvmfs/juno.ihep.ac.cn/centos7_amd64_gcc830/Pre-Release/J20v1r0-Pre2/ExternalLibs/ROOT/6.20.02/include/TNamed.h:26,
                 from /cvmfs/juno.ihep.ac.cn/centos7_amd64_gcc830/Pre-Release/J20v1r0-Pre2/ExternalLibs/ROOT/6.20.02/include/TDictionary.h:44,
                 from /cvmfs/juno.ihep.ac.cn/centos7_amd64_gcc830/Pre-Release/J20v1r0-Pre2/ExternalLibs/ROOT/6.20.02/include/TDataType.h:25,
                 from /cvmfs/juno.ihep.ac.cn/centos7_amd64_gcc830/Pre-Release/J20v1r0-Pre2/ExternalLibs/ROOT/6.20.02/include/TBuffer.h:24,
                 from /cvmfs/juno.ihep.ac.cn/centos7_amd64_gcc830/Pre-Release/J20v1r0-Pre2/ExternalLibs/ROOT/6.20.02/include/TDirectory.h:24,
                 from /cvmfs/juno.ihep.ac.cn/centos7_amd64_gcc830/Pre-Release/J20v1r0-Pre2/ExternalLibs/ROOT/6.20.02/include/TDirectoryFile.h:25,
                 from /cvmfs/juno.ihep.ac.cn/centos7_amd64_gcc830/Pre-Release/J20v1r0-Pre2/ExternalLibs/ROOT/6.20.02/include/TFile.h:27,
                 from /dybfs/users/xuhangkun/SimTAO/analysis/calibrate/include/RunData.h:44,
                 from /dybfs/users/xuhangkun/SimTAO/analysis/calibrate/include/TAORunData.h:44,
                 from /dybfs/users/xuhangkun/SimTAO/analysis/calibrate/src/NonLinearCalibration.cpp:2:
/cvmfs/juno.ihep.ac.cn/centos7_amd64_gcc830/contrib/gcc/8.3.0/include/c++/8.3.0/bits/locale_facets_nonio.tcc:324:25: error: ‘std::__cxx11::string’ {aka ‘class std::__cxx11::basic_string<char>’} has no member named ‘size’
      if (__grouping_tmp.size())
                         ^~~~
/cvmfs/juno.ihep.ac.cn/centos7_amd64_gcc830/contrib/gcc/8.3.0/include/c++/8.3.0/bits/locale_facets_nonio.tcc: In member function ‘virtual _InIter std::__cxx11::money_get<_CharT, _InIter>::do_get(std::__cxx11::money_get<_CharT, _InIter>::iter_type, std::__cxx11::money_get<_CharT, _InIter>::iter_type, bool, std::ios_base&, std::ios_base::iostate&, std::__cxx11::money_get<_CharT, _InIter>::string_type&) const’:
/cvmfs/juno.ihep.ac.cn/centos7_amd64_gcc830/contrib/gcc/8.3.0/include/c++/8.3.0/bits/locale_facets_nonio.tcc:387:32: error: invalid combination of multiple type-specifiers
       typedef typename string::size_type                  size_type;
                                ^~~~~~~~~
/cvmfs/juno.ihep.ac.cn/centos7_amd64_gcc830/contrib/gcc/8.3.0/include/c++/8.3.0/bits/locale_facets_nonio.tcc:395:37: error: ‘std::__cxx11::string’ {aka ‘class std::__cxx11::basic_string<char>’} has no member named ‘size’
       const size_type __len = __str.size();
                                     ^~~~
/cvmfs/juno.ihep.ac.cn/centos7_amd64_gcc830/contrib/gcc/8.3.0/include/c++/8.3.0/bits/locale_facets_nonio.tcc: In member function ‘_OutIter std::__cxx11::money_put<_CharT, _OutIter>::_M_insert(std::__cxx11::money_put<_CharT, _OutIter>::iter_type, std::ios_base&, std::__cxx11::money_put<_CharT, _OutIter>::char_type, const string_type&) const’:
/cvmfs/juno.ihep.ac.cn/centos7_amd64_gcc830/contrib/gcc/8.3.0/include/c++/8.3.0/bits/locale_facets_nonio.tcc:500:60: error: ‘class std::ios_base’ has no member named ‘width’
      const size_type __width = static_cast<size_type>(__io.width());
                                                            ^~~~~
/cvmfs/juno.ihep.ac.cn/centos7_amd64_gcc830/contrib/gcc/8.3.0/include/c++/8.3.0/bits/locale_facets_nonio.tcc:560:7: error: ‘class std::ios_base’ has no member named ‘width’
  __io.width(0);
       ^~~~~
In file included from /cvmfs/juno.ihep.ac.cn/centos7_amd64_gcc830/contrib/gcc/8.3.0/include/c++/8.3.0/tuple:39,
                 from /cvmfs/juno.ihep.ac.cn/centos7_amd64_gcc830/contrib/gcc/8.3.0/include/c++/8.3.0/bits/unique_ptr.h:37,
                 from /cvmfs/juno.ihep.ac.cn/centos7_amd64_gcc830/contrib/gcc/8.3.0/include/c++/8.3.0/bits/locale_conv.h:41,
                 from /cvmfs/juno.ihep.ac.cn/centos7_amd64_gcc830/contrib/gcc/8.3.0/include/c++/8.3.0/locale:43,
                 from /cvmfs/juno.ihep.ac.cn/centos7_amd64_gcc830/contrib/gcc/8.3.0/include/c++/8.3.0/iomanip:43,
                 from /cvmfs/juno.ihep.ac.cn/centos7_amd64_gcc830/Pre-Release/J20v1r0-Pre2/ExternalLibs/ROOT/6.20.02/include/ROOT/RWrap_libcpp_string_view.h:44,
                 from /cvmfs/juno.ihep.ac.cn/centos7_amd64_gcc830/Pre-Release/J20v1r0-Pre2/ExternalLibs/ROOT/6.20.02/include/ROOT/RStringView.hxx:26,
                 from /cvmfs/juno.ihep.ac.cn/centos7_amd64_gcc830/Pre-Release/J20v1r0-Pre2/ExternalLibs/ROOT/6.20.02/include/TString.h:28,
                 from /cvmfs/juno.ihep.ac.cn/centos7_amd64_gcc830/Pre-Release/J20v1r0-Pre2/ExternalLibs/ROOT/6.20.02/include/TNamed.h:26,
                 from /cvmfs/juno.ihep.ac.cn/centos7_amd64_gcc830/Pre-Release/J20v1r0-Pre2/ExternalLibs/ROOT/6.20.02/include/TDictionary.h:44,
                 from /cvmfs/juno.ihep.ac.cn/centos7_amd64_gcc830/Pre-Release/J20v1r0-Pre2/ExternalLibs/ROOT/6.20.02/include/TDataType.h:25,
                 from /cvmfs/juno.ihep.ac.cn/centos7_amd64_gcc830/Pre-Release/J20v1r0-Pre2/ExternalLibs/ROOT/6.20.02/include/TBuffer.h:24,
                 from /cvmfs/juno.ihep.ac.cn/centos7_amd64_gcc830/Pre-Release/J20v1r0-Pre2/ExternalLibs/ROOT/6.20.02/include/TDirectory.h:24,
                 from /cvmfs/juno.ihep.ac.cn/centos7_amd64_gcc830/Pre-Release/J20v1r0-Pre2/ExternalLibs/ROOT/6.20.02/include/TDirectoryFile.h:25,
                 from /cvmfs/juno.ihep.ac.cn/centos7_amd64_gcc830/Pre-Release/J20v1r0-Pre2/ExternalLibs/ROOT/6.20.02/include/TFile.h:27,
                 from /dybfs/users/xuhangkun/SimTAO/analysis/calibrate/include/RunData.h:44,
                 from /dybfs/users/xuhangkun/SimTAO/analysis/calibrate/include/TAORunData.h:44,
                 from /dybfs/users/xuhangkun/SimTAO/analysis/calibrate/src/NonLinearCalibration.cpp:2:
/cvmfs/juno.ihep.ac.cn/centos7_amd64_gcc830/contrib/gcc/8.3.0/include/c++/8.3.0/array: At global scope:
/cvmfs/juno.ihep.ac.cn/centos7_amd64_gcc830/contrib/gcc/8.3.0/include/c++/8.3.0/array:47:31: error: ‘std::size_t’ has not been declared
   template<typename _Tp, std::size_t _Nm>
                               ^~~~~~
/cvmfs/juno.ihep.ac.cn/centos7_amd64_gcc830/contrib/gcc/8.3.0/include/c++/8.3.0/array:50:25: error: ‘_Nm’ was not declared in this scope
       typedef _Tp _Type[_Nm];
                         ^~~
/cvmfs/juno.ihep.ac.cn/centos7_amd64_gcc830/contrib/gcc/8.3.0/include/c++/8.3.0/array:55:20: error: ‘_Type’ does not name a type; did you mean ‘_Tp’?
       _S_ref(const _Type& __t, std::size_t __n) noexcept
                    ^~~~~
                    _Tp
/cvmfs/juno.ihep.ac.cn/centos7_amd64_gcc830/contrib/gcc/8.3.0/include/c++/8.3.0/array:55:37: error: ‘std::size_t’ has not been declared
       _S_ref(const _Type& __t, std::size_t __n) noexcept
                                     ^~~~~~
/cvmfs/juno.ihep.ac.cn/centos7_amd64_gcc830/contrib/gcc/8.3.0/include/c++/8.3.0/array:59:20: error: ‘_Type’ does not name a type; did you mean ‘_Tp’?
       _S_ptr(const _Type& __t) noexcept
                    ^~~~~
                    _Tp
/cvmfs/juno.ihep.ac.cn/centos7_amd64_gcc830/contrib/gcc/8.3.0/include/c++/8.3.0/array:93:31: error: ‘std::size_t’ has not been declared
   template<typename _Tp, std::size_t _Nm>
                               ^~~~~~
/cvmfs/juno.ihep.ac.cn/centos7_amd64_gcc830/contrib/gcc/8.3.0/include/c++/8.3.0/array:103:20: error: ‘size_t’ in namespace ‘std’ does not name a type
       typedef std::size_t                           size_type;
                    ^~~~~~
/cvmfs/juno.ihep.ac.cn/centos7_amd64_gcc830/contrib/gcc/8.3.0/include/c++/8.3.0/array:104:20: error: ‘ptrdiff_t’ in namespace ‘std’ does not name a type
       typedef std::ptrdiff_t                          difference_type;
                    ^~~~~~~~~
/cvmfs/juno.ihep.ac.cn/centos7_amd64_gcc830/contrib/gcc/8.3.0/include/c++/8.3.0/array:109:51: error: ‘_Nm’ was not declared in this scope
       typedef _GLIBCXX_STD_C::__array_traits<_Tp, _Nm> _AT_Type;
                                                   ^~~
/cvmfs/juno.ihep.ac.cn/centos7_amd64_gcc830/contrib/gcc/8.3.0/include/c++/8.3.0/array:109:54: error: template argument 2 is invalid
       typedef _GLIBCXX_STD_C::__array_traits<_Tp, _Nm> _AT_Type;
                                                      ^
/cvmfs/juno.ihep.ac.cn/centos7_amd64_gcc830/contrib/gcc/8.3.0/include/c++/8.3.0/array:110:16: error: ‘_AT_Type’ is not a class, namespace, or enumeration
       typename _AT_Type::_Type                         _M_elems;
                ^~~~~~~~
/cvmfs/juno.ihep.ac.cn/centos7_amd64_gcc830/contrib/gcc/8.3.0/include/c++/8.3.0/array:121:16: error: ‘_AT_Type’ is not a class, namespace, or enumeration
       noexcept(_AT_Type::_Is_nothrow_swappable::value)
                ^~~~~~~~
/cvmfs/juno.ihep.ac.cn/centos7_amd64_gcc830/contrib/gcc/8.3.0/include/c++/8.3.0/array:174:17: error: ‘size_type’ does not name a type; did you mean ‘true_type’?
       constexpr size_type
                 ^~~~~~~~~
                 true_type
/cvmfs/juno.ihep.ac.cn/centos7_amd64_gcc830/contrib/gcc/8.3.0/include/c++/8.3.0/array:177:17: error: ‘size_type’ does not name a type; did you mean ‘true_type’?
       constexpr size_type
                 ^~~~~~~~~
                 true_type
/cvmfs/juno.ihep.ac.cn/centos7_amd64_gcc830/contrib/gcc/8.3.0/include/c++/8.3.0/array:185:18: error: ‘size_type’ has not been declared
       operator[](size_type __n) noexcept
                  ^~~~~~~~~
/cvmfs/juno.ihep.ac.cn/centos7_amd64_gcc830/contrib/gcc/8.3.0/include/c++/8.3.0/array:189:18: error: ‘size_type’ has not been declared
       operator[](size_type __n) const noexcept
                  ^~~~~~~~~
/cvmfs/juno.ihep.ac.cn/centos7_amd64_gcc830/contrib/gcc/8.3.0/include/c++/8.3.0/array:193:10: error: ‘size_type’ has not been declared
       at(size_type __n)
          ^~~~~~~~~
/cvmfs/juno.ihep.ac.cn/centos7_amd64_gcc830/contrib/gcc/8.3.0/include/c++/8.3.0/array:203:10: error: ‘size_type’ has not been declared
       at(size_type __n) const
          ^~~~~~~~~
/cvmfs/juno.ihep.ac.cn/centos7_amd64_gcc830/contrib/gcc/8.3.0/include/c++/8.3.0/array:250:31: error: ‘std::size_t’ has not been declared
   template<typename _Tp, std::size_t _Nm>
                               ^~~~~~
/cvmfs/juno.ihep.ac.cn/centos7_amd64_gcc830/contrib/gcc/8.3.0/include/c++/8.3.0/array:252:33: error: ‘_Nm’ was not declared in this scope
     operator==(const array<_Tp, _Nm>& __one, const array<_Tp, _Nm>& __two)
                                 ^~~
/cvmfs/juno.ihep.ac.cn/centos7_amd64_gcc830/contrib/gcc/8.3.0/include/c++/8.3.0/array:252:36: error: template argument 2 is invalid
     operator==(const array<_Tp, _Nm>& __one, const array<_Tp, _Nm>& __two)
                                    ^
/cvmfs/juno.ihep.ac.cn/centos7_amd64_gcc830/contrib/gcc/8.3.0/include/c++/8.3.0/array:252:63: error: ‘_Nm’ was not declared in this scope
     operator==(const array<_Tp, _Nm>& __one, const array<_Tp, _Nm>& __two)
                                                               ^~~
/cvmfs/juno.ihep.ac.cn/centos7_amd64_gcc830/contrib/gcc/8.3.0/include/c++/8.3.0/array:252:66: error: template argument 2 is invalid
     operator==(const array<_Tp, _Nm>& __one, const array<_Tp, _Nm>& __two)
                                                                  ^
/cvmfs/juno.ihep.ac.cn/centos7_amd64_gcc830/contrib/gcc/8.3.0/include/c++/8.3.0/array:252:74: error: ‘bool std::operator==(const int&, const int&)’ must have an argument of class or enumerated type
     operator==(const array<_Tp, _Nm>& __one, const array<_Tp, _Nm>& __two)
                                                                          ^
/cvmfs/juno.ihep.ac.cn/centos7_amd64_gcc830/contrib/gcc/8.3.0/include/c++/8.3.0/array:255:31: error: ‘std::size_t’ has not been declared
   template<typename _Tp, std::size_t _Nm>
                               ^~~~~~
/cvmfs/juno.ihep.ac.cn/centos7_amd64_gcc830/contrib/gcc/8.3.0/include/c++/8.3.0/array:257:33: error: ‘_Nm’ was not declared in this scope
     operator!=(const array<_Tp, _Nm>& __one, const array<_Tp, _Nm>& __two)
                                 ^~~
/cvmfs/juno.ihep.ac.cn/centos7_amd64_gcc830/contrib/gcc/8.3.0/include/c++/8.3.0/array:257:36: error: template argument 2 is invalid
     operator!=(const array<_Tp, _Nm>& __one, const array<_Tp, _Nm>& __two)
                                    ^
/cvmfs/juno.ihep.ac.cn/centos7_amd64_gcc830/contrib/gcc/8.3.0/include/c++/8.3.0/array:257:63: error: ‘_Nm’ was not declared in this scope
     operator!=(const array<_Tp, _Nm>& __one, const array<_Tp, _Nm>& __two)
                                                               ^~~
/cvmfs/juno.ihep.ac.cn/centos7_amd64_gcc830/contrib/gcc/8.3.0/include/c++/8.3.0/array:257:66: error: template argument 2 is invalid
     operator!=(const array<_Tp, _Nm>& __one, const array<_Tp, _Nm>& __two)
                                                                  ^
/cvmfs/juno.ihep.ac.cn/centos7_amd64_gcc830/contrib/gcc/8.3.0/include/c++/8.3.0/array:257:74: error: ‘bool std::operator!=(const int&, const int&)’ must have an argument of class or enumerated type
     operator!=(const array<_Tp, _Nm>& __one, const array<_Tp, _Nm>& __two)
                                                                          ^
/cvmfs/juno.ihep.ac.cn/centos7_amd64_gcc830/contrib/gcc/8.3.0/include/c++/8.3.0/array:260:31: error: ‘std::size_t’ has not been declared
   template<typename _Tp, std::size_t _Nm>
                               ^~~~~~
/cvmfs/juno.ihep.ac.cn/centos7_amd64_gcc830/contrib/gcc/8.3.0/include/c++/8.3.0/array:262:32: error: ‘_Nm’ was not declared in this scope
     operator<(const array<_Tp, _Nm>& __a, const array<_Tp, _Nm>& __b)
                                ^~~
/cvmfs/juno.ihep.ac.cn/centos7_amd64_gcc830/contrib/gcc/8.3.0/include/c++/8.3.0/array:262:35: error: template argument 2 is invalid
     operator<(const array<_Tp, _Nm>& __a, const array<_Tp, _Nm>& __b)
                                   ^
/cvmfs/juno.ihep.ac.cn/centos7_amd64_gcc830/contrib/gcc/8.3.0/include/c++/8.3.0/array:262:60: error: ‘_Nm’ was not declared in this scope
     operator<(const array<_Tp, _Nm>& __a, const array<_Tp, _Nm>& __b)
                                                            ^~~
/cvmfs/juno.ihep.ac.cn/centos7_amd64_gcc830/contrib/gcc/8.3.0/include/c++/8.3.0/array:262:63: error: template argument 2 is invalid
     operator<(const array<_Tp, _Nm>& __a, const array<_Tp, _Nm>& __b)
                                                               ^
/cvmfs/juno.ihep.ac.cn/centos7_amd64_gcc830/contrib/gcc/8.3.0/include/c++/8.3.0/array:262:69: error: ‘bool std::operator<(const int&, const int&)’ must have an argument of class or enumerated type
     operator<(const array<_Tp, _Nm>& __a, const array<_Tp, _Nm>& __b)
                                                                     ^
/cvmfs/juno.ihep.ac.cn/centos7_amd64_gcc830/contrib/gcc/8.3.0/include/c++/8.3.0/array:268:31: error: ‘std::size_t’ has not been declared
   template<typename _Tp, std::size_t _Nm>
                               ^~~~~~
/cvmfs/juno.ihep.ac.cn/centos7_amd64_gcc830/contrib/gcc/8.3.0/include/c++/8.3.0/array:270:32: error: ‘_Nm’ was not declared in this scope
     operator>(const array<_Tp, _Nm>& __one, const array<_Tp, _Nm>& __two)
                                ^~~
/cvmfs/juno.ihep.ac.cn/centos7_amd64_gcc830/contrib/gcc/8.3.0/include/c++/8.3.0/array:270:35: error: template argument 2 is invalid
     operator>(const array<_Tp, _Nm>& __one, const array<_Tp, _Nm>& __two)
                                   ^
/cvmfs/juno.ihep.ac.cn/centos7_amd64_gcc830/contrib/gcc/8.3.0/include/c++/8.3.0/array:270:62: error: ‘_Nm’ was not declared in this scope
     operator>(const array<_Tp, _Nm>& __one, const array<_Tp, _Nm>& __two)
                                                              ^~~
/cvmfs/juno.ihep.ac.cn/centos7_amd64_gcc830/contrib/gcc/8.3.0/include/c++/8.3.0/array:270:65: error: template argument 2 is invalid
     operator>(const array<_Tp, _Nm>& __one, const array<_Tp, _Nm>& __two)
                                                                 ^
/cvmfs/juno.ihep.ac.cn/centos7_amd64_gcc830/contrib/gcc/8.3.0/include/c++/8.3.0/array:270:73: error: ‘bool std::operator>(const int&, const int&)’ must have an argument of class or enumerated type
     operator>(const array<_Tp, _Nm>& __one, const array<_Tp, _Nm>& __two)
                                                                         ^
/cvmfs/juno.ihep.ac.cn/centos7_amd64_gcc830/contrib/gcc/8.3.0/include/c++/8.3.0/array:273:31: error: ‘std::size_t’ has not been declared
   template<typename _Tp, std::size_t _Nm>
                               ^~~~~~
/cvmfs/juno.ihep.ac.cn/centos7_amd64_gcc830/contrib/gcc/8.3.0/include/c++/8.3.0/array:275:33: error: ‘_Nm’ was not declared in this scope
     operator<=(const array<_Tp, _Nm>& __one, const array<_Tp, _Nm>& __two)
                                 ^~~
/cvmfs/juno.ihep.ac.cn/centos7_amd64_gcc830/contrib/gcc/8.3.0/include/c++/8.3.0/array:275:36: error: template argument 2 is invalid
     operator<=(const array<_Tp, _Nm>& __one, const array<_Tp, _Nm>& __two)
                                    ^
/cvmfs/juno.ihep.ac.cn/centos7_amd64_gcc830/contrib/gcc/8.3.0/include/c++/8.3.0/array:275:63: error: ‘_Nm’ was not declared in this scope
     operator<=(const array<_Tp, _Nm>& __one, const array<_Tp, _Nm>& __two)
                                                               ^~~
/cvmfs/juno.ihep.ac.cn/centos7_amd64_gcc830/contrib/gcc/8.3.0/include/c++/8.3.0/array:275:66: error: template argument 2 is invalid
     operator<=(const array<_Tp, _Nm>& __one, const array<_Tp, _Nm>& __two)
                                                                  ^
/cvmfs/juno.ihep.ac.cn/centos7_amd64_gcc830/contrib/gcc/8.3.0/include/c++/8.3.0/array:275:74: error: ‘bool std::operator<=(const int&, const int&)’ must have an argument of class or enumerated type
     operator<=(const array<_Tp, _Nm>& __one, const array<_Tp, _Nm>& __two)
                                                                          ^
/cvmfs/juno.ihep.ac.cn/centos7_amd64_gcc830/contrib/gcc/8.3.0/include/c++/8.3.0/array:278:31: error: ‘std::size_t’ has not been declared
   template<typename _Tp, std::size_t _Nm>
                               ^~~~~~
/cvmfs/juno.ihep.ac.cn/centos7_amd64_gcc830/contrib/gcc/8.3.0/include/c++/8.3.0/array:280:33: error: ‘_Nm’ was not declared in this scope
     operator>=(const array<_Tp, _Nm>& __one, const array<_Tp, _Nm>& __two)
                                 ^~~
/cvmfs/juno.ihep.ac.cn/centos7_amd64_gcc830/contrib/gcc/8.3.0/include/c++/8.3.0/array:280:36: error: template argument 2 is invalid
     operator>=(const array<_Tp, _Nm>& __one, const array<_Tp, _Nm>& __two)
                                    ^
/cvmfs/juno.ihep.ac.cn/centos7_amd64_gcc830/contrib/gcc/8.3.0/include/c++/8.3.0/array:280:63: error: ‘_Nm’ was not declared in this scope
     operator>=(const array<_Tp, _Nm>& __one, const array<_Tp, _Nm>& __two)
                                                               ^~~
/cvmfs/juno.ihep.ac.cn/centos7_amd64_gcc830/contrib/gcc/8.3.0/include/c++/8.3.0/array:280:66: error: template argument 2 is invalid
     operator>=(const array<_Tp, _Nm>& __one, const array<_Tp, _Nm>& __two)
                                                                  ^
/cvmfs/juno.ihep.ac.cn/centos7_amd64_gcc830/contrib/gcc/8.3.0/include/c++/8.3.0/array:280:74: error: ‘bool std::operator>=(const int&, const int&)’ must have an argument of class or enumerated type
     operator>=(const array<_Tp, _Nm>& __one, const array<_Tp, _Nm>& __two)
                                                                          ^
/cvmfs/juno.ihep.ac.cn/centos7_amd64_gcc830/contrib/gcc/8.3.0/include/c++/8.3.0/array:284:31: error: ‘std::size_t’ has not been declared
   template<typename _Tp, std::size_t _Nm>
                               ^~~~~~
/cvmfs/juno.ihep.ac.cn/centos7_amd64_gcc830/contrib/gcc/8.3.0/include/c++/8.3.0/array:294:21: error: ‘_Nm’ was not declared in this scope
     swap(array<_Tp, _Nm>& __one, array<_Tp, _Nm>& __two)
                     ^~~
/cvmfs/juno.ihep.ac.cn/centos7_amd64_gcc830/contrib/gcc/8.3.0/include/c++/8.3.0/array:294:24: error: template argument 2 is invalid
     swap(array<_Tp, _Nm>& __one, array<_Tp, _Nm>& __two)
                        ^
/cvmfs/juno.ihep.ac.cn/centos7_amd64_gcc830/contrib/gcc/8.3.0/include/c++/8.3.0/array:294:45: error: ‘_Nm’ was not declared in this scope
     swap(array<_Tp, _Nm>& __one, array<_Tp, _Nm>& __two)
                                             ^~~
/cvmfs/juno.ihep.ac.cn/centos7_amd64_gcc830/contrib/gcc/8.3.0/include/c++/8.3.0/array:294:48: error: template argument 2 is invalid
     swap(array<_Tp, _Nm>& __one, array<_Tp, _Nm>& __two)
                                                ^
/cvmfs/juno.ihep.ac.cn/centos7_amd64_gcc830/contrib/gcc/8.3.0/include/c++/8.3.0/array:295:29: error: request for member ‘swap’ in ‘__one’, which is of non-class type ‘int’
     noexcept(noexcept(__one.swap(__two)))
                             ^~~~
/cvmfs/juno.ihep.ac.cn/centos7_amd64_gcc830/contrib/gcc/8.3.0/include/c++/8.3.0/array: In function ‘void std::swap(int&, int&)’:
/cvmfs/juno.ihep.ac.cn/centos7_amd64_gcc830/contrib/gcc/8.3.0/include/c++/8.3.0/array:296:13: error: request for member ‘swap’ in ‘__one’, which is of non-class type ‘int’
     { __one.swap(__two); }
             ^~~~
/cvmfs/juno.ihep.ac.cn/centos7_amd64_gcc830/contrib/gcc/8.3.0/include/c++/8.3.0/array: At global scope:
/cvmfs/juno.ihep.ac.cn/centos7_amd64_gcc830/contrib/gcc/8.3.0/include/c++/8.3.0/array:305:17: error: ‘std::size_t’ has not been declared
   template<std::size_t _Int, typename _Tp, std::size_t _Nm>
                 ^~~~~~
/cvmfs/juno.ihep.ac.cn/centos7_amd64_gcc830/contrib/gcc/8.3.0/include/c++/8.3.0/array:305:49: error: ‘std::size_t’ has not been declared
   template<std::size_t _Int, typename _Tp, std::size_t _Nm>
                                                 ^~~~~~
/cvmfs/juno.ihep.ac.cn/centos7_amd64_gcc830/contrib/gcc/8.3.0/include/c++/8.3.0/array:307:20: error: ‘_Nm’ was not declared in this scope
     get(array<_Tp, _Nm>& __arr) noexcept
                    ^~~
/cvmfs/juno.ihep.ac.cn/centos7_amd64_gcc830/contrib/gcc/8.3.0/include/c++/8.3.0/array:307:23: error: template argument 2 is invalid
     get(array<_Tp, _Nm>& __arr) noexcept
                       ^
/cvmfs/juno.ihep.ac.cn/centos7_amd64_gcc830/contrib/gcc/8.3.0/include/c++/8.3.0/array: In function ‘constexpr _Tp& std::get(int&)’:
/cvmfs/juno.ihep.ac.cn/centos7_amd64_gcc830/contrib/gcc/8.3.0/include/c++/8.3.0/array:309:21: error: ‘_Int’ was not declared in this scope
       static_assert(_Int < _Nm, "array index is within bounds");
                     ^~~~
/cvmfs/juno.ihep.ac.cn/centos7_amd64_gcc830/contrib/gcc/8.3.0/include/c++/8.3.0/array:309:21: note: suggested alternative: ‘rint’
       static_assert(_Int < _Nm, "array index is within bounds");
                     ^~~~
                     rint
/cvmfs/juno.ihep.ac.cn/centos7_amd64_gcc830/contrib/gcc/8.3.0/include/c++/8.3.0/array:309:28: error: ‘_Nm’ was not declared in this scope
       static_assert(_Int < _Nm, "array index is within bounds");
                            ^~~
/cvmfs/juno.ihep.ac.cn/centos7_amd64_gcc830/contrib/gcc/8.3.0/include/c++/8.3.0/array:311:15: error: request for member ‘_M_elems’ in ‘__arr’, which is of non-class type ‘int’
  _S_ref(__arr._M_elems, _Int);
               ^~~~~~~~
/cvmfs/juno.ihep.ac.cn/centos7_amd64_gcc830/contrib/gcc/8.3.0/include/c++/8.3.0/array: At global scope:
/cvmfs/juno.ihep.ac.cn/centos7_amd64_gcc830/contrib/gcc/8.3.0/include/c++/8.3.0/array:314:17: error: ‘std::size_t’ has not been declared
   template<std::size_t _Int, typename _Tp, std::size_t _Nm>
                 ^~~~~~
/cvmfs/juno.ihep.ac.cn/centos7_amd64_gcc830/contrib/gcc/8.3.0/include/c++/8.3.0/array:314:49: error: ‘std::size_t’ has not been declared
   template<std::size_t _Int, typename _Tp, std::size_t _Nm>
                                                 ^~~~~~
/cvmfs/juno.ihep.ac.cn/centos7_amd64_gcc830/contrib/gcc/8.3.0/include/c++/8.3.0/array:316:20: error: ‘_Nm’ was not declared in this scope
     get(array<_Tp, _Nm>&& __arr) noexcept
                    ^~~
/cvmfs/juno.ihep.ac.cn/centos7_amd64_gcc830/contrib/gcc/8.3.0/include/c++/8.3.0/array:316:23: error: template argument 2 is invalid
     get(array<_Tp, _Nm>&& __arr) noexcept
                       ^
/cvmfs/juno.ihep.ac.cn/centos7_amd64_gcc830/contrib/gcc/8.3.0/include/c++/8.3.0/array: In function ‘constexpr _Tp&& std::get(int&&)’:
/cvmfs/juno.ihep.ac.cn/centos7_amd64_gcc830/contrib/gcc/8.3.0/include/c++/8.3.0/array:318:21: error: ‘_Int’ was not declared in this scope
       static_assert(_Int < _Nm, "array index is within bounds");
                     ^~~~
/cvmfs/juno.ihep.ac.cn/centos7_amd64_gcc830/contrib/gcc/8.3.0/include/c++/8.3.0/array:318:21: note: suggested alternative: ‘rint’
       static_assert(_Int < _Nm, "array index is within bounds");
                     ^~~~
                     rint
/cvmfs/juno.ihep.ac.cn/centos7_amd64_gcc830/contrib/gcc/8.3.0/include/c++/8.3.0/array:318:28: error: ‘_Nm’ was not declared in this scope
       static_assert(_Int < _Nm, "array index is within bounds");
                            ^~~
/cvmfs/juno.ihep.ac.cn/centos7_amd64_gcc830/contrib/gcc/8.3.0/include/c++/8.3.0/array:319:55: error: no matching function for call to ‘get<_Int>(int&)’
       return std::move(_GLIBCXX_STD_C::get<_Int>(__arr));
                                                       ^
In file included from /cvmfs/juno.ihep.ac.cn/centos7_amd64_gcc830/contrib/gcc/8.3.0/include/c++/8.3.0/algorithm:60,
                 from /cvmfs/juno.ihep.ac.cn/centos7_amd64_gcc830/Pre-Release/J20v1r0-Pre2/ExternalLibs/ROOT/6.20.02/include/TMathBase.h:33,
                 from /cvmfs/juno.ihep.ac.cn/centos7_amd64_gcc830/Pre-Release/J20v1r0-Pre2/ExternalLibs/ROOT/6.20.02/include/TString.h:26,
                 from /cvmfs/juno.ihep.ac.cn/centos7_amd64_gcc830/Pre-Release/J20v1r0-Pre2/ExternalLibs/ROOT/6.20.02/include/TNamed.h:26,
                 from /cvmfs/juno.ihep.ac.cn/centos7_amd64_gcc830/Pre-Release/J20v1r0-Pre2/ExternalLibs/ROOT/6.20.02/include/TDictionary.h:44,
                 from /cvmfs/juno.ihep.ac.cn/centos7_amd64_gcc830/Pre-Release/J20v1r0-Pre2/ExternalLibs/ROOT/6.20.02/include/TDataType.h:25,
                 from /cvmfs/juno.ihep.ac.cn/centos7_amd64_gcc830/Pre-Release/J20v1r0-Pre2/ExternalLibs/ROOT/6.20.02/include/TBuffer.h:24,
                 from /cvmfs/juno.ihep.ac.cn/centos7_amd64_gcc830/Pre-Release/J20v1r0-Pre2/ExternalLibs/ROOT/6.20.02/include/TDirectory.h:24,
                 from /cvmfs/juno.ihep.ac.cn/centos7_amd64_gcc830/Pre-Release/J20v1r0-Pre2/ExternalLibs/ROOT/6.20.02/include/TDirectoryFile.h:25,
                 from /cvmfs/juno.ihep.ac.cn/centos7_amd64_gcc830/Pre-Release/J20v1r0-Pre2/ExternalLibs/ROOT/6.20.02/include/TFile.h:27,
                 from /dybfs/users/xuhangkun/SimTAO/analysis/calibrate/include/RunData.h:44,
                 from /dybfs/users/xuhangkun/SimTAO/analysis/calibrate/include/TAORunData.h:44,
                 from /dybfs/users/xuhangkun/SimTAO/analysis/calibrate/src/NonLinearCalibration.cpp:2:
/cvmfs/juno.ihep.ac.cn/centos7_amd64_gcc830/contrib/gcc/8.3.0/include/c++/8.3.0/utility:216:5: note: candidate: ‘template<<declaration error>, class _Tp1, class _Tp2> constexpr int& std::get(std::pair<_Tp1, _Tp2>&)’
     get(std::pair<_Tp1, _Tp2>& __in) noexcept
     ^~~
/cvmfs/juno.ihep.ac.cn/centos7_amd64_gcc830/contrib/gcc/8.3.0/include/c++/8.3.0/utility:216:5: note:   template argument deduction/substitution failed:
/cvmfs/juno.ihep.ac.cn/centos7_amd64_gcc830/contrib/gcc/8.3.0/include/c++/8.3.0/utility:221:5: note: candidate: ‘template<<declaration error>, class _Tp1, class _Tp2> constexpr int&& std::get(std::pair<_Tp1, _Tp2>&&)’
     get(std::pair<_Tp1, _Tp2>&& __in) noexcept
     ^~~
/cvmfs/juno.ihep.ac.cn/centos7_amd64_gcc830/contrib/gcc/8.3.0/include/c++/8.3.0/utility:221:5: note:   template argument deduction/substitution failed:
/cvmfs/juno.ihep.ac.cn/centos7_amd64_gcc830/contrib/gcc/8.3.0/include/c++/8.3.0/utility:226:5: note: candidate: ‘template<<declaration error>, class _Tp1, class _Tp2> constexpr const int& std::get(const std::pair<_Tp1, _Tp2>&)’
     get(const std::pair<_Tp1, _Tp2>& __in) noexcept
     ^~~
/cvmfs/juno.ihep.ac.cn/centos7_amd64_gcc830/contrib/gcc/8.3.0/include/c++/8.3.0/utility:226:5: note:   template argument deduction/substitution failed:
/cvmfs/juno.ihep.ac.cn/centos7_amd64_gcc830/contrib/gcc/8.3.0/include/c++/8.3.0/utility:231:5: note: candidate: ‘template<<declaration error>, class _Tp1, class _Tp2> constexpr const int&& std::get(const std::pair<_Tp1, _Tp2>&&)’
     get(const std::pair<_Tp1, _Tp2>&& __in) noexcept
     ^~~
/cvmfs/juno.ihep.ac.cn/centos7_amd64_gcc830/contrib/gcc/8.3.0/include/c++/8.3.0/utility:231:5: note:   template argument deduction/substitution failed:
In file included from /cvmfs/juno.ihep.ac.cn/centos7_amd64_gcc830/contrib/gcc/8.3.0/include/c++/8.3.0/tuple:39,
                 from /cvmfs/juno.ihep.ac.cn/centos7_amd64_gcc830/contrib/gcc/8.3.0/include/c++/8.3.0/bits/unique_ptr.h:37,
                 from /cvmfs/juno.ihep.ac.cn/centos7_amd64_gcc830/contrib/gcc/8.3.0/include/c++/8.3.0/bits/locale_conv.h:41,
                 from /cvmfs/juno.ihep.ac.cn/centos7_amd64_gcc830/contrib/gcc/8.3.0/include/c++/8.3.0/locale:43,
                 from /cvmfs/juno.ihep.ac.cn/centos7_amd64_gcc830/contrib/gcc/8.3.0/include/c++/8.3.0/iomanip:43,
                 from /cvmfs/juno.ihep.ac.cn/centos7_amd64_gcc830/Pre-Release/J20v1r0-Pre2/ExternalLibs/ROOT/6.20.02/include/ROOT/RWrap_libcpp_string_view.h:44,
                 from /cvmfs/juno.ihep.ac.cn/centos7_amd64_gcc830/Pre-Release/J20v1r0-Pre2/ExternalLibs/ROOT/6.20.02/include/ROOT/RStringView.hxx:26,
                 from /cvmfs/juno.ihep.ac.cn/centos7_amd64_gcc830/Pre-Release/J20v1r0-Pre2/ExternalLibs/ROOT/6.20.02/include/TString.h:28,
                 from /cvmfs/juno.ihep.ac.cn/centos7_amd64_gcc830/Pre-Release/J20v1r0-Pre2/ExternalLibs/ROOT/6.20.02/include/TNamed.h:26,
                 from /cvmfs/juno.ihep.ac.cn/centos7_amd64_gcc830/Pre-Release/J20v1r0-Pre2/ExternalLibs/ROOT/6.20.02/include/TDictionary.h:44,
                 from /cvmfs/juno.ihep.ac.cn/centos7_amd64_gcc830/Pre-Release/J20v1r0-Pre2/ExternalLibs/ROOT/6.20.02/include/TDataType.h:25,
                 from /cvmfs/juno.ihep.ac.cn/centos7_amd64_gcc830/Pre-Release/J20v1r0-Pre2/ExternalLibs/ROOT/6.20.02/include/TBuffer.h:24,
                 from /cvmfs/juno.ihep.ac.cn/centos7_amd64_gcc830/Pre-Release/J20v1r0-Pre2/ExternalLibs/ROOT/6.20.02/include/TDirectory.h:24,
                 from /cvmfs/juno.ihep.ac.cn/centos7_amd64_gcc830/Pre-Release/J20v1r0-Pre2/ExternalLibs/ROOT/6.20.02/include/TDirectoryFile.h:25,
                 from /cvmfs/juno.ihep.ac.cn/centos7_amd64_gcc830/Pre-Release/J20v1r0-Pre2/ExternalLibs/ROOT/6.20.02/include/TFile.h:27,
                 from /dybfs/users/xuhangkun/SimTAO/analysis/calibrate/include/RunData.h:44,
                 from /dybfs/users/xuhangkun/SimTAO/analysis/calibrate/include/TAORunData.h:44,
                 from /dybfs/users/xuhangkun/SimTAO/analysis/calibrate/src/NonLinearCalibration.cpp:2:
/cvmfs/juno.ihep.ac.cn/centos7_amd64_gcc830/contrib/gcc/8.3.0/include/c++/8.3.0/array:307:5: note: candidate: ‘template<<declaration error>, class _Tp, <declaration error> > constexpr _Tp& std::get(int&)’
     get(array<_Tp, _Nm>& __arr) noexcept
     ^~~
/cvmfs/juno.ihep.ac.cn/centos7_amd64_gcc830/contrib/gcc/8.3.0/include/c++/8.3.0/array:307:5: note:   template argument deduction/substitution failed:
/cvmfs/juno.ihep.ac.cn/centos7_amd64_gcc830/contrib/gcc/8.3.0/include/c++/8.3.0/array:316:5: note: candidate: ‘template<<declaration error>, class _Tp, <declaration error> > constexpr _Tp&& std::get(int&&)’
     get(array<_Tp, _Nm>&& __arr) noexcept
     ^~~
/cvmfs/juno.ihep.ac.cn/centos7_amd64_gcc830/contrib/gcc/8.3.0/include/c++/8.3.0/array:316:5: note:   template argument deduction/substitution failed:
/cvmfs/juno.ihep.ac.cn/centos7_amd64_gcc830/contrib/gcc/8.3.0/include/c++/8.3.0/array: At global scope:
/cvmfs/juno.ihep.ac.cn/centos7_amd64_gcc830/contrib/gcc/8.3.0/include/c++/8.3.0/array:322:17: error: ‘std::size_t’ has not been declared
   template<std::size_t _Int, typename _Tp, std::size_t _Nm>
                 ^~~~~~
/cvmfs/juno.ihep.ac.cn/centos7_amd64_gcc830/contrib/gcc/8.3.0/include/c++/8.3.0/array:322:49: error: ‘std::size_t’ has not been declared
   template<std::size_t _Int, typename _Tp, std::size_t _Nm>
                                                 ^~~~~~
/cvmfs/juno.ihep.ac.cn/centos7_amd64_gcc830/contrib/gcc/8.3.0/include/c++/8.3.0/array:324:26: error: ‘_Nm’ was not declared in this scope
     get(const array<_Tp, _Nm>& __arr) noexcept
                          ^~~
/cvmfs/juno.ihep.ac.cn/centos7_amd64_gcc830/contrib/gcc/8.3.0/include/c++/8.3.0/array:324:29: error: template argument 2 is invalid
     get(const array<_Tp, _Nm>& __arr) noexcept
                             ^
/cvmfs/juno.ihep.ac.cn/centos7_amd64_gcc830/contrib/gcc/8.3.0/include/c++/8.3.0/array: In function ‘constexpr const _Tp& std::get(const int&)’:
/cvmfs/juno.ihep.ac.cn/centos7_amd64_gcc830/contrib/gcc/8.3.0/include/c++/8.3.0/array:326:21: error: ‘_Int’ was not declared in this scope
       static_assert(_Int < _Nm, "array index is within bounds");
                     ^~~~
/cvmfs/juno.ihep.ac.cn/centos7_amd64_gcc830/contrib/gcc/8.3.0/include/c++/8.3.0/array:326:21: note: suggested alternative: ‘rint’
       static_assert(_Int < _Nm, "array index is within bounds");
                     ^~~~
                     rint
/cvmfs/juno.ihep.ac.cn/centos7_amd64_gcc830/contrib/gcc/8.3.0/include/c++/8.3.0/array:326:28: error: ‘_Nm’ was not declared in this scope
       static_assert(_Int < _Nm, "array index is within bounds");
                            ^~~
/cvmfs/juno.ihep.ac.cn/centos7_amd64_gcc830/contrib/gcc/8.3.0/include/c++/8.3.0/array:328:15: error: request for member ‘_M_elems’ in ‘__arr’, which is of non-class type ‘const int’
  _S_ref(__arr._M_elems, _Int);
               ^~~~~~~~
/cvmfs/juno.ihep.ac.cn/centos7_amd64_gcc830/contrib/gcc/8.3.0/include/c++/8.3.0/array: At global scope:
/cvmfs/juno.ihep.ac.cn/centos7_amd64_gcc830/contrib/gcc/8.3.0/include/c++/8.3.0/array:331:17: error: ‘std::size_t’ has not been declared
   template<std::size_t _Int, typename _Tp, std::size_t _Nm>
                 ^~~~~~
/cvmfs/juno.ihep.ac.cn/centos7_amd64_gcc830/contrib/gcc/8.3.0/include/c++/8.3.0/array:331:49: error: ‘std::size_t’ has not been declared
   template<std::size_t _Int, typename _Tp, std::size_t _Nm>
                                                 ^~~~~~
/cvmfs/juno.ihep.ac.cn/centos7_amd64_gcc830/contrib/gcc/8.3.0/include/c++/8.3.0/array:333:26: error: ‘_Nm’ was not declared in this scope
     get(const array<_Tp, _Nm>&& __arr) noexcept
                          ^~~
/cvmfs/juno.ihep.ac.cn/centos7_amd64_gcc830/contrib/gcc/8.3.0/include/c++/8.3.0/array:333:29: error: template argument 2 is invalid
     get(const array<_Tp, _Nm>&& __arr) noexcept
                             ^
/cvmfs/juno.ihep.ac.cn/centos7_amd64_gcc830/contrib/gcc/8.3.0/include/c++/8.3.0/array: In function ‘constexpr const _Tp&& std::get(const int&&)’:
/cvmfs/juno.ihep.ac.cn/centos7_amd64_gcc830/contrib/gcc/8.3.0/include/c++/8.3.0/array:335:21: error: ‘_Int’ was not declared in this scope
       static_assert(_Int < _Nm, "array index is within bounds");
                     ^~~~
/cvmfs/juno.ihep.ac.cn/centos7_amd64_gcc830/contrib/gcc/8.3.0/include/c++/8.3.0/array:335:21: note: suggested alternative: ‘rint’
       static_assert(_Int < _Nm, "array index is within bounds");
                     ^~~~
                     rint
/cvmfs/juno.ihep.ac.cn/centos7_amd64_gcc830/contrib/gcc/8.3.0/include/c++/8.3.0/array:335:28: error: ‘_Nm’ was not declared in this scope
       static_assert(_Int < _Nm, "array index is within bounds");
                            ^~~
/cvmfs/juno.ihep.ac.cn/centos7_amd64_gcc830/contrib/gcc/8.3.0/include/c++/8.3.0/array:336:55: error: no matching function for call to ‘get<_Int>(const int&)’
       return std::move(_GLIBCXX_STD_C::get<_Int>(__arr));
                                                       ^
In file included from /cvmfs/juno.ihep.ac.cn/centos7_amd64_gcc830/contrib/gcc/8.3.0/include/c++/8.3.0/algorithm:60,
                 from /cvmfs/juno.ihep.ac.cn/centos7_amd64_gcc830/Pre-Release/J20v1r0-Pre2/ExternalLibs/ROOT/6.20.02/include/TMathBase.h:33,
                 from /cvmfs/juno.ihep.ac.cn/centos7_amd64_gcc830/Pre-Release/J20v1r0-Pre2/ExternalLibs/ROOT/6.20.02/include/TString.h:26,
                 from /cvmfs/juno.ihep.ac.cn/centos7_amd64_gcc830/Pre-Release/J20v1r0-Pre2/ExternalLibs/ROOT/6.20.02/include/TNamed.h:26,
                 from /cvmfs/juno.ihep.ac.cn/centos7_amd64_gcc830/Pre-Release/J20v1r0-Pre2/ExternalLibs/ROOT/6.20.02/include/TDictionary.h:44,
                 from /cvmfs/juno.ihep.ac.cn/centos7_amd64_gcc830/Pre-Release/J20v1r0-Pre2/ExternalLibs/ROOT/6.20.02/include/TDataType.h:25,
                 from /cvmfs/juno.ihep.ac.cn/centos7_amd64_gcc830/Pre-Release/J20v1r0-Pre2/ExternalLibs/ROOT/6.20.02/include/TBuffer.h:24,
                 from /cvmfs/juno.ihep.ac.cn/centos7_amd64_gcc830/Pre-Release/J20v1r0-Pre2/ExternalLibs/ROOT/6.20.02/include/TDirectory.h:24,
                 from /cvmfs/juno.ihep.ac.cn/centos7_amd64_gcc830/Pre-Release/J20v1r0-Pre2/ExternalLibs/ROOT/6.20.02/include/TDirectoryFile.h:25,
                 from /cvmfs/juno.ihep.ac.cn/centos7_amd64_gcc830/Pre-Release/J20v1r0-Pre2/ExternalLibs/ROOT/6.20.02/include/TFile.h:27,
                 from /dybfs/users/xuhangkun/SimTAO/analysis/calibrate/include/RunData.h:44,
                 from /dybfs/users/xuhangkun/SimTAO/analysis/calibrate/include/TAORunData.h:44,
                 from /dybfs/users/xuhangkun/SimTAO/analysis/calibrate/src/NonLinearCalibration.cpp:2:
/cvmfs/juno.ihep.ac.cn/centos7_amd64_gcc830/contrib/gcc/8.3.0/include/c++/8.3.0/utility:216:5: note: candidate: ‘template<<declaration error>, class _Tp1, class _Tp2> constexpr int& std::get(std::pair<_Tp1, _Tp2>&)’
     get(std::pair<_Tp1, _Tp2>& __in) noexcept
     ^~~
/cvmfs/juno.ihep.ac.cn/centos7_amd64_gcc830/contrib/gcc/8.3.0/include/c++/8.3.0/utility:216:5: note:   template argument deduction/substitution failed:
/cvmfs/juno.ihep.ac.cn/centos7_amd64_gcc830/contrib/gcc/8.3.0/include/c++/8.3.0/utility:221:5: note: candidate: ‘template<<declaration error>, class _Tp1, class _Tp2> constexpr int&& std::get(std::pair<_Tp1, _Tp2>&&)’
     get(std::pair<_Tp1, _Tp2>&& __in) noexcept
     ^~~
/cvmfs/juno.ihep.ac.cn/centos7_amd64_gcc830/contrib/gcc/8.3.0/include/c++/8.3.0/utility:221:5: note:   template argument deduction/substitution failed:
/cvmfs/juno.ihep.ac.cn/centos7_amd64_gcc830/contrib/gcc/8.3.0/include/c++/8.3.0/utility:226:5: note: candidate: ‘template<<declaration error>, class _Tp1, class _Tp2> constexpr const int& std::get(const std::pair<_Tp1, _Tp2>&)’
     get(const std::pair<_Tp1, _Tp2>& __in) noexcept
     ^~~
/cvmfs/juno.ihep.ac.cn/centos7_amd64_gcc830/contrib/gcc/8.3.0/include/c++/8.3.0/utility:226:5: note:   template argument deduction/substitution failed:
/cvmfs/juno.ihep.ac.cn/centos7_amd64_gcc830/contrib/gcc/8.3.0/include/c++/8.3.0/utility:231:5: note: candidate: ‘template<<declaration error>, class _Tp1, class _Tp2> constexpr const int&& std::get(const std::pair<_Tp1, _Tp2>&&)’
     get(const std::pair<_Tp1, _Tp2>&& __in) noexcept
     ^~~
/cvmfs/juno.ihep.ac.cn/centos7_amd64_gcc830/contrib/gcc/8.3.0/include/c++/8.3.0/utility:231:5: note:   template argument deduction/substitution failed:
In file included from /cvmfs/juno.ihep.ac.cn/centos7_amd64_gcc830/contrib/gcc/8.3.0/include/c++/8.3.0/tuple:39,
                 from /cvmfs/juno.ihep.ac.cn/centos7_amd64_gcc830/contrib/gcc/8.3.0/include/c++/8.3.0/bits/unique_ptr.h:37,
                 from /cvmfs/juno.ihep.ac.cn/centos7_amd64_gcc830/contrib/gcc/8.3.0/include/c++/8.3.0/bits/locale_conv.h:41,
                 from /cvmfs/juno.ihep.ac.cn/centos7_amd64_gcc830/contrib/gcc/8.3.0/include/c++/8.3.0/locale:43,
                 from /cvmfs/juno.ihep.ac.cn/centos7_amd64_gcc830/contrib/gcc/8.3.0/include/c++/8.3.0/iomanip:43,
                 from /cvmfs/juno.ihep.ac.cn/centos7_amd64_gcc830/Pre-Release/J20v1r0-Pre2/ExternalLibs/ROOT/6.20.02/include/ROOT/RWrap_libcpp_string_view.h:44,
                 from /cvmfs/juno.ihep.ac.cn/centos7_amd64_gcc830/Pre-Release/J20v1r0-Pre2/ExternalLibs/ROOT/6.20.02/include/ROOT/RStringView.hxx:26,
                 from /cvmfs/juno.ihep.ac.cn/centos7_amd64_gcc830/Pre-Release/J20v1r0-Pre2/ExternalLibs/ROOT/6.20.02/include/TString.h:28,
                 from /cvmfs/juno.ihep.ac.cn/centos7_amd64_gcc830/Pre-Release/J20v1r0-Pre2/ExternalLibs/ROOT/6.20.02/include/TNamed.h:26,
                 from /cvmfs/juno.ihep.ac.cn/centos7_amd64_gcc830/Pre-Release/J20v1r0-Pre2/ExternalLibs/ROOT/6.20.02/include/TDictionary.h:44,
                 from /cvmfs/juno.ihep.ac.cn/centos7_amd64_gcc830/Pre-Release/J20v1r0-Pre2/ExternalLibs/ROOT/6.20.02/include/TDataType.h:25,
                 from /cvmfs/juno.ihep.ac.cn/centos7_amd64_gcc830/Pre-Release/J20v1r0-Pre2/ExternalLibs/ROOT/6.20.02/include/TBuffer.h:24,
                 from /cvmfs/juno.ihep.ac.cn/centos7_amd64_gcc830/Pre-Release/J20v1r0-Pre2/ExternalLibs/ROOT/6.20.02/include/TDirectory.h:24,
                 from /cvmfs/juno.ihep.ac.cn/centos7_amd64_gcc830/Pre-Release/J20v1r0-Pre2/ExternalLibs/ROOT/6.20.02/include/TDirectoryFile.h:25,
                 from /cvmfs/juno.ihep.ac.cn/centos7_amd64_gcc830/Pre-Release/J20v1r0-Pre2/ExternalLibs/ROOT/6.20.02/include/TFile.h:27,
                 from /dybfs/users/xuhangkun/SimTAO/analysis/calibrate/include/RunData.h:44,
                 from /dybfs/users/xuhangkun/SimTAO/analysis/calibrate/include/TAORunData.h:44,
                 from /dybfs/users/xuhangkun/SimTAO/analysis/calibrate/src/NonLinearCalibration.cpp:2:
/cvmfs/juno.ihep.ac.cn/centos7_amd64_gcc830/contrib/gcc/8.3.0/include/c++/8.3.0/array:307:5: note: candidate: ‘template<<declaration error>, class _Tp, <declaration error> > constexpr _Tp& std::get(int&)’
     get(array<_Tp, _Nm>& __arr) noexcept
     ^~~
/cvmfs/juno.ihep.ac.cn/centos7_amd64_gcc830/contrib/gcc/8.3.0/include/c++/8.3.0/array:307:5: note:   template argument deduction/substitution failed:
/cvmfs/juno.ihep.ac.cn/centos7_amd64_gcc830/contrib/gcc/8.3.0/include/c++/8.3.0/array:316:5: note: candidate: ‘template<<declaration error>, class _Tp, <declaration error> > constexpr _Tp&& std::get(int&&)’
     get(array<_Tp, _Nm>&& __arr) noexcept
     ^~~
/cvmfs/juno.ihep.ac.cn/centos7_amd64_gcc830/contrib/gcc/8.3.0/include/c++/8.3.0/array:316:5: note:   template argument deduction/substitution failed:
/cvmfs/juno.ihep.ac.cn/centos7_amd64_gcc830/contrib/gcc/8.3.0/include/c++/8.3.0/array:324:5: note: candidate: ‘template<<declaration error>, class _Tp, <declaration error> > constexpr const _Tp& std::get(const int&)’
     get(const array<_Tp, _Nm>& __arr) noexcept
     ^~~
/cvmfs/juno.ihep.ac.cn/centos7_amd64_gcc830/contrib/gcc/8.3.0/include/c++/8.3.0/array:324:5: note:   template argument deduction/substitution failed:
/cvmfs/juno.ihep.ac.cn/centos7_amd64_gcc830/contrib/gcc/8.3.0/include/c++/8.3.0/array:333:5: note: candidate: ‘template<<declaration error>, class _Tp, <declaration error> > constexpr const _Tp&& std::get(const int&&)’
     get(const array<_Tp, _Nm>&& __arr) noexcept
     ^~~
/cvmfs/juno.ihep.ac.cn/centos7_amd64_gcc830/contrib/gcc/8.3.0/include/c++/8.3.0/array:333:5: note:   template argument deduction/substitution failed:
/cvmfs/juno.ihep.ac.cn/centos7_amd64_gcc830/contrib/gcc/8.3.0/include/c++/8.3.0/array: At global scope:
/cvmfs/juno.ihep.ac.cn/centos7_amd64_gcc830/contrib/gcc/8.3.0/include/c++/8.3.0/array:353:31: error: ‘std::size_t’ has not been declared
   template<typename _Tp, std::size_t _Nm>
                               ^~~~~~
/cvmfs/juno.ihep.ac.cn/centos7_amd64_gcc830/contrib/gcc/8.3.0/include/c++/8.3.0/array:354:50: error: ‘_Nm’ was not declared in this scope
     struct tuple_size<_GLIBCXX_STD_C::array<_Tp, _Nm>>
                                                  ^~~
/cvmfs/juno.ihep.ac.cn/centos7_amd64_gcc830/contrib/gcc/8.3.0/include/c++/8.3.0/array:354:50: error: template argument 2 is invalid
/cvmfs/juno.ihep.ac.cn/centos7_amd64_gcc830/contrib/gcc/8.3.0/include/c++/8.3.0/array:354:53: error: template argument 1 is invalid
     struct tuple_size<_GLIBCXX_STD_C::array<_Tp, _Nm>>
                                                     ^~
/cvmfs/juno.ihep.ac.cn/centos7_amd64_gcc830/contrib/gcc/8.3.0/include/c++/8.3.0/array:355:37: error: ‘size_t’ is not a member of ‘std’
     : public integral_constant<std::size_t, _Nm> { };
                                     ^~~~~~
/cvmfs/juno.ihep.ac.cn/centos7_amd64_gcc830/contrib/gcc/8.3.0/include/c++/8.3.0/array:355:37: note: suggested alternative:
In file included from /usr/include/wchar.h:51,
                 from /cvmfs/juno.ihep.ac.cn/centos7_amd64_gcc830/contrib/gcc/8.3.0/include/c++/8.3.0/cwchar:44,
                 from /cvmfs/juno.ihep.ac.cn/centos7_amd64_gcc830/contrib/gcc/8.3.0/include/c++/8.3.0/bits/postypes.h:40,
                 from /cvmfs/juno.ihep.ac.cn/centos7_amd64_gcc830/contrib/gcc/8.3.0/include/c++/8.3.0/bits/char_traits.h:40,
                 from /cvmfs/juno.ihep.ac.cn/centos7_amd64_gcc830/contrib/gcc/8.3.0/include/c++/8.3.0/string:40,
                 from /dybfs/users/xuhangkun/SimTAO/analysis/calibrate/include/RunData.h:43,
                 from /dybfs/users/xuhangkun/SimTAO/analysis/calibrate/include/TAORunData.h:44,
                 from /dybfs/users/xuhangkun/SimTAO/analysis/calibrate/src/NonLinearCalibration.cpp:2:
/cvmfs/juno.ihep.ac.cn/centos7_amd64_gcc830/contrib/gcc/8.3.0/lib/gcc/x86_64-pc-linux-gnu/8.3.0/include/stddef.h:216:23: note:   ‘size_t’
 typedef __SIZE_TYPE__ size_t;
                       ^~~~~~
In file included from /cvmfs/juno.ihep.ac.cn/centos7_amd64_gcc830/contrib/gcc/8.3.0/include/c++/8.3.0/tuple:39,
                 from /cvmfs/juno.ihep.ac.cn/centos7_amd64_gcc830/contrib/gcc/8.3.0/include/c++/8.3.0/bits/unique_ptr.h:37,
                 from /cvmfs/juno.ihep.ac.cn/centos7_amd64_gcc830/contrib/gcc/8.3.0/include/c++/8.3.0/bits/locale_conv.h:41,
                 from /cvmfs/juno.ihep.ac.cn/centos7_amd64_gcc830/contrib/gcc/8.3.0/include/c++/8.3.0/locale:43,
                 from /cvmfs/juno.ihep.ac.cn/centos7_amd64_gcc830/contrib/gcc/8.3.0/include/c++/8.3.0/iomanip:43,
                 from /cvmfs/juno.ihep.ac.cn/centos7_amd64_gcc830/Pre-Release/J20v1r0-Pre2/ExternalLibs/ROOT/6.20.02/include/ROOT/RWrap_libcpp_string_view.h:44,
                 from /cvmfs/juno.ihep.ac.cn/centos7_amd64_gcc830/Pre-Release/J20v1r0-Pre2/ExternalLibs/ROOT/6.20.02/include/ROOT/RStringView.hxx:26,
                 from /cvmfs/juno.ihep.ac.cn/centos7_amd64_gcc830/Pre-Release/J20v1r0-Pre2/ExternalLibs/ROOT/6.20.02/include/TString.h:28,
                 from /cvmfs/juno.ihep.ac.cn/centos7_amd64_gcc830/Pre-Release/J20v1r0-Pre2/ExternalLibs/ROOT/6.20.02/include/TNamed.h:26,
                 from /cvmfs/juno.ihep.ac.cn/centos7_amd64_gcc830/Pre-Release/J20v1r0-Pre2/ExternalLibs/ROOT/6.20.02/include/TDictionary.h:44,
                 from /cvmfs/juno.ihep.ac.cn/centos7_amd64_gcc830/Pre-Release/J20v1r0-Pre2/ExternalLibs/ROOT/6.20.02/include/TDataType.h:25,
                 from /cvmfs/juno.ihep.ac.cn/centos7_amd64_gcc830/Pre-Release/J20v1r0-Pre2/ExternalLibs/ROOT/6.20.02/include/TBuffer.h:24,
                 from /cvmfs/juno.ihep.ac.cn/centos7_amd64_gcc830/Pre-Release/J20v1r0-Pre2/ExternalLibs/ROOT/6.20.02/include/TDirectory.h:24,
                 from /cvmfs/juno.ihep.ac.cn/centos7_amd64_gcc830/Pre-Release/J20v1r0-Pre2/ExternalLibs/ROOT/6.20.02/include/TDirectoryFile.h:25,
                 from /cvmfs/juno.ihep.ac.cn/centos7_amd64_gcc830/Pre-Release/J20v1r0-Pre2/ExternalLibs/ROOT/6.20.02/include/TFile.h:27,
                 from /dybfs/users/xuhangkun/SimTAO/analysis/calibrate/include/RunData.h:44,
                 from /dybfs/users/xuhangkun/SimTAO/analysis/calibrate/include/TAORunData.h:44,
                 from /dybfs/users/xuhangkun/SimTAO/analysis/calibrate/src/NonLinearCalibration.cpp:2:
/cvmfs/juno.ihep.ac.cn/centos7_amd64_gcc830/contrib/gcc/8.3.0/include/c++/8.3.0/array:355:37: error: ‘size_t’ is not a member of ‘std’
     : public integral_constant<std::size_t, _Nm> { };
                                     ^~~~~~
/cvmfs/juno.ihep.ac.cn/centos7_amd64_gcc830/contrib/gcc/8.3.0/include/c++/8.3.0/array:355:37: note: suggested alternative:
In file included from /usr/include/wchar.h:51,
                 from /cvmfs/juno.ihep.ac.cn/centos7_amd64_gcc830/contrib/gcc/8.3.0/include/c++/8.3.0/cwchar:44,
                 from /cvmfs/juno.ihep.ac.cn/centos7_amd64_gcc830/contrib/gcc/8.3.0/include/c++/8.3.0/bits/postypes.h:40,
                 from /cvmfs/juno.ihep.ac.cn/centos7_amd64_gcc830/contrib/gcc/8.3.0/include/c++/8.3.0/bits/char_traits.h:40,
                 from /cvmfs/juno.ihep.ac.cn/centos7_amd64_gcc830/contrib/gcc/8.3.0/include/c++/8.3.0/string:40,
                 from /dybfs/users/xuhangkun/SimTAO/analysis/calibrate/include/RunData.h:43,
                 from /dybfs/users/xuhangkun/SimTAO/analysis/calibrate/include/TAORunData.h:44,
                 from /dybfs/users/xuhangkun/SimTAO/analysis/calibrate/src/NonLinearCalibration.cpp:2:
/cvmfs/juno.ihep.ac.cn/centos7_amd64_gcc830/contrib/gcc/8.3.0/lib/gcc/x86_64-pc-linux-gnu/8.3.0/include/stddef.h:216:23: note:   ‘size_t’
 typedef __SIZE_TYPE__ size_t;
                       ^~~~~~
In file included from /cvmfs/juno.ihep.ac.cn/centos7_amd64_gcc830/contrib/gcc/8.3.0/include/c++/8.3.0/tuple:39,
                 from /cvmfs/juno.ihep.ac.cn/centos7_amd64_gcc830/contrib/gcc/8.3.0/include/c++/8.3.0/bits/unique_ptr.h:37,
                 from /cvmfs/juno.ihep.ac.cn/centos7_amd64_gcc830/contrib/gcc/8.3.0/include/c++/8.3.0/bits/locale_conv.h:41,
                 from /cvmfs/juno.ihep.ac.cn/centos7_amd64_gcc830/contrib/gcc/8.3.0/include/c++/8.3.0/locale:43,
                 from /cvmfs/juno.ihep.ac.cn/centos7_amd64_gcc830/contrib/gcc/8.3.0/include/c++/8.3.0/iomanip:43,
                 from /cvmfs/juno.ihep.ac.cn/centos7_amd64_gcc830/Pre-Release/J20v1r0-Pre2/ExternalLibs/ROOT/6.20.02/include/ROOT/RWrap_libcpp_string_view.h:44,
                 from /cvmfs/juno.ihep.ac.cn/centos7_amd64_gcc830/Pre-Release/J20v1r0-Pre2/ExternalLibs/ROOT/6.20.02/include/ROOT/RStringView.hxx:26,
                 from /cvmfs/juno.ihep.ac.cn/centos7_amd64_gcc830/Pre-Release/J20v1r0-Pre2/ExternalLibs/ROOT/6.20.02/include/TString.h:28,
                 from /cvmfs/juno.ihep.ac.cn/centos7_amd64_gcc830/Pre-Release/J20v1r0-Pre2/ExternalLibs/ROOT/6.20.02/include/TNamed.h:26,
                 from /cvmfs/juno.ihep.ac.cn/centos7_amd64_gcc830/Pre-Release/J20v1r0-Pre2/ExternalLibs/ROOT/6.20.02/include/TDictionary.h:44,
                 from /cvmfs/juno.ihep.ac.cn/centos7_amd64_gcc830/Pre-Release/J20v1r0-Pre2/ExternalLibs/ROOT/6.20.02/include/TDataType.h:25,
                 from /cvmfs/juno.ihep.ac.cn/centos7_amd64_gcc830/Pre-Release/J20v1r0-Pre2/ExternalLibs/ROOT/6.20.02/include/TBuffer.h:24,
                 from /cvmfs/juno.ihep.ac.cn/centos7_amd64_gcc830/Pre-Release/J20v1r0-Pre2/ExternalLibs/ROOT/6.20.02/include/TDirectory.h:24,
                 from /cvmfs/juno.ihep.ac.cn/centos7_amd64_gcc830/Pre-Release/J20v1r0-Pre2/ExternalLibs/ROOT/6.20.02/include/TDirectoryFile.h:25,
                 from /cvmfs/juno.ihep.ac.cn/centos7_amd64_gcc830/Pre-Release/J20v1r0-Pre2/ExternalLibs/ROOT/6.20.02/include/TFile.h:27,
                 from /dybfs/users/xuhangkun/SimTAO/analysis/calibrate/include/RunData.h:44,
                 from /dybfs/users/xuhangkun/SimTAO/analysis/calibrate/include/TAORunData.h:44,
                 from /dybfs/users/xuhangkun/SimTAO/analysis/calibrate/src/NonLinearCalibration.cpp:2:
/cvmfs/juno.ihep.ac.cn/centos7_amd64_gcc830/contrib/gcc/8.3.0/include/c++/8.3.0/array:355:45: error: ‘_Nm’ was not declared in this scope
     : public integral_constant<std::size_t, _Nm> { };
                                             ^~~
/cvmfs/juno.ihep.ac.cn/centos7_amd64_gcc830/contrib/gcc/8.3.0/include/c++/8.3.0/array:355:48: error: template argument 1 is invalid
     : public integral_constant<std::size_t, _Nm> { };
                                                ^
/cvmfs/juno.ihep.ac.cn/centos7_amd64_gcc830/contrib/gcc/8.3.0/include/c++/8.3.0/array:355:48: error: template argument 2 is invalid
/cvmfs/juno.ihep.ac.cn/centos7_amd64_gcc830/contrib/gcc/8.3.0/include/c++/8.3.0/array:358:17: error: ‘std::size_t’ has not been declared
   template<std::size_t _Int, typename _Tp>
                 ^~~~~~
/cvmfs/juno.ihep.ac.cn/centos7_amd64_gcc830/contrib/gcc/8.3.0/include/c++/8.3.0/array:362:17: error: ‘std::size_t’ has not been declared
   template<std::size_t _Int, typename _Tp, std::size_t _Nm>
                 ^~~~~~
/cvmfs/juno.ihep.ac.cn/centos7_amd64_gcc830/contrib/gcc/8.3.0/include/c++/8.3.0/array:362:49: error: ‘std::size_t’ has not been declared
   template<std::size_t _Int, typename _Tp, std::size_t _Nm>
                                                 ^~~~~~
/cvmfs/juno.ihep.ac.cn/centos7_amd64_gcc830/contrib/gcc/8.3.0/include/c++/8.3.0/array:363:26: error: ‘_Int’ was not declared in this scope
     struct tuple_element<_Int, _GLIBCXX_STD_C::array<_Tp, _Nm>>
                          ^~~~
/cvmfs/juno.ihep.ac.cn/centos7_amd64_gcc830/contrib/gcc/8.3.0/include/c++/8.3.0/array:363:26: note: suggested alternative: ‘rint’
     struct tuple_element<_Int, _GLIBCXX_STD_C::array<_Tp, _Nm>>
                          ^~~~
                          rint
/cvmfs/juno.ihep.ac.cn/centos7_amd64_gcc830/contrib/gcc/8.3.0/include/c++/8.3.0/array:363:59: error: ‘_Nm’ was not declared in this scope
     struct tuple_element<_Int, _GLIBCXX_STD_C::array<_Tp, _Nm>>
                                                           ^~~
/cvmfs/juno.ihep.ac.cn/centos7_amd64_gcc830/contrib/gcc/8.3.0/include/c++/8.3.0/array:363:59: error: template argument 2 is invalid
/cvmfs/juno.ihep.ac.cn/centos7_amd64_gcc830/contrib/gcc/8.3.0/include/c++/8.3.0/array:363:62: error: template argument 1 is invalid
     struct tuple_element<_Int, _GLIBCXX_STD_C::array<_Tp, _Nm>>
                                                              ^~
/cvmfs/juno.ihep.ac.cn/centos7_amd64_gcc830/contrib/gcc/8.3.0/include/c++/8.3.0/array:363:62: error: template argument 2 is invalid
/cvmfs/juno.ihep.ac.cn/centos7_amd64_gcc830/contrib/gcc/8.3.0/include/c++/8.3.0/array:369:31: error: ‘std::size_t’ has not been declared
   template<typename _Tp, std::size_t _Nm>
                               ^~~~~~
/cvmfs/juno.ihep.ac.cn/centos7_amd64_gcc830/contrib/gcc/8.3.0/include/c++/8.3.0/array:370:60: error: ‘_Nm’ was not declared in this scope
     struct __is_tuple_like_impl<_GLIBCXX_STD_C::array<_Tp, _Nm>> : true_type
                                                            ^~~
/cvmfs/juno.ihep.ac.cn/centos7_amd64_gcc830/contrib/gcc/8.3.0/include/c++/8.3.0/array:370:60: error: template argument 2 is invalid
/cvmfs/juno.ihep.ac.cn/centos7_amd64_gcc830/contrib/gcc/8.3.0/include/c++/8.3.0/array:370:63: error: template argument 1 is invalid
     struct __is_tuple_like_impl<_GLIBCXX_STD_C::array<_Tp, _Nm>> : true_type
                                                               ^~
In file included from /cvmfs/juno.ihep.ac.cn/centos7_amd64_gcc830/contrib/gcc/8.3.0/include/c++/8.3.0/bits/unique_ptr.h:37,
                 from /cvmfs/juno.ihep.ac.cn/centos7_amd64_gcc830/contrib/gcc/8.3.0/include/c++/8.3.0/bits/locale_conv.h:41,
                 from /cvmfs/juno.ihep.ac.cn/centos7_amd64_gcc830/contrib/gcc/8.3.0/include/c++/8.3.0/locale:43,
                 from /cvmfs/juno.ihep.ac.cn/centos7_amd64_gcc830/contrib/gcc/8.3.0/include/c++/8.3.0/iomanip:43,
                 from /cvmfs/juno.ihep.ac.cn/centos7_amd64_gcc830/Pre-Release/J20v1r0-Pre2/ExternalLibs/ROOT/6.20.02/include/ROOT/RWrap_libcpp_string_view.h:44,
                 from /cvmfs/juno.ihep.ac.cn/centos7_amd64_gcc830/Pre-Release/J20v1r0-Pre2/ExternalLibs/ROOT/6.20.02/include/ROOT/RStringView.hxx:26,
                 from /cvmfs/juno.ihep.ac.cn/centos7_amd64_gcc830/Pre-Release/J20v1r0-Pre2/ExternalLibs/ROOT/6.20.02/include/TString.h:28,
                 from /cvmfs/juno.ihep.ac.cn/centos7_amd64_gcc830/Pre-Release/J20v1r0-Pre2/ExternalLibs/ROOT/6.20.02/include/TNamed.h:26,
                 from /cvmfs/juno.ihep.ac.cn/centos7_amd64_gcc830/Pre-Release/J20v1r0-Pre2/ExternalLibs/ROOT/6.20.02/include/TDictionary.h:44,
                 from /cvmfs/juno.ihep.ac.cn/centos7_amd64_gcc830/Pre-Release/J20v1r0-Pre2/ExternalLibs/ROOT/6.20.02/include/TDataType.h:25,
                 from /cvmfs/juno.ihep.ac.cn/centos7_amd64_gcc830/Pre-Release/J20v1r0-Pre2/ExternalLibs/ROOT/6.20.02/include/TBuffer.h:24,
                 from /cvmfs/juno.ihep.ac.cn/centos7_amd64_gcc830/Pre-Release/J20v1r0-Pre2/ExternalLibs/ROOT/6.20.02/include/TDirectory.h:24,
                 from /cvmfs/juno.ihep.ac.cn/centos7_amd64_gcc830/Pre-Release/J20v1r0-Pre2/ExternalLibs/ROOT/6.20.02/include/TDirectoryFile.h:25,
                 from /cvmfs/juno.ihep.ac.cn/centos7_amd64_gcc830/Pre-Release/J20v1r0-Pre2/ExternalLibs/ROOT/6.20.02/include/TFile.h:27,
                 from /dybfs/users/xuhangkun/SimTAO/analysis/calibrate/include/RunData.h:44,
                 from /dybfs/users/xuhangkun/SimTAO/analysis/calibrate/include/TAORunData.h:44,
                 from /dybfs/users/xuhangkun/SimTAO/analysis/calibrate/src/NonLinearCalibration.cpp:2:
/cvmfs/juno.ihep.ac.cn/centos7_amd64_gcc830/contrib/gcc/8.3.0/include/c++/8.3.0/tuple:68:17: error: ‘std::size_t’ has not been declared
   template<std::size_t _Idx, typename _Head,
                 ^~~~~~
/cvmfs/juno.ihep.ac.cn/centos7_amd64_gcc830/contrib/gcc/8.3.0/include/c++/8.3.0/tuple:70:12: error: no default argument for ‘_Head’
     struct _Head_base;
            ^~~~~~~~~~
/cvmfs/juno.ihep.ac.cn/centos7_amd64_gcc830/contrib/gcc/8.3.0/include/c++/8.3.0/tuple:72:17: error: ‘std::size_t’ has not been declared
   template<std::size_t _Idx, typename _Head>
                 ^~~~~~
/cvmfs/juno.ihep.ac.cn/centos7_amd64_gcc830/contrib/gcc/8.3.0/include/c++/8.3.0/tuple:73:23: error: ‘_Idx’ was not declared in this scope
     struct _Head_base<_Idx, _Head, true>
                       ^~~~
/cvmfs/juno.ihep.ac.cn/centos7_amd64_gcc830/contrib/gcc/8.3.0/include/c++/8.3.0/tuple:73:40: error: template argument 1 is invalid
     struct _Head_base<_Idx, _Head, true>
                                        ^
/cvmfs/juno.ihep.ac.cn/centos7_amd64_gcc830/contrib/gcc/8.3.0/include/c++/8.3.0/tuple:119:17: error: ‘std::size_t’ has not been declared
   template<std::size_t _Idx, typename _Head>
                 ^~~~~~
/cvmfs/juno.ihep.ac.cn/centos7_amd64_gcc830/contrib/gcc/8.3.0/include/c++/8.3.0/tuple:120:23: error: ‘_Idx’ was not declared in this scope
     struct _Head_base<_Idx, _Head, false>
                       ^~~~
/cvmfs/juno.ihep.ac.cn/centos7_amd64_gcc830/contrib/gcc/8.3.0/include/c++/8.3.0/tuple:120:41: error: template argument 1 is invalid
     struct _Head_base<_Idx, _Head, false>
                                         ^
/cvmfs/juno.ihep.ac.cn/centos7_amd64_gcc830/contrib/gcc/8.3.0/include/c++/8.3.0/tuple:176:17: error: ‘std::size_t’ has not been declared
   template<std::size_t _Idx, typename... _Elements>
                 ^~~~~~
/cvmfs/juno.ihep.ac.cn/centos7_amd64_gcc830/contrib/gcc/8.3.0/include/c++/8.3.0/tuple:184:17: error: ‘std::size_t’ has not been declared
   template<std::size_t _Idx, typename _Head, typename... _Tail>
                 ^~~~~~
/cvmfs/juno.ihep.ac.cn/centos7_amd64_gcc830/contrib/gcc/8.3.0/include/c++/8.3.0/tuple:185:24: error: ‘_Idx’ was not declared in this scope
     struct _Tuple_impl<_Idx, _Head, _Tail...>
                        ^~~~
/cvmfs/juno.ihep.ac.cn/centos7_amd64_gcc830/contrib/gcc/8.3.0/include/c++/8.3.0/tuple:185:45: error: template argument 1 is invalid
     struct _Tuple_impl<_Idx, _Head, _Tail...>
                                             ^
/cvmfs/juno.ihep.ac.cn/centos7_amd64_gcc830/contrib/gcc/8.3.0/include/c++/8.3.0/tuple:186:26: error: ‘_Idx’ was not declared in this scope
     : public _Tuple_impl<_Idx + 1, _Tail...>,
                          ^~~~
/cvmfs/juno.ihep.ac.cn/centos7_amd64_gcc830/contrib/gcc/8.3.0/include/c++/8.3.0/tuple:186:44: error: template argument 1 is invalid
     : public _Tuple_impl<_Idx + 1, _Tail...>,
                                            ^
/cvmfs/juno.ihep.ac.cn/centos7_amd64_gcc830/contrib/gcc/8.3.0/include/c++/8.3.0/tuple:187:26: error: ‘_Idx’ was not declared in this scope
       private _Head_base<_Idx, _Head>
                          ^~~~
/cvmfs/juno.ihep.ac.cn/centos7_amd64_gcc830/contrib/gcc/8.3.0/include/c++/8.3.0/tuple:187:37: error: template argument 1 is invalid
       private _Head_base<_Idx, _Head>
                                     ^
/cvmfs/juno.ihep.ac.cn/centos7_amd64_gcc830/contrib/gcc/8.3.0/include/c++/8.3.0/tuple:342:17: error: ‘std::size_t’ has not been declared
   template<std::size_t _Idx, typename _Head>
                 ^~~~~~
/cvmfs/juno.ihep.ac.cn/centos7_amd64_gcc830/contrib/gcc/8.3.0/include/c++/8.3.0/tuple:343:24: error: ‘_Idx’ was not declared in this scope
     struct _Tuple_impl<_Idx, _Head>
                        ^~~~
/cvmfs/juno.ihep.ac.cn/centos7_amd64_gcc830/contrib/gcc/8.3.0/include/c++/8.3.0/tuple:343:35: error: template argument 1 is invalid
     struct _Tuple_impl<_Idx, _Head>
                                   ^
/cvmfs/juno.ihep.ac.cn/centos7_amd64_gcc830/contrib/gcc/8.3.0/include/c++/8.3.0/tuple:344:26: error: ‘_Idx’ was not declared in this scope
     : private _Head_base<_Idx, _Head>
                          ^~~~
/cvmfs/juno.ihep.ac.cn/centos7_amd64_gcc830/contrib/gcc/8.3.0/include/c++/8.3.0/tuple:344:37: error: template argument 1 is invalid
     : private _Head_base<_Idx, _Head>
                                     ^
/cvmfs/juno.ihep.ac.cn/centos7_amd64_gcc830/contrib/gcc/8.3.0/include/c++/8.3.0/tuple: In constructor ‘constexpr std::tuple<_Elements>::tuple()’:
/cvmfs/juno.ihep.ac.cn/centos7_amd64_gcc830/contrib/gcc/8.3.0/include/c++/8.3.0/tuple:582:9: error: ‘typedef int std::tuple<_Elements>::_Inherited’ is not a non-static data member of ‘std::tuple<_Elements>’
       : _Inherited() { }
         ^~~~~~~~~~
/cvmfs/juno.ihep.ac.cn/centos7_amd64_gcc830/contrib/gcc/8.3.0/include/c++/8.3.0/tuple: In constructor ‘constexpr std::tuple<_Elements>::tuple()’:
/cvmfs/juno.ihep.ac.cn/centos7_amd64_gcc830/contrib/gcc/8.3.0/include/c++/8.3.0/tuple:592:9: error: ‘typedef int std::tuple<_Elements>::_Inherited’ is not a non-static data member of ‘std::tuple<_Elements>’
       : _Inherited() { }
         ^~~~~~~~~~
/cvmfs/juno.ihep.ac.cn/centos7_amd64_gcc830/contrib/gcc/8.3.0/include/c++/8.3.0/tuple: In constructor ‘constexpr std::tuple<_Elements>::tuple(const _Elements& ...)’:
/cvmfs/juno.ihep.ac.cn/centos7_amd64_gcc830/contrib/gcc/8.3.0/include/c++/8.3.0/tuple:609:9: error: ‘typedef int std::tuple<_Elements>::_Inherited’ is not a non-static data member of ‘std::tuple<_Elements>’
       : _Inherited(__elements...) { }
         ^~~~~~~~~~
/cvmfs/juno.ihep.ac.cn/centos7_amd64_gcc830/contrib/gcc/8.3.0/include/c++/8.3.0/tuple: In constructor ‘constexpr std::tuple<_Elements>::tuple(const _Elements& ...)’:
/cvmfs/juno.ihep.ac.cn/centos7_amd64_gcc830/contrib/gcc/8.3.0/include/c++/8.3.0/tuple:620:9: error: ‘typedef int std::tuple<_Elements>::_Inherited’ is not a non-static data member of ‘std::tuple<_Elements>’
       : _Inherited(__elements...) { }
         ^~~~~~~~~~
/cvmfs/juno.ihep.ac.cn/centos7_amd64_gcc830/contrib/gcc/8.3.0/include/c++/8.3.0/tuple: In constructor ‘constexpr std::tuple<_Elements>::tuple(_UElements&& ...)’:
/cvmfs/juno.ihep.ac.cn/centos7_amd64_gcc830/contrib/gcc/8.3.0/include/c++/8.3.0/tuple:647:11: error: ‘typedef int std::tuple<_Elements>::_Inherited’ is not a non-static data member of ‘std::tuple<_Elements>’
         : _Inherited(std::forward<_UElements>(__elements)...) { }
           ^~~~~~~~~~
/cvmfs/juno.ihep.ac.cn/centos7_amd64_gcc830/contrib/gcc/8.3.0/include/c++/8.3.0/tuple: In constructor ‘constexpr std::tuple<_Elements>::tuple(_UElements&& ...)’:
/cvmfs/juno.ihep.ac.cn/centos7_amd64_gcc830/contrib/gcc/8.3.0/include/c++/8.3.0/tuple:658:4: error: ‘typedef int std::tuple<_Elements>::_Inherited’ is not a non-static data member of ‘std::tuple<_Elements>’
  : _Inherited(std::forward<_UElements>(__elements)...) { }
    ^~~~~~~~~~
/cvmfs/juno.ihep.ac.cn/centos7_amd64_gcc830/contrib/gcc/8.3.0/include/c++/8.3.0/tuple: In constructor ‘constexpr std::tuple<_Elements>::tuple(const std::tuple<_Args1 ...>&)’:
/cvmfs/juno.ihep.ac.cn/centos7_amd64_gcc830/contrib/gcc/8.3.0/include/c++/8.3.0/tuple:679:11: error: ‘typedef int std::tuple<_Elements>::_Inherited’ is not a non-static data member of ‘std::tuple<_Elements>’
         : _Inherited(static_cast<const _Tuple_impl<0, _UElements...>&>(__in))
           ^~~~~~~~~~
/cvmfs/juno.ihep.ac.cn/centos7_amd64_gcc830/contrib/gcc/8.3.0/include/c++/8.3.0/tuple:679:69: error: expected ‘>’ before ‘&’ token
         : _Inherited(static_cast<const _Tuple_impl<0, _UElements...>&>(__in))
                                                                     ^
/cvmfs/juno.ihep.ac.cn/centos7_amd64_gcc830/contrib/gcc/8.3.0/include/c++/8.3.0/tuple:679:69: error: expected ‘(’ before ‘&’ token
         : _Inherited(static_cast<const _Tuple_impl<0, _UElements...>&>(__in))
                                                                     ^
                                                                     (
/cvmfs/juno.ihep.ac.cn/centos7_amd64_gcc830/contrib/gcc/8.3.0/include/c++/8.3.0/tuple:679:70: error: expected primary-expression before ‘>’ token
         : _Inherited(static_cast<const _Tuple_impl<0, _UElements...>&>(__in))
                                                                      ^
/cvmfs/juno.ihep.ac.cn/centos7_amd64_gcc830/contrib/gcc/8.3.0/include/c++/8.3.0/tuple:680:11: error: expected ‘{’ at end of input
         { }
           ^
/cvmfs/juno.ihep.ac.cn/centos7_amd64_gcc830/contrib/gcc/8.3.0/include/c++/8.3.0/tuple: In constructor ‘constexpr std::tuple<_Elements>::tuple(const std::tuple<_Args1 ...>&)’:
/cvmfs/juno.ihep.ac.cn/centos7_amd64_gcc830/contrib/gcc/8.3.0/include/c++/8.3.0/tuple:691:11: error: ‘typedef int std::tuple<_Elements>::_Inherited’ is not a non-static data member of ‘std::tuple<_Elements>’
         : _Inherited(static_cast<const _Tuple_impl<0, _UElements...>&>(__in))
           ^~~~~~~~~~
/cvmfs/juno.ihep.ac.cn/centos7_amd64_gcc830/contrib/gcc/8.3.0/include/c++/8.3.0/tuple:691:69: error: expected ‘>’ before ‘&’ token
         : _Inherited(static_cast<const _Tuple_impl<0, _UElements...>&>(__in))
                                                                     ^
/cvmfs/juno.ihep.ac.cn/centos7_amd64_gcc830/contrib/gcc/8.3.0/include/c++/8.3.0/tuple:691:69: error: expected ‘(’ before ‘&’ token
         : _Inherited(static_cast<const _Tuple_impl<0, _UElements...>&>(__in))
                                                                     ^
                                                                     (
/cvmfs/juno.ihep.ac.cn/centos7_amd64_gcc830/contrib/gcc/8.3.0/include/c++/8.3.0/tuple:691:70: error: expected primary-expression before ‘>’ token
         : _Inherited(static_cast<const _Tuple_impl<0, _UElements...>&>(__in))
                                                                      ^
/cvmfs/juno.ihep.ac.cn/centos7_amd64_gcc830/contrib/gcc/8.3.0/include/c++/8.3.0/tuple:692:11: error: expected ‘{’ at end of input
         { }
           ^
/cvmfs/juno.ihep.ac.cn/centos7_amd64_gcc830/contrib/gcc/8.3.0/include/c++/8.3.0/tuple: In constructor ‘constexpr std::tuple<_Elements>::tuple(std::tuple<_Args1 ...>&&)’:
/cvmfs/juno.ihep.ac.cn/centos7_amd64_gcc830/contrib/gcc/8.3.0/include/c++/8.3.0/tuple:703:11: error: ‘typedef int std::tuple<_Elements>::_Inherited’ is not a non-static data member of ‘std::tuple<_Elements>’
         : _Inherited(static_cast<_Tuple_impl<0, _UElements...>&&>(__in)) { }
           ^~~~~~~~~~
/cvmfs/juno.ihep.ac.cn/centos7_amd64_gcc830/contrib/gcc/8.3.0/include/c++/8.3.0/tuple:703:63: error: expected ‘>’ before ‘&&’ token
         : _Inherited(static_cast<_Tuple_impl<0, _UElements...>&&>(__in)) { }
                                                               ^~
/cvmfs/juno.ihep.ac.cn/centos7_amd64_gcc830/contrib/gcc/8.3.0/include/c++/8.3.0/tuple:703:63: error: expected ‘(’ before ‘&&’ token
         : _Inherited(static_cast<_Tuple_impl<0, _UElements...>&&>(__in)) { }
                                                               ^~
                                                               (
/cvmfs/juno.ihep.ac.cn/centos7_amd64_gcc830/contrib/gcc/8.3.0/include/c++/8.3.0/tuple:703:65: error: expected identifier before ‘>’ token
         : _Inherited(static_cast<_Tuple_impl<0, _UElements...>&&>(__in)) { }
                                                                 ^
/cvmfs/juno.ihep.ac.cn/centos7_amd64_gcc830/contrib/gcc/8.3.0/include/c++/8.3.0/tuple:703:76: error: expected ‘{’ at end of input
         : _Inherited(static_cast<_Tuple_impl<0, _UElements...>&&>(__in)) { }
                                                                            ^
/cvmfs/juno.ihep.ac.cn/centos7_amd64_gcc830/contrib/gcc/8.3.0/include/c++/8.3.0/tuple: In constructor ‘constexpr std::tuple<_Elements>::tuple(std::tuple<_Args1 ...>&&)’:
/cvmfs/juno.ihep.ac.cn/centos7_amd64_gcc830/contrib/gcc/8.3.0/include/c++/8.3.0/tuple:714:11: error: ‘typedef int std::tuple<_Elements>::_Inherited’ is not a non-static data member of ‘std::tuple<_Elements>’
         : _Inherited(static_cast<_Tuple_impl<0, _UElements...>&&>(__in)) { }
           ^~~~~~~~~~
/cvmfs/juno.ihep.ac.cn/centos7_amd64_gcc830/contrib/gcc/8.3.0/include/c++/8.3.0/tuple:714:63: error: expected ‘>’ before ‘&&’ token
         : _Inherited(static_cast<_Tuple_impl<0, _UElements...>&&>(__in)) { }
                                                               ^~
/cvmfs/juno.ihep.ac.cn/centos7_amd64_gcc830/contrib/gcc/8.3.0/include/c++/8.3.0/tuple:714:63: error: expected ‘(’ before ‘&&’ token
         : _Inherited(static_cast<_Tuple_impl<0, _UElements...>&&>(__in)) { }
                                                               ^~
                                                               (
/cvmfs/juno.ihep.ac.cn/centos7_amd64_gcc830/contrib/gcc/8.3.0/include/c++/8.3.0/tuple:714:65: error: expected identifier before ‘>’ token
         : _Inherited(static_cast<_Tuple_impl<0, _UElements...>&&>(__in)) { }
                                                                 ^
/cvmfs/juno.ihep.ac.cn/centos7_amd64_gcc830/contrib/gcc/8.3.0/include/c++/8.3.0/tuple:714:76: error: expected ‘{’ at end of input
         : _Inherited(static_cast<_Tuple_impl<0, _UElements...>&&>(__in)) { }
                                                                            ^
/cvmfs/juno.ihep.ac.cn/centos7_amd64_gcc830/contrib/gcc/8.3.0/include/c++/8.3.0/tuple: In constructor ‘std::tuple<_Elements>::tuple(std::allocator_arg_t, const _Alloc&)’:
/cvmfs/juno.ihep.ac.cn/centos7_amd64_gcc830/contrib/gcc/8.3.0/include/c++/8.3.0/tuple:720:4: error: ‘typedef int std::tuple<_Elements>::_Inherited’ is not a non-static data member of ‘std::tuple<_Elements>’
  : _Inherited(__tag, __a) { }
    ^~~~~~~~~~
/cvmfs/juno.ihep.ac.cn/centos7_amd64_gcc830/contrib/gcc/8.3.0/include/c++/8.3.0/tuple: In constructor ‘std::tuple<_Elements>::tuple(std::allocator_arg_t, const _Alloc&, const _Elements& ...)’:
/cvmfs/juno.ihep.ac.cn/centos7_amd64_gcc830/contrib/gcc/8.3.0/include/c++/8.3.0/tuple:731:4: error: ‘typedef int std::tuple<_Elements>::_Inherited’ is not a non-static data member of ‘std::tuple<_Elements>’
  : _Inherited(__tag, __a, __elements...) { }
    ^~~~~~~~~~
/cvmfs/juno.ihep.ac.cn/centos7_amd64_gcc830/contrib/gcc/8.3.0/include/c++/8.3.0/tuple: In constructor ‘std::tuple<_Elements>::tuple(std::allocator_arg_t, const _Alloc&, const _Elements& ...)’:
/cvmfs/juno.ihep.ac.cn/centos7_amd64_gcc830/contrib/gcc/8.3.0/include/c++/8.3.0/tuple:742:4: error: ‘typedef int std::tuple<_Elements>::_Inherited’ is not a non-static data member of ‘std::tuple<_Elements>’
  : _Inherited(__tag, __a, __elements...) { }
    ^~~~~~~~~~
/cvmfs/juno.ihep.ac.cn/centos7_amd64_gcc830/contrib/gcc/8.3.0/include/c++/8.3.0/tuple: In constructor ‘std::tuple<_Elements>::tuple(std::allocator_arg_t, const _Alloc&, _UElements&& ...)’:
/cvmfs/juno.ihep.ac.cn/centos7_amd64_gcc830/contrib/gcc/8.3.0/include/c++/8.3.0/tuple:752:4: error: ‘typedef int std::tuple<_Elements>::_Inherited’ is not a non-static data member of ‘std::tuple<_Elements>’
  : _Inherited(__tag, __a, std::forward<_UElements>(__elements)...)
    ^~~~~~~~~~
/cvmfs/juno.ihep.ac.cn/centos7_amd64_gcc830/contrib/gcc/8.3.0/include/c++/8.3.0/tuple: In constructor ‘std::tuple<_Elements>::tuple(std::allocator_arg_t, const _Alloc&, _UElements&& ...)’:
/cvmfs/juno.ihep.ac.cn/centos7_amd64_gcc830/contrib/gcc/8.3.0/include/c++/8.3.0/tuple:763:4: error: ‘typedef int std::tuple<_Elements>::_Inherited’ is not a non-static data member of ‘std::tuple<_Elements>’
  : _Inherited(__tag, __a, std::forward<_UElements>(__elements)...)
    ^~~~~~~~~~
/cvmfs/juno.ihep.ac.cn/centos7_amd64_gcc830/contrib/gcc/8.3.0/include/c++/8.3.0/tuple: In constructor ‘std::tuple<_Elements>::tuple(std::allocator_arg_t, const _Alloc&, const std::tuple<_Elements>&)’:
/cvmfs/juno.ihep.ac.cn/centos7_amd64_gcc830/contrib/gcc/8.3.0/include/c++/8.3.0/tuple:768:4: error: ‘typedef int std::tuple<_Elements>::_Inherited’ is not a non-static data member of ‘std::tuple<_Elements>’
  : _Inherited(__tag, __a, static_cast<const _Inherited&>(__in)) { }
    ^~~~~~~~~~
/cvmfs/juno.ihep.ac.cn/centos7_amd64_gcc830/contrib/gcc/8.3.0/include/c++/8.3.0/tuple: In constructor ‘std::tuple<_Elements>::tuple(std::allocator_arg_t, const _Alloc&, std::tuple<_Elements>&&)’:
/cvmfs/juno.ihep.ac.cn/centos7_amd64_gcc830/contrib/gcc/8.3.0/include/c++/8.3.0/tuple:772:4: error: ‘typedef int std::tuple<_Elements>::_Inherited’ is not a non-static data member of ‘std::tuple<_Elements>’
  : _Inherited(__tag, __a, static_cast<_Inherited&&>(__in)) { }
    ^~~~~~~~~~
/cvmfs/juno.ihep.ac.cn/centos7_amd64_gcc830/contrib/gcc/8.3.0/include/c++/8.3.0/tuple: In constructor ‘std::tuple<_Elements>::tuple(std::allocator_arg_t, const _Alloc&, const std::tuple<_UElements ...>&)’:
/cvmfs/juno.ihep.ac.cn/centos7_amd64_gcc830/contrib/gcc/8.3.0/include/c++/8.3.0/tuple:785:4: error: ‘typedef int std::tuple<_Elements>::_Inherited’ is not a non-static data member of ‘std::tuple<_Elements>’
  : _Inherited(__tag, __a,
    ^~~~~~~~~~
/cvmfs/juno.ihep.ac.cn/centos7_amd64_gcc830/contrib/gcc/8.3.0/include/c++/8.3.0/tuple:786:62: error: expected ‘>’ before ‘&’ token
               static_cast<const _Tuple_impl<0, _UElements...>&>(__in))
                                                              ^
/cvmfs/juno.ihep.ac.cn/centos7_amd64_gcc830/contrib/gcc/8.3.0/include/c++/8.3.0/tuple:786:62: error: expected ‘(’ before ‘&’ token
               static_cast<const _Tuple_impl<0, _UElements...>&>(__in))
                                                              ^
                                                              (
/cvmfs/juno.ihep.ac.cn/centos7_amd64_gcc830/contrib/gcc/8.3.0/include/c++/8.3.0/tuple:786:63: error: expected primary-expression before ‘>’ token
               static_cast<const _Tuple_impl<0, _UElements...>&>(__in))
                                                               ^
/cvmfs/juno.ihep.ac.cn/centos7_amd64_gcc830/contrib/gcc/8.3.0/include/c++/8.3.0/tuple:787:4: error: expected ‘{’ at end of input
  { }
    ^
/cvmfs/juno.ihep.ac.cn/centos7_amd64_gcc830/contrib/gcc/8.3.0/include/c++/8.3.0/tuple: In constructor ‘std::tuple<_Elements>::tuple(std::allocator_arg_t, const _Alloc&, const std::tuple<_UElements ...>&)’:
/cvmfs/juno.ihep.ac.cn/centos7_amd64_gcc830/contrib/gcc/8.3.0/include/c++/8.3.0/tuple:800:4: error: ‘typedef int std::tuple<_Elements>::_Inherited’ is not a non-static data member of ‘std::tuple<_Elements>’
  : _Inherited(__tag, __a,
    ^~~~~~~~~~
/cvmfs/juno.ihep.ac.cn/centos7_amd64_gcc830/contrib/gcc/8.3.0/include/c++/8.3.0/tuple:801:62: error: expected ‘>’ before ‘&’ token
               static_cast<const _Tuple_impl<0, _UElements...>&>(__in))
                                                              ^
/cvmfs/juno.ihep.ac.cn/centos7_amd64_gcc830/contrib/gcc/8.3.0/include/c++/8.3.0/tuple:801:62: error: expected ‘(’ before ‘&’ token
               static_cast<const _Tuple_impl<0, _UElements...>&>(__in))
                                                              ^
                                                              (
/cvmfs/juno.ihep.ac.cn/centos7_amd64_gcc830/contrib/gcc/8.3.0/include/c++/8.3.0/tuple:801:63: error: expected primary-expression before ‘>’ token
               static_cast<const _Tuple_impl<0, _UElements...>&>(__in))
                                                               ^
/cvmfs/juno.ihep.ac.cn/centos7_amd64_gcc830/contrib/gcc/8.3.0/include/c++/8.3.0/tuple:802:4: error: expected ‘{’ at end of input
  { }
    ^
/cvmfs/juno.ihep.ac.cn/centos7_amd64_gcc830/contrib/gcc/8.3.0/include/c++/8.3.0/tuple: In constructor ‘std::tuple<_Elements>::tuple(std::allocator_arg_t, const _Alloc&, std::tuple<_UElements ...>&&)’:
/cvmfs/juno.ihep.ac.cn/centos7_amd64_gcc830/contrib/gcc/8.3.0/include/c++/8.3.0/tuple:815:4: error: ‘typedef int std::tuple<_Elements>::_Inherited’ is not a non-static data member of ‘std::tuple<_Elements>’
  : _Inherited(__tag, __a,
    ^~~~~~~~~~
/cvmfs/juno.ihep.ac.cn/centos7_amd64_gcc830/contrib/gcc/8.3.0/include/c++/8.3.0/tuple:816:56: error: expected ‘>’ before ‘&&’ token
               static_cast<_Tuple_impl<0, _UElements...>&&>(__in))
                                                        ^~
/cvmfs/juno.ihep.ac.cn/centos7_amd64_gcc830/contrib/gcc/8.3.0/include/c++/8.3.0/tuple:816:56: error: expected ‘(’ before ‘&&’ token
               static_cast<_Tuple_impl<0, _UElements...>&&>(__in))
                                                        ^~
                                                        (
/cvmfs/juno.ihep.ac.cn/centos7_amd64_gcc830/contrib/gcc/8.3.0/include/c++/8.3.0/tuple:816:58: error: expected identifier before ‘>’ token
               static_cast<_Tuple_impl<0, _UElements...>&&>(__in))
                                                          ^
/cvmfs/juno.ihep.ac.cn/centos7_amd64_gcc830/contrib/gcc/8.3.0/include/c++/8.3.0/tuple:817:4: error: expected ‘{’ at end of input
  { }
    ^
/cvmfs/juno.ihep.ac.cn/centos7_amd64_gcc830/contrib/gcc/8.3.0/include/c++/8.3.0/tuple: In constructor ‘std::tuple<_Elements>::tuple(std::allocator_arg_t, const _Alloc&, std::tuple<_UElements ...>&&)’:
/cvmfs/juno.ihep.ac.cn/centos7_amd64_gcc830/contrib/gcc/8.3.0/include/c++/8.3.0/tuple:830:4: error: ‘typedef int std::tuple<_Elements>::_Inherited’ is not a non-static data member of ‘std::tuple<_Elements>’
  : _Inherited(__tag, __a,
    ^~~~~~~~~~
/cvmfs/juno.ihep.ac.cn/centos7_amd64_gcc830/contrib/gcc/8.3.0/include/c++/8.3.0/tuple:831:56: error: expected ‘>’ before ‘&&’ token
               static_cast<_Tuple_impl<0, _UElements...>&&>(__in))
                                                        ^~
/cvmfs/juno.ihep.ac.cn/centos7_amd64_gcc830/contrib/gcc/8.3.0/include/c++/8.3.0/tuple:831:56: error: expected ‘(’ before ‘&&’ token
               static_cast<_Tuple_impl<0, _UElements...>&&>(__in))
                                                        ^~
                                                        (
/cvmfs/juno.ihep.ac.cn/centos7_amd64_gcc830/contrib/gcc/8.3.0/include/c++/8.3.0/tuple:831:58: error: expected identifier before ‘>’ token
               static_cast<_Tuple_impl<0, _UElements...>&&>(__in))
                                                          ^
/cvmfs/juno.ihep.ac.cn/centos7_amd64_gcc830/contrib/gcc/8.3.0/include/c++/8.3.0/tuple:832:4: error: expected ‘{’ at end of input
  { }
    ^
/cvmfs/juno.ihep.ac.cn/centos7_amd64_gcc830/contrib/gcc/8.3.0/include/c++/8.3.0/tuple: In member function ‘void std::tuple<_Elements>::swap(std::tuple<_Elements>&)’:
/cvmfs/juno.ihep.ac.cn/centos7_amd64_gcc830/contrib/gcc/8.3.0/include/c++/8.3.0/tuple:872:28: error: qualified-id in declaration before ‘(’ token
       { _Inherited::_M_swap(__in); }
                            ^
/cvmfs/juno.ihep.ac.cn/centos7_amd64_gcc830/contrib/gcc/8.3.0/include/c++/8.3.0/tuple: In constructor ‘constexpr std::tuple<_T1, _T2>::tuple()’:
/cvmfs/juno.ihep.ac.cn/centos7_amd64_gcc830/contrib/gcc/8.3.0/include/c++/8.3.0/tuple:920:9: error: ‘typedef int std::tuple<_T1, _T2>::_Inherited’ is not a non-static data member of ‘std::tuple<_T1, _T2>’
       : _Inherited() { }
         ^~~~~~~~~~
/cvmfs/juno.ihep.ac.cn/centos7_amd64_gcc830/contrib/gcc/8.3.0/include/c++/8.3.0/tuple: In constructor ‘constexpr std::tuple<_T1, _T2>::tuple()’:
/cvmfs/juno.ihep.ac.cn/centos7_amd64_gcc830/contrib/gcc/8.3.0/include/c++/8.3.0/tuple:934:9: error: ‘typedef int std::tuple<_T1, _T2>::_Inherited’ is not a non-static data member of ‘std::tuple<_T1, _T2>’
       : _Inherited() { }
         ^~~~~~~~~~
/cvmfs/juno.ihep.ac.cn/centos7_amd64_gcc830/contrib/gcc/8.3.0/include/c++/8.3.0/tuple: In constructor ‘constexpr std::tuple<_T1, _T2>::tuple(const _T1&, const _T2&)’:
/cvmfs/juno.ihep.ac.cn/centos7_amd64_gcc830/contrib/gcc/8.3.0/include/c++/8.3.0/tuple:948:11: error: ‘typedef int std::tuple<_T1, _T2>::_Inherited’ is not a non-static data member of ‘std::tuple<_T1, _T2>’
         : _Inherited(__a1, __a2) { }
           ^~~~~~~~~~
/cvmfs/juno.ihep.ac.cn/centos7_amd64_gcc830/contrib/gcc/8.3.0/include/c++/8.3.0/tuple: In constructor ‘constexpr std::tuple<_T1, _T2>::tuple(const _T1&, const _T2&)’:
/cvmfs/juno.ihep.ac.cn/centos7_amd64_gcc830/contrib/gcc/8.3.0/include/c++/8.3.0/tuple:957:11: error: ‘typedef int std::tuple<_T1, _T2>::_Inherited’ is not a non-static data member of ‘std::tuple<_T1, _T2>’
         : _Inherited(__a1, __a2) { }
           ^~~~~~~~~~
/cvmfs/juno.ihep.ac.cn/centos7_amd64_gcc830/contrib/gcc/8.3.0/include/c++/8.3.0/tuple: In constructor ‘constexpr std::tuple<_T1, _T2>::tuple(_U1&&, _U2&&)’:
/cvmfs/juno.ihep.ac.cn/centos7_amd64_gcc830/contrib/gcc/8.3.0/include/c++/8.3.0/tuple:972:4: error: ‘typedef int std::tuple<_T1, _T2>::_Inherited’ is not a non-static data member of ‘std::tuple<_T1, _T2>’
  : _Inherited(std::forward<_U1>(__a1), std::forward<_U2>(__a2)) { }
    ^~~~~~~~~~
/cvmfs/juno.ihep.ac.cn/centos7_amd64_gcc830/contrib/gcc/8.3.0/include/c++/8.3.0/tuple: In constructor ‘constexpr std::tuple<_T1, _T2>::tuple(_U1&&, _U2&&)’:
/cvmfs/juno.ihep.ac.cn/centos7_amd64_gcc830/contrib/gcc/8.3.0/include/c++/8.3.0/tuple:983:4: error: ‘typedef int std::tuple<_T1, _T2>::_Inherited’ is not a non-static data member of ‘std::tuple<_T1, _T2>’
  : _Inherited(std::forward<_U1>(__a1), std::forward<_U2>(__a2)) { }
    ^~~~~~~~~~
/cvmfs/juno.ihep.ac.cn/centos7_amd64_gcc830/contrib/gcc/8.3.0/include/c++/8.3.0/tuple: In constructor ‘constexpr std::tuple<_T1, _T2>::tuple(const std::tuple<_U1, _U2>&)’:
/cvmfs/juno.ihep.ac.cn/centos7_amd64_gcc830/contrib/gcc/8.3.0/include/c++/8.3.0/tuple:996:4: error: ‘typedef int std::tuple<_T1, _T2>::_Inherited’ is not a non-static data member of ‘std::tuple<_T1, _T2>’
  : _Inherited(static_cast<const _Tuple_impl<0, _U1, _U2>&>(__in)) { }
    ^~~~~~~~~~
/cvmfs/juno.ihep.ac.cn/centos7_amd64_gcc830/contrib/gcc/8.3.0/include/c++/8.3.0/tuple:996:57: error: expected ‘>’ before ‘&’ token
  : _Inherited(static_cast<const _Tuple_impl<0, _U1, _U2>&>(__in)) { }
                                                         ^
/cvmfs/juno.ihep.ac.cn/centos7_amd64_gcc830/contrib/gcc/8.3.0/include/c++/8.3.0/tuple:996:57: error: expected ‘(’ before ‘&’ token
  : _Inherited(static_cast<const _Tuple_impl<0, _U1, _U2>&>(__in)) { }
                                                         ^
                                                         (
/cvmfs/juno.ihep.ac.cn/centos7_amd64_gcc830/contrib/gcc/8.3.0/include/c++/8.3.0/tuple:996:58: error: expected primary-expression before ‘>’ token
  : _Inherited(static_cast<const _Tuple_impl<0, _U1, _U2>&>(__in)) { }
                                                          ^
/cvmfs/juno.ihep.ac.cn/centos7_amd64_gcc830/contrib/gcc/8.3.0/include/c++/8.3.0/tuple:996:69: error: expected ‘{’ at end of input
  : _Inherited(static_cast<const _Tuple_impl<0, _U1, _U2>&>(__in)) { }
                                                                     ^
/cvmfs/juno.ihep.ac.cn/centos7_amd64_gcc830/contrib/gcc/8.3.0/include/c++/8.3.0/tuple: In constructor ‘constexpr std::tuple<_T1, _T2>::tuple(const std::tuple<_U1, _U2>&)’:
/cvmfs/juno.ihep.ac.cn/centos7_amd64_gcc830/contrib/gcc/8.3.0/include/c++/8.3.0/tuple:1005:4: error: ‘typedef int std::tuple<_T1, _T2>::_Inherited’ is not a non-static data member of ‘std::tuple<_T1, _T2>’
  : _Inherited(static_cast<const _Tuple_impl<0, _U1, _U2>&>(__in)) { }
    ^~~~~~~~~~
/cvmfs/juno.ihep.ac.cn/centos7_amd64_gcc830/contrib/gcc/8.3.0/include/c++/8.3.0/tuple:1005:57: error: expected ‘>’ before ‘&’ token
  : _Inherited(static_cast<const _Tuple_impl<0, _U1, _U2>&>(__in)) { }
                                                         ^
/cvmfs/juno.ihep.ac.cn/centos7_amd64_gcc830/contrib/gcc/8.3.0/include/c++/8.3.0/tuple:1005:57: error: expected ‘(’ before ‘&’ token
  : _Inherited(static_cast<const _Tuple_impl<0, _U1, _U2>&>(__in)) { }
                                                         ^
                                                         (
/cvmfs/juno.ihep.ac.cn/centos7_amd64_gcc830/contrib/gcc/8.3.0/include/c++/8.3.0/tuple:1005:58: error: expected primary-expression before ‘>’ token
  : _Inherited(static_cast<const _Tuple_impl<0, _U1, _U2>&>(__in)) { }
                                                          ^
/cvmfs/juno.ihep.ac.cn/centos7_amd64_gcc830/contrib/gcc/8.3.0/include/c++/8.3.0/tuple:1005:69: error: expected ‘{’ at end of input
  : _Inherited(static_cast<const _Tuple_impl<0, _U1, _U2>&>(__in)) { }
                                                                     ^
/cvmfs/juno.ihep.ac.cn/centos7_amd64_gcc830/contrib/gcc/8.3.0/include/c++/8.3.0/tuple: In constructor ‘constexpr std::tuple<_T1, _T2>::tuple(std::tuple<_U1, _U2>&&)’:
/cvmfs/juno.ihep.ac.cn/centos7_amd64_gcc830/contrib/gcc/8.3.0/include/c++/8.3.0/tuple:1014:4: error: ‘typedef int std::tuple<_T1, _T2>::_Inherited’ is not a non-static data member of ‘std::tuple<_T1, _T2>’
  : _Inherited(static_cast<_Tuple_impl<0, _U1, _U2>&&>(__in)) { }
    ^~~~~~~~~~
/cvmfs/juno.ihep.ac.cn/centos7_amd64_gcc830/contrib/gcc/8.3.0/include/c++/8.3.0/tuple:1014:51: error: expected ‘>’ before ‘&&’ token
  : _Inherited(static_cast<_Tuple_impl<0, _U1, _U2>&&>(__in)) { }
                                                   ^~
/cvmfs/juno.ihep.ac.cn/centos7_amd64_gcc830/contrib/gcc/8.3.0/include/c++/8.3.0/tuple:1014:51: error: expected ‘(’ before ‘&&’ token
  : _Inherited(static_cast<_Tuple_impl<0, _U1, _U2>&&>(__in)) { }
                                                   ^~
                                                   (
/cvmfs/juno.ihep.ac.cn/centos7_amd64_gcc830/contrib/gcc/8.3.0/include/c++/8.3.0/tuple:1014:53: error: expected identifier before ‘>’ token
  : _Inherited(static_cast<_Tuple_impl<0, _U1, _U2>&&>(__in)) { }
                                                     ^
/cvmfs/juno.ihep.ac.cn/centos7_amd64_gcc830/contrib/gcc/8.3.0/include/c++/8.3.0/tuple:1014:64: error: expected ‘{’ at end of input
  : _Inherited(static_cast<_Tuple_impl<0, _U1, _U2>&&>(__in)) { }
                                                                ^
/cvmfs/juno.ihep.ac.cn/centos7_amd64_gcc830/contrib/gcc/8.3.0/include/c++/8.3.0/tuple: In constructor ‘constexpr std::tuple<_T1, _T2>::tuple(std::tuple<_U1, _U2>&&)’:
/cvmfs/juno.ihep.ac.cn/centos7_amd64_gcc830/contrib/gcc/8.3.0/include/c++/8.3.0/tuple:1023:4: error: ‘typedef int std::tuple<_T1, _T2>::_Inherited’ is not a non-static data member of ‘std::tuple<_T1, _T2>’
  : _Inherited(static_cast<_Tuple_impl<0, _U1, _U2>&&>(__in)) { }
    ^~~~~~~~~~
/cvmfs/juno.ihep.ac.cn/centos7_amd64_gcc830/contrib/gcc/8.3.0/include/c++/8.3.0/tuple:1023:51: error: expected ‘>’ before ‘&&’ token
  : _Inherited(static_cast<_Tuple_impl<0, _U1, _U2>&&>(__in)) { }
                                                   ^~
/cvmfs/juno.ihep.ac.cn/centos7_amd64_gcc830/contrib/gcc/8.3.0/include/c++/8.3.0/tuple:1023:51: error: expected ‘(’ before ‘&&’ token
  : _Inherited(static_cast<_Tuple_impl<0, _U1, _U2>&&>(__in)) { }
                                                   ^~
                                                   (
/cvmfs/juno.ihep.ac.cn/centos7_amd64_gcc830/contrib/gcc/8.3.0/include/c++/8.3.0/tuple:1023:53: error: expected identifier before ‘>’ token
  : _Inherited(static_cast<_Tuple_impl<0, _U1, _U2>&&>(__in)) { }
                                                     ^
/cvmfs/juno.ihep.ac.cn/centos7_amd64_gcc830/contrib/gcc/8.3.0/include/c++/8.3.0/tuple:1023:64: error: expected ‘{’ at end of input
  : _Inherited(static_cast<_Tuple_impl<0, _U1, _U2>&&>(__in)) { }
                                                                ^
/cvmfs/juno.ihep.ac.cn/centos7_amd64_gcc830/contrib/gcc/8.3.0/include/c++/8.3.0/tuple: In constructor ‘constexpr std::tuple<_T1, _T2>::tuple(const std::pair<_U1, _U2>&)’:
/cvmfs/juno.ihep.ac.cn/centos7_amd64_gcc830/contrib/gcc/8.3.0/include/c++/8.3.0/tuple:1032:4: error: ‘typedef int std::tuple<_T1, _T2>::_Inherited’ is not a non-static data member of ‘std::tuple<_T1, _T2>’
  : _Inherited(__in.first, __in.second) { }
    ^~~~~~~~~~
/cvmfs/juno.ihep.ac.cn/centos7_amd64_gcc830/contrib/gcc/8.3.0/include/c++/8.3.0/tuple: In constructor ‘constexpr std::tuple<_T1, _T2>::tuple(const std::pair<_U1, _U2>&)’:
/cvmfs/juno.ihep.ac.cn/centos7_amd64_gcc830/contrib/gcc/8.3.0/include/c++/8.3.0/tuple:1041:4: error: ‘typedef int std::tuple<_T1, _T2>::_Inherited’ is not a non-static data member of ‘std::tuple<_T1, _T2>’
  : _Inherited(__in.first, __in.second) { }
    ^~~~~~~~~~
/cvmfs/juno.ihep.ac.cn/centos7_amd64_gcc830/contrib/gcc/8.3.0/include/c++/8.3.0/tuple: In constructor ‘constexpr std::tuple<_T1, _T2>::tuple(std::pair<_U1, _U2>&&)’:
/cvmfs/juno.ihep.ac.cn/centos7_amd64_gcc830/contrib/gcc/8.3.0/include/c++/8.3.0/tuple:1050:4: error: ‘typedef int std::tuple<_T1, _T2>::_Inherited’ is not a non-static data member of ‘std::tuple<_T1, _T2>’
  : _Inherited(std::forward<_U1>(__in.first),
    ^~~~~~~~~~
/cvmfs/juno.ihep.ac.cn/centos7_amd64_gcc830/contrib/gcc/8.3.0/include/c++/8.3.0/tuple: In constructor ‘constexpr std::tuple<_T1, _T2>::tuple(std::pair<_U1, _U2>&&)’:
/cvmfs/juno.ihep.ac.cn/centos7_amd64_gcc830/contrib/gcc/8.3.0/include/c++/8.3.0/tuple:1060:4: error: ‘typedef int std::tuple<_T1, _T2>::_Inherited’ is not a non-static data member of ‘std::tuple<_T1, _T2>’
  : _Inherited(std::forward<_U1>(__in.first),
    ^~~~~~~~~~
/cvmfs/juno.ihep.ac.cn/centos7_amd64_gcc830/contrib/gcc/8.3.0/include/c++/8.3.0/tuple: In constructor ‘std::tuple<_T1, _T2>::tuple(std::allocator_arg_t, const _Alloc&)’:
/cvmfs/juno.ihep.ac.cn/centos7_amd64_gcc830/contrib/gcc/8.3.0/include/c++/8.3.0/tuple:1067:4: error: ‘typedef int std::tuple<_T1, _T2>::_Inherited’ is not a non-static data member of ‘std::tuple<_T1, _T2>’
  : _Inherited(__tag, __a) { }
    ^~~~~~~~~~
/cvmfs/juno.ihep.ac.cn/centos7_amd64_gcc830/contrib/gcc/8.3.0/include/c++/8.3.0/tuple: In constructor ‘std::tuple<_T1, _T2>::tuple(std::allocator_arg_t, const _Alloc&, const _T1&, const _T2&)’:
/cvmfs/juno.ihep.ac.cn/centos7_amd64_gcc830/contrib/gcc/8.3.0/include/c++/8.3.0/tuple:1079:4: error: ‘typedef int std::tuple<_T1, _T2>::_Inherited’ is not a non-static data member of ‘std::tuple<_T1, _T2>’
  : _Inherited(__tag, __a, __a1, __a2) { }
    ^~~~~~~~~~
/cvmfs/juno.ihep.ac.cn/centos7_amd64_gcc830/contrib/gcc/8.3.0/include/c++/8.3.0/tuple: In constructor ‘std::tuple<_T1, _T2>::tuple(std::allocator_arg_t, const _Alloc&, const _T1&, const _T2&)’:
/cvmfs/juno.ihep.ac.cn/centos7_amd64_gcc830/contrib/gcc/8.3.0/include/c++/8.3.0/tuple:1091:4: error: ‘typedef int std::tuple<_T1, _T2>::_Inherited’ is not a non-static data member of ‘std::tuple<_T1, _T2>’
  : _Inherited(__tag, __a, __a1, __a2) { }
    ^~~~~~~~~~
/cvmfs/juno.ihep.ac.cn/centos7_amd64_gcc830/contrib/gcc/8.3.0/include/c++/8.3.0/tuple: In constructor ‘std::tuple<_T1, _T2>::tuple(std::allocator_arg_t, const _Alloc&, _U1&&, _U2&&)’:
/cvmfs/juno.ihep.ac.cn/centos7_amd64_gcc830/contrib/gcc/8.3.0/include/c++/8.3.0/tuple:1100:4: error: ‘typedef int std::tuple<_T1, _T2>::_Inherited’ is not a non-static data member of ‘std::tuple<_T1, _T2>’
  : _Inherited(__tag, __a, std::forward<_U1>(__a1),
    ^~~~~~~~~~
/cvmfs/juno.ihep.ac.cn/centos7_amd64_gcc830/contrib/gcc/8.3.0/include/c++/8.3.0/tuple: In constructor ‘std::tuple<_T1, _T2>::tuple(std::allocator_arg_t, const _Alloc&, _U1&&, _U2&&)’:
/cvmfs/juno.ihep.ac.cn/centos7_amd64_gcc830/contrib/gcc/8.3.0/include/c++/8.3.0/tuple:1111:4: error: ‘typedef int std::tuple<_T1, _T2>::_Inherited’ is not a non-static data member of ‘std::tuple<_T1, _T2>’
  : _Inherited(__tag, __a, std::forward<_U1>(__a1),
    ^~~~~~~~~~
/cvmfs/juno.ihep.ac.cn/centos7_amd64_gcc830/contrib/gcc/8.3.0/include/c++/8.3.0/tuple: In constructor ‘std::tuple<_T1, _T2>::tuple(std::allocator_arg_t, const _Alloc&, const std::tuple<_T1, _T2>&)’:
/cvmfs/juno.ihep.ac.cn/centos7_amd64_gcc830/contrib/gcc/8.3.0/include/c++/8.3.0/tuple:1116:4: error: ‘typedef int std::tuple<_T1, _T2>::_Inherited’ is not a non-static data member of ‘std::tuple<_T1, _T2>’
  : _Inherited(__tag, __a, static_cast<const _Inherited&>(__in)) { }
    ^~~~~~~~~~
/cvmfs/juno.ihep.ac.cn/centos7_amd64_gcc830/contrib/gcc/8.3.0/include/c++/8.3.0/tuple: In constructor ‘std::tuple<_T1, _T2>::tuple(std::allocator_arg_t, const _Alloc&, std::tuple<_T1, _T2>&&)’:
/cvmfs/juno.ihep.ac.cn/centos7_amd64_gcc830/contrib/gcc/8.3.0/include/c++/8.3.0/tuple:1120:4: error: ‘typedef int std::tuple<_T1, _T2>::_Inherited’ is not a non-static data member of ‘std::tuple<_T1, _T2>’
  : _Inherited(__tag, __a, static_cast<_Inherited&&>(__in)) { }
    ^~~~~~~~~~
/cvmfs/juno.ihep.ac.cn/centos7_amd64_gcc830/contrib/gcc/8.3.0/include/c++/8.3.0/tuple: In constructor ‘std::tuple<_T1, _T2>::tuple(std::allocator_arg_t, const _Alloc&, const std::tuple<_U1, _U2>&)’:
/cvmfs/juno.ihep.ac.cn/centos7_amd64_gcc830/contrib/gcc/8.3.0/include/c++/8.3.0/tuple:1130:4: error: ‘typedef int std::tuple<_T1, _T2>::_Inherited’ is not a non-static data member of ‘std::tuple<_T1, _T2>’
  : _Inherited(__tag, __a,
    ^~~~~~~~~~
/cvmfs/juno.ihep.ac.cn/centos7_amd64_gcc830/contrib/gcc/8.3.0/include/c++/8.3.0/tuple:1131:57: error: expected ‘>’ before ‘&’ token
               static_cast<const _Tuple_impl<0, _U1, _U2>&>(__in))
                                                         ^
/cvmfs/juno.ihep.ac.cn/centos7_amd64_gcc830/contrib/gcc/8.3.0/include/c++/8.3.0/tuple:1131:57: error: expected ‘(’ before ‘&’ token
               static_cast<const _Tuple_impl<0, _U1, _U2>&>(__in))
                                                         ^
                                                         (
/cvmfs/juno.ihep.ac.cn/centos7_amd64_gcc830/contrib/gcc/8.3.0/include/c++/8.3.0/tuple:1131:58: error: expected primary-expression before ‘>’ token
               static_cast<const _Tuple_impl<0, _U1, _U2>&>(__in))
                                                          ^
/cvmfs/juno.ihep.ac.cn/centos7_amd64_gcc830/contrib/gcc/8.3.0/include/c++/8.3.0/tuple:1132:4: error: expected ‘{’ at end of input
  { }
    ^
/cvmfs/juno.ihep.ac.cn/centos7_amd64_gcc830/contrib/gcc/8.3.0/include/c++/8.3.0/tuple: In constructor ‘std::tuple<_T1, _T2>::tuple(std::allocator_arg_t, const _Alloc&, const std::tuple<_U1, _U2>&)’:
/cvmfs/juno.ihep.ac.cn/centos7_amd64_gcc830/contrib/gcc/8.3.0/include/c++/8.3.0/tuple:1142:4: error: ‘typedef int std::tuple<_T1, _T2>::_Inherited’ is not a non-static data member of ‘std::tuple<_T1, _T2>’
  : _Inherited(__tag, __a,
    ^~~~~~~~~~
/cvmfs/juno.ihep.ac.cn/centos7_amd64_gcc830/contrib/gcc/8.3.0/include/c++/8.3.0/tuple:1143:57: error: expected ‘>’ before ‘&’ token
               static_cast<const _Tuple_impl<0, _U1, _U2>&>(__in))
                                                         ^
/cvmfs/juno.ihep.ac.cn/centos7_amd64_gcc830/contrib/gcc/8.3.0/include/c++/8.3.0/tuple:1143:57: error: expected ‘(’ before ‘&’ token
               static_cast<const _Tuple_impl<0, _U1, _U2>&>(__in))
                                                         ^
                                                         (
/cvmfs/juno.ihep.ac.cn/centos7_amd64_gcc830/contrib/gcc/8.3.0/include/c++/8.3.0/tuple:1143:58: error: expected primary-expression before ‘>’ token
               static_cast<const _Tuple_impl<0, _U1, _U2>&>(__in))
                                                          ^
/cvmfs/juno.ihep.ac.cn/centos7_amd64_gcc830/contrib/gcc/8.3.0/include/c++/8.3.0/tuple:1144:4: error: expected ‘{’ at end of input
  { }
    ^
/cvmfs/juno.ihep.ac.cn/centos7_amd64_gcc830/contrib/gcc/8.3.0/include/c++/8.3.0/tuple: In constructor ‘std::tuple<_T1, _T2>::tuple(std::allocator_arg_t, const _Alloc&, std::tuple<_U1, _U2>&&)’:
/cvmfs/juno.ihep.ac.cn/centos7_amd64_gcc830/contrib/gcc/8.3.0/include/c++/8.3.0/tuple:1153:4: error: ‘typedef int std::tuple<_T1, _T2>::_Inherited’ is not a non-static data member of ‘std::tuple<_T1, _T2>’
  : _Inherited(__tag, __a, static_cast<_Tuple_impl<0, _U1, _U2>&&>(__in))
    ^~~~~~~~~~
/cvmfs/juno.ihep.ac.cn/centos7_amd64_gcc830/contrib/gcc/8.3.0/include/c++/8.3.0/tuple:1153:63: error: expected ‘>’ before ‘&&’ token
  : _Inherited(__tag, __a, static_cast<_Tuple_impl<0, _U1, _U2>&&>(__in))
                                                               ^~
/cvmfs/juno.ihep.ac.cn/centos7_amd64_gcc830/contrib/gcc/8.3.0/include/c++/8.3.0/tuple:1153:63: error: expected ‘(’ before ‘&&’ token
  : _Inherited(__tag, __a, static_cast<_Tuple_impl<0, _U1, _U2>&&>(__in))
                                                               ^~
                                                               (
/cvmfs/juno.ihep.ac.cn/centos7_amd64_gcc830/contrib/gcc/8.3.0/include/c++/8.3.0/tuple:1153:65: error: expected identifier before ‘>’ token
  : _Inherited(__tag, __a, static_cast<_Tuple_impl<0, _U1, _U2>&&>(__in))
                                                                 ^
/cvmfs/juno.ihep.ac.cn/centos7_amd64_gcc830/contrib/gcc/8.3.0/include/c++/8.3.0/tuple:1154:4: error: expected ‘{’ at end of input
  { }
    ^
/cvmfs/juno.ihep.ac.cn/centos7_amd64_gcc830/contrib/gcc/8.3.0/include/c++/8.3.0/tuple: In constructor ‘std::tuple<_T1, _T2>::tuple(std::allocator_arg_t, const _Alloc&, std::tuple<_U1, _U2>&&)’:
/cvmfs/juno.ihep.ac.cn/centos7_amd64_gcc830/contrib/gcc/8.3.0/include/c++/8.3.0/tuple:1164:4: error: ‘typedef int std::tuple<_T1, _T2>::_Inherited’ is not a non-static data member of ‘std::tuple<_T1, _T2>’
  : _Inherited(__tag, __a, static_cast<_Tuple_impl<0, _U1, _U2>&&>(__in))
    ^~~~~~~~~~
/cvmfs/juno.ihep.ac.cn/centos7_amd64_gcc830/contrib/gcc/8.3.0/include/c++/8.3.0/tuple:1164:63: error: expected ‘>’ before ‘&&’ token
  : _Inherited(__tag, __a, static_cast<_Tuple_impl<0, _U1, _U2>&&>(__in))
                                                               ^~
/cvmfs/juno.ihep.ac.cn/centos7_amd64_gcc830/contrib/gcc/8.3.0/include/c++/8.3.0/tuple:1164:63: error: expected ‘(’ before ‘&&’ token
  : _Inherited(__tag, __a, static_cast<_Tuple_impl<0, _U1, _U2>&&>(__in))
                                                               ^~
                                                               (
/cvmfs/juno.ihep.ac.cn/centos7_amd64_gcc830/contrib/gcc/8.3.0/include/c++/8.3.0/tuple:1164:65: error: expected identifier before ‘>’ token
  : _Inherited(__tag, __a, static_cast<_Tuple_impl<0, _U1, _U2>&&>(__in))
                                                                 ^
/cvmfs/juno.ihep.ac.cn/centos7_amd64_gcc830/contrib/gcc/8.3.0/include/c++/8.3.0/tuple:1165:4: error: expected ‘{’ at end of input
  { }
    ^
/cvmfs/juno.ihep.ac.cn/centos7_amd64_gcc830/contrib/gcc/8.3.0/include/c++/8.3.0/tuple: In constructor ‘std::tuple<_T1, _T2>::tuple(std::allocator_arg_t, const _Alloc&, const std::pair<_U1, _U2>&)’:
/cvmfs/juno.ihep.ac.cn/centos7_amd64_gcc830/contrib/gcc/8.3.0/include/c++/8.3.0/tuple:1175:4: error: ‘typedef int std::tuple<_T1, _T2>::_Inherited’ is not a non-static data member of ‘std::tuple<_T1, _T2>’
  : _Inherited(__tag, __a, __in.first, __in.second) { }
    ^~~~~~~~~~
/cvmfs/juno.ihep.ac.cn/centos7_amd64_gcc830/contrib/gcc/8.3.0/include/c++/8.3.0/tuple: In constructor ‘std::tuple<_T1, _T2>::tuple(std::allocator_arg_t, const _Alloc&, const std::pair<_U1, _U2>&)’:
/cvmfs/juno.ihep.ac.cn/centos7_amd64_gcc830/contrib/gcc/8.3.0/include/c++/8.3.0/tuple:1185:4: error: ‘typedef int std::tuple<_T1, _T2>::_Inherited’ is not a non-static data member of ‘std::tuple<_T1, _T2>’
  : _Inherited(__tag, __a, __in.first, __in.second) { }
    ^~~~~~~~~~
/cvmfs/juno.ihep.ac.cn/centos7_amd64_gcc830/contrib/gcc/8.3.0/include/c++/8.3.0/tuple: In constructor ‘std::tuple<_T1, _T2>::tuple(std::allocator_arg_t, const _Alloc&, std::pair<_U1, _U2>&&)’:
/cvmfs/juno.ihep.ac.cn/centos7_amd64_gcc830/contrib/gcc/8.3.0/include/c++/8.3.0/tuple:1194:4: error: ‘typedef int std::tuple<_T1, _T2>::_Inherited’ is not a non-static data member of ‘std::tuple<_T1, _T2>’
  : _Inherited(__tag, __a, std::forward<_U1>(__in.first),
    ^~~~~~~~~~
/cvmfs/juno.ihep.ac.cn/centos7_amd64_gcc830/contrib/gcc/8.3.0/include/c++/8.3.0/tuple: In constructor ‘std::tuple<_T1, _T2>::tuple(std::allocator_arg_t, const _Alloc&, std::pair<_U1, _U2>&&)’:
/cvmfs/juno.ihep.ac.cn/centos7_amd64_gcc830/contrib/gcc/8.3.0/include/c++/8.3.0/tuple:1205:4: error: ‘typedef int std::tuple<_T1, _T2>::_Inherited’ is not a non-static data member of ‘std::tuple<_T1, _T2>’
  : _Inherited(__tag, __a, std::forward<_U1>(__in.first),
    ^~~~~~~~~~
/cvmfs/juno.ihep.ac.cn/centos7_amd64_gcc830/contrib/gcc/8.3.0/include/c++/8.3.0/tuple: In member function ‘void std::tuple<_T1, _T2>::swap(std::tuple<_T1, _T2>&)’:
/cvmfs/juno.ihep.ac.cn/centos7_amd64_gcc830/contrib/gcc/8.3.0/include/c++/8.3.0/tuple:1260:28: error: qualified-id in declaration before ‘(’ token
       { _Inherited::_M_swap(__in); }
                            ^
/cvmfs/juno.ihep.ac.cn/centos7_amd64_gcc830/contrib/gcc/8.3.0/include/c++/8.3.0/tuple: At global scope:
/cvmfs/juno.ihep.ac.cn/centos7_amd64_gcc830/contrib/gcc/8.3.0/include/c++/8.3.0/tuple:1267:37: error: ‘size_t’ is not a member of ‘std’
     : public integral_constant<std::size_t, sizeof...(_Elements)> { };
                                     ^~~~~~
/cvmfs/juno.ihep.ac.cn/centos7_amd64_gcc830/contrib/gcc/8.3.0/include/c++/8.3.0/tuple:1267:37: note: suggested alternative:
In file included from /usr/include/wchar.h:51,
                 from /cvmfs/juno.ihep.ac.cn/centos7_amd64_gcc830/contrib/gcc/8.3.0/include/c++/8.3.0/cwchar:44,
                 from /cvmfs/juno.ihep.ac.cn/centos7_amd64_gcc830/contrib/gcc/8.3.0/include/c++/8.3.0/bits/postypes.h:40,
                 from /cvmfs/juno.ihep.ac.cn/centos7_amd64_gcc830/contrib/gcc/8.3.0/include/c++/8.3.0/bits/char_traits.h:40,
                 from /cvmfs/juno.ihep.ac.cn/centos7_amd64_gcc830/contrib/gcc/8.3.0/include/c++/8.3.0/string:40,
                 from /dybfs/users/xuhangkun/SimTAO/analysis/calibrate/include/RunData.h:43,
                 from /dybfs/users/xuhangkun/SimTAO/analysis/calibrate/include/TAORunData.h:44,
                 from /dybfs/users/xuhangkun/SimTAO/analysis/calibrate/src/NonLinearCalibration.cpp:2:
/cvmfs/juno.ihep.ac.cn/centos7_amd64_gcc830/contrib/gcc/8.3.0/lib/gcc/x86_64-pc-linux-gnu/8.3.0/include/stddef.h:216:23: note:   ‘size_t’
 typedef __SIZE_TYPE__ size_t;
                       ^~~~~~
In file included from /cvmfs/juno.ihep.ac.cn/centos7_amd64_gcc830/contrib/gcc/8.3.0/include/c++/8.3.0/bits/unique_ptr.h:37,
                 from /cvmfs/juno.ihep.ac.cn/centos7_amd64_gcc830/contrib/gcc/8.3.0/include/c++/8.3.0/bits/locale_conv.h:41,
                 from /cvmfs/juno.ihep.ac.cn/centos7_amd64_gcc830/contrib/gcc/8.3.0/include/c++/8.3.0/locale:43,
                 from /cvmfs/juno.ihep.ac.cn/centos7_amd64_gcc830/contrib/gcc/8.3.0/include/c++/8.3.0/iomanip:43,
                 from /cvmfs/juno.ihep.ac.cn/centos7_amd64_gcc830/Pre-Release/J20v1r0-Pre2/ExternalLibs/ROOT/6.20.02/include/ROOT/RWrap_libcpp_string_view.h:44,
                 from /cvmfs/juno.ihep.ac.cn/centos7_amd64_gcc830/Pre-Release/J20v1r0-Pre2/ExternalLibs/ROOT/6.20.02/include/ROOT/RStringView.hxx:26,
                 from /cvmfs/juno.ihep.ac.cn/centos7_amd64_gcc830/Pre-Release/J20v1r0-Pre2/ExternalLibs/ROOT/6.20.02/include/TString.h:28,
                 from /cvmfs/juno.ihep.ac.cn/centos7_amd64_gcc830/Pre-Release/J20v1r0-Pre2/ExternalLibs/ROOT/6.20.02/include/TNamed.h:26,
                 from /cvmfs/juno.ihep.ac.cn/centos7_amd64_gcc830/Pre-Release/J20v1r0-Pre2/ExternalLibs/ROOT/6.20.02/include/TDictionary.h:44,
                 from /cvmfs/juno.ihep.ac.cn/centos7_amd64_gcc830/Pre-Release/J20v1r0-Pre2/ExternalLibs/ROOT/6.20.02/include/TDataType.h:25,
                 from /cvmfs/juno.ihep.ac.cn/centos7_amd64_gcc830/Pre-Release/J20v1r0-Pre2/ExternalLibs/ROOT/6.20.02/include/TBuffer.h:24,
                 from /cvmfs/juno.ihep.ac.cn/centos7_amd64_gcc830/Pre-Release/J20v1r0-Pre2/ExternalLibs/ROOT/6.20.02/include/TDirectory.h:24,
                 from /cvmfs/juno.ihep.ac.cn/centos7_amd64_gcc830/Pre-Release/J20v1r0-Pre2/ExternalLibs/ROOT/6.20.02/include/TDirectoryFile.h:25,
                 from /cvmfs/juno.ihep.ac.cn/centos7_amd64_gcc830/Pre-Release/J20v1r0-Pre2/ExternalLibs/ROOT/6.20.02/include/TFile.h:27,
                 from /dybfs/users/xuhangkun/SimTAO/analysis/calibrate/include/RunData.h:44,
                 from /dybfs/users/xuhangkun/SimTAO/analysis/calibrate/include/TAORunData.h:44,
                 from /dybfs/users/xuhangkun/SimTAO/analysis/calibrate/src/NonLinearCalibration.cpp:2:
/cvmfs/juno.ihep.ac.cn/centos7_amd64_gcc830/contrib/gcc/8.3.0/include/c++/8.3.0/tuple:1267:37: error: ‘size_t’ is not a member of ‘std’
     : public integral_constant<std::size_t, sizeof...(_Elements)> { };
                                     ^~~~~~
/cvmfs/juno.ihep.ac.cn/centos7_amd64_gcc830/contrib/gcc/8.3.0/include/c++/8.3.0/tuple:1267:37: note: suggested alternative:
In file included from /usr/include/wchar.h:51,
                 from /cvmfs/juno.ihep.ac.cn/centos7_amd64_gcc830/contrib/gcc/8.3.0/include/c++/8.3.0/cwchar:44,
                 from /cvmfs/juno.ihep.ac.cn/centos7_amd64_gcc830/contrib/gcc/8.3.0/include/c++/8.3.0/bits/postypes.h:40,
                 from /cvmfs/juno.ihep.ac.cn/centos7_amd64_gcc830/contrib/gcc/8.3.0/include/c++/8.3.0/bits/char_traits.h:40,
                 from /cvmfs/juno.ihep.ac.cn/centos7_amd64_gcc830/contrib/gcc/8.3.0/include/c++/8.3.0/string:40,
                 from /dybfs/users/xuhangkun/SimTAO/analysis/calibrate/include/RunData.h:43,
                 from /dybfs/users/xuhangkun/SimTAO/analysis/calibrate/include/TAORunData.h:44,
                 from /dybfs/users/xuhangkun/SimTAO/analysis/calibrate/src/NonLinearCalibration.cpp:2:
/cvmfs/juno.ihep.ac.cn/centos7_amd64_gcc830/contrib/gcc/8.3.0/lib/gcc/x86_64-pc-linux-gnu/8.3.0/include/stddef.h:216:23: note:   ‘size_t’
 typedef __SIZE_TYPE__ size_t;
                       ^~~~~~
In file included from /cvmfs/juno.ihep.ac.cn/centos7_amd64_gcc830/contrib/gcc/8.3.0/include/c++/8.3.0/bits/unique_ptr.h:37,
                 from /cvmfs/juno.ihep.ac.cn/centos7_amd64_gcc830/contrib/gcc/8.3.0/include/c++/8.3.0/bits/locale_conv.h:41,
                 from /cvmfs/juno.ihep.ac.cn/centos7_amd64_gcc830/contrib/gcc/8.3.0/include/c++/8.3.0/locale:43,
                 from /cvmfs/juno.ihep.ac.cn/centos7_amd64_gcc830/contrib/gcc/8.3.0/include/c++/8.3.0/iomanip:43,
                 from /cvmfs/juno.ihep.ac.cn/centos7_amd64_gcc830/Pre-Release/J20v1r0-Pre2/ExternalLibs/ROOT/6.20.02/include/ROOT/RWrap_libcpp_string_view.h:44,
                 from /cvmfs/juno.ihep.ac.cn/centos7_amd64_gcc830/Pre-Release/J20v1r0-Pre2/ExternalLibs/ROOT/6.20.02/include/ROOT/RStringView.hxx:26,
                 from /cvmfs/juno.ihep.ac.cn/centos7_amd64_gcc830/Pre-Release/J20v1r0-Pre2/ExternalLibs/ROOT/6.20.02/include/TString.h:28,
                 from /cvmfs/juno.ihep.ac.cn/centos7_amd64_gcc830/Pre-Release/J20v1r0-Pre2/ExternalLibs/ROOT/6.20.02/include/TNamed.h:26,
                 from /cvmfs/juno.ihep.ac.cn/centos7_amd64_gcc830/Pre-Release/J20v1r0-Pre2/ExternalLibs/ROOT/6.20.02/include/TDictionary.h:44,
                 from /cvmfs/juno.ihep.ac.cn/centos7_amd64_gcc830/Pre-Release/J20v1r0-Pre2/ExternalLibs/ROOT/6.20.02/include/TDataType.h:25,
                 from /cvmfs/juno.ihep.ac.cn/centos7_amd64_gcc830/Pre-Release/J20v1r0-Pre2/ExternalLibs/ROOT/6.20.02/include/TBuffer.h:24,
                 from /cvmfs/juno.ihep.ac.cn/centos7_amd64_gcc830/Pre-Release/J20v1r0-Pre2/ExternalLibs/ROOT/6.20.02/include/TDirectory.h:24,
                 from /cvmfs/juno.ihep.ac.cn/centos7_amd64_gcc830/Pre-Release/J20v1r0-Pre2/ExternalLibs/ROOT/6.20.02/include/TDirectoryFile.h:25,
                 from /cvmfs/juno.ihep.ac.cn/centos7_amd64_gcc830/Pre-Release/J20v1r0-Pre2/ExternalLibs/ROOT/6.20.02/include/TFile.h:27,
                 from /dybfs/users/xuhangkun/SimTAO/analysis/calibrate/include/RunData.h:44,
                 from /dybfs/users/xuhangkun/SimTAO/analysis/calibrate/include/TAORunData.h:44,
                 from /dybfs/users/xuhangkun/SimTAO/analysis/calibrate/src/NonLinearCalibration.cpp:2:
/cvmfs/juno.ihep.ac.cn/centos7_amd64_gcc830/contrib/gcc/8.3.0/include/c++/8.3.0/tuple:1267:65: error: template argument 1 is invalid
     : public integral_constant<std::size_t, sizeof...(_Elements)> { };
                                                                 ^
/cvmfs/juno.ihep.ac.cn/centos7_amd64_gcc830/contrib/gcc/8.3.0/include/c++/8.3.0/tuple:1267:65: note: invalid template non-type parameter
/cvmfs/juno.ihep.ac.cn/centos7_amd64_gcc830/contrib/gcc/8.3.0/include/c++/8.3.0/tuple:1278:17: error: ‘std::size_t’ has not been declared
   template<std::size_t __i, typename _Head, typename... _Tail>
                 ^~~~~~
/cvmfs/juno.ihep.ac.cn/centos7_amd64_gcc830/contrib/gcc/8.3.0/include/c++/8.3.0/tuple:1279:26: error: ‘__i’ was not declared in this scope
     struct tuple_element<__i, tuple<_Head, _Tail...> >
                          ^~~
/cvmfs/juno.ihep.ac.cn/centos7_amd64_gcc830/contrib/gcc/8.3.0/include/c++/8.3.0/tuple:1279:54: error: template argument 1 is invalid
     struct tuple_element<__i, tuple<_Head, _Tail...> >
                                                      ^
/cvmfs/juno.ihep.ac.cn/centos7_amd64_gcc830/contrib/gcc/8.3.0/include/c++/8.3.0/tuple:1280:21: error: ‘__i’ was not declared in this scope
     : tuple_element<__i - 1, tuple<_Tail...> > { };
                     ^~~
/cvmfs/juno.ihep.ac.cn/centos7_amd64_gcc830/contrib/gcc/8.3.0/include/c++/8.3.0/tuple:1280:46: error: template argument 1 is invalid
     : tuple_element<__i - 1, tuple<_Tail...> > { };
                                              ^
/cvmfs/juno.ihep.ac.cn/centos7_amd64_gcc830/contrib/gcc/8.3.0/include/c++/8.3.0/tuple:1301:17: error: ‘std::size_t’ has not been declared
   template<std::size_t __i, typename _Head, typename... _Tail>
                 ^~~~~~
/cvmfs/juno.ihep.ac.cn/centos7_amd64_gcc830/contrib/gcc/8.3.0/include/c++/8.3.0/tuple:1303:30: error: ‘__i’ was not declared in this scope
     __get_helper(_Tuple_impl<__i, _Head, _Tail...>& __t) noexcept
                              ^~~
/cvmfs/juno.ihep.ac.cn/centos7_amd64_gcc830/contrib/gcc/8.3.0/include/c++/8.3.0/tuple:1303:50: error: template argument 1 is invalid
     __get_helper(_Tuple_impl<__i, _Head, _Tail...>& __t) noexcept
                                                  ^
/cvmfs/juno.ihep.ac.cn/centos7_amd64_gcc830/contrib/gcc/8.3.0/include/c++/8.3.0/tuple: In function ‘constexpr _Head& std::__get_helper(int&)’:
/cvmfs/juno.ihep.ac.cn/centos7_amd64_gcc830/contrib/gcc/8.3.0/include/c++/8.3.0/tuple:1304:26: error: ‘__i’ was not declared in this scope
     { return _Tuple_impl<__i, _Head, _Tail...>::_M_head(__t); }
                          ^~~
/cvmfs/juno.ihep.ac.cn/centos7_amd64_gcc830/contrib/gcc/8.3.0/include/c++/8.3.0/tuple:1304:26: note: suggested alternative: ‘__t’
     { return _Tuple_impl<__i, _Head, _Tail...>::_M_head(__t); }
                          ^~~
                          __t
/cvmfs/juno.ihep.ac.cn/centos7_amd64_gcc830/contrib/gcc/8.3.0/include/c++/8.3.0/tuple:1304:46: error: template argument 1 is invalid
     { return _Tuple_impl<__i, _Head, _Tail...>::_M_head(__t); }
                                              ^
/cvmfs/juno.ihep.ac.cn/centos7_amd64_gcc830/contrib/gcc/8.3.0/include/c++/8.3.0/tuple: At global scope:
/cvmfs/juno.ihep.ac.cn/centos7_amd64_gcc830/contrib/gcc/8.3.0/include/c++/8.3.0/tuple:1306:17: error: ‘std::size_t’ has not been declared
   template<std::size_t __i, typename _Head, typename... _Tail>
                 ^~~~~~
/cvmfs/juno.ihep.ac.cn/centos7_amd64_gcc830/contrib/gcc/8.3.0/include/c++/8.3.0/tuple:1308:36: error: ‘__i’ was not declared in this scope
     __get_helper(const _Tuple_impl<__i, _Head, _Tail...>& __t) noexcept
                                    ^~~
/cvmfs/juno.ihep.ac.cn/centos7_amd64_gcc830/contrib/gcc/8.3.0/include/c++/8.3.0/tuple:1308:56: error: template argument 1 is invalid
     __get_helper(const _Tuple_impl<__i, _Head, _Tail...>& __t) noexcept
                                                        ^
/cvmfs/juno.ihep.ac.cn/centos7_amd64_gcc830/contrib/gcc/8.3.0/include/c++/8.3.0/tuple: In function ‘constexpr const _Head& std::__get_helper(const int&)’:
/cvmfs/juno.ihep.ac.cn/centos7_amd64_gcc830/contrib/gcc/8.3.0/include/c++/8.3.0/tuple:1309:26: error: ‘__i’ was not declared in this scope
     { return _Tuple_impl<__i, _Head, _Tail...>::_M_head(__t); }
                          ^~~
/cvmfs/juno.ihep.ac.cn/centos7_amd64_gcc830/contrib/gcc/8.3.0/include/c++/8.3.0/tuple:1309:26: note: suggested alternative: ‘__t’
     { return _Tuple_impl<__i, _Head, _Tail...>::_M_head(__t); }
                          ^~~
                          __t
/cvmfs/juno.ihep.ac.cn/centos7_amd64_gcc830/contrib/gcc/8.3.0/include/c++/8.3.0/tuple:1309:46: error: template argument 1 is invalid
     { return _Tuple_impl<__i, _Head, _Tail...>::_M_head(__t); }
                                              ^
/cvmfs/juno.ihep.ac.cn/centos7_amd64_gcc830/contrib/gcc/8.3.0/include/c++/8.3.0/tuple: At global scope:
/cvmfs/juno.ihep.ac.cn/centos7_amd64_gcc830/contrib/gcc/8.3.0/include/c++/8.3.0/tuple:1312:17: error: ‘std::size_t’ has not been declared
   template<std::size_t __i, typename... _Elements>
                 ^~~~~~
/cvmfs/juno.ihep.ac.cn/centos7_amd64_gcc830/contrib/gcc/8.3.0/include/c++/8.3.0/tuple:1313:15: error: ‘__tuple_element_t’ does not name a type; did you mean ‘tuple_element’?
     constexpr __tuple_element_t<__i, tuple<_Elements...>>&
               ^~~~~~~~~~~~~~~~~
               tuple_element
/cvmfs/juno.ihep.ac.cn/centos7_amd64_gcc830/contrib/gcc/8.3.0/include/c++/8.3.0/tuple:1318:17: error: ‘std::size_t’ has not been declared
   template<std::size_t __i, typename... _Elements>
                 ^~~~~~
/cvmfs/juno.ihep.ac.cn/centos7_amd64_gcc830/contrib/gcc/8.3.0/include/c++/8.3.0/tuple:1319:21: error: ‘__tuple_element_t’ does not name a type; did you mean ‘tuple_element’?
     constexpr const __tuple_element_t<__i, tuple<_Elements...>>&
                     ^~~~~~~~~~~~~~~~~
                     tuple_element
/cvmfs/juno.ihep.ac.cn/centos7_amd64_gcc830/contrib/gcc/8.3.0/include/c++/8.3.0/tuple:1324:17: error: ‘std::size_t’ has not been declared
   template<std::size_t __i, typename... _Elements>
                 ^~~~~~
/cvmfs/juno.ihep.ac.cn/centos7_amd64_gcc830/contrib/gcc/8.3.0/include/c++/8.3.0/tuple:1325:15: error: ‘__tuple_element_t’ does not name a type; did you mean ‘tuple_element’?
     constexpr __tuple_element_t<__i, tuple<_Elements...>>&&
               ^~~~~~~~~~~~~~~~~
               tuple_element
/cvmfs/juno.ihep.ac.cn/centos7_amd64_gcc830/contrib/gcc/8.3.0/include/c++/8.3.0/tuple:1333:17: error: ‘std::size_t’ has not been declared
   template<std::size_t __i, typename... _Elements>
                 ^~~~~~
/cvmfs/juno.ihep.ac.cn/centos7_amd64_gcc830/contrib/gcc/8.3.0/include/c++/8.3.0/tuple:1334:21: error: ‘__tuple_element_t’ does not name a type; did you mean ‘tuple_element’?
     constexpr const __tuple_element_t<__i, tuple<_Elements...>>&&
                     ^~~~~~~~~~~~~~~~~
                     tuple_element
/cvmfs/juno.ihep.ac.cn/centos7_amd64_gcc830/contrib/gcc/8.3.0/include/c++/8.3.0/tuple:1484:18: error: ‘__tuple_element_t’ was not declared in this scope
    tuple<_Tp..., __tuple_element_t<_Idx, _Tuple>>,
                  ^~~~~~~~~~~~~~~~~
/cvmfs/juno.ihep.ac.cn/centos7_amd64_gcc830/contrib/gcc/8.3.0/include/c++/8.3.0/tuple:1484:18: note: suggested alternative: ‘tuple_element’
    tuple<_Tp..., __tuple_element_t<_Idx, _Tuple>>,
                  ^~~~~~~~~~~~~~~~~
                  tuple_element
/cvmfs/juno.ihep.ac.cn/centos7_amd64_gcc830/contrib/gcc/8.3.0/include/c++/8.3.0/tuple:1484:42: error: template argument 2 is invalid
    tuple<_Tp..., __tuple_element_t<_Idx, _Tuple>>,
                                          ^~~~~~
/cvmfs/juno.ihep.ac.cn/centos7_amd64_gcc830/contrib/gcc/8.3.0/include/c++/8.3.0/tuple:1484:48: error: wrong number of template arguments (2, should be 4)
    tuple<_Tp..., __tuple_element_t<_Idx, _Tuple>>,
                                                ^~
/cvmfs/juno.ihep.ac.cn/centos7_amd64_gcc830/contrib/gcc/8.3.0/include/c++/8.3.0/tuple:1479:12: note: provided for ‘template<long unsigned int <anonymous>, class, class, long unsigned int <anonymous> > struct std::__make_tuple_impl’
     struct __make_tuple_impl;
            ^~~~~~~~~~~~~~~~~
/cvmfs/juno.ihep.ac.cn/centos7_amd64_gcc830/contrib/gcc/8.3.0/include/c++/8.3.0/tuple:1485:15: error: expected class-name before ‘>’ token
    _Tuple, _Nm>
               ^
/cvmfs/juno.ihep.ac.cn/centos7_amd64_gcc830/contrib/gcc/8.3.0/include/c++/8.3.0/tuple:1485:15: error: expected ‘{’ before ‘>’ token
/cvmfs/juno.ihep.ac.cn/centos7_amd64_gcc830/contrib/gcc/8.3.0/include/c++/8.3.0/tuple:1488:17: error: ‘std::size_t’ has not been declared
   template<std::size_t _Nm, typename _Tuple, typename... _Tp>
                 ^~~~~~
/cvmfs/juno.ihep.ac.cn/centos7_amd64_gcc830/contrib/gcc/8.3.0/include/c++/8.3.0/tuple:1489:30: error: ‘_Nm’ was not declared in this scope
     struct __make_tuple_impl<_Nm, tuple<_Tp...>, _Tuple, _Nm>
                              ^~~
/cvmfs/juno.ihep.ac.cn/centos7_amd64_gcc830/contrib/gcc/8.3.0/include/c++/8.3.0/tuple:1489:58: error: ‘_Nm’ was not declared in this scope
     struct __make_tuple_impl<_Nm, tuple<_Tp...>, _Tuple, _Nm>
                                                          ^~~
/cvmfs/juno.ihep.ac.cn/centos7_amd64_gcc830/contrib/gcc/8.3.0/include/c++/8.3.0/tuple:1489:61: error: template argument 1 is invalid
     struct __make_tuple_impl<_Nm, tuple<_Tp...>, _Tuple, _Nm>
                                                             ^
/cvmfs/juno.ihep.ac.cn/centos7_amd64_gcc830/contrib/gcc/8.3.0/include/c++/8.3.0/tuple:1489:61: error: template argument 4 is invalid
/cvmfs/juno.ihep.ac.cn/centos7_amd64_gcc830/contrib/gcc/8.3.0/include/c++/8.3.0/tuple:1561:32: error: ‘std::size_t’ has not been declared
   template<typename _Ret, std::size_t... _Is, typename _Tp, typename... _Tpls>
                                ^~~~~~
/cvmfs/juno.ihep.ac.cn/centos7_amd64_gcc830/contrib/gcc/8.3.0/include/c++/8.3.0/tuple:1562:53: error: ‘_Is’ was not declared in this scope
     struct __tuple_concater<_Ret, std::_Index_tuple<_Is...>, _Tp, _Tpls...>
                                                     ^~~
/cvmfs/juno.ihep.ac.cn/centos7_amd64_gcc830/contrib/gcc/8.3.0/include/c++/8.3.0/tuple:1562:56: error: expected parameter pack before ‘...’
     struct __tuple_concater<_Ret, std::_Index_tuple<_Is...>, _Tp, _Tpls...>
                                                        ^~~
/cvmfs/juno.ihep.ac.cn/centos7_amd64_gcc830/contrib/gcc/8.3.0/include/c++/8.3.0/tuple:1562:59: error: template argument 1 is invalid
     struct __tuple_concater<_Ret, std::_Index_tuple<_Is...>, _Tp, _Tpls...>
                                                           ^
/cvmfs/juno.ihep.ac.cn/centos7_amd64_gcc830/contrib/gcc/8.3.0/include/c++/8.3.0/tuple:1562:75: error: template argument 2 is invalid
     struct __tuple_concater<_Ret, std::_Index_tuple<_Is...>, _Tp, _Tpls...>
                                                                           ^
/cvmfs/juno.ihep.ac.cn/centos7_amd64_gcc830/contrib/gcc/8.3.0/include/c++/8.3.0/tuple:1661:39: error: ‘std::size_t’ has not been declared
     template<typename... _Args1, std::size_t... _Indexes1,
                                       ^~~~~~
/cvmfs/juno.ihep.ac.cn/centos7_amd64_gcc830/contrib/gcc/8.3.0/include/c++/8.3.0/tuple:1662:39: error: ‘std::size_t’ has not been declared
              typename... _Args2, std::size_t... _Indexes2>
                                       ^~~~~~
/cvmfs/juno.ihep.ac.cn/centos7_amd64_gcc830/contrib/gcc/8.3.0/include/c++/8.3.0/tuple:1666:18: error: ‘_Indexes1’ was not declared in this scope
     _Index_tuple<_Indexes1...>, _Index_tuple<_Indexes2...>)
                  ^~~~~~~~~
/cvmfs/juno.ihep.ac.cn/centos7_amd64_gcc830/contrib/gcc/8.3.0/include/c++/8.3.0/tuple:1666:27: error: expected parameter pack before ‘...’
     _Index_tuple<_Indexes1...>, _Index_tuple<_Indexes2...>)
                           ^~~
/cvmfs/juno.ihep.ac.cn/centos7_amd64_gcc830/contrib/gcc/8.3.0/include/c++/8.3.0/tuple:1666:30: error: template argument 1 is invalid
     _Index_tuple<_Indexes1...>, _Index_tuple<_Indexes2...>)
                              ^
/cvmfs/juno.ihep.ac.cn/centos7_amd64_gcc830/contrib/gcc/8.3.0/include/c++/8.3.0/tuple:1666:46: error: ‘_Indexes2’ was not declared in this scope
     _Index_tuple<_Indexes1...>, _Index_tuple<_Indexes2...>)
                                              ^~~~~~~~~
/cvmfs/juno.ihep.ac.cn/centos7_amd64_gcc830/contrib/gcc/8.3.0/include/c++/8.3.0/tuple:1666:55: error: expected parameter pack before ‘...’
     _Index_tuple<_Indexes1...>, _Index_tuple<_Indexes2...>)
                                                       ^~~
/cvmfs/juno.ihep.ac.cn/centos7_amd64_gcc830/contrib/gcc/8.3.0/include/c++/8.3.0/tuple:1666:58: error: template argument 1 is invalid
     _Index_tuple<_Indexes1...>, _Index_tuple<_Indexes2...>)
                                                          ^
/cvmfs/juno.ihep.ac.cn/centos7_amd64_gcc830/contrib/gcc/8.3.0/include/c++/8.3.0/tuple:1666:59: error: default argument for template parameter for class enclosing ‘std::pair<_T1, _T2>::pair(std::tuple<_Args1 ...>&, std::tuple<_Args2 ...>&, int, int)’
     _Index_tuple<_Indexes1...>, _Index_tuple<_Indexes2...>)
                                                           ^
/cvmfs/juno.ihep.ac.cn/centos7_amd64_gcc830/contrib/gcc/8.3.0/include/c++/8.3.0/tuple: In constructor ‘std::pair<_T1, _T2>::pair(std::tuple<_Args1 ...>&, std::tuple<_Args2 ...>&, int, int)’:
/cvmfs/juno.ihep.ac.cn/centos7_amd64_gcc830/contrib/gcc/8.3.0/include/c++/8.3.0/tuple:1667:45: error: ‘_Indexes1’ was not declared in this scope
       : first(std::forward<_Args1>(std::get<_Indexes1>(__tuple1))...),
                                             ^~~~~~~~~
/cvmfs/juno.ihep.ac.cn/centos7_amd64_gcc830/contrib/gcc/8.3.0/include/c++/8.3.0/tuple:1668:46: error: ‘_Indexes2’ was not declared in this scope
         second(std::forward<_Args2>(std::get<_Indexes2>(__tuple2))...)
                                              ^~~~~~~~~
In file included from /cvmfs/juno.ihep.ac.cn/centos7_amd64_gcc830/contrib/gcc/8.3.0/include/c++/8.3.0/locale:43,
                 from /cvmfs/juno.ihep.ac.cn/centos7_amd64_gcc830/contrib/gcc/8.3.0/include/c++/8.3.0/iomanip:43,
                 from /cvmfs/juno.ihep.ac.cn/centos7_amd64_gcc830/Pre-Release/J20v1r0-Pre2/ExternalLibs/ROOT/6.20.02/include/ROOT/RWrap_libcpp_string_view.h:44,
                 from /cvmfs/juno.ihep.ac.cn/centos7_amd64_gcc830/Pre-Release/J20v1r0-Pre2/ExternalLibs/ROOT/6.20.02/include/ROOT/RStringView.hxx:26,
                 from /cvmfs/juno.ihep.ac.cn/centos7_amd64_gcc830/Pre-Release/J20v1r0-Pre2/ExternalLibs/ROOT/6.20.02/include/TString.h:28,
                 from /cvmfs/juno.ihep.ac.cn/centos7_amd64_gcc830/Pre-Release/J20v1r0-Pre2/ExternalLibs/ROOT/6.20.02/include/TNamed.h:26,
                 from /cvmfs/juno.ihep.ac.cn/centos7_amd64_gcc830/Pre-Release/J20v1r0-Pre2/ExternalLibs/ROOT/6.20.02/include/TDictionary.h:44,
                 from /cvmfs/juno.ihep.ac.cn/centos7_amd64_gcc830/Pre-Release/J20v1r0-Pre2/ExternalLibs/ROOT/6.20.02/include/TDataType.h:25,
                 from /cvmfs/juno.ihep.ac.cn/centos7_amd64_gcc830/Pre-Release/J20v1r0-Pre2/ExternalLibs/ROOT/6.20.02/include/TBuffer.h:24,
                 from /cvmfs/juno.ihep.ac.cn/centos7_amd64_gcc830/Pre-Release/J20v1r0-Pre2/ExternalLibs/ROOT/6.20.02/include/TDirectory.h:24,
                 from /cvmfs/juno.ihep.ac.cn/centos7_amd64_gcc830/Pre-Release/J20v1r0-Pre2/ExternalLibs/ROOT/6.20.02/include/TDirectoryFile.h:25,
                 from /cvmfs/juno.ihep.ac.cn/centos7_amd64_gcc830/Pre-Release/J20v1r0-Pre2/ExternalLibs/ROOT/6.20.02/include/TFile.h:27,
                 from /dybfs/users/xuhangkun/SimTAO/analysis/calibrate/include/RunData.h:44,
                 from /dybfs/users/xuhangkun/SimTAO/analysis/calibrate/include/TAORunData.h:44,
                 from /dybfs/users/xuhangkun/SimTAO/analysis/calibrate/src/NonLinearCalibration.cpp:2:
/cvmfs/juno.ihep.ac.cn/centos7_amd64_gcc830/contrib/gcc/8.3.0/include/c++/8.3.0/bits/locale_conv.h: At global scope:
/cvmfs/juno.ihep.ac.cn/centos7_amd64_gcc830/contrib/gcc/8.3.0/include/c++/8.3.0/bits/locale_conv.h:402:7: error: ‘streamsize’ does not name a type; did you mean ‘streambuf’?
       streamsize
       ^~~~~~~~~~
       streambuf
/cvmfs/juno.ihep.ac.cn/centos7_amd64_gcc830/contrib/gcc/8.3.0/include/c++/8.3.0/bits/locale_conv.h:481:31: error: ‘streamsize’ has not been declared
       _M_put(const char* __p, streamsize __n)
                               ^~~~~~~~~~
/cvmfs/juno.ihep.ac.cn/centos7_amd64_gcc830/contrib/gcc/8.3.0/include/c++/8.3.0/bits/locale_conv.h:531:20: error: ‘streamsize’ does not name a type; did you mean ‘streambuf’?
       static const streamsize _S_buffer_length = 32;
                    ^~~~~~~~~~
                    streambuf
/cvmfs/juno.ihep.ac.cn/centos7_amd64_gcc830/contrib/gcc/8.3.0/include/c++/8.3.0/bits/locale_conv.h:532:20: error: ‘streamsize’ does not name a type; did you mean ‘streambuf’?
       static const streamsize _S_putback_length = 3;
                    ^~~~~~~~~~
                    streambuf
/cvmfs/juno.ihep.ac.cn/centos7_amd64_gcc830/contrib/gcc/8.3.0/include/c++/8.3.0/bits/locale_conv.h:533:45: error: ‘_S_buffer_length’ was not declared in this scope
       _Elem                     _M_put_area[_S_buffer_length];
                                             ^~~~~~~~~~~~~~~~
/cvmfs/juno.ihep.ac.cn/centos7_amd64_gcc830/contrib/gcc/8.3.0/include/c++/8.3.0/bits/locale_conv.h:534:45: error: ‘_S_buffer_length’ was not declared in this scope
       _Elem                     _M_get_area[_S_buffer_length];
                                             ^~~~~~~~~~~~~~~~
/cvmfs/juno.ihep.ac.cn/centos7_amd64_gcc830/contrib/gcc/8.3.0/include/c++/8.3.0/bits/locale_conv.h:535:7: error: ‘streamsize’ does not name a type; did you mean ‘streambuf’?
       streamsize  _M_unconv = 0;
       ^~~~~~~~~~
       streambuf
/cvmfs/juno.ihep.ac.cn/centos7_amd64_gcc830/contrib/gcc/8.3.0/include/c++/8.3.0/bits/locale_conv.h:536:25: error: ‘_S_buffer_length’ was not declared in this scope
       char   _M_get_buf[_S_buffer_length-_S_putback_length];
                         ^~~~~~~~~~~~~~~~
/cvmfs/juno.ihep.ac.cn/centos7_amd64_gcc830/contrib/gcc/8.3.0/include/c++/8.3.0/bits/locale_conv.h:536:42: error: ‘_S_putback_length’ was not declared in this scope
       char   _M_get_buf[_S_buffer_length-_S_putback_length];
                                          ^~~~~~~~~~~~~~~~~
/cvmfs/juno.ihep.ac.cn/centos7_amd64_gcc830/contrib/gcc/8.3.0/include/c++/8.3.0/bits/locale_conv.h: In constructor ‘std::wbuffer_convert<_Codecvt, _Elem, _Tr>::wbuffer_convert(std::streambuf*, _Codecvt*, std::wbuffer_convert<_Codecvt, _Elem, _Tr>::state_type)’:
/cvmfs/juno.ihep.ac.cn/centos7_amd64_gcc830/contrib/gcc/8.3.0/include/c++/8.3.0/bits/locale_conv.h:348:17: error: ‘_M_put_area’ was not declared in this scope
      this->setp(_M_put_area, _M_put_area + _S_buffer_length);
                 ^~~~~~~~~~~
/cvmfs/juno.ihep.ac.cn/centos7_amd64_gcc830/contrib/gcc/8.3.0/include/c++/8.3.0/bits/locale_conv.h:348:17: note: suggested alternative: ‘_M_put’
      this->setp(_M_put_area, _M_put_area + _S_buffer_length);
                 ^~~~~~~~~~~
                 _M_put
/cvmfs/juno.ihep.ac.cn/centos7_amd64_gcc830/contrib/gcc/8.3.0/include/c++/8.3.0/bits/locale_conv.h:348:44: error: ‘_S_buffer_length’ was not declared in this scope
      this->setp(_M_put_area, _M_put_area + _S_buffer_length);
                                            ^~~~~~~~~~~~~~~~
/cvmfs/juno.ihep.ac.cn/centos7_amd64_gcc830/contrib/gcc/8.3.0/include/c++/8.3.0/bits/locale_conv.h:349:17: error: ‘_M_get_area’ was not declared in this scope
      this->setg(_M_get_area + _S_putback_length,
                 ^~~~~~~~~~~
/cvmfs/juno.ihep.ac.cn/centos7_amd64_gcc830/contrib/gcc/8.3.0/include/c++/8.3.0/bits/locale_conv.h:349:17: note: suggested alternative: ‘_M_state’
      this->setg(_M_get_area + _S_putback_length,
                 ^~~~~~~~~~~
                 _M_state
/cvmfs/juno.ihep.ac.cn/centos7_amd64_gcc830/contrib/gcc/8.3.0/include/c++/8.3.0/bits/locale_conv.h:349:31: error: ‘_S_putback_length’ was not declared in this scope
      this->setg(_M_get_area + _S_putback_length,
                               ^~~~~~~~~~~~~~~~~
/cvmfs/juno.ihep.ac.cn/centos7_amd64_gcc830/contrib/gcc/8.3.0/include/c++/8.3.0/bits/locale_conv.h: In member function ‘bool std::wbuffer_convert<_Codecvt, _Elem, _Tr>::_M_conv_get()’:
/cvmfs/juno.ihep.ac.cn/centos7_amd64_gcc830/contrib/gcc/8.3.0/include/c++/8.3.0/bits/locale_conv.h:424:8: error: ‘streamsize’ does not name a type; did you mean ‘streambuf’?
  const streamsize __pb1 = this->gptr() - this->eback();
        ^~~~~~~~~~
        streambuf
/cvmfs/juno.ihep.ac.cn/centos7_amd64_gcc830/contrib/gcc/8.3.0/include/c++/8.3.0/bits/locale_conv.h:425:8: error: ‘streamsize’ does not name a type; did you mean ‘streambuf’?
  const streamsize __pb2 = _S_putback_length;
        ^~~~~~~~~~
        streambuf
/cvmfs/juno.ihep.ac.cn/centos7_amd64_gcc830/contrib/gcc/8.3.0/include/c++/8.3.0/bits/locale_conv.h:426:8: error: ‘streamsize’ does not name a type; did you mean ‘streambuf’?
  const streamsize __npb = std::min(__pb1, __pb2);
        ^~~~~~~~~~
        streambuf
/cvmfs/juno.ihep.ac.cn/centos7_amd64_gcc830/contrib/gcc/8.3.0/include/c++/8.3.0/bits/locale_conv.h:428:12: error: ‘_M_get_area’ was not declared in this scope
  _Tr::move(_M_get_area + _S_putback_length - __npb,
            ^~~~~~~~~~~
/cvmfs/juno.ihep.ac.cn/centos7_amd64_gcc830/contrib/gcc/8.3.0/include/c++/8.3.0/bits/locale_conv.h:428:12: note: suggested alternative: ‘_M_state’
  _Tr::move(_M_get_area + _S_putback_length - __npb,
            ^~~~~~~~~~~
            _M_state
/cvmfs/juno.ihep.ac.cn/centos7_amd64_gcc830/contrib/gcc/8.3.0/include/c++/8.3.0/bits/locale_conv.h:428:26: error: ‘_S_putback_length’ was not declared in this scope
  _Tr::move(_M_get_area + _S_putback_length - __npb,
                          ^~~~~~~~~~~~~~~~~
/cvmfs/juno.ihep.ac.cn/centos7_amd64_gcc830/contrib/gcc/8.3.0/include/c++/8.3.0/bits/locale_conv.h:428:46: error: ‘__npb’ was not declared in this scope
  _Tr::move(_M_get_area + _S_putback_length - __npb,
                                              ^~~~~
/cvmfs/juno.ihep.ac.cn/centos7_amd64_gcc830/contrib/gcc/8.3.0/include/c++/8.3.0/bits/locale_conv.h:428:46: note: suggested alternative: ‘__nan’
  _Tr::move(_M_get_area + _S_putback_length - __npb,
                                              ^~~~~
                                              __nan
/cvmfs/juno.ihep.ac.cn/centos7_amd64_gcc830/contrib/gcc/8.3.0/include/c++/8.3.0/bits/locale_conv.h:431:2: error: ‘streamsize’ was not declared in this scope
  streamsize __nbytes = sizeof(_M_get_buf) - _M_unconv;
  ^~~~~~~~~~
/cvmfs/juno.ihep.ac.cn/centos7_amd64_gcc830/contrib/gcc/8.3.0/include/c++/8.3.0/bits/locale_conv.h:431:2: note: suggested alternative: ‘streambuf’
  streamsize __nbytes = sizeof(_M_get_buf) - _M_unconv;
  ^~~~~~~~~~
  streambuf
/cvmfs/juno.ihep.ac.cn/centos7_amd64_gcc830/contrib/gcc/8.3.0/include/c++/8.3.0/bits/locale_conv.h:432:2: error: ‘__nbytes’ was not declared in this scope
  __nbytes = std::min(__nbytes, _M_buf->in_avail());
  ^~~~~~~~
/cvmfs/juno.ihep.ac.cn/centos7_amd64_gcc830/contrib/gcc/8.3.0/include/c++/8.3.0/bits/locale_conv.h:432:2: note: suggested alternative: ‘__write’
  __nbytes = std::min(__nbytes, _M_buf->in_avail());
  ^~~~~~~~
  __write
/cvmfs/juno.ihep.ac.cn/centos7_amd64_gcc830/contrib/gcc/8.3.0/include/c++/8.3.0/bits/locale_conv.h:432:40: error: ‘std::streambuf’ {aka ‘class std::basic_streambuf<char>’} has no member named ‘in_avail’
  __nbytes = std::min(__nbytes, _M_buf->in_avail());
                                        ^~~~~~~~
/cvmfs/juno.ihep.ac.cn/centos7_amd64_gcc830/contrib/gcc/8.3.0/include/c++/8.3.0/bits/locale_conv.h:435:21: error: ‘std::streambuf’ {aka ‘class std::basic_streambuf<char>’} has no member named ‘sgetn’; did you mean ‘sgetc’?
  __nbytes = _M_buf->sgetn(_M_get_buf + _M_unconv, __nbytes);
                     ^~~~~
                     sgetc
/cvmfs/juno.ihep.ac.cn/centos7_amd64_gcc830/contrib/gcc/8.3.0/include/c++/8.3.0/bits/locale_conv.h:435:27: error: ‘_M_get_buf’ was not declared in this scope
  __nbytes = _M_buf->sgetn(_M_get_buf + _M_unconv, __nbytes);
                           ^~~~~~~~~~
/cvmfs/juno.ihep.ac.cn/centos7_amd64_gcc830/contrib/gcc/8.3.0/include/c++/8.3.0/bits/locale_conv.h:435:27: note: suggested alternative: ‘_M_buf’
  __nbytes = _M_buf->sgetn(_M_get_buf + _M_unconv, __nbytes);
                           ^~~~~~~~~~
                           _M_buf
/cvmfs/juno.ihep.ac.cn/centos7_amd64_gcc830/contrib/gcc/8.3.0/include/c++/8.3.0/bits/locale_conv.h:435:40: error: ‘_M_unconv’ was not declared in this scope
  __nbytes = _M_buf->sgetn(_M_get_buf + _M_unconv, __nbytes);
                                        ^~~~~~~~~
/cvmfs/juno.ihep.ac.cn/centos7_amd64_gcc830/contrib/gcc/8.3.0/include/c++/8.3.0/bits/locale_conv.h:435:40: note: suggested alternative: ‘is_union’
  __nbytes = _M_buf->sgetn(_M_get_buf + _M_unconv, __nbytes);
                                        ^~~~~~~~~
                                        is_union
/cvmfs/juno.ihep.ac.cn/centos7_amd64_gcc830/contrib/gcc/8.3.0/include/c++/8.3.0/bits/locale_conv.h:451:38: error: ‘_S_buffer_length’ was not declared in this scope
      _Elem* __outend = _M_get_area + _S_buffer_length;
                                      ^~~~~~~~~~~~~~~~
/cvmfs/juno.ihep.ac.cn/centos7_amd64_gcc830/contrib/gcc/8.3.0/include/c++/8.3.0/bits/locale_conv.h: In member function ‘bool std::wbuffer_convert<_Codecvt, _Elem, _Tr>::_M_put(const char*, int)’:
/cvmfs/juno.ihep.ac.cn/centos7_amd64_gcc830/contrib/gcc/8.3.0/include/c++/8.3.0/bits/locale_conv.h:483:14: error: ‘std::streambuf’ {aka ‘class std::basic_streambuf<char>’} has no member named ‘sputn’; did you mean ‘sputc’?
  if (_M_buf->sputn(__p, __n) < __n)
              ^~~~~
              sputc
/cvmfs/juno.ihep.ac.cn/centos7_amd64_gcc830/contrib/gcc/8.3.0/include/c++/8.3.0/bits/locale_conv.h: In member function ‘bool std::wbuffer_convert<_Codecvt, _Elem, _Tr>::_M_conv_put()’:
/cvmfs/juno.ihep.ac.cn/centos7_amd64_gcc830/contrib/gcc/8.3.0/include/c++/8.3.0/bits/locale_conv.h:494:8: error: ‘streamsize’ does not name a type; did you mean ‘streambuf’?
  const streamsize __pending = __last - __first;
        ^~~~~~~~~~
        streambuf
/cvmfs/juno.ihep.ac.cn/centos7_amd64_gcc830/contrib/gcc/8.3.0/include/c++/8.3.0/bits/locale_conv.h:497:27: error: ‘__pending’ was not declared in this scope
    return _M_put(__first, __pending);
                           ^~~~~~~~~
/cvmfs/juno.ihep.ac.cn/centos7_amd64_gcc830/contrib/gcc/8.3.0/include/c++/8.3.0/bits/locale_conv.h:499:20: error: ‘_S_buffer_length’ was not declared in this scope
  char __outbuf[2 * _S_buffer_length];
                    ^~~~~~~~~~~~~~~~
/cvmfs/juno.ihep.ac.cn/centos7_amd64_gcc830/contrib/gcc/8.3.0/include/c++/8.3.0/bits/locale_conv.h:506:24: error: ‘__outbuf’ was not declared in this scope
      char* __outnext = __outbuf;
                        ^~~~~~~~
/cvmfs/juno.ihep.ac.cn/centos7_amd64_gcc830/contrib/gcc/8.3.0/include/c++/8.3.0/bits/locale_conv.h:506:24: note: suggested alternative: ‘_M_buf’
      char* __outnext = __outbuf;
                        ^~~~~~~~
                        _M_buf
/cvmfs/juno.ihep.ac.cn/centos7_amd64_gcc830/contrib/gcc/8.3.0/include/c++/8.3.0/bits/locale_conv.h:513:30: error: ‘__pending’ was not declared in this scope
        return _M_put(__next, __pending);
                              ^~~~~~~~~
In file included from /cvmfs/juno.ihep.ac.cn/centos7_amd64_gcc830/Pre-Release/J20v1r0-Pre2/ExternalLibs/ROOT/6.20.02/include/ROOT/RStringView.hxx:26,
                 from /cvmfs/juno.ihep.ac.cn/centos7_amd64_gcc830/Pre-Release/J20v1r0-Pre2/ExternalLibs/ROOT/6.20.02/include/TString.h:28,
                 from /cvmfs/juno.ihep.ac.cn/centos7_amd64_gcc830/Pre-Release/J20v1r0-Pre2/ExternalLibs/ROOT/6.20.02/include/TNamed.h:26,
                 from /cvmfs/juno.ihep.ac.cn/centos7_amd64_gcc830/Pre-Release/J20v1r0-Pre2/ExternalLibs/ROOT/6.20.02/include/TDictionary.h:44,
                 from /cvmfs/juno.ihep.ac.cn/centos7_amd64_gcc830/Pre-Release/J20v1r0-Pre2/ExternalLibs/ROOT/6.20.02/include/TDataType.h:25,
                 from /cvmfs/juno.ihep.ac.cn/centos7_amd64_gcc830/Pre-Release/J20v1r0-Pre2/ExternalLibs/ROOT/6.20.02/include/TBuffer.h:24,
                 from /cvmfs/juno.ihep.ac.cn/centos7_amd64_gcc830/Pre-Release/J20v1r0-Pre2/ExternalLibs/ROOT/6.20.02/include/TDirectory.h:24,
                 from /cvmfs/juno.ihep.ac.cn/centos7_amd64_gcc830/Pre-Release/J20v1r0-Pre2/ExternalLibs/ROOT/6.20.02/include/TDirectoryFile.h:25,
                 from /cvmfs/juno.ihep.ac.cn/centos7_amd64_gcc830/Pre-Release/J20v1r0-Pre2/ExternalLibs/ROOT/6.20.02/include/TFile.h:27,
                 from /dybfs/users/xuhangkun/SimTAO/analysis/calibrate/include/RunData.h:44,
                 from /dybfs/users/xuhangkun/SimTAO/analysis/calibrate/include/TAORunData.h:44,
                 from /dybfs/users/xuhangkun/SimTAO/analysis/calibrate/src/NonLinearCalibration.cpp:2:
/cvmfs/juno.ihep.ac.cn/centos7_amd64_gcc830/Pre-Release/J20v1r0-Pre2/ExternalLibs/ROOT/6.20.02/include/ROOT/RWrap_libcpp_string_view.h: In function ‘_OutputIterator std::__ROOT::__pad_and_output(_OutputIterator, const _CharT*, const _CharT*, const _CharT*, std::ios_base&, _CharT)’:
/cvmfs/juno.ihep.ac.cn/centos7_amd64_gcc830/Pre-Release/J20v1r0-Pre2/ExternalLibs/ROOT/6.20.02/include/ROOT/RWrap_libcpp_string_view.h:147:8: error: ‘streamsize’ was not declared in this scope
        streamsize __sz = __oe - __ob;
        ^~~~~~~~~~
/cvmfs/juno.ihep.ac.cn/centos7_amd64_gcc830/Pre-Release/J20v1r0-Pre2/ExternalLibs/ROOT/6.20.02/include/ROOT/RWrap_libcpp_string_view.h:147:8: note: suggested alternative: ‘streambuf’
        streamsize __sz = __oe - __ob;
        ^~~~~~~~~~
        streambuf
/cvmfs/juno.ihep.ac.cn/centos7_amd64_gcc830/Pre-Release/J20v1r0-Pre2/ExternalLibs/ROOT/6.20.02/include/ROOT/RWrap_libcpp_string_view.h:148:18: error: expected ‘;’ before ‘__ns’
        streamsize __ns = __iob.width();
                  ^~~~~
                  ;
/cvmfs/juno.ihep.ac.cn/centos7_amd64_gcc830/Pre-Release/J20v1r0-Pre2/ExternalLibs/ROOT/6.20.02/include/ROOT/RWrap_libcpp_string_view.h:149:12: error: ‘__ns’ was not declared in this scope
        if (__ns > __sz)
            ^~~~
/cvmfs/juno.ihep.ac.cn/centos7_amd64_gcc830/Pre-Release/J20v1r0-Pre2/ExternalLibs/ROOT/6.20.02/include/ROOT/RWrap_libcpp_string_view.h:149:12: note: suggested alternative: ‘__s’
        if (__ns > __sz)
            ^~~~
            __s
/cvmfs/juno.ihep.ac.cn/centos7_amd64_gcc830/Pre-Release/J20v1r0-Pre2/ExternalLibs/ROOT/6.20.02/include/ROOT/RWrap_libcpp_string_view.h:149:19: error: ‘__sz’ was not declared in this scope
        if (__ns > __sz)
                   ^~~~
/cvmfs/juno.ihep.ac.cn/centos7_amd64_gcc830/Pre-Release/J20v1r0-Pre2/ExternalLibs/ROOT/6.20.02/include/ROOT/RWrap_libcpp_string_view.h:149:19: note: suggested alternative: ‘__s’
        if (__ns > __sz)
                   ^~~~
                   __s
/cvmfs/juno.ihep.ac.cn/centos7_amd64_gcc830/Pre-Release/J20v1r0-Pre2/ExternalLibs/ROOT/6.20.02/include/ROOT/RWrap_libcpp_string_view.h:155:15: error: ‘__ns’ was not declared in this scope
        for (; __ns; --__ns, ++__s)
               ^~~~
/cvmfs/juno.ihep.ac.cn/centos7_amd64_gcc830/Pre-Release/J20v1r0-Pre2/ExternalLibs/ROOT/6.20.02/include/ROOT/RWrap_libcpp_string_view.h:155:15: note: suggested alternative: ‘__s’
        for (; __ns; --__ns, ++__s)
               ^~~~
               __s
/cvmfs/juno.ihep.ac.cn/centos7_amd64_gcc830/Pre-Release/J20v1r0-Pre2/ExternalLibs/ROOT/6.20.02/include/ROOT/RWrap_libcpp_string_view.h:159:14: error: ‘class std::ios_base’ has no member named ‘width’
        __iob.width(0);
              ^~~~~
In file included from /cvmfs/juno.ihep.ac.cn/centos7_amd64_gcc830/Pre-Release/J20v1r0-Pre2/ExternalLibs/ROOT/6.20.02/include/TString.h:28,
                 from /cvmfs/juno.ihep.ac.cn/centos7_amd64_gcc830/Pre-Release/J20v1r0-Pre2/ExternalLibs/ROOT/6.20.02/include/TNamed.h:26,
                 from /cvmfs/juno.ihep.ac.cn/centos7_amd64_gcc830/Pre-Release/J20v1r0-Pre2/ExternalLibs/ROOT/6.20.02/include/TDictionary.h:44,
                 from /cvmfs/juno.ihep.ac.cn/centos7_amd64_gcc830/Pre-Release/J20v1r0-Pre2/ExternalLibs/ROOT/6.20.02/include/TDataType.h:25,
                 from /cvmfs/juno.ihep.ac.cn/centos7_amd64_gcc830/Pre-Release/J20v1r0-Pre2/ExternalLibs/ROOT/6.20.02/include/TBuffer.h:24,
                 from /cvmfs/juno.ihep.ac.cn/centos7_amd64_gcc830/Pre-Release/J20v1r0-Pre2/ExternalLibs/ROOT/6.20.02/include/TDirectory.h:24,
                 from /cvmfs/juno.ihep.ac.cn/centos7_amd64_gcc830/Pre-Release/J20v1r0-Pre2/ExternalLibs/ROOT/6.20.02/include/TDirectoryFile.h:25,
                 from /cvmfs/juno.ihep.ac.cn/centos7_amd64_gcc830/Pre-Release/J20v1r0-Pre2/ExternalLibs/ROOT/6.20.02/include/TFile.h:27,
                 from /dybfs/users/xuhangkun/SimTAO/analysis/calibrate/include/RunData.h:44,
                 from /dybfs/users/xuhangkun/SimTAO/analysis/calibrate/include/TAORunData.h:44,
                 from /dybfs/users/xuhangkun/SimTAO/analysis/calibrate/src/NonLinearCalibration.cpp:2:
/cvmfs/juno.ihep.ac.cn/centos7_amd64_gcc830/Pre-Release/J20v1r0-Pre2/ExternalLibs/ROOT/6.20.02/include/ROOT/RStringView.hxx: In function ‘double std::stod(std::string_view, size_t*)’:
/cvmfs/juno.ihep.ac.cn/centos7_amd64_gcc830/Pre-Release/J20v1r0-Pre2/ExternalLibs/ROOT/6.20.02/include/ROOT/RStringView.hxx:50:58: error: no matching function for call to ‘std::__cxx11::basic_string<char>::basic_string(std::experimental::__ROOT::basic_string_view<char>::const_pointer, std::experimental::__ROOT::basic_string_view<char>::size_type)’
       return std::stod(std::string(str.data(), str.size()),pos);
                                                          ^
In file included from /cvmfs/juno.ihep.ac.cn/centos7_amd64_gcc830/contrib/gcc/8.3.0/include/c++/8.3.0/string:52,
                 from /dybfs/users/xuhangkun/SimTAO/analysis/calibrate/include/RunData.h:43,
                 from /dybfs/users/xuhangkun/SimTAO/analysis/calibrate/include/TAORunData.h:44,
                 from /dybfs/users/xuhangkun/SimTAO/analysis/calibrate/src/NonLinearCalibration.cpp:2:
/cvmfs/juno.ihep.ac.cn/centos7_amd64_gcc830/contrib/gcc/8.3.0/include/c++/8.3.0/bits/basic_string.h:614:9: note: candidate: ‘template<class _InputIterator, class> std::__cxx11::basic_string<_CharT, _Traits, _Alloc>::basic_string(_InputIterator, _InputIterator, const _Alloc&)’
         basic_string(_InputIterator __beg, _InputIterator __end,
         ^~~~~~~~~~~~
/cvmfs/juno.ihep.ac.cn/centos7_amd64_gcc830/contrib/gcc/8.3.0/include/c++/8.3.0/bits/basic_string.h:614:9: note:   template argument deduction/substitution failed:
In file included from /cvmfs/juno.ihep.ac.cn/centos7_amd64_gcc830/Pre-Release/J20v1r0-Pre2/ExternalLibs/ROOT/6.20.02/include/TString.h:28,
                 from /cvmfs/juno.ihep.ac.cn/centos7_amd64_gcc830/Pre-Release/J20v1r0-Pre2/ExternalLibs/ROOT/6.20.02/include/TNamed.h:26,
                 from /cvmfs/juno.ihep.ac.cn/centos7_amd64_gcc830/Pre-Release/J20v1r0-Pre2/ExternalLibs/ROOT/6.20.02/include/TDictionary.h:44,
                 from /cvmfs/juno.ihep.ac.cn/centos7_amd64_gcc830/Pre-Release/J20v1r0-Pre2/ExternalLibs/ROOT/6.20.02/include/TDataType.h:25,
                 from /cvmfs/juno.ihep.ac.cn/centos7_amd64_gcc830/Pre-Release/J20v1r0-Pre2/ExternalLibs/ROOT/6.20.02/include/TBuffer.h:24,
                 from /cvmfs/juno.ihep.ac.cn/centos7_amd64_gcc830/Pre-Release/J20v1r0-Pre2/ExternalLibs/ROOT/6.20.02/include/TDirectory.h:24,
                 from /cvmfs/juno.ihep.ac.cn/centos7_amd64_gcc830/Pre-Release/J20v1r0-Pre2/ExternalLibs/ROOT/6.20.02/include/TDirectoryFile.h:25,
                 from /cvmfs/juno.ihep.ac.cn/centos7_amd64_gcc830/Pre-Release/J20v1r0-Pre2/ExternalLibs/ROOT/6.20.02/include/TFile.h:27,
                 from /dybfs/users/xuhangkun/SimTAO/analysis/calibrate/include/RunData.h:44,
                 from /dybfs/users/xuhangkun/SimTAO/analysis/calibrate/include/TAORunData.h:44,
                 from /dybfs/users/xuhangkun/SimTAO/analysis/calibrate/src/NonLinearCalibration.cpp:2:
/cvmfs/juno.ihep.ac.cn/centos7_amd64_gcc830/Pre-Release/J20v1r0-Pre2/ExternalLibs/ROOT/6.20.02/include/ROOT/RStringView.hxx:50:58: note:   deduced conflicting types for parameter ‘_InputIterator’ (‘const char*’ and ‘long unsigned int’)
       return std::stod(std::string(str.data(), str.size()),pos);
                                                          ^
In file included from /cvmfs/juno.ihep.ac.cn/centos7_amd64_gcc830/contrib/gcc/8.3.0/include/c++/8.3.0/string:52,
                 from /dybfs/users/xuhangkun/SimTAO/analysis/calibrate/include/RunData.h:43,
                 from /dybfs/users/xuhangkun/SimTAO/analysis/calibrate/include/TAORunData.h:44,
                 from /dybfs/users/xuhangkun/SimTAO/analysis/calibrate/src/NonLinearCalibration.cpp:2:
/cvmfs/juno.ihep.ac.cn/centos7_amd64_gcc830/contrib/gcc/8.3.0/include/c++/8.3.0/bits/basic_string.h:576:7: note: candidate: ‘std::__cxx11::basic_string<_CharT, _Traits, _Alloc>::basic_string(std::__cxx11::basic_string<_CharT, _Traits, _Alloc>&&, const _Alloc&) [with _CharT = char; _Traits = std::char_traits<char>; _Alloc = std::allocator<char>]’
       basic_string(basic_string&& __str, const _Alloc& __a)
       ^~~~~~~~~~~~
/cvmfs/juno.ihep.ac.cn/centos7_amd64_gcc830/contrib/gcc/8.3.0/include/c++/8.3.0/bits/basic_string.h:576:7: note:   no known conversion for argument 2 from ‘std::experimental::__ROOT::basic_string_view<char>::size_type’ {aka ‘long unsigned int’} to ‘const std::allocator<char>&’
/cvmfs/juno.ihep.ac.cn/centos7_amd64_gcc830/contrib/gcc/8.3.0/include/c++/8.3.0/bits/basic_string.h:572:7: note: candidate: ‘std::__cxx11::basic_string<_CharT, _Traits, _Alloc>::basic_string(const std::__cxx11::basic_string<_CharT, _Traits, _Alloc>&, const _Alloc&) [with _CharT = char; _Traits = std::char_traits<char>; _Alloc = std::allocator<char>]’
       basic_string(const basic_string& __str, const _Alloc& __a)
       ^~~~~~~~~~~~
/cvmfs/juno.ihep.ac.cn/centos7_amd64_gcc830/contrib/gcc/8.3.0/include/c++/8.3.0/bits/basic_string.h:572:7: note:   no known conversion for argument 2 from ‘std::experimental::__ROOT::basic_string_view<char>::size_type’ {aka ‘long unsigned int’} to ‘const std::allocator<char>&’
/cvmfs/juno.ihep.ac.cn/centos7_amd64_gcc830/contrib/gcc/8.3.0/include/c++/8.3.0/bits/basic_string.h:568:7: note: candidate: ‘std::__cxx11::basic_string<_CharT, _Traits, _Alloc>::basic_string(std::initializer_list<_Tp>, const _Alloc&) [with _CharT = char; _Traits = std::char_traits<char>; _Alloc = std::allocator<char>]’
       basic_string(initializer_list<_CharT> __l, const _Alloc& __a = _Alloc())
       ^~~~~~~~~~~~
/cvmfs/juno.ihep.ac.cn/centos7_amd64_gcc830/contrib/gcc/8.3.0/include/c++/8.3.0/bits/basic_string.h:568:7: note:   no known conversion for argument 1 from ‘std::experimental::__ROOT::basic_string_view<char>::const_pointer’ {aka ‘const char*’} to ‘std::initializer_list<char>’
/cvmfs/juno.ihep.ac.cn/centos7_amd64_gcc830/contrib/gcc/8.3.0/include/c++/8.3.0/bits/basic_string.h:541:7: note: candidate: ‘std::__cxx11::basic_string<_CharT, _Traits, _Alloc>::basic_string(std::__cxx11::basic_string<_CharT, _Traits, _Alloc>&&) [with _CharT = char; _Traits = std::char_traits<char>; _Alloc = std::allocator<char>]’
       basic_string(basic_string&& __str) noexcept
       ^~~~~~~~~~~~
/cvmfs/juno.ihep.ac.cn/centos7_amd64_gcc830/contrib/gcc/8.3.0/include/c++/8.3.0/bits/basic_string.h:541:7: note:   candidate expects 1 argument, 2 provided
/cvmfs/juno.ihep.ac.cn/centos7_amd64_gcc830/contrib/gcc/8.3.0/include/c++/8.3.0/bits/basic_string.h:514:7: note: candidate: ‘std::__cxx11::basic_string<_CharT, _Traits, _Alloc>::basic_string(const _CharT*, const _Alloc&) [with _CharT = char; _Traits = std::char_traits<char>; _Alloc = std::allocator<char>]’
       basic_string(const _CharT* __s, const _Alloc& __a = _Alloc())
       ^~~~~~~~~~~~
/cvmfs/juno.ihep.ac.cn/centos7_amd64_gcc830/contrib/gcc/8.3.0/include/c++/8.3.0/bits/basic_string.h:514:7: note:   no known conversion for argument 2 from ‘std::experimental::__ROOT::basic_string_view<char>::size_type’ {aka ‘long unsigned int’} to ‘const std::allocator<char>&’
/cvmfs/juno.ihep.ac.cn/centos7_amd64_gcc830/contrib/gcc/8.3.0/include/c++/8.3.0/bits/basic_string.h:437:7: note: candidate: ‘std::__cxx11::basic_string<_CharT, _Traits, _Alloc>::basic_string(const std::__cxx11::basic_string<_CharT, _Traits, _Alloc>&) [with _CharT = char; _Traits = std::char_traits<char>; _Alloc = std::allocator<char>]’
       basic_string(const basic_string& __str)
       ^~~~~~~~~~~~
/cvmfs/juno.ihep.ac.cn/centos7_amd64_gcc830/contrib/gcc/8.3.0/include/c++/8.3.0/bits/basic_string.h:437:7: note:   candidate expects 1 argument, 2 provided
/cvmfs/juno.ihep.ac.cn/centos7_amd64_gcc830/contrib/gcc/8.3.0/include/c++/8.3.0/bits/basic_string.h:429:7: note: candidate: ‘std::__cxx11::basic_string<_CharT, _Traits, _Alloc>::basic_string(const _Alloc&) [with _CharT = char; _Traits = std::char_traits<char>; _Alloc = std::allocator<char>]’
       basic_string(const _Alloc& __a) _GLIBCXX_NOEXCEPT
       ^~~~~~~~~~~~
/cvmfs/juno.ihep.ac.cn/centos7_amd64_gcc830/contrib/gcc/8.3.0/include/c++/8.3.0/bits/basic_string.h:429:7: note:   candidate expects 1 argument, 2 provided
/cvmfs/juno.ihep.ac.cn/centos7_amd64_gcc830/contrib/gcc/8.3.0/include/c++/8.3.0/bits/basic_string.h:420:7: note: candidate: ‘std::__cxx11::basic_string<_CharT, _Traits, _Alloc>::basic_string() [with _CharT = char; _Traits = std::char_traits<char>; _Alloc = std::allocator<char>]’
       basic_string()
       ^~~~~~~~~~~~
/cvmfs/juno.ihep.ac.cn/centos7_amd64_gcc830/contrib/gcc/8.3.0/include/c++/8.3.0/bits/basic_string.h:420:7: note:   candidate expects 0 arguments, 2 provided
In file included from /cvmfs/juno.ihep.ac.cn/centos7_amd64_gcc830/Pre-Release/J20v1r0-Pre2/ExternalLibs/ROOT/6.20.02/include/TString.h:28,
                 from /cvmfs/juno.ihep.ac.cn/centos7_amd64_gcc830/Pre-Release/J20v1r0-Pre2/ExternalLibs/ROOT/6.20.02/include/TNamed.h:26,
                 from /cvmfs/juno.ihep.ac.cn/centos7_amd64_gcc830/Pre-Release/J20v1r0-Pre2/ExternalLibs/ROOT/6.20.02/include/TDictionary.h:44,
                 from /cvmfs/juno.ihep.ac.cn/centos7_amd64_gcc830/Pre-Release/J20v1r0-Pre2/ExternalLibs/ROOT/6.20.02/include/TDataType.h:25,
                 from /cvmfs/juno.ihep.ac.cn/centos7_amd64_gcc830/Pre-Release/J20v1r0-Pre2/ExternalLibs/ROOT/6.20.02/include/TBuffer.h:24,
                 from /cvmfs/juno.ihep.ac.cn/centos7_amd64_gcc830/Pre-Release/J20v1r0-Pre2/ExternalLibs/ROOT/6.20.02/include/TDirectory.h:24,
                 from /cvmfs/juno.ihep.ac.cn/centos7_amd64_gcc830/Pre-Release/J20v1r0-Pre2/ExternalLibs/ROOT/6.20.02/include/TDirectoryFile.h:25,
                 from /cvmfs/juno.ihep.ac.cn/centos7_amd64_gcc830/Pre-Release/J20v1r0-Pre2/ExternalLibs/ROOT/6.20.02/include/TFile.h:27,
                 from /dybfs/users/xuhangkun/SimTAO/analysis/calibrate/include/RunData.h:44,
                 from /dybfs/users/xuhangkun/SimTAO/analysis/calibrate/include/TAORunData.h:44,
                 from /dybfs/users/xuhangkun/SimTAO/analysis/calibrate/src/NonLinearCalibration.cpp:2:
/cvmfs/juno.ihep.ac.cn/centos7_amd64_gcc830/Pre-Release/J20v1r0-Pre2/ExternalLibs/ROOT/6.20.02/include/ROOT/RStringView.hxx: In function ‘std::__cxx11::string& std::__ROOT::operator+=(std::__cxx11::string&, std::string_view)’:
/cvmfs/juno.ihep.ac.cn/centos7_amd64_gcc830/Pre-Release/J20v1r0-Pre2/ExternalLibs/ROOT/6.20.02/include/ROOT/RStringView.hxx:67:49: error: no matching function for call to ‘std::__cxx11::basic_string<char>::append(std::experimental::__ROOT::basic_string_view<char>::const_pointer, std::experimental::__ROOT::basic_string_view<char>::size_type)’
    return left.append(right.data(), right.size());
                                                 ^
In file included from /cvmfs/juno.ihep.ac.cn/centos7_amd64_gcc830/contrib/gcc/8.3.0/include/c++/8.3.0/string:52,
                 from /dybfs/users/xuhangkun/SimTAO/analysis/calibrate/include/RunData.h:43,
                 from /dybfs/users/xuhangkun/SimTAO/analysis/calibrate/include/TAORunData.h:44,
                 from /dybfs/users/xuhangkun/SimTAO/analysis/calibrate/src/NonLinearCalibration.cpp:2:
/cvmfs/juno.ihep.ac.cn/centos7_amd64_gcc830/contrib/gcc/8.3.0/include/c++/8.3.0/bits/basic_string.h:1221:7: note: candidate: ‘std::__cxx11::basic_string<_CharT, _Traits, _Alloc>& std::__cxx11::basic_string<_CharT, _Traits, _Alloc>::append(const std::__cxx11::basic_string<_CharT, _Traits, _Alloc>&) [with _CharT = char; _Traits = std::char_traits<char>; _Alloc = std::allocator<char>]’
       append(const basic_string& __str)
       ^~~~~~
/cvmfs/juno.ihep.ac.cn/centos7_amd64_gcc830/contrib/gcc/8.3.0/include/c++/8.3.0/bits/basic_string.h:1221:7: note:   candidate expects 1 argument, 2 provided
/cvmfs/juno.ihep.ac.cn/centos7_amd64_gcc830/contrib/gcc/8.3.0/include/c++/8.3.0/bits/basic_string.h:1263:7: note: candidate: ‘std::__cxx11::basic_string<_CharT, _Traits, _Alloc>& std::__cxx11::basic_string<_CharT, _Traits, _Alloc>::append(const _CharT*) [with _CharT = char; _Traits = std::char_traits<char>; _Alloc = std::allocator<char>]’
       append(const _CharT* __s)
       ^~~~~~
/cvmfs/juno.ihep.ac.cn/centos7_amd64_gcc830/contrib/gcc/8.3.0/include/c++/8.3.0/bits/basic_string.h:1263:7: note:   candidate expects 1 argument, 2 provided
/cvmfs/juno.ihep.ac.cn/centos7_amd64_gcc830/contrib/gcc/8.3.0/include/c++/8.3.0/bits/basic_string.h:1290:7: note: candidate: ‘std::__cxx11::basic_string<_CharT, _Traits, _Alloc>& std::__cxx11::basic_string<_CharT, _Traits, _Alloc>::append(std::initializer_list<_Tp>) [with _CharT = char; _Traits = std::char_traits<char>; _Alloc = std::allocator<char>]’
       append(initializer_list<_CharT> __l)
       ^~~~~~
/cvmfs/juno.ihep.ac.cn/centos7_amd64_gcc830/contrib/gcc/8.3.0/include/c++/8.3.0/bits/basic_string.h:1290:7: note:   candidate expects 1 argument, 2 provided
/cvmfs/juno.ihep.ac.cn/centos7_amd64_gcc830/contrib/gcc/8.3.0/include/c++/8.3.0/bits/basic_string.h:1309:9: note: candidate: ‘template<class _InputIterator, class> std::__cxx11::basic_string<_CharT, _Traits, _Alloc>& std::__cxx11::basic_string<_CharT, _Traits, _Alloc>::append(_InputIterator, _InputIterator) [with _InputIterator = _InputIterator; <template-parameter-2-2> = <template-parameter-1-2>; _CharT = char; _Traits = std::char_traits<char>; _Alloc = std::allocator<char>]’
         append(_InputIterator __first, _InputIterator __last)
         ^~~~~~
/cvmfs/juno.ihep.ac.cn/centos7_amd64_gcc830/contrib/gcc/8.3.0/include/c++/8.3.0/bits/basic_string.h:1309:9: note:   template argument deduction/substitution failed:
In file included from /cvmfs/juno.ihep.ac.cn/centos7_amd64_gcc830/Pre-Release/J20v1r0-Pre2/ExternalLibs/ROOT/6.20.02/include/TString.h:28,
                 from /cvmfs/juno.ihep.ac.cn/centos7_amd64_gcc830/Pre-Release/J20v1r0-Pre2/ExternalLibs/ROOT/6.20.02/include/TNamed.h:26,
                 from /cvmfs/juno.ihep.ac.cn/centos7_amd64_gcc830/Pre-Release/J20v1r0-Pre2/ExternalLibs/ROOT/6.20.02/include/TDictionary.h:44,
                 from /cvmfs/juno.ihep.ac.cn/centos7_amd64_gcc830/Pre-Release/J20v1r0-Pre2/ExternalLibs/ROOT/6.20.02/include/TDataType.h:25,
                 from /cvmfs/juno.ihep.ac.cn/centos7_amd64_gcc830/Pre-Release/J20v1r0-Pre2/ExternalLibs/ROOT/6.20.02/include/TBuffer.h:24,
                 from /cvmfs/juno.ihep.ac.cn/centos7_amd64_gcc830/Pre-Release/J20v1r0-Pre2/ExternalLibs/ROOT/6.20.02/include/TDirectory.h:24,
                 from /cvmfs/juno.ihep.ac.cn/centos7_amd64_gcc830/Pre-Release/J20v1r0-Pre2/ExternalLibs/ROOT/6.20.02/include/TDirectoryFile.h:25,
                 from /cvmfs/juno.ihep.ac.cn/centos7_amd64_gcc830/Pre-Release/J20v1r0-Pre2/ExternalLibs/ROOT/6.20.02/include/TFile.h:27,
                 from /dybfs/users/xuhangkun/SimTAO/analysis/calibrate/include/RunData.h:44,
                 from /dybfs/users/xuhangkun/SimTAO/analysis/calibrate/include/TAORunData.h:44,
                 from /dybfs/users/xuhangkun/SimTAO/analysis/calibrate/src/NonLinearCalibration.cpp:2:
/cvmfs/juno.ihep.ac.cn/centos7_amd64_gcc830/Pre-Release/J20v1r0-Pre2/ExternalLibs/ROOT/6.20.02/include/ROOT/RStringView.hxx:67:49: note:   deduced conflicting types for parameter ‘_InputIterator’ (‘const char*’ and ‘long unsigned int’)
    return left.append(right.data(), right.size());
                                                 ^
In file included from /cvmfs/juno.ihep.ac.cn/centos7_amd64_gcc830/contrib/gcc/8.3.0/include/c++/8.3.0/bits/shared_ptr_base.h:53,
                 from /cvmfs/juno.ihep.ac.cn/centos7_amd64_gcc830/contrib/gcc/8.3.0/include/c++/8.3.0/bits/shared_ptr.h:52,
                 from /cvmfs/juno.ihep.ac.cn/centos7_amd64_gcc830/contrib/gcc/8.3.0/include/c++/8.3.0/memory:81,
                 from /cvmfs/juno.ihep.ac.cn/centos7_amd64_gcc830/Pre-Release/J20v1r0-Pre2/ExternalLibs/ROOT/6.20.02/include/ROOT/TypeTraits.hxx:15,
                 from /cvmfs/juno.ihep.ac.cn/centos7_amd64_gcc830/Pre-Release/J20v1r0-Pre2/ExternalLibs/ROOT/6.20.02/include/TString.h:29,
                 from /cvmfs/juno.ihep.ac.cn/centos7_amd64_gcc830/Pre-Release/J20v1r0-Pre2/ExternalLibs/ROOT/6.20.02/include/TNamed.h:26,
                 from /cvmfs/juno.ihep.ac.cn/centos7_amd64_gcc830/Pre-Release/J20v1r0-Pre2/ExternalLibs/ROOT/6.20.02/include/TDictionary.h:44,
                 from /cvmfs/juno.ihep.ac.cn/centos7_amd64_gcc830/Pre-Release/J20v1r0-Pre2/ExternalLibs/ROOT/6.20.02/include/TDataType.h:25,
                 from /cvmfs/juno.ihep.ac.cn/centos7_amd64_gcc830/Pre-Release/J20v1r0-Pre2/ExternalLibs/ROOT/6.20.02/include/TBuffer.h:24,
                 from /cvmfs/juno.ihep.ac.cn/centos7_amd64_gcc830/Pre-Release/J20v1r0-Pre2/ExternalLibs/ROOT/6.20.02/include/TDirectory.h:24,
                 from /cvmfs/juno.ihep.ac.cn/centos7_amd64_gcc830/Pre-Release/J20v1r0-Pre2/ExternalLibs/ROOT/6.20.02/include/TDirectoryFile.h:25,
                 from /cvmfs/juno.ihep.ac.cn/centos7_amd64_gcc830/Pre-Release/J20v1r0-Pre2/ExternalLibs/ROOT/6.20.02/include/TFile.h:27,
                 from /dybfs/users/xuhangkun/SimTAO/analysis/calibrate/include/RunData.h:44,
                 from /dybfs/users/xuhangkun/SimTAO/analysis/calibrate/include/TAORunData.h:44,
                 from /dybfs/users/xuhangkun/SimTAO/analysis/calibrate/src/NonLinearCalibration.cpp:2:
/cvmfs/juno.ihep.ac.cn/centos7_amd64_gcc830/contrib/gcc/8.3.0/include/c++/8.3.0/bits/allocated_ptr.h: At global scope:
/cvmfs/juno.ihep.ac.cn/centos7_amd64_gcc830/contrib/gcc/8.3.0/include/c++/8.3.0/bits/allocated_ptr.h:78:31: error: declaration of ‘operator=’ as non-function
       operator=(std::nullptr_t) noexcept
                               ^
/cvmfs/juno.ihep.ac.cn/centos7_amd64_gcc830/contrib/gcc/8.3.0/include/c++/8.3.0/bits/allocated_ptr.h:78:15: error: expected ‘;’ at end of member declaration
       operator=(std::nullptr_t) noexcept
               ^
                ;
/cvmfs/juno.ihep.ac.cn/centos7_amd64_gcc830/contrib/gcc/8.3.0/include/c++/8.3.0/bits/allocated_ptr.h:78:31: error: invalid use of ‘::’
       operator=(std::nullptr_t) noexcept
                               ^
/cvmfs/juno.ihep.ac.cn/centos7_amd64_gcc830/contrib/gcc/8.3.0/include/c++/8.3.0/bits/allocated_ptr.h:78:31: error: expected ‘;’ at end of member declaration
       operator=(std::nullptr_t) noexcept
                               ^
                                ;
/cvmfs/juno.ihep.ac.cn/centos7_amd64_gcc830/contrib/gcc/8.3.0/include/c++/8.3.0/bits/allocated_ptr.h:78:33: error: expected unqualified-id before ‘noexcept’
       operator=(std::nullptr_t) noexcept
                                 ^~~~~~~~
In file included from /cvmfs/juno.ihep.ac.cn/centos7_amd64_gcc830/contrib/gcc/8.3.0/include/c++/8.3.0/bits/shared_ptr_base.h:56,
                 from /cvmfs/juno.ihep.ac.cn/centos7_amd64_gcc830/contrib/gcc/8.3.0/include/c++/8.3.0/bits/shared_ptr.h:52,
                 from /cvmfs/juno.ihep.ac.cn/centos7_amd64_gcc830/contrib/gcc/8.3.0/include/c++/8.3.0/memory:81,
                 from /cvmfs/juno.ihep.ac.cn/centos7_amd64_gcc830/Pre-Release/J20v1r0-Pre2/ExternalLibs/ROOT/6.20.02/include/ROOT/TypeTraits.hxx:15,
                 from /cvmfs/juno.ihep.ac.cn/centos7_amd64_gcc830/Pre-Release/J20v1r0-Pre2/ExternalLibs/ROOT/6.20.02/include/TString.h:29,
                 from /cvmfs/juno.ihep.ac.cn/centos7_amd64_gcc830/Pre-Release/J20v1r0-Pre2/ExternalLibs/ROOT/6.20.02/include/TNamed.h:26,
                 from /cvmfs/juno.ihep.ac.cn/centos7_amd64_gcc830/Pre-Release/J20v1r0-Pre2/ExternalLibs/ROOT/6.20.02/include/TDictionary.h:44,
                 from /cvmfs/juno.ihep.ac.cn/centos7_amd64_gcc830/Pre-Release/J20v1r0-Pre2/ExternalLibs/ROOT/6.20.02/include/TDataType.h:25,
                 from /cvmfs/juno.ihep.ac.cn/centos7_amd64_gcc830/Pre-Release/J20v1r0-Pre2/ExternalLibs/ROOT/6.20.02/include/TBuffer.h:24,
                 from /cvmfs/juno.ihep.ac.cn/centos7_amd64_gcc830/Pre-Release/J20v1r0-Pre2/ExternalLibs/ROOT/6.20.02/include/TDirectory.h:24,
                 from /cvmfs/juno.ihep.ac.cn/centos7_amd64_gcc830/Pre-Release/J20v1r0-Pre2/ExternalLibs/ROOT/6.20.02/include/TDirectoryFile.h:25,
                 from /cvmfs/juno.ihep.ac.cn/centos7_amd64_gcc830/Pre-Release/J20v1r0-Pre2/ExternalLibs/ROOT/6.20.02/include/TFile.h:27,
                 from /dybfs/users/xuhangkun/SimTAO/analysis/calibrate/include/RunData.h:44,
                 from /dybfs/users/xuhangkun/SimTAO/analysis/calibrate/include/TAORunData.h:44,
                 from /dybfs/users/xuhangkun/SimTAO/analysis/calibrate/src/NonLinearCalibration.cpp:2:
/cvmfs/juno.ihep.ac.cn/centos7_amd64_gcc830/contrib/gcc/8.3.0/include/c++/8.3.0/ext/aligned_buffer.h:61:42: error: invalid use of ‘::’
       __aligned_membuf(std::nullptr_t) { }
                                          ^
/cvmfs/juno.ihep.ac.cn/centos7_amd64_gcc830/contrib/gcc/8.3.0/include/c++/8.3.0/ext/aligned_buffer.h:61:42: error: expected ‘;’ at end of member declaration
       __aligned_membuf(std::nullptr_t) { }
                                          ^
                                           ;
/cvmfs/juno.ihep.ac.cn/centos7_amd64_gcc830/contrib/gcc/8.3.0/include/c++/8.3.0/ext/aligned_buffer.h:99:42: error: invalid use of ‘::’
       __aligned_buffer(std::nullptr_t) { }
                                          ^
/cvmfs/juno.ihep.ac.cn/centos7_amd64_gcc830/contrib/gcc/8.3.0/include/c++/8.3.0/ext/aligned_buffer.h:99:42: error: expected ‘;’ at end of member declaration
       __aligned_buffer(std::nullptr_t) { }
                                          ^
                                           ;
In file included from /cvmfs/juno.ihep.ac.cn/centos7_amd64_gcc830/Pre-Release/J20v1r0-Pre2/ExternalLibs/ROOT/6.20.02/include/ROOT/RSpan.hxx:33,
                 from /cvmfs/juno.ihep.ac.cn/centos7_amd64_gcc830/Pre-Release/J20v1r0-Pre2/ExternalLibs/ROOT/6.20.02/include/ROOT/TypeTraits.hxx:18,
                 from /cvmfs/juno.ihep.ac.cn/centos7_amd64_gcc830/Pre-Release/J20v1r0-Pre2/ExternalLibs/ROOT/6.20.02/include/TString.h:29,
                 from /cvmfs/juno.ihep.ac.cn/centos7_amd64_gcc830/Pre-Release/J20v1r0-Pre2/ExternalLibs/ROOT/6.20.02/include/TNamed.h:26,
                 from /cvmfs/juno.ihep.ac.cn/centos7_amd64_gcc830/Pre-Release/J20v1r0-Pre2/ExternalLibs/ROOT/6.20.02/include/TDictionary.h:44,
                 from /cvmfs/juno.ihep.ac.cn/centos7_amd64_gcc830/Pre-Release/J20v1r0-Pre2/ExternalLibs/ROOT/6.20.02/include/TDataType.h:25,
                 from /cvmfs/juno.ihep.ac.cn/centos7_amd64_gcc830/Pre-Release/J20v1r0-Pre2/ExternalLibs/ROOT/6.20.02/include/TBuffer.h:24,
                 from /cvmfs/juno.ihep.ac.cn/centos7_amd64_gcc830/Pre-Release/J20v1r0-Pre2/ExternalLibs/ROOT/6.20.02/include/TDirectory.h:24,
                 from /cvmfs/juno.ihep.ac.cn/centos7_amd64_gcc830/Pre-Release/J20v1r0-Pre2/ExternalLibs/ROOT/6.20.02/include/TDirectoryFile.h:25,
                 from /cvmfs/juno.ihep.ac.cn/centos7_amd64_gcc830/Pre-Release/J20v1r0-Pre2/ExternalLibs/ROOT/6.20.02/include/TFile.h:27,
                 from /dybfs/users/xuhangkun/SimTAO/analysis/calibrate/include/RunData.h:44,
                 from /dybfs/users/xuhangkun/SimTAO/analysis/calibrate/include/TAORunData.h:44,
                 from /dybfs/users/xuhangkun/SimTAO/analysis/calibrate/src/NonLinearCalibration.cpp:2:
/cvmfs/juno.ihep.ac.cn/centos7_amd64_gcc830/Pre-Release/J20v1r0-Pre2/ExternalLibs/ROOT/6.20.02/include/ROOT/span.hxx:37:12: error: ‘std::size_t’ has not been declared
 using std::size_t;
            ^~~~~~
/cvmfs/juno.ihep.ac.cn/centos7_amd64_gcc830/Pre-Release/J20v1r0-Pre2/ExternalLibs/ROOT/6.20.02/include/ROOT/span.hxx:45:38: error: template argument 1 is invalid
 struct is_array_class<std::array<T, N>> {
                                      ^~
/cvmfs/juno.ihep.ac.cn/centos7_amd64_gcc830/Pre-Release/J20v1r0-Pre2/ExternalLibs/ROOT/6.20.02/include/ROOT/span.hxx:169:16: error: ‘size_t’ in namespace ‘std’ does not name a type
   typedef std::size_t           index_type;
                ^~~~~~
/cvmfs/juno.ihep.ac.cn/centos7_amd64_gcc830/Pre-Release/J20v1r0-Pre2/ExternalLibs/ROOT/6.20.02/include/ROOT/span.hxx:185:12: error: ‘index_type’ has not been declared
   template<index_type N>
            ^~~~~~~~~~
/cvmfs/juno.ihep.ac.cn/centos7_amd64_gcc830/Pre-Release/J20v1r0-Pre2/ExternalLibs/ROOT/6.20.02/include/ROOT/span.hxx:186:35: error: ‘N’ was not declared in this scope
   /*implicit*/ span(std::array<T, N> & a) noexcept
                                   ^
/cvmfs/juno.ihep.ac.cn/centos7_amd64_gcc830/Pre-Release/J20v1r0-Pre2/ExternalLibs/ROOT/6.20.02/include/ROOT/span.hxx:186:36: error: template argument 2 is invalid
   /*implicit*/ span(std::array<T, N> & a) noexcept
                                    ^
/cvmfs/juno.ihep.ac.cn/centos7_amd64_gcc830/Pre-Release/J20v1r0-Pre2/ExternalLibs/ROOT/6.20.02/include/ROOT/span.hxx:192:12: error: ‘index_type’ has not been declared
   template<index_type N>
            ^~~~~~~~~~
/cvmfs/juno.ihep.ac.cn/centos7_amd64_gcc830/Pre-Release/J20v1r0-Pre2/ExternalLibs/ROOT/6.20.02/include/ROOT/span.hxx:193:28: error: ‘N’ was not declared in this scope
   /*implicit*/ span(T(& a)[N]) noexcept
                            ^
/cvmfs/juno.ihep.ac.cn/centos7_amd64_gcc830/Pre-Release/J20v1r0-Pre2/ExternalLibs/ROOT/6.20.02/include/ROOT/span.hxx:207:42: error: ‘index_type’ has not been declared
   /*implicit*/ constexpr span(pointer a, index_type const n) noexcept
                                          ^~~~~~~~~~
/cvmfs/juno.ihep.ac.cn/centos7_amd64_gcc830/Pre-Release/J20v1r0-Pre2/ExternalLibs/ROOT/6.20.02/include/ROOT/span.hxx:270:13: error: ‘index_type’ does not name a type; did you mean ‘true_type’?
   constexpr index_type size() const noexcept
             ^~~~~~~~~~
             true_type
/cvmfs/juno.ihep.ac.cn/centos7_amd64_gcc830/Pre-Release/J20v1r0-Pre2/ExternalLibs/ROOT/6.20.02/include/ROOT/span.hxx:274:13: error: ‘index_type’ does not name a type; did you mean ‘true_type’?
   constexpr index_type length() const noexcept
             ^~~~~~~~~~
             true_type
/cvmfs/juno.ihep.ac.cn/centos7_amd64_gcc830/Pre-Release/J20v1r0-Pre2/ExternalLibs/ROOT/6.20.02/include/ROOT/span.hxx:278:13: error: ‘index_type’ does not name a type; did you mean ‘true_type’?
   constexpr index_type max_size() const noexcept
             ^~~~~~~~~~
             true_type
/cvmfs/juno.ihep.ac.cn/centos7_amd64_gcc830/Pre-Release/J20v1r0-Pre2/ExternalLibs/ROOT/6.20.02/include/ROOT/span.hxx:286:34: error: ‘index_type’ has not been declared
   constexpr reference operator[](index_type const n) const noexcept
                                  ^~~~~~~~~~
/cvmfs/juno.ihep.ac.cn/centos7_amd64_gcc830/Pre-Release/J20v1r0-Pre2/ExternalLibs/ROOT/6.20.02/include/ROOT/span.hxx:290:26: error: ‘index_type’ has not been declared
   constexpr reference at(index_type const n) const
                          ^~~~~~~~~~
/cvmfs/juno.ihep.ac.cn/centos7_amd64_gcc830/Pre-Release/J20v1r0-Pre2/ExternalLibs/ROOT/6.20.02/include/ROOT/span.hxx:315:42: error: ‘index_type’ has not been declared
   constexpr span<T> slice(check_bound_t, index_type const pos, index_type const slicelen) const
                                          ^~~~~~~~~~
/cvmfs/juno.ihep.ac.cn/centos7_amd64_gcc830/Pre-Release/J20v1r0-Pre2/ExternalLibs/ROOT/6.20.02/include/ROOT/span.hxx:315:64: error: ‘index_type’ has not been declared
   constexpr span<T> slice(check_bound_t, index_type const pos, index_type const slicelen) const
                                                                ^~~~~~~~~~
In file included from /cvmfs/juno.ihep.ac.cn/centos7_amd64_gcc830/Pre-Release/J20v1r0-Pre2/ExternalLibs/ROOT/6.20.02/include/ROOT/RSpan.hxx:33,
                 from /cvmfs/juno.ihep.ac.cn/centos7_amd64_gcc830/Pre-Release/J20v1r0-Pre2/ExternalLibs/ROOT/6.20.02/include/ROOT/TypeTraits.hxx:18,
                 from /cvmfs/juno.ihep.ac.cn/centos7_amd64_gcc830/Pre-Release/J20v1r0-Pre2/ExternalLibs/ROOT/6.20.02/include/TString.h:29,
                 from /cvmfs/juno.ihep.ac.cn/centos7_amd64_gcc830/Pre-Release/J20v1r0-Pre2/ExternalLibs/ROOT/6.20.02/include/TNamed.h:26,
                 from /cvmfs/juno.ihep.ac.cn/centos7_amd64_gcc830/Pre-Release/J20v1r0-Pre2/ExternalLibs/ROOT/6.20.02/include/TDictionary.h:44,
                 from /cvmfs/juno.ihep.ac.cn/centos7_amd64_gcc830/Pre-Release/J20v1r0-Pre2/ExternalLibs/ROOT/6.20.02/include/TDataType.h:25,
                 from /cvmfs/juno.ihep.ac.cn/centos7_amd64_gcc830/Pre-Release/J20v1r0-Pre2/ExternalLibs/ROOT/6.20.02/include/TBuffer.h:24,
                 from /cvmfs/juno.ihep.ac.cn/centos7_amd64_gcc830/Pre-Release/J20v1r0-Pre2/ExternalLibs/ROOT/6.20.02/include/TDirectory.h:24,
                 from /cvmfs/juno.ihep.ac.cn/centos7_amd64_gcc830/Pre-Release/J20v1r0-Pre2/ExternalLibs/ROOT/6.20.02/include/TDirectoryFile.h:25,
                 from /cvmfs/juno.ihep.ac.cn/centos7_amd64_gcc830/Pre-Release/J20v1r0-Pre2/ExternalLibs/ROOT/6.20.02/include/TFile.h:27,
                 from /dybfs/users/xuhangkun/SimTAO/analysis/calibrate/include/RunData.h:44,
                 from /dybfs/users/xuhangkun/SimTAO/analysis/calibrate/include/TAORunData.h:44,
                 from /dybfs/users/xuhangkun/SimTAO/analysis/calibrate/src/NonLinearCalibration.cpp:2:
/cvmfs/juno.ihep.ac.cn/centos7_amd64_gcc830/Pre-Release/J20v1r0-Pre2/ExternalLibs/ROOT/6.20.02/include/ROOT/span.hxx:324:49: error: ‘index_type’ has not been declared
   constexpr span<T> slice_before(check_bound_t, index_type const pos) const
                                                 ^~~~~~~~~~
/cvmfs/juno.ihep.ac.cn/centos7_amd64_gcc830/Pre-Release/J20v1r0-Pre2/ExternalLibs/ROOT/6.20.02/include/ROOT/span.hxx:333:48: error: ‘index_type’ has not been declared
   constexpr span<T> slice_after(check_bound_t, index_type const pos) const
                                                ^~~~~~~~~~
/cvmfs/juno.ihep.ac.cn/centos7_amd64_gcc830/Pre-Release/J20v1r0-Pre2/ExternalLibs/ROOT/6.20.02/include/ROOT/span.hxx:344:27: error: ‘index_type’ has not been declared
   constexpr span<T> slice(index_type const pos, index_type const slicelen) const
                           ^~~~~~~~~~
/cvmfs/juno.ihep.ac.cn/centos7_amd64_gcc830/Pre-Release/J20v1r0-Pre2/ExternalLibs/ROOT/6.20.02/include/ROOT/span.hxx:344:49: error: ‘index_type’ has not been declared
   constexpr span<T> slice(index_type const pos, index_type const slicelen) const
                                                 ^~~~~~~~~~
/cvmfs/juno.ihep.ac.cn/centos7_amd64_gcc830/Pre-Release/J20v1r0-Pre2/ExternalLibs/ROOT/6.20.02/include/ROOT/span.hxx:348:34: error: ‘index_type’ has not been declared
   constexpr span<T> slice_before(index_type const pos) const
                                  ^~~~~~~~~~
/cvmfs/juno.ihep.ac.cn/centos7_amd64_gcc830/Pre-Release/J20v1r0-Pre2/ExternalLibs/ROOT/6.20.02/include/ROOT/span.hxx:352:33: error: ‘index_type’ has not been declared
   constexpr span<T> slice_after(index_type const pos) const
                                 ^~~~~~~~~~
/cvmfs/juno.ihep.ac.cn/centos7_amd64_gcc830/Pre-Release/J20v1r0-Pre2/ExternalLibs/ROOT/6.20.02/include/ROOT/span.hxx:435:3: error: ‘index_type’ does not name a type; did you mean ‘true_type’?
   index_type length_;
   ^~~~~~~~~~
   true_type
In file included from /cvmfs/juno.ihep.ac.cn/centos7_amd64_gcc830/Pre-Release/J20v1r0-Pre2/ExternalLibs/ROOT/6.20.02/include/ROOT/RSpan.hxx:33,
                 from /cvmfs/juno.ihep.ac.cn/centos7_amd64_gcc830/Pre-Release/J20v1r0-Pre2/ExternalLibs/ROOT/6.20.02/include/ROOT/TypeTraits.hxx:18,
                 from /cvmfs/juno.ihep.ac.cn/centos7_amd64_gcc830/Pre-Release/J20v1r0-Pre2/ExternalLibs/ROOT/6.20.02/include/TString.h:29,
                 from /cvmfs/juno.ihep.ac.cn/centos7_amd64_gcc830/Pre-Release/J20v1r0-Pre2/ExternalLibs/ROOT/6.20.02/include/TNamed.h:26,
                 from /cvmfs/juno.ihep.ac.cn/centos7_amd64_gcc830/Pre-Release/J20v1r0-Pre2/ExternalLibs/ROOT/6.20.02/include/TDictionary.h:44,
                 from /cvmfs/juno.ihep.ac.cn/centos7_amd64_gcc830/Pre-Release/J20v1r0-Pre2/ExternalLibs/ROOT/6.20.02/include/TDataType.h:25,
                 from /cvmfs/juno.ihep.ac.cn/centos7_amd64_gcc830/Pre-Release/J20v1r0-Pre2/ExternalLibs/ROOT/6.20.02/include/TBuffer.h:24,
                 from /cvmfs/juno.ihep.ac.cn/centos7_amd64_gcc830/Pre-Release/J20v1r0-Pre2/ExternalLibs/ROOT/6.20.02/include/TDirectory.h:24,
                 from /cvmfs/juno.ihep.ac.cn/centos7_amd64_gcc830/Pre-Release/J20v1r0-Pre2/ExternalLibs/ROOT/6.20.02/include/TDirectoryFile.h:25,
                 from /cvmfs/juno.ihep.ac.cn/centos7_amd64_gcc830/Pre-Release/J20v1r0-Pre2/ExternalLibs/ROOT/6.20.02/include/TFile.h:27,
                 from /dybfs/users/xuhangkun/SimTAO/analysis/calibrate/include/RunData.h:44,
                 from /dybfs/users/xuhangkun/SimTAO/analysis/calibrate/include/TAORunData.h:44,
                 from /dybfs/users/xuhangkun/SimTAO/analysis/calibrate/src/NonLinearCalibration.cpp:2:
/cvmfs/juno.ihep.ac.cn/centos7_amd64_gcc830/Pre-Release/J20v1r0-Pre2/ExternalLibs/ROOT/6.20.02/include/ROOT/span.hxx: In constructor ‘constexpr std::__ROOT::span<T>::span()’:
/cvmfs/juno.ihep.ac.cn/centos7_amd64_gcc830/Pre-Release/J20v1r0-Pre2/ExternalLibs/ROOT/6.20.02/include/ROOT/span.hxx:177:8: error: class ‘std::__ROOT::span<T>’ does not have any field named ‘length_’
      : length_(0), data_(nullptr)
        ^~~~~~~
/cvmfs/juno.ihep.ac.cn/centos7_amd64_gcc830/Pre-Release/J20v1r0-Pre2/ExternalLibs/ROOT/6.20.02/include/ROOT/span.hxx: In constructor ‘std::__ROOT::span<T>::span(int&)’:
/cvmfs/juno.ihep.ac.cn/centos7_amd64_gcc830/Pre-Release/J20v1r0-Pre2/ExternalLibs/ROOT/6.20.02/include/ROOT/span.hxx:187:8: error: class ‘std::__ROOT::span<T>’ does not have any field named ‘length_’
      : length_(N), data_(N > 0 ? a.data() : nullptr)
        ^~~~~~~
/cvmfs/juno.ihep.ac.cn/centos7_amd64_gcc830/Pre-Release/J20v1r0-Pre2/ExternalLibs/ROOT/6.20.02/include/ROOT/span.hxx:187:16: error: ‘N’ was not declared in this scope
      : length_(N), data_(N > 0 ? a.data() : nullptr)
                ^
/cvmfs/juno.ihep.ac.cn/centos7_amd64_gcc830/Pre-Release/J20v1r0-Pre2/ExternalLibs/ROOT/6.20.02/include/ROOT/span.hxx:187:36: error: request for member ‘data’ in ‘a’, which is of non-class type ‘int’
      : length_(N), data_(N > 0 ? a.data() : nullptr)
                                    ^~~~
/cvmfs/juno.ihep.ac.cn/centos7_amd64_gcc830/Pre-Release/J20v1r0-Pre2/ExternalLibs/ROOT/6.20.02/include/ROOT/span.hxx: In constructor ‘std::__ROOT::span<T>::span(...)’:
/cvmfs/juno.ihep.ac.cn/centos7_amd64_gcc830/Pre-Release/J20v1r0-Pre2/ExternalLibs/ROOT/6.20.02/include/ROOT/span.hxx:194:8: error: class ‘std::__ROOT::span<T>’ does not have any field named ‘length_’
      : length_(N), data_(N > 0 ? std::addressof(a[0]) : nullptr)
        ^~~~~~~
/cvmfs/juno.ihep.ac.cn/centos7_amd64_gcc830/Pre-Release/J20v1r0-Pre2/ExternalLibs/ROOT/6.20.02/include/ROOT/span.hxx:194:16: error: ‘N’ was not declared in this scope
      : length_(N), data_(N > 0 ? std::addressof(a[0]) : nullptr)
                ^
/cvmfs/juno.ihep.ac.cn/centos7_amd64_gcc830/Pre-Release/J20v1r0-Pre2/ExternalLibs/ROOT/6.20.02/include/ROOT/span.hxx:194:49: error: ‘a’ was not declared in this scope
      : length_(N), data_(N > 0 ? std::addressof(a[0]) : nullptr)
                                                 ^
/cvmfs/juno.ihep.ac.cn/centos7_amd64_gcc830/Pre-Release/J20v1r0-Pre2/ExternalLibs/ROOT/6.20.02/include/ROOT/span.hxx:194:49: note: suggested alternative: ‘at’
      : length_(N), data_(N > 0 ? std::addressof(a[0]) : nullptr)
                                                 ^
                                                 at
/cvmfs/juno.ihep.ac.cn/centos7_amd64_gcc830/Pre-Release/J20v1r0-Pre2/ExternalLibs/ROOT/6.20.02/include/ROOT/span.hxx: In constructor ‘std::__ROOT::span<T>::span(const std::vector<typename std::remove_cv<_Tp>::type>&)’:
/cvmfs/juno.ihep.ac.cn/centos7_amd64_gcc830/Pre-Release/J20v1r0-Pre2/ExternalLibs/ROOT/6.20.02/include/ROOT/span.hxx:200:8: error: class ‘std::__ROOT::span<T>’ does not have any field named ‘length_’
      : length_(v.size()), data_(v.empty() ? nullptr : v.data())
        ^~~~~~~
/cvmfs/juno.ihep.ac.cn/centos7_amd64_gcc830/Pre-Release/J20v1r0-Pre2/ExternalLibs/ROOT/6.20.02/include/ROOT/span.hxx: In constructor ‘std::__ROOT::span<T>::span(std::vector<typename std::remove_cv<_Tp>::type>&)’:
/cvmfs/juno.ihep.ac.cn/centos7_amd64_gcc830/Pre-Release/J20v1r0-Pre2/ExternalLibs/ROOT/6.20.02/include/ROOT/span.hxx:204:8: error: class ‘std::__ROOT::span<T>’ does not have any field named ‘length_’
      : length_(v.size()), data_(v.empty() ? nullptr : v.data())
        ^~~~~~~
/cvmfs/juno.ihep.ac.cn/centos7_amd64_gcc830/Pre-Release/J20v1r0-Pre2/ExternalLibs/ROOT/6.20.02/include/ROOT/span.hxx: In constructor ‘constexpr std::__ROOT::span<T>::span(std::__ROOT::span<T>::pointer, int)’:
/cvmfs/juno.ihep.ac.cn/centos7_amd64_gcc830/Pre-Release/J20v1r0-Pre2/ExternalLibs/ROOT/6.20.02/include/ROOT/span.hxx:208:8: error: class ‘std::__ROOT::span<T>’ does not have any field named ‘length_’
      : length_(n), data_(a)
        ^~~~~~~
/cvmfs/juno.ihep.ac.cn/centos7_amd64_gcc830/Pre-Release/J20v1r0-Pre2/ExternalLibs/ROOT/6.20.02/include/ROOT/span.hxx: In constructor ‘std::__ROOT::span<T>::span(InputIterator, InputIterator)’:
/cvmfs/juno.ihep.ac.cn/centos7_amd64_gcc830/Pre-Release/J20v1r0-Pre2/ExternalLibs/ROOT/6.20.02/include/ROOT/span.hxx:221:8: error: class ‘std::__ROOT::span<T>’ does not have any field named ‘length_’
      : length_(std::distance(start, last)), data_(&*start)
        ^~~~~~~
/cvmfs/juno.ihep.ac.cn/centos7_amd64_gcc830/Pre-Release/J20v1r0-Pre2/ExternalLibs/ROOT/6.20.02/include/ROOT/span.hxx: In constructor ‘std::__ROOT::span<T>::span(const std::initializer_list<_Tp>&)’:
/cvmfs/juno.ihep.ac.cn/centos7_amd64_gcc830/Pre-Release/J20v1r0-Pre2/ExternalLibs/ROOT/6.20.02/include/ROOT/span.hxx:225:8: error: class ‘std::__ROOT::span<T>’ does not have any field named ‘length_’
      : length_(l.size()), data_(std::begin(l))
        ^~~~~~~
/cvmfs/juno.ihep.ac.cn/centos7_amd64_gcc830/Pre-Release/J20v1r0-Pre2/ExternalLibs/ROOT/6.20.02/include/ROOT/span.hxx: In member function ‘constexpr std::__ROOT::span<T>::element_type* std::__ROOT::span<T>::end() const’:
/cvmfs/juno.ihep.ac.cn/centos7_amd64_gcc830/Pre-Release/J20v1r0-Pre2/ExternalLibs/ROOT/6.20.02/include/ROOT/span.hxx:240:20: error: ‘length_’ was not declared in this scope
     return data_ + length_;
                    ^~~~~~~
/cvmfs/juno.ihep.ac.cn/centos7_amd64_gcc830/Pre-Release/J20v1r0-Pre2/ExternalLibs/ROOT/6.20.02/include/ROOT/span.hxx: In member function ‘constexpr bool std::__ROOT::span<T>::empty() const’:
/cvmfs/juno.ihep.ac.cn/centos7_amd64_gcc830/Pre-Release/J20v1r0-Pre2/ExternalLibs/ROOT/6.20.02/include/ROOT/span.hxx:284:12: error: ‘length_’ was not declared in this scope
     return length_ == 0;
            ^~~~~~~
/cvmfs/juno.ihep.ac.cn/centos7_amd64_gcc830/Pre-Release/J20v1r0-Pre2/ExternalLibs/ROOT/6.20.02/include/ROOT/span.hxx: In member function ‘constexpr std::__ROOT::span<T>::element_type& std::__ROOT::span<T>::at(int) const’:
/cvmfs/juno.ihep.ac.cn/centos7_amd64_gcc830/Pre-Release/J20v1r0-Pre2/ExternalLibs/ROOT/6.20.02/include/ROOT/span.hxx:295:17: error: ‘length_’ was not declared in this scope
     return n >= length_ ? throw std::out_of_range("span::at()") : *(data_ + n);
                 ^~~~~~~
/cvmfs/juno.ihep.ac.cn/centos7_amd64_gcc830/Pre-Release/J20v1r0-Pre2/ExternalLibs/ROOT/6.20.02/include/ROOT/span.hxx: In member function ‘constexpr const element_type& std::__ROOT::span<T>::back() const’:
/cvmfs/juno.ihep.ac.cn/centos7_amd64_gcc830/Pre-Release/J20v1r0-Pre2/ExternalLibs/ROOT/6.20.02/include/ROOT/span.hxx:307:22: error: ‘length_’ was not declared in this scope
     return *(data_ + length_ - 1);
                      ^~~~~~~
/cvmfs/juno.ihep.ac.cn/centos7_amd64_gcc830/Pre-Release/J20v1r0-Pre2/ExternalLibs/ROOT/6.20.02/include/ROOT/span.hxx: In member function ‘constexpr std::__ROOT::span<T> std::__ROOT::span<T>::slice(std::__ROOT::check_bound_t, int, int) const’:
/cvmfs/juno.ihep.ac.cn/centos7_amd64_gcc830/Pre-Release/J20v1r0-Pre2/ExternalLibs/ROOT/6.20.02/include/ROOT/span.hxx:322:19: error: ‘length_’ was not declared in this scope
     return pos >= length_ || pos + slicelen >= length_ ? throw std::out_of_range("span::slice()") : span<T>{begin() + pos, begin() + pos + slicelen};
                   ^~~~~~~
In file included from /cvmfs/juno.ihep.ac.cn/centos7_amd64_gcc830/Pre-Release/J20v1r0-Pre2/ExternalLibs/ROOT/6.20.02/include/ROOT/RSpan.hxx:33,
                 from /cvmfs/juno.ihep.ac.cn/centos7_amd64_gcc830/Pre-Release/J20v1r0-Pre2/ExternalLibs/ROOT/6.20.02/include/ROOT/TypeTraits.hxx:18,
                 from /cvmfs/juno.ihep.ac.cn/centos7_amd64_gcc830/Pre-Release/J20v1r0-Pre2/ExternalLibs/ROOT/6.20.02/include/TString.h:29,
                 from /cvmfs/juno.ihep.ac.cn/centos7_amd64_gcc830/Pre-Release/J20v1r0-Pre2/ExternalLibs/ROOT/6.20.02/include/TNamed.h:26,
                 from /cvmfs/juno.ihep.ac.cn/centos7_amd64_gcc830/Pre-Release/J20v1r0-Pre2/ExternalLibs/ROOT/6.20.02/include/TDictionary.h:44,
                 from /cvmfs/juno.ihep.ac.cn/centos7_amd64_gcc830/Pre-Release/J20v1r0-Pre2/ExternalLibs/ROOT/6.20.02/include/TDataType.h:25,
                 from /cvmfs/juno.ihep.ac.cn/centos7_amd64_gcc830/Pre-Release/J20v1r0-Pre2/ExternalLibs/ROOT/6.20.02/include/TBuffer.h:24,
                 from /cvmfs/juno.ihep.ac.cn/centos7_amd64_gcc830/Pre-Release/J20v1r0-Pre2/ExternalLibs/ROOT/6.20.02/include/TDirectory.h:24,
                 from /cvmfs/juno.ihep.ac.cn/centos7_amd64_gcc830/Pre-Release/J20v1r0-Pre2/ExternalLibs/ROOT/6.20.02/include/TDirectoryFile.h:25,
                 from /cvmfs/juno.ihep.ac.cn/centos7_amd64_gcc830/Pre-Release/J20v1r0-Pre2/ExternalLibs/ROOT/6.20.02/include/TFile.h:27,
                 from /dybfs/users/xuhangkun/SimTAO/analysis/calibrate/include/RunData.h:44,
                 from /dybfs/users/xuhangkun/SimTAO/analysis/calibrate/include/TAORunData.h:44,
                 from /dybfs/users/xuhangkun/SimTAO/analysis/calibrate/src/NonLinearCalibration.cpp:2:
/cvmfs/juno.ihep.ac.cn/centos7_amd64_gcc830/Pre-Release/J20v1r0-Pre2/ExternalLibs/ROOT/6.20.02/include/ROOT/span.hxx: In member function ‘constexpr std::__ROOT::span<T> std::__ROOT::span<T>::slice_before(std::__ROOT::check_bound_t, int) const’:
/cvmfs/juno.ihep.ac.cn/centos7_amd64_gcc830/Pre-Release/J20v1r0-Pre2/ExternalLibs/ROOT/6.20.02/include/ROOT/span.hxx:331:19: error: ‘length_’ was not declared in this scope
     return pos >= length_ ? std::out_of_range("span::slice()") : span<T>{begin(), begin() + pos};
                   ^~~~~~~
/cvmfs/juno.ihep.ac.cn/centos7_amd64_gcc830/Pre-Release/J20v1r0-Pre2/ExternalLibs/ROOT/6.20.02/include/ROOT/span.hxx: In member function ‘constexpr std::__ROOT::span<T> std::__ROOT::span<T>::slice_after(std::__ROOT::check_bound_t, int) const’:
/cvmfs/juno.ihep.ac.cn/centos7_amd64_gcc830/Pre-Release/J20v1r0-Pre2/ExternalLibs/ROOT/6.20.02/include/ROOT/span.hxx:340:19: error: ‘length_’ was not declared in this scope
     return pos >= length_ ? std::out_of_range("span::slice()") : span<T>{begin() + pos, end()};
                   ^~~~~~~
/cvmfs/juno.ihep.ac.cn/centos7_amd64_gcc830/Pre-Release/J20v1r0-Pre2/ExternalLibs/ROOT/6.20.02/include/ROOT/span.hxx: In member function ‘constexpr std::__ROOT::span<T> std::__ROOT::span<T>::slice(std::__ROOT::check_bound_t, std::__ROOT::span<T>::iterator, std::__ROOT::span<T>::iterator) const’:
/cvmfs/juno.ihep.ac.cn/centos7_amd64_gcc830/Pre-Release/J20v1r0-Pre2/ExternalLibs/ROOT/6.20.02/include/ROOT/span.hxx:373:87: error: ‘length_’ was not declared in this scope
              static_cast<size_t>(std::distance(start, last > end() ? end() : last)) > length_ - std::distance(begin(), start) ) ? throw std::out_of_range("span::slice()") : span<T>{start, last > end() ? end() : last};
                                                                                       ^~~~~~~
In file included from /cvmfs/juno.ihep.ac.cn/centos7_amd64_gcc830/Pre-Release/J20v1r0-Pre2/ExternalLibs/ROOT/6.20.02/include/TString.h:29,
                 from /cvmfs/juno.ihep.ac.cn/centos7_amd64_gcc830/Pre-Release/J20v1r0-Pre2/ExternalLibs/ROOT/6.20.02/include/TNamed.h:26,
                 from /cvmfs/juno.ihep.ac.cn/centos7_amd64_gcc830/Pre-Release/J20v1r0-Pre2/ExternalLibs/ROOT/6.20.02/include/TDictionary.h:44,
                 from /cvmfs/juno.ihep.ac.cn/centos7_amd64_gcc830/Pre-Release/J20v1r0-Pre2/ExternalLibs/ROOT/6.20.02/include/TDataType.h:25,
                 from /cvmfs/juno.ihep.ac.cn/centos7_amd64_gcc830/Pre-Release/J20v1r0-Pre2/ExternalLibs/ROOT/6.20.02/include/TBuffer.h:24,
                 from /cvmfs/juno.ihep.ac.cn/centos7_amd64_gcc830/Pre-Release/J20v1r0-Pre2/ExternalLibs/ROOT/6.20.02/include/TDirectory.h:24,
                 from /cvmfs/juno.ihep.ac.cn/centos7_amd64_gcc830/Pre-Release/J20v1r0-Pre2/ExternalLibs/ROOT/6.20.02/include/TDirectoryFile.h:25,
                 from /cvmfs/juno.ihep.ac.cn/centos7_amd64_gcc830/Pre-Release/J20v1r0-Pre2/ExternalLibs/ROOT/6.20.02/include/TFile.h:27,
                 from /dybfs/users/xuhangkun/SimTAO/analysis/calibrate/include/RunData.h:44,
                 from /dybfs/users/xuhangkun/SimTAO/analysis/calibrate/include/TAORunData.h:44,
                 from /dybfs/users/xuhangkun/SimTAO/analysis/calibrate/src/NonLinearCalibration.cpp:2:
/cvmfs/juno.ihep.ac.cn/centos7_amd64_gcc830/Pre-Release/J20v1r0-Pre2/ExternalLibs/ROOT/6.20.02/include/ROOT/TypeTraits.hxx: At global scope:
/cvmfs/juno.ihep.ac.cn/centos7_amd64_gcc830/Pre-Release/J20v1r0-Pre2/ExternalLibs/ROOT/6.20.02/include/ROOT/TypeTraits.hxx:28:26: error: ‘size_t’ in namespace ‘std’ does not name a type
    static constexpr std::size_t list_size = sizeof...(Types);
                          ^~~~~~
In file included from /cvmfs/juno.ihep.ac.cn/centos7_amd64_gcc830/Pre-Release/J20v1r0-Pre2/ExternalLibs/ROOT/6.20.02/include/TNamed.h:26,
                 from /cvmfs/juno.ihep.ac.cn/centos7_amd64_gcc830/Pre-Release/J20v1r0-Pre2/ExternalLibs/ROOT/6.20.02/include/TDictionary.h:44,
                 from /cvmfs/juno.ihep.ac.cn/centos7_amd64_gcc830/Pre-Release/J20v1r0-Pre2/ExternalLibs/ROOT/6.20.02/include/TDataType.h:25,
                 from /cvmfs/juno.ihep.ac.cn/centos7_amd64_gcc830/Pre-Release/J20v1r0-Pre2/ExternalLibs/ROOT/6.20.02/include/TBuffer.h:24,
                 from /cvmfs/juno.ihep.ac.cn/centos7_amd64_gcc830/Pre-Release/J20v1r0-Pre2/ExternalLibs/ROOT/6.20.02/include/TDirectory.h:24,
                 from /cvmfs/juno.ihep.ac.cn/centos7_amd64_gcc830/Pre-Release/J20v1r0-Pre2/ExternalLibs/ROOT/6.20.02/include/TDirectoryFile.h:25,
                 from /cvmfs/juno.ihep.ac.cn/centos7_amd64_gcc830/Pre-Release/J20v1r0-Pre2/ExternalLibs/ROOT/6.20.02/include/TFile.h:27,
                 from /dybfs/users/xuhangkun/SimTAO/analysis/calibrate/include/RunData.h:44,
                 from /dybfs/users/xuhangkun/SimTAO/analysis/calibrate/include/TAORunData.h:44,
                 from /dybfs/users/xuhangkun/SimTAO/analysis/calibrate/src/NonLinearCalibration.cpp:2:
/cvmfs/juno.ihep.ac.cn/centos7_amd64_gcc830/Pre-Release/J20v1r0-Pre2/ExternalLibs/ROOT/6.20.02/include/TString.h: In member function ‘TSubString::operator std::__cxx11::string() const’:
/cvmfs/juno.ihep.ac.cn/centos7_amd64_gcc830/Pre-Release/J20v1r0-Pre2/ExternalLibs/ROOT/6.20.02/include/TString.h:111:68: error: no matching function for call to ‘std::__cxx11::basic_string<char>::basic_string(const char*, const Ssiz_t&)’
    operator std::string() const { return std::string(Data(),fExtent); }
                                                                    ^
In file included from /cvmfs/juno.ihep.ac.cn/centos7_amd64_gcc830/contrib/gcc/8.3.0/include/c++/8.3.0/string:52,
                 from /dybfs/users/xuhangkun/SimTAO/analysis/calibrate/include/RunData.h:43,
                 from /dybfs/users/xuhangkun/SimTAO/analysis/calibrate/include/TAORunData.h:44,
                 from /dybfs/users/xuhangkun/SimTAO/analysis/calibrate/src/NonLinearCalibration.cpp:2:
/cvmfs/juno.ihep.ac.cn/centos7_amd64_gcc830/contrib/gcc/8.3.0/include/c++/8.3.0/bits/basic_string.h:614:9: note: candidate: ‘template<class _InputIterator, class> std::__cxx11::basic_string<_CharT, _Traits, _Alloc>::basic_string(_InputIterator, _InputIterator, const _Alloc&)’
         basic_string(_InputIterator __beg, _InputIterator __end,
         ^~~~~~~~~~~~
/cvmfs/juno.ihep.ac.cn/centos7_amd64_gcc830/contrib/gcc/8.3.0/include/c++/8.3.0/bits/basic_string.h:614:9: note:   template argument deduction/substitution failed:
In file included from /cvmfs/juno.ihep.ac.cn/centos7_amd64_gcc830/Pre-Release/J20v1r0-Pre2/ExternalLibs/ROOT/6.20.02/include/TNamed.h:26,
                 from /cvmfs/juno.ihep.ac.cn/centos7_amd64_gcc830/Pre-Release/J20v1r0-Pre2/ExternalLibs/ROOT/6.20.02/include/TDictionary.h:44,
                 from /cvmfs/juno.ihep.ac.cn/centos7_amd64_gcc830/Pre-Release/J20v1r0-Pre2/ExternalLibs/ROOT/6.20.02/include/TDataType.h:25,
                 from /cvmfs/juno.ihep.ac.cn/centos7_amd64_gcc830/Pre-Release/J20v1r0-Pre2/ExternalLibs/ROOT/6.20.02/include/TBuffer.h:24,
                 from /cvmfs/juno.ihep.ac.cn/centos7_amd64_gcc830/Pre-Release/J20v1r0-Pre2/ExternalLibs/ROOT/6.20.02/include/TDirectory.h:24,
                 from /cvmfs/juno.ihep.ac.cn/centos7_amd64_gcc830/Pre-Release/J20v1r0-Pre2/ExternalLibs/ROOT/6.20.02/include/TDirectoryFile.h:25,
                 from /cvmfs/juno.ihep.ac.cn/centos7_amd64_gcc830/Pre-Release/J20v1r0-Pre2/ExternalLibs/ROOT/6.20.02/include/TFile.h:27,
                 from /dybfs/users/xuhangkun/SimTAO/analysis/calibrate/include/RunData.h:44,
                 from /dybfs/users/xuhangkun/SimTAO/analysis/calibrate/include/TAORunData.h:44,
                 from /dybfs/users/xuhangkun/SimTAO/analysis/calibrate/src/NonLinearCalibration.cpp:2:
/cvmfs/juno.ihep.ac.cn/centos7_amd64_gcc830/Pre-Release/J20v1r0-Pre2/ExternalLibs/ROOT/6.20.02/include/TString.h:111:68: note:   deduced conflicting types for parameter ‘_InputIterator’ (‘const char*’ and ‘int’)
    operator std::string() const { return std::string(Data(),fExtent); }
                                                                    ^
In file included from /cvmfs/juno.ihep.ac.cn/centos7_amd64_gcc830/contrib/gcc/8.3.0/include/c++/8.3.0/string:52,
                 from /dybfs/users/xuhangkun/SimTAO/analysis/calibrate/include/RunData.h:43,
                 from /dybfs/users/xuhangkun/SimTAO/analysis/calibrate/include/TAORunData.h:44,
                 from /dybfs/users/xuhangkun/SimTAO/analysis/calibrate/src/NonLinearCalibration.cpp:2:
/cvmfs/juno.ihep.ac.cn/centos7_amd64_gcc830/contrib/gcc/8.3.0/include/c++/8.3.0/bits/basic_string.h:576:7: note: candidate: ‘std::__cxx11::basic_string<_CharT, _Traits, _Alloc>::basic_string(std::__cxx11::basic_string<_CharT, _Traits, _Alloc>&&, const _Alloc&) [with _CharT = char; _Traits = std::char_traits<char>; _Alloc = std::allocator<char>]’
       basic_string(basic_string&& __str, const _Alloc& __a)
       ^~~~~~~~~~~~
/cvmfs/juno.ihep.ac.cn/centos7_amd64_gcc830/contrib/gcc/8.3.0/include/c++/8.3.0/bits/basic_string.h:576:7: note:   no known conversion for argument 2 from ‘const Ssiz_t’ {aka ‘const int’} to ‘const std::allocator<char>&’
/cvmfs/juno.ihep.ac.cn/centos7_amd64_gcc830/contrib/gcc/8.3.0/include/c++/8.3.0/bits/basic_string.h:572:7: note: candidate: ‘std::__cxx11::basic_string<_CharT, _Traits, _Alloc>::basic_string(const std::__cxx11::basic_string<_CharT, _Traits, _Alloc>&, const _Alloc&) [with _CharT = char; _Traits = std::char_traits<char>; _Alloc = std::allocator<char>]’
       basic_string(const basic_string& __str, const _Alloc& __a)
       ^~~~~~~~~~~~
/cvmfs/juno.ihep.ac.cn/centos7_amd64_gcc830/contrib/gcc/8.3.0/include/c++/8.3.0/bits/basic_string.h:572:7: note:   no known conversion for argument 2 from ‘const Ssiz_t’ {aka ‘const int’} to ‘const std::allocator<char>&’
/cvmfs/juno.ihep.ac.cn/centos7_amd64_gcc830/contrib/gcc/8.3.0/include/c++/8.3.0/bits/basic_string.h:568:7: note: candidate: ‘std::__cxx11::basic_string<_CharT, _Traits, _Alloc>::basic_string(std::initializer_list<_Tp>, const _Alloc&) [with _CharT = char; _Traits = std::char_traits<char>; _Alloc = std::allocator<char>]’
       basic_string(initializer_list<_CharT> __l, const _Alloc& __a = _Alloc())
       ^~~~~~~~~~~~
/cvmfs/juno.ihep.ac.cn/centos7_amd64_gcc830/contrib/gcc/8.3.0/include/c++/8.3.0/bits/basic_string.h:568:7: note:   no known conversion for argument 1 from ‘const char*’ to ‘std::initializer_list<char>’
/cvmfs/juno.ihep.ac.cn/centos7_amd64_gcc830/contrib/gcc/8.3.0/include/c++/8.3.0/bits/basic_string.h:541:7: note: candidate: ‘std::__cxx11::basic_string<_CharT, _Traits, _Alloc>::basic_string(std::__cxx11::basic_string<_CharT, _Traits, _Alloc>&&) [with _CharT = char; _Traits = std::char_traits<char>; _Alloc = std::allocator<char>]’
       basic_string(basic_string&& __str) noexcept
       ^~~~~~~~~~~~
/cvmfs/juno.ihep.ac.cn/centos7_amd64_gcc830/contrib/gcc/8.3.0/include/c++/8.3.0/bits/basic_string.h:541:7: note:   candidate expects 1 argument, 2 provided
/cvmfs/juno.ihep.ac.cn/centos7_amd64_gcc830/contrib/gcc/8.3.0/include/c++/8.3.0/bits/basic_string.h:514:7: note: candidate: ‘std::__cxx11::basic_string<_CharT, _Traits, _Alloc>::basic_string(const _CharT*, const _Alloc&) [with _CharT = char; _Traits = std::char_traits<char>; _Alloc = std::allocator<char>]’
       basic_string(const _CharT* __s, const _Alloc& __a = _Alloc())
       ^~~~~~~~~~~~
/cvmfs/juno.ihep.ac.cn/centos7_amd64_gcc830/contrib/gcc/8.3.0/include/c++/8.3.0/bits/basic_string.h:514:7: note:   no known conversion for argument 2 from ‘const Ssiz_t’ {aka ‘const int’} to ‘const std::allocator<char>&’
/cvmfs/juno.ihep.ac.cn/centos7_amd64_gcc830/contrib/gcc/8.3.0/include/c++/8.3.0/bits/basic_string.h:437:7: note: candidate: ‘std::__cxx11::basic_string<_CharT, _Traits, _Alloc>::basic_string(const std::__cxx11::basic_string<_CharT, _Traits, _Alloc>&) [with _CharT = char; _Traits = std::char_traits<char>; _Alloc = std::allocator<char>]’
       basic_string(const basic_string& __str)
       ^~~~~~~~~~~~
/cvmfs/juno.ihep.ac.cn/centos7_amd64_gcc830/contrib/gcc/8.3.0/include/c++/8.3.0/bits/basic_string.h:437:7: note:   candidate expects 1 argument, 2 provided
/cvmfs/juno.ihep.ac.cn/centos7_amd64_gcc830/contrib/gcc/8.3.0/include/c++/8.3.0/bits/basic_string.h:429:7: note: candidate: ‘std::__cxx11::basic_string<_CharT, _Traits, _Alloc>::basic_string(const _Alloc&) [with _CharT = char; _Traits = std::char_traits<char>; _Alloc = std::allocator<char>]’
       basic_string(const _Alloc& __a) _GLIBCXX_NOEXCEPT
       ^~~~~~~~~~~~
/cvmfs/juno.ihep.ac.cn/centos7_amd64_gcc830/contrib/gcc/8.3.0/include/c++/8.3.0/bits/basic_string.h:429:7: note:   candidate expects 1 argument, 2 provided
/cvmfs/juno.ihep.ac.cn/centos7_amd64_gcc830/contrib/gcc/8.3.0/include/c++/8.3.0/bits/basic_string.h:420:7: note: candidate: ‘std::__cxx11::basic_string<_CharT, _Traits, _Alloc>::basic_string() [with _CharT = char; _Traits = std::char_traits<char>; _Alloc = std::allocator<char>]’
       basic_string()
       ^~~~~~~~~~~~
/cvmfs/juno.ihep.ac.cn/centos7_amd64_gcc830/contrib/gcc/8.3.0/include/c++/8.3.0/bits/basic_string.h:420:7: note:   candidate expects 0 arguments, 2 provided
In file included from /cvmfs/juno.ihep.ac.cn/centos7_amd64_gcc830/Pre-Release/J20v1r0-Pre2/ExternalLibs/ROOT/6.20.02/include/TClass.h:25,
                 from /cvmfs/juno.ihep.ac.cn/centos7_amd64_gcc830/Pre-Release/J20v1r0-Pre2/ExternalLibs/ROOT/6.20.02/include/TBuffer.h:26,
                 from /cvmfs/juno.ihep.ac.cn/centos7_amd64_gcc830/Pre-Release/J20v1r0-Pre2/ExternalLibs/ROOT/6.20.02/include/TDirectory.h:24,
                 from /cvmfs/juno.ihep.ac.cn/centos7_amd64_gcc830/Pre-Release/J20v1r0-Pre2/ExternalLibs/ROOT/6.20.02/include/TDirectoryFile.h:25,
                 from /cvmfs/juno.ihep.ac.cn/centos7_amd64_gcc830/Pre-Release/J20v1r0-Pre2/ExternalLibs/ROOT/6.20.02/include/TFile.h:27,
                 from /dybfs/users/xuhangkun/SimTAO/analysis/calibrate/include/RunData.h:44,
                 from /dybfs/users/xuhangkun/SimTAO/analysis/calibrate/include/TAORunData.h:44,
                 from /dybfs/users/xuhangkun/SimTAO/analysis/calibrate/src/NonLinearCalibration.cpp:2:
/cvmfs/juno.ihep.ac.cn/centos7_amd64_gcc830/Pre-Release/J20v1r0-Pre2/ExternalLibs/ROOT/6.20.02/include/TObjArray.h: At global scope:
/cvmfs/juno.ihep.ac.cn/centos7_amd64_gcc830/Pre-Release/J20v1r0-Pre2/ExternalLibs/ROOT/6.20.02/include/TObjArray.h:125:59: error: ‘ptrdiff_t’ is not a member of ‘std’
                                            TObject*, std::ptrdiff_t,
                                                           ^~~~~~~~~
/cvmfs/juno.ihep.ac.cn/centos7_amd64_gcc830/Pre-Release/J20v1r0-Pre2/ExternalLibs/ROOT/6.20.02/include/TObjArray.h:125:59: note: suggested alternative:
In file included from /cvmfs/juno.ihep.ac.cn/centos7_amd64_gcc830/contrib/gcc/8.3.0/include/c++/8.3.0/bits/cxxabi_init_exception.h:38,
                 from /cvmfs/juno.ihep.ac.cn/centos7_amd64_gcc830/contrib/gcc/8.3.0/include/c++/8.3.0/bits/exception_ptr.h:38,
                 from /cvmfs/juno.ihep.ac.cn/centos7_amd64_gcc830/contrib/gcc/8.3.0/include/c++/8.3.0/exception:143,
                 from /cvmfs/juno.ihep.ac.cn/centos7_amd64_gcc830/contrib/gcc/8.3.0/include/c++/8.3.0/new:40,
                 from /cvmfs/juno.ihep.ac.cn/centos7_amd64_gcc830/contrib/gcc/8.3.0/include/c++/8.3.0/ext/new_allocator.h:33,
                 from /cvmfs/juno.ihep.ac.cn/centos7_amd64_gcc830/contrib/gcc/8.3.0/include/c++/8.3.0/x86_64-pc-linux-gnu/bits/c++allocator.h:33,
                 from /cvmfs/juno.ihep.ac.cn/centos7_amd64_gcc830/contrib/gcc/8.3.0/include/c++/8.3.0/bits/allocator.h:46,
                 from /cvmfs/juno.ihep.ac.cn/centos7_amd64_gcc830/contrib/gcc/8.3.0/include/c++/8.3.0/string:41,
                 from /dybfs/users/xuhangkun/SimTAO/analysis/calibrate/include/RunData.h:43,
                 from /dybfs/users/xuhangkun/SimTAO/analysis/calibrate/include/TAORunData.h:44,
                 from /dybfs/users/xuhangkun/SimTAO/analysis/calibrate/src/NonLinearCalibration.cpp:2:
/cvmfs/juno.ihep.ac.cn/centos7_amd64_gcc830/contrib/gcc/8.3.0/lib/gcc/x86_64-pc-linux-gnu/8.3.0/include/stddef.h:149:26: note:   ‘ptrdiff_t’
 typedef __PTRDIFF_TYPE__ ptrdiff_t;
                          ^~~~~~~~~
In file included from /cvmfs/juno.ihep.ac.cn/centos7_amd64_gcc830/Pre-Release/J20v1r0-Pre2/ExternalLibs/ROOT/6.20.02/include/TClass.h:25,
                 from /cvmfs/juno.ihep.ac.cn/centos7_amd64_gcc830/Pre-Release/J20v1r0-Pre2/ExternalLibs/ROOT/6.20.02/include/TBuffer.h:26,
                 from /cvmfs/juno.ihep.ac.cn/centos7_amd64_gcc830/Pre-Release/J20v1r0-Pre2/ExternalLibs/ROOT/6.20.02/include/TDirectory.h:24,
                 from /cvmfs/juno.ihep.ac.cn/centos7_amd64_gcc830/Pre-Release/J20v1r0-Pre2/ExternalLibs/ROOT/6.20.02/include/TDirectoryFile.h:25,
                 from /cvmfs/juno.ihep.ac.cn/centos7_amd64_gcc830/Pre-Release/J20v1r0-Pre2/ExternalLibs/ROOT/6.20.02/include/TFile.h:27,
                 from /dybfs/users/xuhangkun/SimTAO/analysis/calibrate/include/RunData.h:44,
                 from /dybfs/users/xuhangkun/SimTAO/analysis/calibrate/include/TAORunData.h:44,
                 from /dybfs/users/xuhangkun/SimTAO/analysis/calibrate/src/NonLinearCalibration.cpp:2:
/cvmfs/juno.ihep.ac.cn/centos7_amd64_gcc830/Pre-Release/J20v1r0-Pre2/ExternalLibs/ROOT/6.20.02/include/TObjArray.h:125:59: error: ‘ptrdiff_t’ is not a member of ‘std’
                                            TObject*, std::ptrdiff_t,
                                                           ^~~~~~~~~
/cvmfs/juno.ihep.ac.cn/centos7_amd64_gcc830/Pre-Release/J20v1r0-Pre2/ExternalLibs/ROOT/6.20.02/include/TObjArray.h:125:59: note: suggested alternative:
In file included from /cvmfs/juno.ihep.ac.cn/centos7_amd64_gcc830/contrib/gcc/8.3.0/include/c++/8.3.0/bits/cxxabi_init_exception.h:38,
                 from /cvmfs/juno.ihep.ac.cn/centos7_amd64_gcc830/contrib/gcc/8.3.0/include/c++/8.3.0/bits/exception_ptr.h:38,
                 from /cvmfs/juno.ihep.ac.cn/centos7_amd64_gcc830/contrib/gcc/8.3.0/include/c++/8.3.0/exception:143,
                 from /cvmfs/juno.ihep.ac.cn/centos7_amd64_gcc830/contrib/gcc/8.3.0/include/c++/8.3.0/new:40,
                 from /cvmfs/juno.ihep.ac.cn/centos7_amd64_gcc830/contrib/gcc/8.3.0/include/c++/8.3.0/ext/new_allocator.h:33,
                 from /cvmfs/juno.ihep.ac.cn/centos7_amd64_gcc830/contrib/gcc/8.3.0/include/c++/8.3.0/x86_64-pc-linux-gnu/bits/c++allocator.h:33,
                 from /cvmfs/juno.ihep.ac.cn/centos7_amd64_gcc830/contrib/gcc/8.3.0/include/c++/8.3.0/bits/allocator.h:46,
                 from /cvmfs/juno.ihep.ac.cn/centos7_amd64_gcc830/contrib/gcc/8.3.0/include/c++/8.3.0/string:41,
                 from /dybfs/users/xuhangkun/SimTAO/analysis/calibrate/include/RunData.h:43,
                 from /dybfs/users/xuhangkun/SimTAO/analysis/calibrate/include/TAORunData.h:44,
                 from /dybfs/users/xuhangkun/SimTAO/analysis/calibrate/src/NonLinearCalibration.cpp:2:
/cvmfs/juno.ihep.ac.cn/centos7_amd64_gcc830/contrib/gcc/8.3.0/lib/gcc/x86_64-pc-linux-gnu/8.3.0/include/stddef.h:149:26: note:   ‘ptrdiff_t’
 typedef __PTRDIFF_TYPE__ ptrdiff_t;
                          ^~~~~~~~~
In file included from /cvmfs/juno.ihep.ac.cn/centos7_amd64_gcc830/Pre-Release/J20v1r0-Pre2/ExternalLibs/ROOT/6.20.02/include/TClass.h:25,
                 from /cvmfs/juno.ihep.ac.cn/centos7_amd64_gcc830/Pre-Release/J20v1r0-Pre2/ExternalLibs/ROOT/6.20.02/include/TBuffer.h:26,
                 from /cvmfs/juno.ihep.ac.cn/centos7_amd64_gcc830/Pre-Release/J20v1r0-Pre2/ExternalLibs/ROOT/6.20.02/include/TDirectory.h:24,
                 from /cvmfs/juno.ihep.ac.cn/centos7_amd64_gcc830/Pre-Release/J20v1r0-Pre2/ExternalLibs/ROOT/6.20.02/include/TDirectoryFile.h:25,
                 from /cvmfs/juno.ihep.ac.cn/centos7_amd64_gcc830/Pre-Release/J20v1r0-Pre2/ExternalLibs/ROOT/6.20.02/include/TFile.h:27,
                 from /dybfs/users/xuhangkun/SimTAO/analysis/calibrate/include/RunData.h:44,
                 from /dybfs/users/xuhangkun/SimTAO/analysis/calibrate/include/TAORunData.h:44,
                 from /dybfs/users/xuhangkun/SimTAO/analysis/calibrate/src/NonLinearCalibration.cpp:2:
/cvmfs/juno.ihep.ac.cn/centos7_amd64_gcc830/Pre-Release/J20v1r0-Pre2/ExternalLibs/ROOT/6.20.02/include/TObjArray.h:126:76: error: template argument 3 is invalid
                                            const TObject**, const TObject*&> {
                                                                            ^
In file included from /cvmfs/juno.ihep.ac.cn/centos7_amd64_gcc830/contrib/gcc/8.3.0/include/c++/8.3.0/bits/hashtable.h:35,
                 from /cvmfs/juno.ihep.ac.cn/centos7_amd64_gcc830/contrib/gcc/8.3.0/include/c++/8.3.0/unordered_set:46,
                 from /cvmfs/juno.ihep.ac.cn/centos7_amd64_gcc830/Pre-Release/J20v1r0-Pre2/ExternalLibs/ROOT/6.20.02/include/TClass.h:31,
                 from /cvmfs/juno.ihep.ac.cn/centos7_amd64_gcc830/Pre-Release/J20v1r0-Pre2/ExternalLibs/ROOT/6.20.02/include/TBuffer.h:26,
                 from /cvmfs/juno.ihep.ac.cn/centos7_amd64_gcc830/Pre-Release/J20v1r0-Pre2/ExternalLibs/ROOT/6.20.02/include/TDirectory.h:24,
                 from /cvmfs/juno.ihep.ac.cn/centos7_amd64_gcc830/Pre-Release/J20v1r0-Pre2/ExternalLibs/ROOT/6.20.02/include/TDirectoryFile.h:25,
                 from /cvmfs/juno.ihep.ac.cn/centos7_amd64_gcc830/Pre-Release/J20v1r0-Pre2/ExternalLibs/ROOT/6.20.02/include/TFile.h:27,
                 from /dybfs/users/xuhangkun/SimTAO/analysis/calibrate/include/RunData.h:44,
                 from /dybfs/users/xuhangkun/SimTAO/analysis/calibrate/include/TAORunData.h:44,
                 from /dybfs/users/xuhangkun/SimTAO/analysis/calibrate/src/NonLinearCalibration.cpp:2:
/cvmfs/juno.ihep.ac.cn/centos7_amd64_gcc830/contrib/gcc/8.3.0/include/c++/8.3.0/bits/hashtable_policy.h:267:12: error: ‘size_t’ in namespace ‘std’ does not name a type
       std::size_t  _M_hash_code;
            ^~~~~~
/cvmfs/juno.ihep.ac.cn/centos7_amd64_gcc830/contrib/gcc/8.3.0/include/c++/8.3.0/bits/hashtable_policy.h:267:7: note: suggested alternative: ‘set’
       std::size_t  _M_hash_code;
       ^~~
       set
/cvmfs/juno.ihep.ac.cn/centos7_amd64_gcc830/contrib/gcc/8.3.0/include/c++/8.3.0/bits/hashtable_policy.h:328:20: error: ‘ptrdiff_t’ in namespace ‘std’ does not name a type
       typedef std::ptrdiff_t    difference_type;
                    ^~~~~~~~~
/cvmfs/juno.ihep.ac.cn/centos7_amd64_gcc830/contrib/gcc/8.3.0/include/c++/8.3.0/bits/hashtable_policy.h:379:20: error: ‘ptrdiff_t’ in namespace ‘std’ does not name a type
       typedef std::ptrdiff_t    difference_type;
                    ^~~~~~~~~
/cvmfs/juno.ihep.ac.cn/centos7_amd64_gcc830/contrib/gcc/8.3.0/include/c++/8.3.0/bits/hashtable_policy.h:427:18: error: ‘size_t’ in namespace ‘std’ does not name a type
     typedef std::size_t first_argument_type;
                  ^~~~~~
/cvmfs/juno.ihep.ac.cn/centos7_amd64_gcc830/contrib/gcc/8.3.0/include/c++/8.3.0/bits/hashtable_policy.h:427:13: note: suggested alternative: ‘set’
     typedef std::size_t first_argument_type;
             ^~~
             set
/cvmfs/juno.ihep.ac.cn/centos7_amd64_gcc830/contrib/gcc/8.3.0/include/c++/8.3.0/bits/hashtable_policy.h:428:18: error: ‘size_t’ in namespace ‘std’ does not name a type
     typedef std::size_t second_argument_type;
                  ^~~~~~
/cvmfs/juno.ihep.ac.cn/centos7_amd64_gcc830/contrib/gcc/8.3.0/include/c++/8.3.0/bits/hashtable_policy.h:428:13: note: suggested alternative: ‘set’
     typedef std::size_t second_argument_type;
             ^~~
             set
/cvmfs/juno.ihep.ac.cn/centos7_amd64_gcc830/contrib/gcc/8.3.0/include/c++/8.3.0/bits/hashtable_policy.h:429:18: error: ‘size_t’ in namespace ‘std’ does not name a type
     typedef std::size_t result_type;
                  ^~~~~~
/cvmfs/juno.ihep.ac.cn/centos7_amd64_gcc830/contrib/gcc/8.3.0/include/c++/8.3.0/bits/hashtable_policy.h:429:13: note: suggested alternative: ‘set’
     typedef std::size_t result_type;
             ^~~
             set
/cvmfs/juno.ihep.ac.cn/centos7_amd64_gcc830/contrib/gcc/8.3.0/include/c++/8.3.0/bits/hashtable_policy.h:431:5: error: ‘result_type’ does not name a type; did you mean ‘result_of’?
     result_type
     ^~~~~~~~~~~
     result_of
/cvmfs/juno.ihep.ac.cn/centos7_amd64_gcc830/contrib/gcc/8.3.0/include/c++/8.3.0/bits/hashtable_policy.h:458:10: error: ‘size_t’ in namespace ‘std’ does not name a type
     std::size_t
          ^~~~~~
/cvmfs/juno.ihep.ac.cn/centos7_amd64_gcc830/contrib/gcc/8.3.0/include/c++/8.3.0/bits/hashtable_policy.h:458:5: note: suggested alternative: ‘set’
     std::size_t
     ^~~
     set
/cvmfs/juno.ihep.ac.cn/centos7_amd64_gcc830/contrib/gcc/8.3.0/include/c++/8.3.0/bits/hashtable_policy.h:462:10: error: ‘size_t’ in namespace ‘std’ does not name a type
     std::size_t
          ^~~~~~
/cvmfs/juno.ihep.ac.cn/centos7_amd64_gcc830/contrib/gcc/8.3.0/include/c++/8.3.0/bits/hashtable_policy.h:462:5: note: suggested alternative: ‘set’
     std::size_t
     ^~~
     set
/cvmfs/juno.ihep.ac.cn/centos7_amd64_gcc830/contrib/gcc/8.3.0/include/c++/8.3.0/bits/hashtable_policy.h:470:26: error: ‘size_t’ is not a member of ‘std’
     std::pair<bool, std::size_t>
                          ^~~~~~
/cvmfs/juno.ihep.ac.cn/centos7_amd64_gcc830/contrib/gcc/8.3.0/include/c++/8.3.0/bits/hashtable_policy.h:470:26: note: suggested alternative: ‘set’
     std::pair<bool, std::size_t>
                          ^~~~~~
                          set
/cvmfs/juno.ihep.ac.cn/centos7_amd64_gcc830/contrib/gcc/8.3.0/include/c++/8.3.0/bits/hashtable_policy.h:470:26: error: ‘size_t’ is not a member of ‘std’
/cvmfs/juno.ihep.ac.cn/centos7_amd64_gcc830/contrib/gcc/8.3.0/include/c++/8.3.0/bits/hashtable_policy.h:470:26: note: suggested alternative: ‘set’
     std::pair<bool, std::size_t>
                          ^~~~~~
                          set
/cvmfs/juno.ihep.ac.cn/centos7_amd64_gcc830/contrib/gcc/8.3.0/include/c++/8.3.0/bits/hashtable_policy.h:470:32: error: template argument 2 is invalid
     std::pair<bool, std::size_t>
                                ^
/cvmfs/juno.ihep.ac.cn/centos7_amd64_gcc830/contrib/gcc/8.3.0/include/c++/8.3.0/bits/hashtable_policy.h:471:25: error: ‘std::size_t’ has not been declared
     _M_need_rehash(std::size_t __n_bkt, std::size_t __n_elt,
                         ^~~~~~
/cvmfs/juno.ihep.ac.cn/centos7_amd64_gcc830/contrib/gcc/8.3.0/include/c++/8.3.0/bits/hashtable_policy.h:471:46: error: ‘std::size_t’ has not been declared
     _M_need_rehash(std::size_t __n_bkt, std::size_t __n_elt,
                                              ^~~~~~
/cvmfs/juno.ihep.ac.cn/centos7_amd64_gcc830/contrib/gcc/8.3.0/include/c++/8.3.0/bits/hashtable_policy.h:472:11: error: ‘std::size_t’ has not been declared
      std::size_t __n_ins) const;
           ^~~~~~
/cvmfs/juno.ihep.ac.cn/centos7_amd64_gcc830/contrib/gcc/8.3.0/include/c++/8.3.0/bits/hashtable_policy.h:474:18: error: ‘size_t’ in namespace ‘std’ does not name a type
     typedef std::size_t _State;
                  ^~~~~~
/cvmfs/juno.ihep.ac.cn/centos7_amd64_gcc830/contrib/gcc/8.3.0/include/c++/8.3.0/bits/hashtable_policy.h:474:13: note: suggested alternative: ‘set’
     typedef std::size_t _State;
             ^~~
             set
/cvmfs/juno.ihep.ac.cn/centos7_amd64_gcc830/contrib/gcc/8.3.0/include/c++/8.3.0/bits/hashtable_policy.h:476:5: error: ‘_State’ does not name a type; did you mean ‘_S_ate’?
     _State
     ^~~~~~
     _S_ate
/cvmfs/juno.ihep.ac.cn/centos7_amd64_gcc830/contrib/gcc/8.3.0/include/c++/8.3.0/bits/hashtable_policy.h:485:14: error: ‘_State’ has not been declared
     _M_reset(_State __state)
              ^~~~~~
/cvmfs/juno.ihep.ac.cn/centos7_amd64_gcc830/contrib/gcc/8.3.0/include/c++/8.3.0/bits/hashtable_policy.h:488:23: error: ‘size_t’ in namespace ‘std’ does not name a type
     static const std::size_t _S_growth_factor = 2;
                       ^~~~~~
/cvmfs/juno.ihep.ac.cn/centos7_amd64_gcc830/contrib/gcc/8.3.0/include/c++/8.3.0/bits/hashtable_policy.h:488:18: note: suggested alternative: ‘set’
     static const std::size_t _S_growth_factor = 2;
                  ^~~
                  set
/cvmfs/juno.ihep.ac.cn/centos7_amd64_gcc830/contrib/gcc/8.3.0/include/c++/8.3.0/bits/hashtable_policy.h:491:18: error: ‘size_t’ in namespace ‘std’ does not name a type
     mutable std::size_t _M_next_resize;
                  ^~~~~~
/cvmfs/juno.ihep.ac.cn/centos7_amd64_gcc830/contrib/gcc/8.3.0/include/c++/8.3.0/bits/hashtable_policy.h:491:13: note: suggested alternative: ‘set’
     mutable std::size_t _M_next_resize;
             ^~~
             set
/cvmfs/juno.ihep.ac.cn/centos7_amd64_gcc830/contrib/gcc/8.3.0/include/c++/8.3.0/bits/hashtable_policy.h: In constructor ‘std::__detail::_Prime_rehash_policy::_Prime_rehash_policy(float)’:
/cvmfs/juno.ihep.ac.cn/centos7_amd64_gcc830/contrib/gcc/8.3.0/include/c++/8.3.0/bits/hashtable_policy.h:451:32: error: class ‘std::__detail::_Prime_rehash_policy’ does not have any field named ‘_M_next_resize’
     : _M_max_load_factor(__z), _M_next_resize(0) { }
                                ^~~~~~~~~~~~~~
/cvmfs/juno.ihep.ac.cn/centos7_amd64_gcc830/contrib/gcc/8.3.0/include/c++/8.3.0/bits/hashtable_policy.h: In member function ‘void std::__detail::_Prime_rehash_policy::_M_reset()’:
/cvmfs/juno.ihep.ac.cn/centos7_amd64_gcc830/contrib/gcc/8.3.0/include/c++/8.3.0/bits/hashtable_policy.h:482:7: error: ‘_M_next_resize’ was not declared in this scope
     { _M_next_resize = 0; }
       ^~~~~~~~~~~~~~
/cvmfs/juno.ihep.ac.cn/centos7_amd64_gcc830/contrib/gcc/8.3.0/include/c++/8.3.0/bits/hashtable_policy.h:482:7: note: suggested alternative: ‘_M_need_rehash’
     { _M_next_resize = 0; }
       ^~~~~~~~~~~~~~
       _M_need_rehash
/cvmfs/juno.ihep.ac.cn/centos7_amd64_gcc830/contrib/gcc/8.3.0/include/c++/8.3.0/bits/hashtable_policy.h: In member function ‘void std::__detail::_Prime_rehash_policy::_M_reset(int)’:
/cvmfs/juno.ihep.ac.cn/centos7_amd64_gcc830/contrib/gcc/8.3.0/include/c++/8.3.0/bits/hashtable_policy.h:486:7: error: ‘_M_next_resize’ was not declared in this scope
     { _M_next_resize = __state; }
       ^~~~~~~~~~~~~~
/cvmfs/juno.ihep.ac.cn/centos7_amd64_gcc830/contrib/gcc/8.3.0/include/c++/8.3.0/bits/hashtable_policy.h:486:7: note: suggested alternative: ‘_M_need_rehash’
     { _M_next_resize = __state; }
       ^~~~~~~~~~~~~~
       _M_need_rehash
/cvmfs/juno.ihep.ac.cn/centos7_amd64_gcc830/contrib/gcc/8.3.0/include/c++/8.3.0/bits/hashtable_policy.h: At global scope:
/cvmfs/juno.ihep.ac.cn/centos7_amd64_gcc830/contrib/gcc/8.3.0/include/c++/8.3.0/bits/hashtable_policy.h:497:18: error: ‘size_t’ in namespace ‘std’ does not name a type
     typedef std::size_t first_argument_type;
                  ^~~~~~
/cvmfs/juno.ihep.ac.cn/centos7_amd64_gcc830/contrib/gcc/8.3.0/include/c++/8.3.0/bits/hashtable_policy.h:497:13: note: suggested alternative: ‘set’
     typedef std::size_t first_argument_type;
             ^~~
             set
/cvmfs/juno.ihep.ac.cn/centos7_amd64_gcc830/contrib/gcc/8.3.0/include/c++/8.3.0/bits/hashtable_policy.h:498:18: error: ‘size_t’ in namespace ‘std’ does not name a type
     typedef std::size_t second_argument_type;
                  ^~~~~~
/cvmfs/juno.ihep.ac.cn/centos7_amd64_gcc830/contrib/gcc/8.3.0/include/c++/8.3.0/bits/hashtable_policy.h:498:13: note: suggested alternative: ‘set’
     typedef std::size_t second_argument_type;
             ^~~
             set
/cvmfs/juno.ihep.ac.cn/centos7_amd64_gcc830/contrib/gcc/8.3.0/include/c++/8.3.0/bits/hashtable_policy.h:499:18: error: ‘size_t’ in namespace ‘std’ does not name a type
     typedef std::size_t result_type;
                  ^~~~~~
/cvmfs/juno.ihep.ac.cn/centos7_amd64_gcc830/contrib/gcc/8.3.0/include/c++/8.3.0/bits/hashtable_policy.h:499:13: note: suggested alternative: ‘set’
     typedef std::size_t result_type;
             ^~~
             set
/cvmfs/juno.ihep.ac.cn/centos7_amd64_gcc830/contrib/gcc/8.3.0/include/c++/8.3.0/bits/hashtable_policy.h:501:5: error: ‘result_type’ does not name a type; did you mean ‘result_of’?
     result_type
     ^~~~~~~~~~~
     result_of
/cvmfs/juno.ihep.ac.cn/centos7_amd64_gcc830/contrib/gcc/8.3.0/include/c++/8.3.0/bits/hashtable_policy.h:509:15: error: ‘size_t’ in namespace ‘std’ does not name a type
   inline std::size_t
               ^~~~~~
/cvmfs/juno.ihep.ac.cn/centos7_amd64_gcc830/contrib/gcc/8.3.0/include/c++/8.3.0/bits/hashtable_policy.h:509:10: note: suggested alternative: ‘set’
   inline std::size_t
          ^~~
          set
/cvmfs/juno.ihep.ac.cn/centos7_amd64_gcc830/contrib/gcc/8.3.0/include/c++/8.3.0/bits/hashtable_policy.h:545:10: error: ‘size_t’ in namespace ‘std’ does not name a type
     std::size_t
          ^~~~~~
/cvmfs/juno.ihep.ac.cn/centos7_amd64_gcc830/contrib/gcc/8.3.0/include/c++/8.3.0/bits/hashtable_policy.h:545:5: note: suggested alternative: ‘set’
     std::size_t
     ^~~
     set
/cvmfs/juno.ihep.ac.cn/centos7_amd64_gcc830/contrib/gcc/8.3.0/include/c++/8.3.0/bits/hashtable_policy.h:571:10: error: ‘size_t’ in namespace ‘std’ does not name a type
     std::size_t
          ^~~~~~
/cvmfs/juno.ihep.ac.cn/centos7_amd64_gcc830/contrib/gcc/8.3.0/include/c++/8.3.0/bits/hashtable_policy.h:571:5: note: suggested alternative: ‘set’
     std::size_t
     ^~~
     set
/cvmfs/juno.ihep.ac.cn/centos7_amd64_gcc830/contrib/gcc/8.3.0/include/c++/8.3.0/bits/hashtable_policy.h:579:26: error: ‘size_t’ is not a member of ‘std’
     std::pair<bool, std::size_t>
                          ^~~~~~
/cvmfs/juno.ihep.ac.cn/centos7_amd64_gcc830/contrib/gcc/8.3.0/include/c++/8.3.0/bits/hashtable_policy.h:579:26: note: suggested alternative: ‘set’
     std::pair<bool, std::size_t>
                          ^~~~~~
                          set
/cvmfs/juno.ihep.ac.cn/centos7_amd64_gcc830/contrib/gcc/8.3.0/include/c++/8.3.0/bits/hashtable_policy.h:579:26: error: ‘size_t’ is not a member of ‘std’
/cvmfs/juno.ihep.ac.cn/centos7_amd64_gcc830/contrib/gcc/8.3.0/include/c++/8.3.0/bits/hashtable_policy.h:579:26: note: suggested alternative: ‘set’
     std::pair<bool, std::size_t>
                          ^~~~~~
                          set
/cvmfs/juno.ihep.ac.cn/centos7_amd64_gcc830/contrib/gcc/8.3.0/include/c++/8.3.0/bits/hashtable_policy.h:579:32: error: template argument 2 is invalid
     std::pair<bool, std::size_t>
                                ^
/cvmfs/juno.ihep.ac.cn/centos7_amd64_gcc830/contrib/gcc/8.3.0/include/c++/8.3.0/bits/hashtable_policy.h:580:25: error: ‘std::size_t’ has not been declared
     _M_need_rehash(std::size_t __n_bkt, std::size_t __n_elt,
                         ^~~~~~
/cvmfs/juno.ihep.ac.cn/centos7_amd64_gcc830/contrib/gcc/8.3.0/include/c++/8.3.0/bits/hashtable_policy.h:580:46: error: ‘std::size_t’ has not been declared
     _M_need_rehash(std::size_t __n_bkt, std::size_t __n_elt,
                                              ^~~~~~
/cvmfs/juno.ihep.ac.cn/centos7_amd64_gcc830/contrib/gcc/8.3.0/include/c++/8.3.0/bits/hashtable_policy.h:581:11: error: ‘std::size_t’ has not been declared
      std::size_t __n_ins) noexcept
           ^~~~~~
/cvmfs/juno.ihep.ac.cn/centos7_amd64_gcc830/contrib/gcc/8.3.0/include/c++/8.3.0/bits/hashtable_policy.h:600:18: error: ‘size_t’ in namespace ‘std’ does not name a type
     typedef std::size_t _State;
                  ^~~~~~
/cvmfs/juno.ihep.ac.cn/centos7_amd64_gcc830/contrib/gcc/8.3.0/include/c++/8.3.0/bits/hashtable_policy.h:600:13: note: suggested alternative: ‘set’
     typedef std::size_t _State;
             ^~~
             set
/cvmfs/juno.ihep.ac.cn/centos7_amd64_gcc830/contrib/gcc/8.3.0/include/c++/8.3.0/bits/hashtable_policy.h:602:5: error: ‘_State’ does not name a type; did you mean ‘_S_ate’?
     _State
     ^~~~~~
     _S_ate
/cvmfs/juno.ihep.ac.cn/centos7_amd64_gcc830/contrib/gcc/8.3.0/include/c++/8.3.0/bits/hashtable_policy.h:611:14: error: ‘_State’ has not been declared
     _M_reset(_State __state) noexcept
              ^~~~~~
/cvmfs/juno.ihep.ac.cn/centos7_amd64_gcc830/contrib/gcc/8.3.0/include/c++/8.3.0/bits/hashtable_policy.h:614:23: error: ‘size_t’ in namespace ‘std’ does not name a type
     static const std::size_t _S_growth_factor = 2;
                       ^~~~~~
/cvmfs/juno.ihep.ac.cn/centos7_amd64_gcc830/contrib/gcc/8.3.0/include/c++/8.3.0/bits/hashtable_policy.h:614:18: note: suggested alternative: ‘set’
     static const std::size_t _S_growth_factor = 2;
                  ^~~
                  set
/cvmfs/juno.ihep.ac.cn/centos7_amd64_gcc830/contrib/gcc/8.3.0/include/c++/8.3.0/bits/hashtable_policy.h:617:10: error: ‘size_t’ in namespace ‘std’ does not name a type
     std::size_t _M_next_resize;
          ^~~~~~
/cvmfs/juno.ihep.ac.cn/centos7_amd64_gcc830/contrib/gcc/8.3.0/include/c++/8.3.0/bits/hashtable_policy.h:617:5: note: suggested alternative: ‘set’
     std::size_t _M_next_resize;
     ^~~
     set
/cvmfs/juno.ihep.ac.cn/centos7_amd64_gcc830/contrib/gcc/8.3.0/include/c++/8.3.0/bits/hashtable_policy.h: In constructor ‘std::__detail::_Power2_rehash_policy::_Power2_rehash_policy(float)’:
/cvmfs/juno.ihep.ac.cn/centos7_amd64_gcc830/contrib/gcc/8.3.0/include/c++/8.3.0/bits/hashtable_policy.h:537:32: error: class ‘std::__detail::_Power2_rehash_policy’ does not have any field named ‘_M_next_resize’
     : _M_max_load_factor(__z), _M_next_resize(0) { }
                                ^~~~~~~~~~~~~~
/cvmfs/juno.ihep.ac.cn/centos7_amd64_gcc830/contrib/gcc/8.3.0/include/c++/8.3.0/bits/hashtable_policy.h: In member function ‘int std::__detail::_Power2_rehash_policy::_M_need_rehash(int, int, int)’:
/cvmfs/juno.ihep.ac.cn/centos7_amd64_gcc830/contrib/gcc/8.3.0/include/c++/8.3.0/bits/hashtable_policy.h:583:32: error: ‘_M_next_resize’ was not declared in this scope
       if (__n_elt + __n_ins >= _M_next_resize)
                                ^~~~~~~~~~~~~~
/cvmfs/juno.ihep.ac.cn/centos7_amd64_gcc830/contrib/gcc/8.3.0/include/c++/8.3.0/bits/hashtable_policy.h:583:32: note: suggested alternative: ‘_M_need_rehash’
       if (__n_elt + __n_ins >= _M_next_resize)
                                ^~~~~~~~~~~~~~
                                _M_need_rehash
/cvmfs/juno.ihep.ac.cn/centos7_amd64_gcc830/contrib/gcc/8.3.0/include/c++/8.3.0/bits/hashtable_policy.h:589:34: error: ‘size_t’ is not a member of ‘std’
        _M_next_bkt(std::max<std::size_t>(__builtin_floor(__min_bkts) + 1,
                                  ^~~~~~
/cvmfs/juno.ihep.ac.cn/centos7_amd64_gcc830/contrib/gcc/8.3.0/include/c++/8.3.0/bits/hashtable_policy.h:589:34: note: suggested alternative: ‘set’
        _M_next_bkt(std::max<std::size_t>(__builtin_floor(__min_bkts) + 1,
                                  ^~~~~~
                                  set
/cvmfs/juno.ihep.ac.cn/centos7_amd64_gcc830/contrib/gcc/8.3.0/include/c++/8.3.0/bits/hashtable_policy.h:589:34: error: ‘size_t’ is not a member of ‘std’
/cvmfs/juno.ihep.ac.cn/centos7_amd64_gcc830/contrib/gcc/8.3.0/include/c++/8.3.0/bits/hashtable_policy.h:589:34: note: suggested alternative: ‘set’
        _M_next_bkt(std::max<std::size_t>(__builtin_floor(__min_bkts) + 1,
                                  ^~~~~~
                                  set
/cvmfs/juno.ihep.ac.cn/centos7_amd64_gcc830/contrib/gcc/8.3.0/include/c++/8.3.0/bits/hashtable_policy.h:590:17: error: ‘_S_growth_factor’ was not declared in this scope
       __n_bkt * _S_growth_factor)));
                 ^~~~~~~~~~~~~~~~
/cvmfs/juno.ihep.ac.cn/centos7_amd64_gcc830/contrib/gcc/8.3.0/include/c++/8.3.0/bits/hashtable_policy.h:590:17: note: suggested alternative: ‘max_load_factor’
       __n_bkt * _S_growth_factor)));
                 ^~~~~~~~~~~~~~~~
                 max_load_factor
/cvmfs/juno.ihep.ac.cn/centos7_amd64_gcc830/contrib/gcc/8.3.0/include/c++/8.3.0/bits/hashtable_policy.h:589:8: error: ‘_M_next_bkt’ was not declared in this scope
        _M_next_bkt(std::max<std::size_t>(__builtin_floor(__min_bkts) + 1,
        ^~~~~~~~~~~
/cvmfs/juno.ihep.ac.cn/centos7_amd64_gcc830/contrib/gcc/8.3.0/include/c++/8.3.0/bits/hashtable_policy.h:589:8: note: suggested alternative: ‘__n_bkt’
        _M_next_bkt(std::max<std::size_t>(__builtin_floor(__min_bkts) + 1,
        ^~~~~~~~~~~
        __n_bkt
/cvmfs/juno.ihep.ac.cn/centos7_amd64_gcc830/contrib/gcc/8.3.0/include/c++/8.3.0/bits/hashtable_policy.h:594:34: error: cannot convert ‘std::pair<bool, int>’ to ‘int’ in return
    return std::make_pair(false, 0);
                                  ^
/cvmfs/juno.ihep.ac.cn/centos7_amd64_gcc830/contrib/gcc/8.3.0/include/c++/8.3.0/bits/hashtable_policy.h:597:32: error: cannot convert ‘std::pair<bool, int>’ to ‘int’ in return
  return std::make_pair(false, 0);
                                ^
/cvmfs/juno.ihep.ac.cn/centos7_amd64_gcc830/contrib/gcc/8.3.0/include/c++/8.3.0/bits/hashtable_policy.h: In member function ‘void std::__detail::_Power2_rehash_policy::_M_reset()’:
/cvmfs/juno.ihep.ac.cn/centos7_amd64_gcc830/contrib/gcc/8.3.0/include/c++/8.3.0/bits/hashtable_policy.h:608:7: error: ‘_M_next_resize’ was not declared in this scope
     { _M_next_resize = 0; }
       ^~~~~~~~~~~~~~
/cvmfs/juno.ihep.ac.cn/centos7_amd64_gcc830/contrib/gcc/8.3.0/include/c++/8.3.0/bits/hashtable_policy.h:608:7: note: suggested alternative: ‘_M_need_rehash’
     { _M_next_resize = 0; }
       ^~~~~~~~~~~~~~
       _M_need_rehash
/cvmfs/juno.ihep.ac.cn/centos7_amd64_gcc830/contrib/gcc/8.3.0/include/c++/8.3.0/bits/hashtable_policy.h: In member function ‘void std::__detail::_Power2_rehash_policy::_M_reset(int)’:
/cvmfs/juno.ihep.ac.cn/centos7_amd64_gcc830/contrib/gcc/8.3.0/include/c++/8.3.0/bits/hashtable_policy.h:612:7: error: ‘_M_next_resize’ was not declared in this scope
     { _M_next_resize = __state; }
       ^~~~~~~~~~~~~~
/cvmfs/juno.ihep.ac.cn/centos7_amd64_gcc830/contrib/gcc/8.3.0/include/c++/8.3.0/bits/hashtable_policy.h:612:7: note: suggested alternative: ‘_M_need_rehash’
     { _M_next_resize = __state; }
       ^~~~~~~~~~~~~~
       _M_need_rehash
/cvmfs/juno.ihep.ac.cn/centos7_amd64_gcc830/contrib/gcc/8.3.0/include/c++/8.3.0/bits/hashtable_policy.h: At global scope:
/cvmfs/juno.ihep.ac.cn/centos7_amd64_gcc830/contrib/gcc/8.3.0/include/c++/8.3.0/bits/hashtable_policy.h:680:7: error: ‘mapped_type’ does not name a type; did you mean ‘false_type’?
       mapped_type&
       ^~~~~~~~~~~
       false_type
/cvmfs/juno.ihep.ac.cn/centos7_amd64_gcc830/contrib/gcc/8.3.0/include/c++/8.3.0/bits/hashtable_policy.h:683:7: error: ‘mapped_type’ does not name a type; did you mean ‘false_type’?
       mapped_type&
       ^~~~~~~~~~~
       false_type
/cvmfs/juno.ihep.ac.cn/centos7_amd64_gcc830/contrib/gcc/8.3.0/include/c++/8.3.0/bits/hashtable_policy.h:688:7: error: ‘mapped_type’ does not name a type; did you mean ‘false_type’?
       mapped_type&
       ^~~~~~~~~~~
       false_type
/cvmfs/juno.ihep.ac.cn/centos7_amd64_gcc830/contrib/gcc/8.3.0/include/c++/8.3.0/bits/hashtable_policy.h:691:13: error: ‘mapped_type’ does not name a type; did you mean ‘false_type’?
       const mapped_type&
             ^~~~~~~~~~~
             false_type
/cvmfs/juno.ihep.ac.cn/centos7_amd64_gcc830/contrib/gcc/8.3.0/include/c++/8.3.0/bits/hashtable_policy.h:702:8: error: ‘mapped_type’ does not name a type; did you mean ‘false_type’?
     -> mapped_type&
        ^~~~~~~~~~~
        false_type
/cvmfs/juno.ihep.ac.cn/centos7_amd64_gcc830/contrib/gcc/8.3.0/include/c++/8.3.0/bits/hashtable_policy.h:702:19: error: expected initializer before ‘&’ token
     -> mapped_type&
                   ^
/cvmfs/juno.ihep.ac.cn/centos7_amd64_gcc830/contrib/gcc/8.3.0/include/c++/8.3.0/bits/hashtable_policy.h:727:8: error: ‘mapped_type’ does not name a type; did you mean ‘false_type’?
     -> mapped_type&
        ^~~~~~~~~~~
        false_type
/cvmfs/juno.ihep.ac.cn/centos7_amd64_gcc830/contrib/gcc/8.3.0/include/c++/8.3.0/bits/hashtable_policy.h:727:19: error: expected initializer before ‘&’ token
     -> mapped_type&
                   ^
/cvmfs/juno.ihep.ac.cn/centos7_amd64_gcc830/contrib/gcc/8.3.0/include/c++/8.3.0/bits/hashtable_policy.h:752:8: error: ‘mapped_type’ does not name a type; did you mean ‘false_type’?
     -> mapped_type&
        ^~~~~~~~~~~
        false_type
/cvmfs/juno.ihep.ac.cn/centos7_amd64_gcc830/contrib/gcc/8.3.0/include/c++/8.3.0/bits/hashtable_policy.h:752:19: error: expected initializer before ‘&’ token
     -> mapped_type&
                   ^
/cvmfs/juno.ihep.ac.cn/centos7_amd64_gcc830/contrib/gcc/8.3.0/include/c++/8.3.0/bits/hashtable_policy.h:771:14: error: expected initializer before ‘mapped_type’
     -> const mapped_type&
              ^~~~~~~~~~~
/cvmfs/juno.ihep.ac.cn/centos7_amd64_gcc830/contrib/gcc/8.3.0/include/c++/8.3.0/bits/hashtable_policy.h: In member function ‘void std::__detail::_Insert_base<_Key, _Value, _Alloc, _ExtractKey, _Equal, _H1, _H2, _Hash, _RehashPolicy, _Traits>::_M_insert_range(_InputIterator, _InputIterator, const _NodeGetter&, std::false_type)’:
/cvmfs/juno.ihep.ac.cn/centos7_amd64_gcc830/contrib/gcc/8.3.0/include/c++/8.3.0/bits/hashtable_policy.h:898:41: error: ‘size_t’ is not a member of ‘std’
  using pair_type = std::pair<bool, std::size_t>;
                                         ^~~~~~
/cvmfs/juno.ihep.ac.cn/centos7_amd64_gcc830/contrib/gcc/8.3.0/include/c++/8.3.0/bits/hashtable_policy.h:898:41: note: suggested alternative: ‘set’
  using pair_type = std::pair<bool, std::size_t>;
                                         ^~~~~~
                                         set
/cvmfs/juno.ihep.ac.cn/centos7_amd64_gcc830/contrib/gcc/8.3.0/include/c++/8.3.0/bits/hashtable_policy.h:898:41: error: ‘size_t’ is not a member of ‘std’
/cvmfs/juno.ihep.ac.cn/centos7_amd64_gcc830/contrib/gcc/8.3.0/include/c++/8.3.0/bits/hashtable_policy.h:898:41: note: suggested alternative: ‘set’
  using pair_type = std::pair<bool, std::size_t>;
                                         ^~~~~~
                                         set
/cvmfs/juno.ihep.ac.cn/centos7_amd64_gcc830/contrib/gcc/8.3.0/include/c++/8.3.0/bits/hashtable_policy.h:898:47: error: template argument 2 is invalid
  using pair_type = std::pair<bool, std::size_t>;
                                               ^
/cvmfs/juno.ihep.ac.cn/centos7_amd64_gcc830/contrib/gcc/8.3.0/include/c++/8.3.0/bits/hashtable_policy.h:907:2: error: ‘pair_type’ was not declared in this scope
  pair_type __do_rehash = __rehash._M_need_rehash(__h._M_bucket_count,
  ^~~~~~~~~
/cvmfs/juno.ihep.ac.cn/centos7_amd64_gcc830/contrib/gcc/8.3.0/include/c++/8.3.0/bits/hashtable_policy.h:907:2: note: suggested alternative: ‘value_type’
  pair_type __do_rehash = __rehash._M_need_rehash(__h._M_bucket_count,
  ^~~~~~~~~
  value_type
/cvmfs/juno.ihep.ac.cn/centos7_amd64_gcc830/contrib/gcc/8.3.0/include/c++/8.3.0/bits/hashtable_policy.h:911:6: error: ‘__do_rehash’ was not declared in this scope
  if (__do_rehash.first)
      ^~~~~~~~~~~
/cvmfs/juno.ihep.ac.cn/centos7_amd64_gcc830/contrib/gcc/8.3.0/include/c++/8.3.0/bits/hashtable_policy.h:911:6: note: suggested alternative: ‘__rehash’
  if (__do_rehash.first)
      ^~~~~~~~~~~
      __rehash
/cvmfs/juno.ihep.ac.cn/centos7_amd64_gcc830/contrib/gcc/8.3.0/include/c++/8.3.0/bits/hashtable_policy.h: At global scope:
/cvmfs/juno.ihep.ac.cn/centos7_amd64_gcc830/contrib/gcc/8.3.0/include/c++/8.3.0/bits/hashtable_policy.h:1084:20: error: ‘std::size_t’ has not been declared
       reserve(std::size_t __n)
                    ^~~~~~
/cvmfs/juno.ihep.ac.cn/centos7_amd64_gcc830/contrib/gcc/8.3.0/include/c++/8.3.0/bits/hashtable_policy.h:1209:12: error: ‘size_t’ in namespace ‘std’ does not name a type
       std::size_t
            ^~~~~~
/cvmfs/juno.ihep.ac.cn/centos7_amd64_gcc830/contrib/gcc/8.3.0/include/c++/8.3.0/bits/hashtable_policy.h:1209:7: note: suggested alternative: ‘set’
       std::size_t
       ^~~
       set
/cvmfs/juno.ihep.ac.cn/centos7_amd64_gcc830/contrib/gcc/8.3.0/include/c++/8.3.0/bits/hashtable_policy.h:1213:12: error: ‘size_t’ in namespace ‘std’ does not name a type
       std::size_t
            ^~~~~~
/cvmfs/juno.ihep.ac.cn/centos7_amd64_gcc830/contrib/gcc/8.3.0/include/c++/8.3.0/bits/hashtable_policy.h:1213:7: note: suggested alternative: ‘set’
       std::size_t
       ^~~
       set
/cvmfs/juno.ihep.ac.cn/centos7_amd64_gcc830/contrib/gcc/8.3.0/include/c++/8.3.0/bits/hashtable_policy.h:1285:20: error: ‘size_t’ in namespace ‘std’ does not name a type
       typedef std::size_t     __hash_code;
                    ^~~~~~
/cvmfs/juno.ihep.ac.cn/centos7_amd64_gcc830/contrib/gcc/8.3.0/include/c++/8.3.0/bits/hashtable_policy.h:1285:15: note: suggested alternative: ‘set’
       typedef std::size_t     __hash_code;
               ^~~
               set
/cvmfs/juno.ihep.ac.cn/centos7_amd64_gcc830/contrib/gcc/8.3.0/include/c++/8.3.0/bits/hashtable_policy.h:1297:7: error: ‘__hash_code’ does not name a type; did you mean ‘_Hash_node’?
       __hash_code
       ^~~~~~~~~~~
       _Hash_node
/cvmfs/juno.ihep.ac.cn/centos7_amd64_gcc830/contrib/gcc/8.3.0/include/c++/8.3.0/bits/hashtable_policy.h:1301:12: error: ‘size_t’ in namespace ‘std’ does not name a type
       std::size_t
            ^~~~~~
/cvmfs/juno.ihep.ac.cn/centos7_amd64_gcc830/contrib/gcc/8.3.0/include/c++/8.3.0/bits/hashtable_policy.h:1301:7: note: suggested alternative: ‘set’
       std::size_t
       ^~~
       set
/cvmfs/juno.ihep.ac.cn/centos7_amd64_gcc830/contrib/gcc/8.3.0/include/c++/8.3.0/bits/hashtable_policy.h:1305:12: error: ‘size_t’ in namespace ‘std’ does not name a type
       std::size_t
            ^~~~~~
/cvmfs/juno.ihep.ac.cn/centos7_amd64_gcc830/contrib/gcc/8.3.0/include/c++/8.3.0/bits/hashtable_policy.h:1305:7: note: suggested alternative: ‘set’
       std::size_t
       ^~~
       set
/cvmfs/juno.ihep.ac.cn/centos7_amd64_gcc830/contrib/gcc/8.3.0/include/c++/8.3.0/bits/hashtable_policy.h:1313:35: error: ‘__hash_code’ has not been declared
       _M_store_code(__node_type*, __hash_code) const
                                   ^~~~~~~~~~~
/cvmfs/juno.ihep.ac.cn/centos7_amd64_gcc830/contrib/gcc/8.3.0/include/c++/8.3.0/bits/hashtable_policy.h:1375:20: error: ‘size_t’ in namespace ‘std’ does not name a type
       typedef std::size_t     __hash_code;
                    ^~~~~~
/cvmfs/juno.ihep.ac.cn/centos7_amd64_gcc830/contrib/gcc/8.3.0/include/c++/8.3.0/bits/hashtable_policy.h:1375:15: note: suggested alternative: ‘set’
       typedef std::size_t     __hash_code;
               ^~~
               set
/cvmfs/juno.ihep.ac.cn/centos7_amd64_gcc830/contrib/gcc/8.3.0/include/c++/8.3.0/bits/hashtable_policy.h:1385:7: error: ‘__hash_code’ does not name a type; did you mean ‘_Hash_node’?
       __hash_code
       ^~~~~~~~~~~
       _Hash_node
/cvmfs/juno.ihep.ac.cn/centos7_amd64_gcc830/contrib/gcc/8.3.0/include/c++/8.3.0/bits/hashtable_policy.h:1389:12: error: ‘size_t’ in namespace ‘std’ does not name a type
       std::size_t
            ^~~~~~
/cvmfs/juno.ihep.ac.cn/centos7_amd64_gcc830/contrib/gcc/8.3.0/include/c++/8.3.0/bits/hashtable_policy.h:1389:7: note: suggested alternative: ‘set’
       std::size_t
       ^~~
       set
/cvmfs/juno.ihep.ac.cn/centos7_amd64_gcc830/contrib/gcc/8.3.0/include/c++/8.3.0/bits/hashtable_policy.h:1394:12: error: ‘size_t’ in namespace ‘std’ does not name a type
       std::size_t
            ^~~~~~
/cvmfs/juno.ihep.ac.cn/centos7_amd64_gcc830/contrib/gcc/8.3.0/include/c++/8.3.0/bits/hashtable_policy.h:1394:7: note: suggested alternative: ‘set’
       std::size_t
       ^~~
       set
/cvmfs/juno.ihep.ac.cn/centos7_amd64_gcc830/contrib/gcc/8.3.0/include/c++/8.3.0/bits/hashtable_policy.h:1401:39: error: ‘__hash_code’ has not been declared
       _M_store_code(__node_type* __n, __hash_code __c) const
                                       ^~~~~~~~~~~
/cvmfs/juno.ihep.ac.cn/centos7_amd64_gcc830/contrib/gcc/8.3.0/include/c++/8.3.0/bits/hashtable_policy.h:1482:12: error: ‘std::size_t’ has not been declared
       std::size_t __bkt, std::size_t __bkt_count)
            ^~~~~~
/cvmfs/juno.ihep.ac.cn/centos7_amd64_gcc830/contrib/gcc/8.3.0/include/c++/8.3.0/bits/hashtable_policy.h:1482:31: error: ‘std::size_t’ has not been declared
       std::size_t __bkt, std::size_t __bkt_count)
                               ^~~~~~
/cvmfs/juno.ihep.ac.cn/centos7_amd64_gcc830/contrib/gcc/8.3.0/include/c++/8.3.0/bits/hashtable_policy.h:1501:12: error: ‘size_t’ in namespace ‘std’ does not name a type
       std::size_t _M_bucket;
            ^~~~~~
/cvmfs/juno.ihep.ac.cn/centos7_amd64_gcc830/contrib/gcc/8.3.0/include/c++/8.3.0/bits/hashtable_policy.h:1501:7: note: suggested alternative: ‘set’
       std::size_t _M_bucket;
       ^~~
       set
/cvmfs/juno.ihep.ac.cn/centos7_amd64_gcc830/contrib/gcc/8.3.0/include/c++/8.3.0/bits/hashtable_policy.h:1502:12: error: ‘size_t’ in namespace ‘std’ does not name a type
       std::size_t _M_bucket_count;
            ^~~~~~
/cvmfs/juno.ihep.ac.cn/centos7_amd64_gcc830/contrib/gcc/8.3.0/include/c++/8.3.0/bits/hashtable_policy.h:1502:7: note: suggested alternative: ‘set’
       std::size_t _M_bucket_count;
       ^~~
       set
/cvmfs/juno.ihep.ac.cn/centos7_amd64_gcc830/contrib/gcc/8.3.0/include/c++/8.3.0/bits/hashtable_policy.h:1508:12: error: ‘size_t’ in namespace ‘std’ does not name a type
       std::size_t
            ^~~~~~
/cvmfs/juno.ihep.ac.cn/centos7_amd64_gcc830/contrib/gcc/8.3.0/include/c++/8.3.0/bits/hashtable_policy.h:1508:7: note: suggested alternative: ‘set’
       std::size_t
       ^~~
       set
/cvmfs/juno.ihep.ac.cn/centos7_amd64_gcc830/contrib/gcc/8.3.0/include/c++/8.3.0/bits/hashtable_policy.h: In constructor ‘std::__detail::_Local_iterator_base<_Key, _Value, _ExtractKey, _H1, _H2, _Hash, true>::_Local_iterator_base(const __hash_code_base&, std::__detail::_Hash_node<_Value, true>*, int, int)’:
/cvmfs/juno.ihep.ac.cn/centos7_amd64_gcc830/contrib/gcc/8.3.0/include/c++/8.3.0/bits/hashtable_policy.h:1484:15: error: class ‘std::__detail::_Local_iterator_base<_Key, _Value, _ExtractKey, _H1, _H2, _Hash, true>’ does not have any field named ‘_M_bucket’
  _M_cur(__p), _M_bucket(__bkt), _M_bucket_count(__bkt_count) { }
               ^~~~~~~~~
/cvmfs/juno.ihep.ac.cn/centos7_amd64_gcc830/contrib/gcc/8.3.0/include/c++/8.3.0/bits/hashtable_policy.h:1484:33: error: class ‘std::__detail::_Local_iterator_base<_Key, _Value, _ExtractKey, _H1, _H2, _Hash, true>’ does not have any field named ‘_M_bucket_count’
  _M_cur(__p), _M_bucket(__bkt), _M_bucket_count(__bkt_count) { }
                                 ^~~~~~~~~~~~~~~
/cvmfs/juno.ihep.ac.cn/centos7_amd64_gcc830/contrib/gcc/8.3.0/include/c++/8.3.0/bits/hashtable_policy.h: In member function ‘void std::__detail::_Local_iterator_base<_Key, _Value, _ExtractKey, _H1, _H2, _Hash, true>::_M_incr()’:
/cvmfs/juno.ihep.ac.cn/centos7_amd64_gcc830/contrib/gcc/8.3.0/include/c++/8.3.0/bits/hashtable_policy.h:1492:11: error: ‘size_t’ is not a member of ‘std’
      std::size_t __bkt
           ^~~~~~
/cvmfs/juno.ihep.ac.cn/centos7_amd64_gcc830/contrib/gcc/8.3.0/include/c++/8.3.0/bits/hashtable_policy.h:1492:11: note: suggested alternative: ‘set’
      std::size_t __bkt
           ^~~~~~
           set
/cvmfs/juno.ihep.ac.cn/centos7_amd64_gcc830/contrib/gcc/8.3.0/include/c++/8.3.0/bits/hashtable_policy.h:1495:10: error: ‘__bkt’ was not declared in this scope
      if (__bkt != _M_bucket)
          ^~~~~
/cvmfs/juno.ihep.ac.cn/centos7_amd64_gcc830/contrib/gcc/8.3.0/include/c++/8.3.0/bits/hashtable_policy.h:1495:10: note: suggested alternative: ‘__cbrt’
      if (__bkt != _M_bucket)
          ^~~~~
          __cbrt
/cvmfs/juno.ihep.ac.cn/centos7_amd64_gcc830/contrib/gcc/8.3.0/include/c++/8.3.0/bits/hashtable_policy.h:1495:19: error: ‘_M_bucket’ was not declared in this scope
      if (__bkt != _M_bucket)
                   ^~~~~~~~~
/cvmfs/juno.ihep.ac.cn/centos7_amd64_gcc830/contrib/gcc/8.3.0/include/c++/8.3.0/bits/hashtable_policy.h: At global scope:
/cvmfs/juno.ihep.ac.cn/centos7_amd64_gcc830/contrib/gcc/8.3.0/include/c++/8.3.0/bits/hashtable_policy.h:1564:12: error: ‘std::size_t’ has not been declared
       std::size_t __bkt, std::size_t __bkt_count)
            ^~~~~~
/cvmfs/juno.ihep.ac.cn/centos7_amd64_gcc830/contrib/gcc/8.3.0/include/c++/8.3.0/bits/hashtable_policy.h:1564:31: error: ‘std::size_t’ has not been declared
       std::size_t __bkt, std::size_t __bkt_count)
                               ^~~~~~
/cvmfs/juno.ihep.ac.cn/centos7_amd64_gcc830/contrib/gcc/8.3.0/include/c++/8.3.0/bits/hashtable_policy.h:1609:12: error: ‘size_t’ in namespace ‘std’ does not name a type
       std::size_t _M_bucket;
            ^~~~~~
/cvmfs/juno.ihep.ac.cn/centos7_amd64_gcc830/contrib/gcc/8.3.0/include/c++/8.3.0/bits/hashtable_policy.h:1609:7: note: suggested alternative: ‘set’
       std::size_t _M_bucket;
       ^~~
       set
/cvmfs/juno.ihep.ac.cn/centos7_amd64_gcc830/contrib/gcc/8.3.0/include/c++/8.3.0/bits/hashtable_policy.h:1610:12: error: ‘size_t’ in namespace ‘std’ does not name a type
       std::size_t _M_bucket_count;
            ^~~~~~
/cvmfs/juno.ihep.ac.cn/centos7_amd64_gcc830/contrib/gcc/8.3.0/include/c++/8.3.0/bits/hashtable_policy.h:1610:7: note: suggested alternative: ‘set’
       std::size_t _M_bucket_count;
       ^~~
       set
/cvmfs/juno.ihep.ac.cn/centos7_amd64_gcc830/contrib/gcc/8.3.0/include/c++/8.3.0/bits/hashtable_policy.h:1623:12: error: ‘size_t’ in namespace ‘std’ does not name a type
       std::size_t
            ^~~~~~
/cvmfs/juno.ihep.ac.cn/centos7_amd64_gcc830/contrib/gcc/8.3.0/include/c++/8.3.0/bits/hashtable_policy.h:1623:7: note: suggested alternative: ‘set’
       std::size_t
       ^~~
       set
/cvmfs/juno.ihep.ac.cn/centos7_amd64_gcc830/contrib/gcc/8.3.0/include/c++/8.3.0/bits/hashtable_policy.h: In constructor ‘std::__detail::_Local_iterator_base<_Key, _Value, _ExtractKey, _H1, _H2, _Hash, false>::_Local_iterator_base()’:
/cvmfs/juno.ihep.ac.cn/centos7_amd64_gcc830/contrib/gcc/8.3.0/include/c++/8.3.0/bits/hashtable_policy.h:1560:32: error: class ‘std::__detail::_Local_iterator_base<_Key, _Value, _ExtractKey, _H1, _H2, _Hash, false>’ does not have any field named ‘_M_bucket_count’
       _Local_iterator_base() : _M_bucket_count(-1) { }
                                ^~~~~~~~~~~~~~~
/cvmfs/juno.ihep.ac.cn/centos7_amd64_gcc830/contrib/gcc/8.3.0/include/c++/8.3.0/bits/hashtable_policy.h: In constructor ‘std::__detail::_Local_iterator_base<_Key, _Value, _ExtractKey, _H1, _H2, _Hash, false>::_Local_iterator_base(const __hash_code_base&, std::__detail::_Hash_node<_Value, false>*, int, int)’:
/cvmfs/juno.ihep.ac.cn/centos7_amd64_gcc830/contrib/gcc/8.3.0/include/c++/8.3.0/bits/hashtable_policy.h:1565:22: error: class ‘std::__detail::_Local_iterator_base<_Key, _Value, _ExtractKey, _H1, _H2, _Hash, false>’ does not have any field named ‘_M_bucket’
       : _M_cur(__p), _M_bucket(__bkt), _M_bucket_count(__bkt_count)
                      ^~~~~~~~~
/cvmfs/juno.ihep.ac.cn/centos7_amd64_gcc830/contrib/gcc/8.3.0/include/c++/8.3.0/bits/hashtable_policy.h:1565:40: error: class ‘std::__detail::_Local_iterator_base<_Key, _Value, _ExtractKey, _H1, _H2, _Hash, false>’ does not have any field named ‘_M_bucket_count’
       : _M_cur(__p), _M_bucket(__bkt), _M_bucket_count(__bkt_count)
                                        ^~~~~~~~~~~~~~~
/cvmfs/juno.ihep.ac.cn/centos7_amd64_gcc830/contrib/gcc/8.3.0/include/c++/8.3.0/bits/hashtable_policy.h: In destructor ‘std::__detail::_Local_iterator_base<_Key, _Value, _ExtractKey, _H1, _H2, _Hash, false>::~_Local_iterator_base()’:
/cvmfs/juno.ihep.ac.cn/centos7_amd64_gcc830/contrib/gcc/8.3.0/include/c++/8.3.0/bits/hashtable_policy.h:1570:6: error: ‘_M_bucket_count’ was not declared in this scope
  if (_M_bucket_count != -1)
      ^~~~~~~~~~~~~~~
/cvmfs/juno.ihep.ac.cn/centos7_amd64_gcc830/contrib/gcc/8.3.0/include/c++/8.3.0/bits/hashtable_policy.h:1570:6: note: suggested alternative: ‘__shared_count’
  if (_M_bucket_count != -1)
      ^~~~~~~~~~~~~~~
      __shared_count
/cvmfs/juno.ihep.ac.cn/centos7_amd64_gcc830/contrib/gcc/8.3.0/include/c++/8.3.0/bits/hashtable_policy.h: In copy constructor ‘std::__detail::_Local_iterator_base<_Key, _Value, _ExtractKey, _H1, _H2, _Hash, false>::_Local_iterator_base(const std::__detail::_Local_iterator_base<_Key, _Value, _ExtractKey, _H1, _H2, _Hash, false>&)’:
/cvmfs/juno.ihep.ac.cn/centos7_amd64_gcc830/contrib/gcc/8.3.0/include/c++/8.3.0/bits/hashtable_policy.h:1575:32: error: class ‘std::__detail::_Local_iterator_base<_Key, _Value, _ExtractKey, _H1, _H2, _Hash, false>’ does not have any field named ‘_M_bucket’
       : _M_cur(__iter._M_cur), _M_bucket(__iter._M_bucket),
                                ^~~~~~~~~
/cvmfs/juno.ihep.ac.cn/centos7_amd64_gcc830/contrib/gcc/8.3.0/include/c++/8.3.0/bits/hashtable_policy.h:1576:9: error: class ‘std::__detail::_Local_iterator_base<_Key, _Value, _ExtractKey, _H1, _H2, _Hash, false>’ does not have any field named ‘_M_bucket_count’
         _M_bucket_count(__iter._M_bucket_count)
         ^~~~~~~~~~~~~~~
/cvmfs/juno.ihep.ac.cn/centos7_amd64_gcc830/contrib/gcc/8.3.0/include/c++/8.3.0/bits/hashtable_policy.h:1578:6: error: ‘_M_bucket_count’ was not declared in this scope
  if (_M_bucket_count != -1)
      ^~~~~~~~~~~~~~~
/cvmfs/juno.ihep.ac.cn/centos7_amd64_gcc830/contrib/gcc/8.3.0/include/c++/8.3.0/bits/hashtable_policy.h:1578:6: note: suggested alternative: ‘__shared_count’
  if (_M_bucket_count != -1)
      ^~~~~~~~~~~~~~~
      __shared_count
/cvmfs/juno.ihep.ac.cn/centos7_amd64_gcc830/contrib/gcc/8.3.0/include/c++/8.3.0/bits/hashtable_policy.h: In member function ‘std::__detail::_Local_iterator_base<_Key, _Value, _ExtractKey, _H1, _H2, _Hash, false>& std::__detail::_Local_iterator_base<_Key, _Value, _ExtractKey, _H1, _H2, _Hash, false>::operator=(const std::__detail::_Local_iterator_base<_Key, _Value, _ExtractKey, _H1, _H2, _Hash, false>&)’:
/cvmfs/juno.ihep.ac.cn/centos7_amd64_gcc830/contrib/gcc/8.3.0/include/c++/8.3.0/bits/hashtable_policy.h:1585:6: error: ‘_M_bucket_count’ was not declared in this scope
  if (_M_bucket_count != -1)
      ^~~~~~~~~~~~~~~
/cvmfs/juno.ihep.ac.cn/centos7_amd64_gcc830/contrib/gcc/8.3.0/include/c++/8.3.0/bits/hashtable_policy.h:1585:6: note: suggested alternative: ‘__shared_count’
  if (_M_bucket_count != -1)
      ^~~~~~~~~~~~~~~
      __shared_count
/cvmfs/juno.ihep.ac.cn/centos7_amd64_gcc830/contrib/gcc/8.3.0/include/c++/8.3.0/bits/hashtable_policy.h:1588:2: error: ‘_M_bucket’ was not declared in this scope
  _M_bucket = __iter._M_bucket;
  ^~~~~~~~~
/cvmfs/juno.ihep.ac.cn/centos7_amd64_gcc830/contrib/gcc/8.3.0/include/c++/8.3.0/bits/hashtable_policy.h:1589:2: error: ‘_M_bucket_count’ was not declared in this scope
  _M_bucket_count = __iter._M_bucket_count;
  ^~~~~~~~~~~~~~~
/cvmfs/juno.ihep.ac.cn/centos7_amd64_gcc830/contrib/gcc/8.3.0/include/c++/8.3.0/bits/hashtable_policy.h:1589:2: note: suggested alternative: ‘__shared_count’
  _M_bucket_count = __iter._M_bucket_count;
  ^~~~~~~~~~~~~~~
  __shared_count
/cvmfs/juno.ihep.ac.cn/centos7_amd64_gcc830/contrib/gcc/8.3.0/include/c++/8.3.0/bits/hashtable_policy.h: In member function ‘void std::__detail::_Local_iterator_base<_Key, _Value, _ExtractKey, _H1, _H2, _Hash, false>::_M_incr()’:
/cvmfs/juno.ihep.ac.cn/centos7_amd64_gcc830/contrib/gcc/8.3.0/include/c++/8.3.0/bits/hashtable_policy.h:1601:11: error: ‘size_t’ is not a member of ‘std’
      std::size_t __bkt = this->_M_h()->_M_bucket_index(_M_cur,
           ^~~~~~
/cvmfs/juno.ihep.ac.cn/centos7_amd64_gcc830/contrib/gcc/8.3.0/include/c++/8.3.0/bits/hashtable_policy.h:1601:11: note: suggested alternative: ‘set’
      std::size_t __bkt = this->_M_h()->_M_bucket_index(_M_cur,
           ^~~~~~
           set
/cvmfs/juno.ihep.ac.cn/centos7_amd64_gcc830/contrib/gcc/8.3.0/include/c++/8.3.0/bits/hashtable_policy.h:1603:10: error: ‘__bkt’ was not declared in this scope
      if (__bkt != _M_bucket)
          ^~~~~
/cvmfs/juno.ihep.ac.cn/centos7_amd64_gcc830/contrib/gcc/8.3.0/include/c++/8.3.0/bits/hashtable_policy.h:1603:10: note: suggested alternative: ‘__cbrt’
      if (__bkt != _M_bucket)
          ^~~~~
          __cbrt
/cvmfs/juno.ihep.ac.cn/centos7_amd64_gcc830/contrib/gcc/8.3.0/include/c++/8.3.0/bits/hashtable_policy.h:1603:19: error: ‘_M_bucket’ was not declared in this scope
      if (__bkt != _M_bucket)
                   ^~~~~~~~~
/cvmfs/juno.ihep.ac.cn/centos7_amd64_gcc830/contrib/gcc/8.3.0/include/c++/8.3.0/bits/hashtable_policy.h: At global scope:
/cvmfs/juno.ihep.ac.cn/centos7_amd64_gcc830/contrib/gcc/8.3.0/include/c++/8.3.0/bits/hashtable_policy.h:1665:20: error: ‘ptrdiff_t’ in namespace ‘std’ does not name a type
       typedef std::ptrdiff_t    difference_type;
                    ^~~~~~~~~
/cvmfs/juno.ihep.ac.cn/centos7_amd64_gcc830/contrib/gcc/8.3.0/include/c++/8.3.0/bits/hashtable_policy.h:1672:14: error: ‘std::size_t’ has not been declared
         std::size_t __bkt, std::size_t __bkt_count)
              ^~~~~~
/cvmfs/juno.ihep.ac.cn/centos7_amd64_gcc830/contrib/gcc/8.3.0/include/c++/8.3.0/bits/hashtable_policy.h:1672:33: error: ‘std::size_t’ has not been declared
         std::size_t __bkt, std::size_t __bkt_count)
                                 ^~~~~~
/cvmfs/juno.ihep.ac.cn/centos7_amd64_gcc830/contrib/gcc/8.3.0/include/c++/8.3.0/bits/hashtable_policy.h:1717:20: error: ‘ptrdiff_t’ in namespace ‘std’ does not name a type
       typedef std::ptrdiff_t    difference_type;
                    ^~~~~~~~~
/cvmfs/juno.ihep.ac.cn/centos7_amd64_gcc830/contrib/gcc/8.3.0/include/c++/8.3.0/bits/hashtable_policy.h:1724:13: error: ‘std::size_t’ has not been declared
        std::size_t __bkt, std::size_t __bkt_count)
             ^~~~~~
/cvmfs/juno.ihep.ac.cn/centos7_amd64_gcc830/contrib/gcc/8.3.0/include/c++/8.3.0/bits/hashtable_policy.h:1724:32: error: ‘std::size_t’ has not been declared
        std::size_t __bkt, std::size_t __bkt_count)
                                ^~~~~~
/cvmfs/juno.ihep.ac.cn/centos7_amd64_gcc830/contrib/gcc/8.3.0/include/c++/8.3.0/bits/hashtable_policy.h:1781:18: error: ‘size_t’ in namespace ‘std’ does not name a type
     typedef std::size_t     size_type;
                  ^~~~~~
/cvmfs/juno.ihep.ac.cn/centos7_amd64_gcc830/contrib/gcc/8.3.0/include/c++/8.3.0/bits/hashtable_policy.h:1781:13: note: suggested alternative: ‘set’
     typedef std::size_t     size_type;
             ^~~
             set
/cvmfs/juno.ihep.ac.cn/centos7_amd64_gcc830/contrib/gcc/8.3.0/include/c++/8.3.0/bits/hashtable_policy.h:1782:18: error: ‘ptrdiff_t’ in namespace ‘std’ does not name a type
     typedef std::ptrdiff_t    difference_type;
                  ^~~~~~~~~
/cvmfs/juno.ihep.ac.cn/centos7_amd64_gcc830/contrib/gcc/8.3.0/include/c++/8.3.0/bits/hashtable_policy.h: In static member function ‘static bool std::__detail::_Equality_base::_S_is_permutation(_Uiterator, _Uiterator, _Uiterator)’:
/cvmfs/juno.ihep.ac.cn/centos7_amd64_gcc830/contrib/gcc/8.3.0/include/c++/8.3.0/bits/hashtable_policy.h:1891:9: error: ‘ptrdiff_t’ is not a member of ‘std’
    std::ptrdiff_t __n2 = 0;
         ^~~~~~~~~
/cvmfs/juno.ihep.ac.cn/centos7_amd64_gcc830/contrib/gcc/8.3.0/include/c++/8.3.0/bits/hashtable_policy.h:1891:9: note: suggested alternative:
In file included from /cvmfs/juno.ihep.ac.cn/centos7_amd64_gcc830/contrib/gcc/8.3.0/include/c++/8.3.0/bits/cxxabi_init_exception.h:38,
                 from /cvmfs/juno.ihep.ac.cn/centos7_amd64_gcc830/contrib/gcc/8.3.0/include/c++/8.3.0/bits/exception_ptr.h:38,
                 from /cvmfs/juno.ihep.ac.cn/centos7_amd64_gcc830/contrib/gcc/8.3.0/include/c++/8.3.0/exception:143,
                 from /cvmfs/juno.ihep.ac.cn/centos7_amd64_gcc830/contrib/gcc/8.3.0/include/c++/8.3.0/new:40,
                 from /cvmfs/juno.ihep.ac.cn/centos7_amd64_gcc830/contrib/gcc/8.3.0/include/c++/8.3.0/ext/new_allocator.h:33,
                 from /cvmfs/juno.ihep.ac.cn/centos7_amd64_gcc830/contrib/gcc/8.3.0/include/c++/8.3.0/x86_64-pc-linux-gnu/bits/c++allocator.h:33,
                 from /cvmfs/juno.ihep.ac.cn/centos7_amd64_gcc830/contrib/gcc/8.3.0/include/c++/8.3.0/bits/allocator.h:46,
                 from /cvmfs/juno.ihep.ac.cn/centos7_amd64_gcc830/contrib/gcc/8.3.0/include/c++/8.3.0/string:41,
                 from /dybfs/users/xuhangkun/SimTAO/analysis/calibrate/include/RunData.h:43,
                 from /dybfs/users/xuhangkun/SimTAO/analysis/calibrate/include/TAORunData.h:44,
                 from /dybfs/users/xuhangkun/SimTAO/analysis/calibrate/src/NonLinearCalibration.cpp:2:
/cvmfs/juno.ihep.ac.cn/centos7_amd64_gcc830/contrib/gcc/8.3.0/lib/gcc/x86_64-pc-linux-gnu/8.3.0/include/stddef.h:149:26: note:   ‘ptrdiff_t’
 typedef __PTRDIFF_TYPE__ ptrdiff_t;
                          ^~~~~~~~~
In file included from /cvmfs/juno.ihep.ac.cn/centos7_amd64_gcc830/contrib/gcc/8.3.0/include/c++/8.3.0/bits/hashtable.h:35,
                 from /cvmfs/juno.ihep.ac.cn/centos7_amd64_gcc830/contrib/gcc/8.3.0/include/c++/8.3.0/unordered_set:46,
                 from /cvmfs/juno.ihep.ac.cn/centos7_amd64_gcc830/Pre-Release/J20v1r0-Pre2/ExternalLibs/ROOT/6.20.02/include/TClass.h:31,
                 from /cvmfs/juno.ihep.ac.cn/centos7_amd64_gcc830/Pre-Release/J20v1r0-Pre2/ExternalLibs/ROOT/6.20.02/include/TBuffer.h:26,
                 from /cvmfs/juno.ihep.ac.cn/centos7_amd64_gcc830/Pre-Release/J20v1r0-Pre2/ExternalLibs/ROOT/6.20.02/include/TDirectory.h:24,
                 from /cvmfs/juno.ihep.ac.cn/centos7_amd64_gcc830/Pre-Release/J20v1r0-Pre2/ExternalLibs/ROOT/6.20.02/include/TDirectoryFile.h:25,
                 from /cvmfs/juno.ihep.ac.cn/centos7_amd64_gcc830/Pre-Release/J20v1r0-Pre2/ExternalLibs/ROOT/6.20.02/include/TFile.h:27,
                 from /dybfs/users/xuhangkun/SimTAO/analysis/calibrate/include/RunData.h:44,
                 from /dybfs/users/xuhangkun/SimTAO/analysis/calibrate/include/TAORunData.h:44,
                 from /dybfs/users/xuhangkun/SimTAO/analysis/calibrate/src/NonLinearCalibration.cpp:2:
/cvmfs/juno.ihep.ac.cn/centos7_amd64_gcc830/contrib/gcc/8.3.0/include/c++/8.3.0/bits/hashtable_policy.h:1894:10: error: ‘__n2’ was not declared in this scope
        ++__n2;
          ^~~~
/cvmfs/juno.ihep.ac.cn/centos7_amd64_gcc830/contrib/gcc/8.3.0/include/c++/8.3.0/bits/hashtable_policy.h:1894:10: note: suggested alternative: ‘_V2’
        ++__n2;
          ^~~~
          _V2
/cvmfs/juno.ihep.ac.cn/centos7_amd64_gcc830/contrib/gcc/8.3.0/include/c++/8.3.0/bits/hashtable_policy.h:1896:9: error: ‘__n2’ was not declared in this scope
    if (!__n2)
         ^~~~
/cvmfs/juno.ihep.ac.cn/centos7_amd64_gcc830/contrib/gcc/8.3.0/include/c++/8.3.0/bits/hashtable_policy.h:1896:9: note: suggested alternative: ‘_V2’
    if (!__n2)
         ^~~~
         _V2
/cvmfs/juno.ihep.ac.cn/centos7_amd64_gcc830/contrib/gcc/8.3.0/include/c++/8.3.0/bits/hashtable_policy.h:1899:9: error: ‘ptrdiff_t’ is not a member of ‘std’
    std::ptrdiff_t __n1 = 0;
         ^~~~~~~~~
/cvmfs/juno.ihep.ac.cn/centos7_amd64_gcc830/contrib/gcc/8.3.0/include/c++/8.3.0/bits/hashtable_policy.h:1899:9: note: suggested alternative:
In file included from /cvmfs/juno.ihep.ac.cn/centos7_amd64_gcc830/contrib/gcc/8.3.0/include/c++/8.3.0/bits/cxxabi_init_exception.h:38,
                 from /cvmfs/juno.ihep.ac.cn/centos7_amd64_gcc830/contrib/gcc/8.3.0/include/c++/8.3.0/bits/exception_ptr.h:38,
                 from /cvmfs/juno.ihep.ac.cn/centos7_amd64_gcc830/contrib/gcc/8.3.0/include/c++/8.3.0/exception:143,
                 from /cvmfs/juno.ihep.ac.cn/centos7_amd64_gcc830/contrib/gcc/8.3.0/include/c++/8.3.0/new:40,
                 from /cvmfs/juno.ihep.ac.cn/centos7_amd64_gcc830/contrib/gcc/8.3.0/include/c++/8.3.0/ext/new_allocator.h:33,
                 from /cvmfs/juno.ihep.ac.cn/centos7_amd64_gcc830/contrib/gcc/8.3.0/include/c++/8.3.0/x86_64-pc-linux-gnu/bits/c++allocator.h:33,
                 from /cvmfs/juno.ihep.ac.cn/centos7_amd64_gcc830/contrib/gcc/8.3.0/include/c++/8.3.0/bits/allocator.h:46,
                 from /cvmfs/juno.ihep.ac.cn/centos7_amd64_gcc830/contrib/gcc/8.3.0/include/c++/8.3.0/string:41,
                 from /dybfs/users/xuhangkun/SimTAO/analysis/calibrate/include/RunData.h:43,
                 from /dybfs/users/xuhangkun/SimTAO/analysis/calibrate/include/TAORunData.h:44,
                 from /dybfs/users/xuhangkun/SimTAO/analysis/calibrate/src/NonLinearCalibration.cpp:2:
/cvmfs/juno.ihep.ac.cn/centos7_amd64_gcc830/contrib/gcc/8.3.0/lib/gcc/x86_64-pc-linux-gnu/8.3.0/include/stddef.h:149:26: note:   ‘ptrdiff_t’
 typedef __PTRDIFF_TYPE__ ptrdiff_t;
                          ^~~~~~~~~
In file included from /cvmfs/juno.ihep.ac.cn/centos7_amd64_gcc830/contrib/gcc/8.3.0/include/c++/8.3.0/bits/hashtable.h:35,
                 from /cvmfs/juno.ihep.ac.cn/centos7_amd64_gcc830/contrib/gcc/8.3.0/include/c++/8.3.0/unordered_set:46,
                 from /cvmfs/juno.ihep.ac.cn/centos7_amd64_gcc830/Pre-Release/J20v1r0-Pre2/ExternalLibs/ROOT/6.20.02/include/TClass.h:31,
                 from /cvmfs/juno.ihep.ac.cn/centos7_amd64_gcc830/Pre-Release/J20v1r0-Pre2/ExternalLibs/ROOT/6.20.02/include/TBuffer.h:26,
                 from /cvmfs/juno.ihep.ac.cn/centos7_amd64_gcc830/Pre-Release/J20v1r0-Pre2/ExternalLibs/ROOT/6.20.02/include/TDirectory.h:24,
                 from /cvmfs/juno.ihep.ac.cn/centos7_amd64_gcc830/Pre-Release/J20v1r0-Pre2/ExternalLibs/ROOT/6.20.02/include/TDirectoryFile.h:25,
                 from /cvmfs/juno.ihep.ac.cn/centos7_amd64_gcc830/Pre-Release/J20v1r0-Pre2/ExternalLibs/ROOT/6.20.02/include/TFile.h:27,
                 from /dybfs/users/xuhangkun/SimTAO/analysis/calibrate/include/RunData.h:44,
                 from /dybfs/users/xuhangkun/SimTAO/analysis/calibrate/include/TAORunData.h:44,
                 from /dybfs/users/xuhangkun/SimTAO/analysis/calibrate/src/NonLinearCalibration.cpp:2:
/cvmfs/juno.ihep.ac.cn/centos7_amd64_gcc830/contrib/gcc/8.3.0/include/c++/8.3.0/bits/hashtable_policy.h:1902:10: error: ‘__n1’ was not declared in this scope
        ++__n1;
          ^~~~
/cvmfs/juno.ihep.ac.cn/centos7_amd64_gcc830/contrib/gcc/8.3.0/include/c++/8.3.0/bits/hashtable_policy.h:1902:10: note: suggested alternative: ‘__y1’
        ++__n1;
          ^~~~
          __y1
/cvmfs/juno.ihep.ac.cn/centos7_amd64_gcc830/contrib/gcc/8.3.0/include/c++/8.3.0/bits/hashtable_policy.h:1904:8: error: ‘__n1’ was not declared in this scope
    if (__n1 != __n2)
        ^~~~
/cvmfs/juno.ihep.ac.cn/centos7_amd64_gcc830/contrib/gcc/8.3.0/include/c++/8.3.0/bits/hashtable_policy.h:1904:8: note: suggested alternative: ‘__y1’
    if (__n1 != __n2)
        ^~~~
        __y1
/cvmfs/juno.ihep.ac.cn/centos7_amd64_gcc830/contrib/gcc/8.3.0/include/c++/8.3.0/bits/hashtable_policy.h:1904:16: error: ‘__n2’ was not declared in this scope
    if (__n1 != __n2)
                ^~~~
/cvmfs/juno.ihep.ac.cn/centos7_amd64_gcc830/contrib/gcc/8.3.0/include/c++/8.3.0/bits/hashtable_policy.h:1904:16: note: suggested alternative: ‘_V2’
    if (__n1 != __n2)
                ^~~~
                _V2
/cvmfs/juno.ihep.ac.cn/centos7_amd64_gcc830/contrib/gcc/8.3.0/include/c++/8.3.0/bits/hashtable_policy.h: At global scope:
/cvmfs/juno.ihep.ac.cn/centos7_amd64_gcc830/contrib/gcc/8.3.0/include/c++/8.3.0/bits/hashtable_policy.h:2064:7: error: expected ‘;’ at end of member declaration
       _M_allocate_buckets(std::size_t __n);
       ^~~~~~~~~~~~~~~~~~~
                          ;
/cvmfs/juno.ihep.ac.cn/centos7_amd64_gcc830/contrib/gcc/8.3.0/include/c++/8.3.0/bits/hashtable_policy.h:2064:38: error: expected ‘)’ before ‘__n’
       _M_allocate_buckets(std::size_t __n);
                          ~           ^~~~
                                      )
/cvmfs/juno.ihep.ac.cn/centos7_amd64_gcc830/contrib/gcc/8.3.0/include/c++/8.3.0/bits/hashtable_policy.h:2067:50: error: ‘std::size_t’ has not been declared
       _M_deallocate_buckets(__bucket_type*, std::size_t __n);
                                                  ^~~~~~
/cvmfs/juno.ihep.ac.cn/centos7_amd64_gcc830/contrib/gcc/8.3.0/include/c++/8.3.0/bits/hashtable_policy.h:2119:60: error: ‘std::__detail::_Hashtable_alloc<_NodeAlloc>::__node_base** std::__detail::_Hashtable_alloc<_NodeAlloc>::_M_allocate_buckets’ is not a static data member of ‘struct std::__detail::_Hashtable_alloc<_NodeAlloc>’
     _Hashtable_alloc<_NodeAlloc>::_M_allocate_buckets(std::size_t __n)
                                                            ^~~~~~
/cvmfs/juno.ihep.ac.cn/centos7_amd64_gcc830/contrib/gcc/8.3.0/include/c++/8.3.0/bits/hashtable_policy.h:2119:60: error: template definition of non-template ‘std::__detail::_Hashtable_alloc<_NodeAlloc>::__node_base** std::__detail::_Hashtable_alloc<_NodeAlloc>::_M_allocate_buckets’
/cvmfs/juno.ihep.ac.cn/centos7_amd64_gcc830/contrib/gcc/8.3.0/include/c++/8.3.0/bits/hashtable_policy.h:2119:60: error: ‘size_t’ is not a member of ‘std’
/cvmfs/juno.ihep.ac.cn/centos7_amd64_gcc830/contrib/gcc/8.3.0/include/c++/8.3.0/bits/hashtable_policy.h:2119:60: note: suggested alternative: ‘set’
     _Hashtable_alloc<_NodeAlloc>::_M_allocate_buckets(std::size_t __n)
                                                            ^~~~~~
                                                            set
/cvmfs/juno.ihep.ac.cn/centos7_amd64_gcc830/contrib/gcc/8.3.0/include/c++/8.3.0/bits/hashtable_policy.h:2132:13: error: ‘std::size_t’ has not been declared
        std::size_t __n)
             ^~~~~~
In file included from /cvmfs/juno.ihep.ac.cn/centos7_amd64_gcc830/contrib/gcc/8.3.0/include/c++/8.3.0/unordered_set:46,
                 from /cvmfs/juno.ihep.ac.cn/centos7_amd64_gcc830/Pre-Release/J20v1r0-Pre2/ExternalLibs/ROOT/6.20.02/include/TClass.h:31,
                 from /cvmfs/juno.ihep.ac.cn/centos7_amd64_gcc830/Pre-Release/J20v1r0-Pre2/ExternalLibs/ROOT/6.20.02/include/TBuffer.h:26,
                 from /cvmfs/juno.ihep.ac.cn/centos7_amd64_gcc830/Pre-Release/J20v1r0-Pre2/ExternalLibs/ROOT/6.20.02/include/TDirectory.h:24,
                 from /cvmfs/juno.ihep.ac.cn/centos7_amd64_gcc830/Pre-Release/J20v1r0-Pre2/ExternalLibs/ROOT/6.20.02/include/TDirectoryFile.h:25,
                 from /cvmfs/juno.ihep.ac.cn/centos7_amd64_gcc830/Pre-Release/J20v1r0-Pre2/ExternalLibs/ROOT/6.20.02/include/TFile.h:27,
                 from /dybfs/users/xuhangkun/SimTAO/analysis/calibrate/include/RunData.h:44,
                 from /dybfs/users/xuhangkun/SimTAO/analysis/calibrate/include/TAORunData.h:44,
                 from /dybfs/users/xuhangkun/SimTAO/analysis/calibrate/src/NonLinearCalibration.cpp:2:
/cvmfs/juno.ihep.ac.cn/centos7_amd64_gcc830/contrib/gcc/8.3.0/include/c++/8.3.0/bits/hashtable.h:282:18: error: ‘size_t’ is not a member of ‘std’
            (std::size_t)0)),
                  ^~~~~~
/cvmfs/juno.ihep.ac.cn/centos7_amd64_gcc830/contrib/gcc/8.3.0/include/c++/8.3.0/bits/hashtable.h:282:18: note: suggested alternative: ‘set’
            (std::size_t)0)),
                  ^~~~~~
                  set
/cvmfs/juno.ihep.ac.cn/centos7_amd64_gcc830/contrib/gcc/8.3.0/include/c++/8.3.0/bits/hashtable.h: In member function ‘std::_Hashtable<_Key, _Value, _Alloc, _ExtractKey, _Equal, _H1, _H2, _Hash, _RehashPolicy, _Traits>& std::_Hashtable<_Key, _Value, _Alloc, _ExtractKey, _Equal, _H1, _H2, _Hash, _RehashPolicy, _Traits>::operator=(const std::_Hashtable<_Key, _Value, _Alloc, _ExtractKey, _Equal, _H1, _H2, _Hash, _RehashPolicy, _Traits>&)’:
/cvmfs/juno.ihep.ac.cn/centos7_amd64_gcc830/contrib/gcc/8.3.0/include/c++/8.3.0/bits/hashtable.h:1046:12: error: ‘size_t’ is not a member of ‘std’
       std::size_t __former_bucket_count = _M_bucket_count;
            ^~~~~~
/cvmfs/juno.ihep.ac.cn/centos7_amd64_gcc830/contrib/gcc/8.3.0/include/c++/8.3.0/bits/hashtable.h:1046:12: note: suggested alternative: ‘set’
       std::size_t __former_bucket_count = _M_bucket_count;
            ^~~~~~
            set
/cvmfs/juno.ihep.ac.cn/centos7_amd64_gcc830/contrib/gcc/8.3.0/include/c++/8.3.0/bits/hashtable.h:1070:46: error: ‘__former_bucket_count’ was not declared in this scope
      _M_deallocate_buckets(__former_buckets, __former_bucket_count);
                                              ^~~~~~~~~~~~~~~~~~~~~
/cvmfs/juno.ihep.ac.cn/centos7_amd64_gcc830/contrib/gcc/8.3.0/include/c++/8.3.0/bits/hashtable.h:1070:46: note: suggested alternative: ‘__former_buckets’
      _M_deallocate_buckets(__former_buckets, __former_bucket_count);
                                              ^~~~~~~~~~~~~~~~~~~~~
                                              __former_buckets
/cvmfs/juno.ihep.ac.cn/centos7_amd64_gcc830/contrib/gcc/8.3.0/include/c++/8.3.0/bits/hashtable.h:1080:26: error: ‘__former_bucket_count’ was not declared in this scope
        _M_bucket_count = __former_bucket_count;
                          ^~~~~~~~~~~~~~~~~~~~~
/cvmfs/juno.ihep.ac.cn/centos7_amd64_gcc830/contrib/gcc/8.3.0/include/c++/8.3.0/bits/hashtable.h:1080:26: note: suggested alternative: ‘__former_buckets’
        _M_bucket_count = __former_bucket_count;
                          ^~~~~~~~~~~~~~~~~~~~~
                          __former_buckets
/cvmfs/juno.ihep.ac.cn/centos7_amd64_gcc830/contrib/gcc/8.3.0/include/c++/8.3.0/bits/hashtable.h: In member function ‘std::_Hashtable<_Key, _Value, _Alloc, _ExtractKey, _Equal, _H1, _H2, _Hash, _RehashPolicy, _Traits>::iterator std::_Hashtable<_Key, _Value, _Alloc, _ExtractKey, _Equal, _H1, _H2, _Hash, _RehashPolicy, _Traits>::find(const key_type&)’:
/cvmfs/juno.ihep.ac.cn/centos7_amd64_gcc830/contrib/gcc/8.3.0/include/c++/8.3.0/bits/hashtable.h:1440:12: error: ‘size_t’ is not a member of ‘std’
       std::size_t __n = _M_bucket_index(__k, __code);
            ^~~~~~
/cvmfs/juno.ihep.ac.cn/centos7_amd64_gcc830/contrib/gcc/8.3.0/include/c++/8.3.0/bits/hashtable.h:1440:12: note: suggested alternative: ‘set’
       std::size_t __n = _M_bucket_index(__k, __code);
            ^~~~~~
            set
/cvmfs/juno.ihep.ac.cn/centos7_amd64_gcc830/contrib/gcc/8.3.0/include/c++/8.3.0/bits/hashtable.h:1441:39: error: ‘__n’ was not declared in this scope
       __node_type* __p = _M_find_node(__n, __k, __code);
                                       ^~~
/cvmfs/juno.ihep.ac.cn/centos7_amd64_gcc830/contrib/gcc/8.3.0/include/c++/8.3.0/bits/hashtable.h:1441:39: note: suggested alternative: ‘__yn’
       __node_type* __p = _M_find_node(__n, __k, __code);
                                       ^~~
                                       __yn
/cvmfs/juno.ihep.ac.cn/centos7_amd64_gcc830/contrib/gcc/8.3.0/include/c++/8.3.0/bits/hashtable.h: In member function ‘std::_Hashtable<_Key, _Value, _Alloc, _ExtractKey, _Equal, _H1, _H2, _Hash, _RehashPolicy, _Traits>::const_iterator std::_Hashtable<_Key, _Value, _Alloc, _ExtractKey, _Equal, _H1, _H2, _Hash, _RehashPolicy, _Traits>::find(const key_type&) const’:
/cvmfs/juno.ihep.ac.cn/centos7_amd64_gcc830/contrib/gcc/8.3.0/include/c++/8.3.0/bits/hashtable.h:1456:12: error: ‘size_t’ is not a member of ‘std’
       std::size_t __n = _M_bucket_index(__k, __code);
            ^~~~~~
/cvmfs/juno.ihep.ac.cn/centos7_amd64_gcc830/contrib/gcc/8.3.0/include/c++/8.3.0/bits/hashtable.h:1456:12: note: suggested alternative: ‘set’
       std::size_t __n = _M_bucket_index(__k, __code);
            ^~~~~~
            set
/cvmfs/juno.ihep.ac.cn/centos7_amd64_gcc830/contrib/gcc/8.3.0/include/c++/8.3.0/bits/hashtable.h:1457:39: error: ‘__n’ was not declared in this scope
       __node_type* __p = _M_find_node(__n, __k, __code);
                                       ^~~
/cvmfs/juno.ihep.ac.cn/centos7_amd64_gcc830/contrib/gcc/8.3.0/include/c++/8.3.0/bits/hashtable.h:1457:39: note: suggested alternative: ‘__yn’
       __node_type* __p = _M_find_node(__n, __k, __code);
                                       ^~~
                                       __yn
/cvmfs/juno.ihep.ac.cn/centos7_amd64_gcc830/contrib/gcc/8.3.0/include/c++/8.3.0/bits/hashtable.h: In member function ‘std::_Hashtable<_Key, _Value, _Alloc, _ExtractKey, _Equal, _H1, _H2, _Hash, _RehashPolicy, _Traits>::size_type std::_Hashtable<_Key, _Value, _Alloc, _ExtractKey, _Equal, _H1, _H2, _Hash, _RehashPolicy, _Traits>::count(const key_type&) const’:
/cvmfs/juno.ihep.ac.cn/centos7_amd64_gcc830/contrib/gcc/8.3.0/include/c++/8.3.0/bits/hashtable.h:1472:12: error: ‘size_t’ is not a member of ‘std’
       std::size_t __n = _M_bucket_index(__k, __code);
            ^~~~~~
/cvmfs/juno.ihep.ac.cn/centos7_amd64_gcc830/contrib/gcc/8.3.0/include/c++/8.3.0/bits/hashtable.h:1472:12: note: suggested alternative: ‘set’
       std::size_t __n = _M_bucket_index(__k, __code);
            ^~~~~~
            set
/cvmfs/juno.ihep.ac.cn/centos7_amd64_gcc830/contrib/gcc/8.3.0/include/c++/8.3.0/bits/hashtable.h:1473:42: error: ‘__n’ was not declared in this scope
       __node_type* __p = _M_bucket_begin(__n);
                                          ^~~
/cvmfs/juno.ihep.ac.cn/centos7_amd64_gcc830/contrib/gcc/8.3.0/include/c++/8.3.0/bits/hashtable.h:1473:42: note: suggested alternative: ‘__yn’
       __node_type* __p = _M_bucket_begin(__n);
                                          ^~~
                                          __yn
/cvmfs/juno.ihep.ac.cn/centos7_amd64_gcc830/contrib/gcc/8.3.0/include/c++/8.3.0/bits/hashtable.h:1477:12: error: ‘size_t’ is not a member of ‘std’
       std::size_t __result = 0;
            ^~~~~~
/cvmfs/juno.ihep.ac.cn/centos7_amd64_gcc830/contrib/gcc/8.3.0/include/c++/8.3.0/bits/hashtable.h:1477:12: note: suggested alternative: ‘set’
       std::size_t __result = 0;
            ^~~~~~
            set
/cvmfs/juno.ihep.ac.cn/centos7_amd64_gcc830/contrib/gcc/8.3.0/include/c++/8.3.0/bits/hashtable.h:1481:8: error: ‘__result’ was not declared in this scope
      ++__result;
        ^~~~~~~~
/cvmfs/juno.ihep.ac.cn/centos7_amd64_gcc830/contrib/gcc/8.3.0/include/c++/8.3.0/bits/hashtable.h:1481:8: note: suggested alternative: ‘_M_reset’
      ++__result;
        ^~~~~~~~
        _M_reset
/cvmfs/juno.ihep.ac.cn/centos7_amd64_gcc830/contrib/gcc/8.3.0/include/c++/8.3.0/bits/hashtable.h:1482:13: error: ‘__result’ was not declared in this scope
    else if (__result)
             ^~~~~~~~
/cvmfs/juno.ihep.ac.cn/centos7_amd64_gcc830/contrib/gcc/8.3.0/include/c++/8.3.0/bits/hashtable.h:1482:13: note: suggested alternative: ‘_M_reset’
    else if (__result)
             ^~~~~~~~
             _M_reset
/cvmfs/juno.ihep.ac.cn/centos7_amd64_gcc830/contrib/gcc/8.3.0/include/c++/8.3.0/bits/hashtable.h:1490:14: error: ‘__result’ was not declared in this scope
       return __result;
              ^~~~~~~~
/cvmfs/juno.ihep.ac.cn/centos7_amd64_gcc830/contrib/gcc/8.3.0/include/c++/8.3.0/bits/hashtable.h:1490:14: note: suggested alternative: ‘_M_reset’
       return __result;
              ^~~~~~~~
              _M_reset
/cvmfs/juno.ihep.ac.cn/centos7_amd64_gcc830/contrib/gcc/8.3.0/include/c++/8.3.0/bits/hashtable.h: In member function ‘std::pair<typename std::__detail::_Hashtable_base<_Key, _Value, _ExtractKey, _Equal, _H1, _H2, _Hash, _Traits>::iterator, typename std::__detail::_Hashtable_base<_Key, _Value, _ExtractKey, _Equal, _H1, _H2, _Hash, _Traits>::iterator> std::_Hashtable<_Key, _Value, _Alloc, _ExtractKey, _Equal, _H1, _H2, _Hash, _RehashPolicy, _Traits>::equal_range(const key_type&)’:
/cvmfs/juno.ihep.ac.cn/centos7_amd64_gcc830/contrib/gcc/8.3.0/include/c++/8.3.0/bits/hashtable.h:1504:12: error: ‘size_t’ is not a member of ‘std’
       std::size_t __n = _M_bucket_index(__k, __code);
            ^~~~~~
/cvmfs/juno.ihep.ac.cn/centos7_amd64_gcc830/contrib/gcc/8.3.0/include/c++/8.3.0/bits/hashtable.h:1504:12: note: suggested alternative: ‘set’
       std::size_t __n = _M_bucket_index(__k, __code);
            ^~~~~~
            set
/cvmfs/juno.ihep.ac.cn/centos7_amd64_gcc830/contrib/gcc/8.3.0/include/c++/8.3.0/bits/hashtable.h:1505:39: error: ‘__n’ was not declared in this scope
       __node_type* __p = _M_find_node(__n, __k, __code);
                                       ^~~
/cvmfs/juno.ihep.ac.cn/centos7_amd64_gcc830/contrib/gcc/8.3.0/include/c++/8.3.0/bits/hashtable.h:1505:39: note: suggested alternative: ‘__yn’
       __node_type* __p = _M_find_node(__n, __k, __code);
                                       ^~~
                                       __yn
/cvmfs/juno.ihep.ac.cn/centos7_amd64_gcc830/contrib/gcc/8.3.0/include/c++/8.3.0/bits/hashtable.h: In member function ‘std::pair<typename std::__detail::_Hashtable_base<_Key, _Value, _ExtractKey, _Equal, _H1, _H2, _Hash, _Traits>::const_iterator, typename std::__detail::_Hashtable_base<_Key, _Value, _ExtractKey, _Equal, _H1, _H2, _Hash, _Traits>::const_iterator> std::_Hashtable<_Key, _Value, _Alloc, _ExtractKey, _Equal, _H1, _H2, _Hash, _RehashPolicy, _Traits>::equal_range(const key_type&) const’:
/cvmfs/juno.ihep.ac.cn/centos7_amd64_gcc830/contrib/gcc/8.3.0/include/c++/8.3.0/bits/hashtable.h:1531:12: error: ‘size_t’ is not a member of ‘std’
       std::size_t __n = _M_bucket_index(__k, __code);
            ^~~~~~
/cvmfs/juno.ihep.ac.cn/centos7_amd64_gcc830/contrib/gcc/8.3.0/include/c++/8.3.0/bits/hashtable.h:1531:12: note: suggested alternative: ‘set’
       std::size_t __n = _M_bucket_index(__k, __code);
            ^~~~~~
            set
/cvmfs/juno.ihep.ac.cn/centos7_amd64_gcc830/contrib/gcc/8.3.0/include/c++/8.3.0/bits/hashtable.h:1532:39: error: ‘__n’ was not declared in this scope
       __node_type* __p = _M_find_node(__n, __k, __code);
                                       ^~~
/cvmfs/juno.ihep.ac.cn/centos7_amd64_gcc830/contrib/gcc/8.3.0/include/c++/8.3.0/bits/hashtable.h:1532:39: note: suggested alternative: ‘__yn’
       __node_type* __p = _M_find_node(__n, __k, __code);
                                       ^~~
                                       __yn
/cvmfs/juno.ihep.ac.cn/centos7_amd64_gcc830/contrib/gcc/8.3.0/include/c++/8.3.0/bits/hashtable.h: In member function ‘std::_Hashtable<_Key, _Value, _Alloc, _ExtractKey, _Equal, _H1, _H2, _Hash, _RehashPolicy, _Traits>::iterator std::_Hashtable<_Key, _Value, _Alloc, _ExtractKey, _Equal, _H1, _H2, _Hash, _RehashPolicy, _Traits>::_M_insert_unique_node(std::_Hashtable<_Key, _Value, _Alloc, _ExtractKey, _Equal, _H1, _H2, _Hash, _RehashPolicy, _Traits>::size_type, std::_Hashtable<_Key, _Value, _Alloc, _ExtractKey, _Equal, _H1, _H2, _Hash, _RehashPolicy, _Traits>::__hash_code, std::_Hashtable<_Key, _Value, _Alloc, _ExtractKey, _Equal, _H1, _H2, _Hash, _RehashPolicy, _Traits>::__node_type*, std::_Hashtable<_Key, _Value, _Alloc, _ExtractKey, _Equal, _H1, _H2, _Hash, _RehashPolicy, _Traits>::size_type)’:
/cvmfs/juno.ihep.ac.cn/centos7_amd64_gcc830/contrib/gcc/8.3.0/include/c++/8.3.0/bits/hashtable.h:1727:28: error: ‘size_t’ is not a member of ‘std’
       std::pair<bool, std::size_t> __do_rehash
                            ^~~~~~
/cvmfs/juno.ihep.ac.cn/centos7_amd64_gcc830/contrib/gcc/8.3.0/include/c++/8.3.0/bits/hashtable.h:1727:28: note: suggested alternative: ‘set’
       std::pair<bool, std::size_t> __do_rehash
                            ^~~~~~
                            set
/cvmfs/juno.ihep.ac.cn/centos7_amd64_gcc830/contrib/gcc/8.3.0/include/c++/8.3.0/bits/hashtable.h:1727:28: error: ‘size_t’ is not a member of ‘std’
/cvmfs/juno.ihep.ac.cn/centos7_amd64_gcc830/contrib/gcc/8.3.0/include/c++/8.3.0/bits/hashtable.h:1727:28: note: suggested alternative: ‘set’
       std::pair<bool, std::size_t> __do_rehash
                            ^~~~~~
                            set
/cvmfs/juno.ihep.ac.cn/centos7_amd64_gcc830/contrib/gcc/8.3.0/include/c++/8.3.0/bits/hashtable.h:1727:34: error: template argument 2 is invalid
       std::pair<bool, std::size_t> __do_rehash
                                  ^
/cvmfs/juno.ihep.ac.cn/centos7_amd64_gcc830/contrib/gcc/8.3.0/include/c++/8.3.0/bits/hashtable.h:1733:20: error: request for member ‘first’ in ‘__do_rehash’, which is of non-class type ‘int’
    if (__do_rehash.first)
                    ^~~~~
/cvmfs/juno.ihep.ac.cn/centos7_amd64_gcc830/contrib/gcc/8.3.0/include/c++/8.3.0/bits/hashtable.h:1735:30: error: request for member ‘second’ in ‘__do_rehash’, which is of non-class type ‘int’
        _M_rehash(__do_rehash.second, __saved_state);
                              ^~~~~~
/cvmfs/juno.ihep.ac.cn/centos7_amd64_gcc830/contrib/gcc/8.3.0/include/c++/8.3.0/bits/hashtable.h: In member function ‘std::_Hashtable<_Key, _Value, _Alloc, _ExtractKey, _Equal, _H1, _H2, _Hash, _RehashPolicy, _Traits>::iterator std::_Hashtable<_Key, _Value, _Alloc, _ExtractKey, _Equal, _H1, _H2, _Hash, _RehashPolicy, _Traits>::_M_insert_multi_node(std::_Hashtable<_Key, _Value, _Alloc, _ExtractKey, _Equal, _H1, _H2, _Hash, _RehashPolicy, _Traits>::__node_type*, std::_Hashtable<_Key, _Value, _Alloc, _ExtractKey, _Equal, _H1, _H2, _Hash, _RehashPolicy, _Traits>::__hash_code, std::_Hashtable<_Key, _Value, _Alloc, _ExtractKey, _Equal, _H1, _H2, _Hash, _RehashPolicy, _Traits>::__node_type*)’:
/cvmfs/juno.ihep.ac.cn/centos7_amd64_gcc830/contrib/gcc/8.3.0/include/c++/8.3.0/bits/hashtable.h:1767:28: error: ‘size_t’ is not a member of ‘std’
       std::pair<bool, std::size_t> __do_rehash
                            ^~~~~~
/cvmfs/juno.ihep.ac.cn/centos7_amd64_gcc830/contrib/gcc/8.3.0/include/c++/8.3.0/bits/hashtable.h:1767:28: note: suggested alternative: ‘set’
       std::pair<bool, std::size_t> __do_rehash
                            ^~~~~~
                            set
/cvmfs/juno.ihep.ac.cn/centos7_amd64_gcc830/contrib/gcc/8.3.0/include/c++/8.3.0/bits/hashtable.h:1767:28: error: ‘size_t’ is not a member of ‘std’
/cvmfs/juno.ihep.ac.cn/centos7_amd64_gcc830/contrib/gcc/8.3.0/include/c++/8.3.0/bits/hashtable.h:1767:28: note: suggested alternative: ‘set’
       std::pair<bool, std::size_t> __do_rehash
                            ^~~~~~
                            set
/cvmfs/juno.ihep.ac.cn/centos7_amd64_gcc830/contrib/gcc/8.3.0/include/c++/8.3.0/bits/hashtable.h:1767:34: error: template argument 2 is invalid
       std::pair<bool, std::size_t> __do_rehash
                                  ^
/cvmfs/juno.ihep.ac.cn/centos7_amd64_gcc830/contrib/gcc/8.3.0/include/c++/8.3.0/bits/hashtable.h:1772:20: error: request for member ‘first’ in ‘__do_rehash’, which is of non-class type ‘int’
    if (__do_rehash.first)
                    ^~~~~
/cvmfs/juno.ihep.ac.cn/centos7_amd64_gcc830/contrib/gcc/8.3.0/include/c++/8.3.0/bits/hashtable.h:1773:28: error: request for member ‘second’ in ‘__do_rehash’, which is of non-class type ‘int’
      _M_rehash(__do_rehash.second, __saved_state);
                            ^~~~~~
/cvmfs/juno.ihep.ac.cn/centos7_amd64_gcc830/contrib/gcc/8.3.0/include/c++/8.3.0/bits/hashtable.h: In member function ‘std::_Hashtable<_Key, _Value, _Alloc, _ExtractKey, _Equal, _H1, _H2, _Hash, _RehashPolicy, _Traits>::iterator std::_Hashtable<_Key, _Value, _Alloc, _ExtractKey, _Equal, _H1, _H2, _Hash, _RehashPolicy, _Traits>::erase(std::_Hashtable<_Key, _Value, _Alloc, _ExtractKey, _Equal, _H1, _H2, _Hash, _RehashPolicy, _Traits>::const_iterator)’:
/cvmfs/juno.ihep.ac.cn/centos7_amd64_gcc830/contrib/gcc/8.3.0/include/c++/8.3.0/bits/hashtable.h:1877:12: error: ‘size_t’ is not a member of ‘std’
       std::size_t __bkt = _M_bucket_index(__n);
            ^~~~~~
/cvmfs/juno.ihep.ac.cn/centos7_amd64_gcc830/contrib/gcc/8.3.0/include/c++/8.3.0/bits/hashtable.h:1877:12: note: suggested alternative: ‘set’
       std::size_t __bkt = _M_bucket_index(__n);
            ^~~~~~
            set
/cvmfs/juno.ihep.ac.cn/centos7_amd64_gcc830/contrib/gcc/8.3.0/include/c++/8.3.0/bits/hashtable.h:1882:52: error: ‘__bkt’ was not declared in this scope
       __node_base* __prev_n = _M_get_previous_node(__bkt, __n);
                                                    ^~~~~
/cvmfs/juno.ihep.ac.cn/centos7_amd64_gcc830/contrib/gcc/8.3.0/include/c++/8.3.0/bits/hashtable.h:1882:52: note: suggested alternative: ‘__cbrt’
       __node_base* __prev_n = _M_get_previous_node(__bkt, __n);
                                                    ^~~~~
                                                    __cbrt
/cvmfs/juno.ihep.ac.cn/centos7_amd64_gcc830/contrib/gcc/8.3.0/include/c++/8.3.0/bits/hashtable.h: In member function ‘std::_Hashtable<_Key, _Value, _Alloc, _ExtractKey, _Equal, _H1, _H2, _Hash, _RehashPolicy, _Traits>::size_type std::_Hashtable<_Key, _Value, _Alloc, _ExtractKey, _Equal, _H1, _H2, _Hash, _RehashPolicy, _Traits>::_M_erase(std::true_type, const key_type&)’:
/cvmfs/juno.ihep.ac.cn/centos7_amd64_gcc830/contrib/gcc/8.3.0/include/c++/8.3.0/bits/hashtable.h:1925:12: error: ‘size_t’ is not a member of ‘std’
       std::size_t __bkt = _M_bucket_index(__k, __code);
            ^~~~~~
/cvmfs/juno.ihep.ac.cn/centos7_amd64_gcc830/contrib/gcc/8.3.0/include/c++/8.3.0/bits/hashtable.h:1925:12: note: suggested alternative: ‘set’
       std::size_t __bkt = _M_bucket_index(__k, __code);
            ^~~~~~
            set
/cvmfs/juno.ihep.ac.cn/centos7_amd64_gcc830/contrib/gcc/8.3.0/include/c++/8.3.0/bits/hashtable.h:1928:51: error: ‘__bkt’ was not declared in this scope
       __node_base* __prev_n = _M_find_before_node(__bkt, __k, __code);
                                                   ^~~~~
/cvmfs/juno.ihep.ac.cn/centos7_amd64_gcc830/contrib/gcc/8.3.0/include/c++/8.3.0/bits/hashtable.h:1928:51: note: suggested alternative: ‘__cbrt’
       __node_base* __prev_n = _M_find_before_node(__bkt, __k, __code);
                                                   ^~~~~
                                                   __cbrt
/cvmfs/juno.ihep.ac.cn/centos7_amd64_gcc830/contrib/gcc/8.3.0/include/c++/8.3.0/bits/hashtable.h: In member function ‘std::_Hashtable<_Key, _Value, _Alloc, _ExtractKey, _Equal, _H1, _H2, _Hash, _RehashPolicy, _Traits>::size_type std::_Hashtable<_Key, _Value, _Alloc, _ExtractKey, _Equal, _H1, _H2, _Hash, _RehashPolicy, _Traits>::_M_erase(std::false_type, const key_type&)’:
/cvmfs/juno.ihep.ac.cn/centos7_amd64_gcc830/contrib/gcc/8.3.0/include/c++/8.3.0/bits/hashtable.h:1949:12: error: ‘size_t’ is not a member of ‘std’
       std::size_t __bkt = _M_bucket_index(__k, __code);
            ^~~~~~
/cvmfs/juno.ihep.ac.cn/centos7_amd64_gcc830/contrib/gcc/8.3.0/include/c++/8.3.0/bits/hashtable.h:1949:12: note: suggested alternative: ‘set’
       std::size_t __bkt = _M_bucket_index(__k, __code);
            ^~~~~~
            set
/cvmfs/juno.ihep.ac.cn/centos7_amd64_gcc830/contrib/gcc/8.3.0/include/c++/8.3.0/bits/hashtable.h:1952:51: error: ‘__bkt’ was not declared in this scope
       __node_base* __prev_n = _M_find_before_node(__bkt, __k, __code);
                                                   ^~~~~
/cvmfs/juno.ihep.ac.cn/centos7_amd64_gcc830/contrib/gcc/8.3.0/include/c++/8.3.0/bits/hashtable.h:1952:51: note: suggested alternative: ‘__cbrt’
       __node_base* __prev_n = _M_find_before_node(__bkt, __k, __code);
                                                   ^~~~~
                                                   __cbrt
/cvmfs/juno.ihep.ac.cn/centos7_amd64_gcc830/contrib/gcc/8.3.0/include/c++/8.3.0/bits/hashtable.h:1964:12: error: ‘size_t’ is not a member of ‘std’
       std::size_t __n_last_bkt = __bkt;
            ^~~~~~
/cvmfs/juno.ihep.ac.cn/centos7_amd64_gcc830/contrib/gcc/8.3.0/include/c++/8.3.0/bits/hashtable.h:1964:12: note: suggested alternative: ‘set’
       std::size_t __n_last_bkt = __bkt;
            ^~~~~~
            set
/cvmfs/juno.ihep.ac.cn/centos7_amd64_gcc830/contrib/gcc/8.3.0/include/c++/8.3.0/bits/hashtable.h:1970:4: error: ‘__n_last_bkt’ was not declared in this scope
    __n_last_bkt = _M_bucket_index(__n_last);
    ^~~~~~~~~~~~
/cvmfs/juno.ihep.ac.cn/centos7_amd64_gcc830/contrib/gcc/8.3.0/include/c++/8.3.0/bits/hashtable.h:1970:4: note: suggested alternative: ‘__n_last’
    __n_last_bkt = _M_bucket_index(__n_last);
    ^~~~~~~~~~~~
    __n_last
/cvmfs/juno.ihep.ac.cn/centos7_amd64_gcc830/contrib/gcc/8.3.0/include/c++/8.3.0/bits/hashtable.h:1972:14: error: ‘__n_last_bkt’ was not declared in this scope
       while (__n_last_bkt == __bkt && this->_M_equals(__k, __code, __n_last));
              ^~~~~~~~~~~~
/cvmfs/juno.ihep.ac.cn/centos7_amd64_gcc830/contrib/gcc/8.3.0/include/c++/8.3.0/bits/hashtable.h:1972:14: note: suggested alternative: ‘__n_last’
       while (__n_last_bkt == __bkt && this->_M_equals(__k, __code, __n_last));
              ^~~~~~~~~~~~
              __n_last
/cvmfs/juno.ihep.ac.cn/centos7_amd64_gcc830/contrib/gcc/8.3.0/include/c++/8.3.0/bits/hashtable.h: In member function ‘std::_Hashtable<_Key, _Value, _Alloc, _ExtractKey, _Equal, _H1, _H2, _Hash, _RehashPolicy, _Traits>::iterator std::_Hashtable<_Key, _Value, _Alloc, _ExtractKey, _Equal, _H1, _H2, _Hash, _RehashPolicy, _Traits>::erase(std::_Hashtable<_Key, _Value, _Alloc, _ExtractKey, _Equal, _H1, _H2, _Hash, _RehashPolicy, _Traits>::const_iterator, std::_Hashtable<_Key, _Value, _Alloc, _ExtractKey, _Equal, _H1, _H2, _Hash, _RehashPolicy, _Traits>::const_iterator)’:
/cvmfs/juno.ihep.ac.cn/centos7_amd64_gcc830/contrib/gcc/8.3.0/include/c++/8.3.0/bits/hashtable.h:2009:12: error: ‘size_t’ is not a member of ‘std’
       std::size_t __bkt = _M_bucket_index(__n);
            ^~~~~~
/cvmfs/juno.ihep.ac.cn/centos7_amd64_gcc830/contrib/gcc/8.3.0/include/c++/8.3.0/bits/hashtable.h:2009:12: note: suggested alternative: ‘set’
       std::size_t __bkt = _M_bucket_index(__n);
            ^~~~~~
            set
/cvmfs/juno.ihep.ac.cn/centos7_amd64_gcc830/contrib/gcc/8.3.0/include/c++/8.3.0/bits/hashtable.h:2011:52: error: ‘__bkt’ was not declared in this scope
       __node_base* __prev_n = _M_get_previous_node(__bkt, __n);
                                                    ^~~~~
/cvmfs/juno.ihep.ac.cn/centos7_amd64_gcc830/contrib/gcc/8.3.0/include/c++/8.3.0/bits/hashtable.h:2011:52: note: suggested alternative: ‘__cbrt’
       __node_base* __prev_n = _M_get_previous_node(__bkt, __n);
                                                    ^~~~~
                                                    __cbrt
/cvmfs/juno.ihep.ac.cn/centos7_amd64_gcc830/contrib/gcc/8.3.0/include/c++/8.3.0/bits/hashtable.h:2013:12: error: ‘size_t’ is not a member of ‘std’
       std::size_t __n_bkt = __bkt;
            ^~~~~~
/cvmfs/juno.ihep.ac.cn/centos7_amd64_gcc830/contrib/gcc/8.3.0/include/c++/8.3.0/bits/hashtable.h:2013:12: note: suggested alternative: ‘set’
       std::size_t __n_bkt = __bkt;
            ^~~~~~
            set
/cvmfs/juno.ihep.ac.cn/centos7_amd64_gcc830/contrib/gcc/8.3.0/include/c++/8.3.0/bits/hashtable.h:2024:8: error: ‘__n_bkt’ was not declared in this scope
        __n_bkt = _M_bucket_index(__n);
        ^~~~~~~
/cvmfs/juno.ihep.ac.cn/centos7_amd64_gcc830/contrib/gcc/8.3.0/include/c++/8.3.0/bits/hashtable.h:2024:8: note: suggested alternative: ‘__cbrt’
        __n_bkt = _M_bucket_index(__n);
        ^~~~~~~
        __cbrt
/cvmfs/juno.ihep.ac.cn/centos7_amd64_gcc830/contrib/gcc/8.3.0/include/c++/8.3.0/bits/hashtable.h:2026:30: error: ‘__n_bkt’ was not declared in this scope
    while (__n != __last_n && __n_bkt == __bkt);
                              ^~~~~~~
/cvmfs/juno.ihep.ac.cn/centos7_amd64_gcc830/contrib/gcc/8.3.0/include/c++/8.3.0/bits/hashtable.h:2026:30: note: suggested alternative: ‘__cbrt’
    while (__n != __last_n && __n_bkt == __bkt);
                              ^~~~~~~
                              __cbrt
/cvmfs/juno.ihep.ac.cn/centos7_amd64_gcc830/contrib/gcc/8.3.0/include/c++/8.3.0/bits/hashtable.h:2035:19: error: ‘__n_bkt’ was not declared in this scope
       if (__n && (__n_bkt != __bkt || __is_bucket_begin))
                   ^~~~~~~
/cvmfs/juno.ihep.ac.cn/centos7_amd64_gcc830/contrib/gcc/8.3.0/include/c++/8.3.0/bits/hashtable.h:2035:19: note: suggested alternative: ‘__cbrt’
       if (__n && (__n_bkt != __bkt || __is_bucket_begin))
                   ^~~~~~~
                   __cbrt
/cvmfs/juno.ihep.ac.cn/centos7_amd64_gcc830/contrib/gcc/8.3.0/include/c++/8.3.0/bits/hashtable.h: In member function ‘void std::_Hashtable<_Key, _Value, _Alloc, _ExtractKey, _Equal, _H1, _H2, _Hash, _RehashPolicy, _Traits>::rehash(std::_Hashtable<_Key, _Value, _Alloc, _ExtractKey, _Equal, _H1, _H2, _Hash, _RehashPolicy, _Traits>::size_type)’:
/cvmfs/juno.ihep.ac.cn/centos7_amd64_gcc830/contrib/gcc/8.3.0/include/c++/8.3.0/bits/hashtable.h:2066:12: error: ‘size_t’ is not a member of ‘std’
       std::size_t __buckets
            ^~~~~~
/cvmfs/juno.ihep.ac.cn/centos7_amd64_gcc830/contrib/gcc/8.3.0/include/c++/8.3.0/bits/hashtable.h:2066:12: note: suggested alternative: ‘set’
       std::size_t __buckets
            ^~~~~~
            set
/cvmfs/juno.ihep.ac.cn/centos7_amd64_gcc830/contrib/gcc/8.3.0/include/c++/8.3.0/bits/hashtable.h:2069:7: error: ‘__buckets’ was not declared in this scope
       __buckets = _M_rehash_policy._M_next_bkt(__buckets);
       ^~~~~~~~~
/cvmfs/juno.ihep.ac.cn/centos7_amd64_gcc830/contrib/gcc/8.3.0/include/c++/8.3.0/bits/hashtable.h:2069:7: note: suggested alternative: ‘_M_buckets’
       __buckets = _M_rehash_policy._M_next_bkt(__buckets);
       ^~~~~~~~~
       _M_buckets
/cvmfs/juno.ihep.ac.cn/centos7_amd64_gcc830/contrib/gcc/8.3.0/include/c++/8.3.0/bits/hashtable.h: In member function ‘void std::_Hashtable<_Key, _Value, _Alloc, _ExtractKey, _Equal, _H1, _H2, _Hash, _RehashPolicy, _Traits>::_M_rehash_aux(std::_Hashtable<_Key, _Value, _Alloc, _ExtractKey, _Equal, _H1, _H2, _Hash, _RehashPolicy, _Traits>::size_type, std::true_type)’:
/cvmfs/juno.ihep.ac.cn/centos7_amd64_gcc830/contrib/gcc/8.3.0/include/c++/8.3.0/bits/hashtable.h:2113:12: error: ‘size_t’ is not a member of ‘std’
       std::size_t __bbegin_bkt = 0;
            ^~~~~~
/cvmfs/juno.ihep.ac.cn/centos7_amd64_gcc830/contrib/gcc/8.3.0/include/c++/8.3.0/bits/hashtable.h:2113:12: note: suggested alternative: ‘set’
       std::size_t __bbegin_bkt = 0;
            ^~~~~~
            set
/cvmfs/juno.ihep.ac.cn/centos7_amd64_gcc830/contrib/gcc/8.3.0/include/c++/8.3.0/bits/hashtable.h:2117:9: error: ‘size_t’ is not a member of ‘std’
    std::size_t __bkt = __hash_code_base::_M_bucket_index(__p, __n);
         ^~~~~~
/cvmfs/juno.ihep.ac.cn/centos7_amd64_gcc830/contrib/gcc/8.3.0/include/c++/8.3.0/bits/hashtable.h:2117:9: note: suggested alternative: ‘set’
    std::size_t __bkt = __hash_code_base::_M_bucket_index(__p, __n);
         ^~~~~~
         set
/cvmfs/juno.ihep.ac.cn/centos7_amd64_gcc830/contrib/gcc/8.3.0/include/c++/8.3.0/bits/hashtable.h:2118:23: error: ‘__bkt’ was not declared in this scope
    if (!__new_buckets[__bkt])
                       ^~~~~
/cvmfs/juno.ihep.ac.cn/centos7_amd64_gcc830/contrib/gcc/8.3.0/include/c++/8.3.0/bits/hashtable.h:2118:23: note: suggested alternative: ‘__cbrt’
    if (!__new_buckets[__bkt])
                       ^~~~~
                       __cbrt
/cvmfs/juno.ihep.ac.cn/centos7_amd64_gcc830/contrib/gcc/8.3.0/include/c++/8.3.0/bits/hashtable.h:2124:17: error: ‘__bbegin_bkt’ was not declared in this scope
   __new_buckets[__bbegin_bkt] = __p;
                 ^~~~~~~~~~~~
/cvmfs/juno.ihep.ac.cn/centos7_amd64_gcc830/contrib/gcc/8.3.0/include/c++/8.3.0/bits/hashtable.h:2124:17: note: suggested alternative: ‘_M_begin’
   __new_buckets[__bbegin_bkt] = __p;
                 ^~~~~~~~~~~~
                 _M_begin
/cvmfs/juno.ihep.ac.cn/centos7_amd64_gcc830/contrib/gcc/8.3.0/include/c++/8.3.0/bits/hashtable.h:2125:8: error: ‘__bbegin_bkt’ was not declared in this scope
        __bbegin_bkt = __bkt;
        ^~~~~~~~~~~~
/cvmfs/juno.ihep.ac.cn/centos7_amd64_gcc830/contrib/gcc/8.3.0/include/c++/8.3.0/bits/hashtable.h:2125:8: note: suggested alternative: ‘_M_begin’
        __bbegin_bkt = __bkt;
        ^~~~~~~~~~~~
        _M_begin
/cvmfs/juno.ihep.ac.cn/centos7_amd64_gcc830/contrib/gcc/8.3.0/include/c++/8.3.0/bits/hashtable.h: In member function ‘void std::_Hashtable<_Key, _Value, _Alloc, _ExtractKey, _Equal, _H1, _H2, _Hash, _RehashPolicy, _Traits>::_M_rehash_aux(std::_Hashtable<_Key, _Value, _Alloc, _ExtractKey, _Equal, _H1, _H2, _Hash, _RehashPolicy, _Traits>::size_type, std::false_type)’:
/cvmfs/juno.ihep.ac.cn/centos7_amd64_gcc830/contrib/gcc/8.3.0/include/c++/8.3.0/bits/hashtable.h:2155:12: error: ‘size_t’ is not a member of ‘std’
       std::size_t __bbegin_bkt = 0;
            ^~~~~~
/cvmfs/juno.ihep.ac.cn/centos7_amd64_gcc830/contrib/gcc/8.3.0/include/c++/8.3.0/bits/hashtable.h:2155:12: note: suggested alternative: ‘set’
       std::size_t __bbegin_bkt = 0;
            ^~~~~~
            set
/cvmfs/juno.ihep.ac.cn/centos7_amd64_gcc830/contrib/gcc/8.3.0/include/c++/8.3.0/bits/hashtable.h:2156:12: error: ‘size_t’ is not a member of ‘std’
       std::size_t __prev_bkt = 0;
            ^~~~~~
/cvmfs/juno.ihep.ac.cn/centos7_amd64_gcc830/contrib/gcc/8.3.0/include/c++/8.3.0/bits/hashtable.h:2156:12: note: suggested alternative: ‘set’
       std::size_t __prev_bkt = 0;
            ^~~~~~
            set
/cvmfs/juno.ihep.ac.cn/centos7_amd64_gcc830/contrib/gcc/8.3.0/include/c++/8.3.0/bits/hashtable.h:2163:9: error: ‘size_t’ is not a member of ‘std’
    std::size_t __bkt = __hash_code_base::_M_bucket_index(__p, __n);
         ^~~~~~
/cvmfs/juno.ihep.ac.cn/centos7_amd64_gcc830/contrib/gcc/8.3.0/include/c++/8.3.0/bits/hashtable.h:2163:9: note: suggested alternative: ‘set’
    std::size_t __bkt = __hash_code_base::_M_bucket_index(__p, __n);
         ^~~~~~
         set
/cvmfs/juno.ihep.ac.cn/centos7_amd64_gcc830/contrib/gcc/8.3.0/include/c++/8.3.0/bits/hashtable.h:2165:20: error: ‘__prev_bkt’ was not declared in this scope
    if (__prev_p && __prev_bkt == __bkt)
                    ^~~~~~~~~~
/cvmfs/juno.ihep.ac.cn/centos7_amd64_gcc830/contrib/gcc/8.3.0/include/c++/8.3.0/bits/hashtable.h:2165:20: note: suggested alternative: ‘__prev_p’
    if (__prev_p && __prev_bkt == __bkt)
                    ^~~~~~~~~~
                    __prev_p
/cvmfs/juno.ihep.ac.cn/centos7_amd64_gcc830/contrib/gcc/8.3.0/include/c++/8.3.0/bits/hashtable.h:2165:34: error: ‘__bkt’ was not declared in this scope
    if (__prev_p && __prev_bkt == __bkt)
                                  ^~~~~
/cvmfs/juno.ihep.ac.cn/centos7_amd64_gcc830/contrib/gcc/8.3.0/include/c++/8.3.0/bits/hashtable.h:2165:34: note: suggested alternative: ‘__cbrt’
    if (__prev_p && __prev_bkt == __bkt)
                                  ^~~~~
                                  __cbrt
/cvmfs/juno.ihep.ac.cn/centos7_amd64_gcc830/contrib/gcc/8.3.0/include/c++/8.3.0/bits/hashtable.h:2188:14: error: ‘size_t’ is not a member of ‘std’
         std::size_t __next_bkt
              ^~~~~~
/cvmfs/juno.ihep.ac.cn/centos7_amd64_gcc830/contrib/gcc/8.3.0/include/c++/8.3.0/bits/hashtable.h:2188:14: note: suggested alternative: ‘set’
         std::size_t __next_bkt
              ^~~~~~
              set
/cvmfs/juno.ihep.ac.cn/centos7_amd64_gcc830/contrib/gcc/8.3.0/include/c++/8.3.0/bits/hashtable.h:2191:13: error: ‘__next_bkt’ was not declared in this scope
         if (__next_bkt != __prev_bkt)
             ^~~~~~~~~~
/cvmfs/juno.ihep.ac.cn/centos7_amd64_gcc830/contrib/gcc/8.3.0/include/c++/8.3.0/bits/hashtable.h:2191:13: note: suggested alternative: ‘__next’
         if (__next_bkt != __prev_bkt)
             ^~~~~~~~~~
             __next
/cvmfs/juno.ihep.ac.cn/centos7_amd64_gcc830/contrib/gcc/8.3.0/include/c++/8.3.0/bits/hashtable.h:2203:21: error: ‘__bbegin_bkt’ was not declared in this scope
       __new_buckets[__bbegin_bkt] = __p;
                     ^~~~~~~~~~~~
/cvmfs/juno.ihep.ac.cn/centos7_amd64_gcc830/contrib/gcc/8.3.0/include/c++/8.3.0/bits/hashtable.h:2203:21: note: suggested alternative: ‘_M_begin’
       __new_buckets[__bbegin_bkt] = __p;
                     ^~~~~~~~~~~~
                     _M_begin
/cvmfs/juno.ihep.ac.cn/centos7_amd64_gcc830/contrib/gcc/8.3.0/include/c++/8.3.0/bits/hashtable.h:2204:5: error: ‘__bbegin_bkt’ was not declared in this scope
     __bbegin_bkt = __bkt;
     ^~~~~~~~~~~~
/cvmfs/juno.ihep.ac.cn/centos7_amd64_gcc830/contrib/gcc/8.3.0/include/c++/8.3.0/bits/hashtable.h:2204:5: note: suggested alternative: ‘_M_begin’
     __bbegin_bkt = __bkt;
     ^~~~~~~~~~~~
     _M_begin
/cvmfs/juno.ihep.ac.cn/centos7_amd64_gcc830/contrib/gcc/8.3.0/include/c++/8.3.0/bits/hashtable.h:2213:4: error: ‘__prev_bkt’ was not declared in this scope
    __prev_bkt = __bkt;
    ^~~~~~~~~~
/cvmfs/juno.ihep.ac.cn/centos7_amd64_gcc830/contrib/gcc/8.3.0/include/c++/8.3.0/bits/hashtable.h:2213:4: note: suggested alternative: ‘__prev_p’
    __prev_bkt = __bkt;
    ^~~~~~~~~~
    __prev_p
/cvmfs/juno.ihep.ac.cn/centos7_amd64_gcc830/contrib/gcc/8.3.0/include/c++/8.3.0/bits/hashtable.h:2213:17: error: ‘__bkt’ was not declared in this scope
    __prev_bkt = __bkt;
                 ^~~~~
/cvmfs/juno.ihep.ac.cn/centos7_amd64_gcc830/contrib/gcc/8.3.0/include/c++/8.3.0/bits/hashtable.h:2213:17: note: suggested alternative: ‘__cbrt’
    __prev_bkt = __bkt;
                 ^~~~~
                 __cbrt
/cvmfs/juno.ihep.ac.cn/centos7_amd64_gcc830/contrib/gcc/8.3.0/include/c++/8.3.0/bits/hashtable.h:2219:9: error: ‘size_t’ is not a member of ‘std’
    std::size_t __next_bkt
         ^~~~~~
/cvmfs/juno.ihep.ac.cn/centos7_amd64_gcc830/contrib/gcc/8.3.0/include/c++/8.3.0/bits/hashtable.h:2219:9: note: suggested alternative: ‘set’
    std::size_t __next_bkt
         ^~~~~~
         set
/cvmfs/juno.ihep.ac.cn/centos7_amd64_gcc830/contrib/gcc/8.3.0/include/c++/8.3.0/bits/hashtable.h:2221:8: error: ‘__next_bkt’ was not declared in this scope
    if (__next_bkt != __prev_bkt)
        ^~~~~~~~~~
/cvmfs/juno.ihep.ac.cn/centos7_amd64_gcc830/contrib/gcc/8.3.0/include/c++/8.3.0/bits/hashtable.h:2221:8: note: suggested alternative: ‘__not_’
    if (__next_bkt != __prev_bkt)
        ^~~~~~~~~~
        __not_
/cvmfs/juno.ihep.ac.cn/centos7_amd64_gcc830/contrib/gcc/8.3.0/include/c++/8.3.0/bits/hashtable.h:2221:22: error: ‘__prev_bkt’ was not declared in this scope
    if (__next_bkt != __prev_bkt)
                      ^~~~~~~~~~
/cvmfs/juno.ihep.ac.cn/centos7_amd64_gcc830/contrib/gcc/8.3.0/include/c++/8.3.0/bits/hashtable.h:2221:22: note: suggested alternative: ‘__prev_p’
    if (__next_bkt != __prev_bkt)
                      ^~~~~~~~~~
                      __prev_p
In file included from /cvmfs/juno.ihep.ac.cn/centos7_amd64_gcc830/contrib/gcc/8.3.0/include/c++/8.3.0/bits/hashtable.h:35,
                 from /cvmfs/juno.ihep.ac.cn/centos7_amd64_gcc830/contrib/gcc/8.3.0/include/c++/8.3.0/unordered_set:46,
                 from /cvmfs/juno.ihep.ac.cn/centos7_amd64_gcc830/Pre-Release/J20v1r0-Pre2/ExternalLibs/ROOT/6.20.02/include/TClass.h:31,
                 from /cvmfs/juno.ihep.ac.cn/centos7_amd64_gcc830/Pre-Release/J20v1r0-Pre2/ExternalLibs/ROOT/6.20.02/include/TBuffer.h:26,
                 from /cvmfs/juno.ihep.ac.cn/centos7_amd64_gcc830/Pre-Release/J20v1r0-Pre2/ExternalLibs/ROOT/6.20.02/include/TDirectory.h:24,
                 from /cvmfs/juno.ihep.ac.cn/centos7_amd64_gcc830/Pre-Release/J20v1r0-Pre2/ExternalLibs/ROOT/6.20.02/include/TDirectoryFile.h:25,
                 from /cvmfs/juno.ihep.ac.cn/centos7_amd64_gcc830/Pre-Release/J20v1r0-Pre2/ExternalLibs/ROOT/6.20.02/include/TFile.h:27,
                 from /dybfs/users/xuhangkun/SimTAO/analysis/calibrate/include/RunData.h:44,
                 from /dybfs/users/xuhangkun/SimTAO/analysis/calibrate/include/TAORunData.h:44,
                 from /dybfs/users/xuhangkun/SimTAO/analysis/calibrate/src/NonLinearCalibration.cpp:2:
/cvmfs/juno.ihep.ac.cn/centos7_amd64_gcc830/contrib/gcc/8.3.0/include/c++/8.3.0/bits/hashtable_policy.h: In instantiation of ‘struct std::__detail::_Hashtable_base<std::__cxx11::basic_string<char>, std::__cxx11::basic_string<char>, std::__detail::_Identity, std::equal_to<std::__cxx11::basic_string<char> >, std::hash<std::__cxx11::basic_string<char> >, std::__detail::_Mod_range_hashing, std::__detail::_Default_ranged_hash, std::__detail::_Hashtable_traits<true, true, true> >’:
/cvmfs/juno.ihep.ac.cn/centos7_amd64_gcc830/contrib/gcc/8.3.0/include/c++/8.3.0/bits/hashtable.h:173:11:   required from ‘class std::_Hashtable<std::__cxx11::basic_string<char>, std::__cxx11::basic_string<char>, std::allocator<std::__cxx11::basic_string<char> >, std::__detail::_Identity, std::equal_to<std::__cxx11::basic_string<char> >, std::hash<std::__cxx11::basic_string<char> >, std::__detail::_Mod_range_hashing, std::__detail::_Default_ranged_hash, std::__detail::_Prime_rehash_policy, std::__detail::_Hashtable_traits<true, true, true> >’
/cvmfs/juno.ihep.ac.cn/centos7_amd64_gcc830/contrib/gcc/8.3.0/include/c++/8.3.0/bits/unordered_set.h:100:18:   required from ‘class std::unordered_set<std::__cxx11::basic_string<char> >’
/cvmfs/juno.ihep.ac.cn/centos7_amd64_gcc830/Pre-Release/J20v1r0-Pre2/ExternalLibs/ROOT/6.20.02/include/TClass.h:144:39:   required from here
/cvmfs/juno.ihep.ac.cn/centos7_amd64_gcc830/contrib/gcc/8.3.0/include/c++/8.3.0/bits/hashtable_policy.h:1793:63: error: no type named ‘__hash_code’ in ‘struct std::__detail::_Hash_code_base<std::__cxx11::basic_string<char>, std::__cxx11::basic_string<char>, std::__detail::_Identity, std::hash<std::__cxx11::basic_string<char> >, std::__detail::_Mod_range_hashing, std::__detail::_Default_ranged_hash, true>’
     using __hash_code = typename __hash_code_base::__hash_code;
                                                               ^
/cvmfs/juno.ihep.ac.cn/centos7_amd64_gcc830/contrib/gcc/8.3.0/include/c++/8.3.0/bits/hashtable_policy.h:1821:40: error: no type named ‘__hash_code’ in ‘struct std::__detail::_Hash_code_base<std::__cxx11::basic_string<char>, std::__cxx11::basic_string<char>, std::__detail::_Identity, std::hash<std::__cxx11::basic_string<char> >, std::__detail::_Mod_range_hashing, std::__detail::_Default_ranged_hash, true>’
      __hash_code, __hash_cached::value>;
                                        ^
/cvmfs/juno.ihep.ac.cn/centos7_amd64_gcc830/contrib/gcc/8.3.0/include/c++/8.3.0/bits/hashtable_policy.h: In instantiation of ‘struct std::__detail::_Insert_base<std::__cxx11::basic_string<char>, std::__cxx11::basic_string<char>, std::allocator<std::__cxx11::basic_string<char> >, std::__detail::_Identity, std::equal_to<std::__cxx11::basic_string<char> >, std::hash<std::__cxx11::basic_string<char> >, std::__detail::_Mod_range_hashing, std::__detail::_Default_ranged_hash, std::__detail::_Prime_rehash_policy, std::__detail::_Hashtable_traits<true, true, true> >’:
/cvmfs/juno.ihep.ac.cn/centos7_amd64_gcc830/contrib/gcc/8.3.0/include/c++/8.3.0/bits/hashtable_policy.h:936:12:   required from ‘struct std::__detail::_Insert<std::__cxx11::basic_string<char>, std::__cxx11::basic_string<char>, std::allocator<std::__cxx11::basic_string<char> >, std::__detail::_Identity, std::equal_to<std::__cxx11::basic_string<char> >, std::hash<std::__cxx11::basic_string<char> >, std::__detail::_Mod_range_hashing, std::__detail::_Default_ranged_hash, std::__detail::_Prime_rehash_policy, std::__detail::_Hashtable_traits<true, true, true>, true>’
/cvmfs/juno.ihep.ac.cn/centos7_amd64_gcc830/contrib/gcc/8.3.0/include/c++/8.3.0/bits/hashtable.h:173:11:   required from ‘class std::_Hashtable<std::__cxx11::basic_string<char>, std::__cxx11::basic_string<char>, std::allocator<std::__cxx11::basic_string<char> >, std::__detail::_Identity, std::equal_to<std::__cxx11::basic_string<char> >, std::hash<std::__cxx11::basic_string<char> >, std::__detail::_Mod_range_hashing, std::__detail::_Default_ranged_hash, std::__detail::_Prime_rehash_policy, std::__detail::_Hashtable_traits<true, true, true> >’
/cvmfs/juno.ihep.ac.cn/centos7_amd64_gcc830/contrib/gcc/8.3.0/include/c++/8.3.0/bits/unordered_set.h:100:18:   required from ‘class std::unordered_set<std::__cxx11::basic_string<char> >’
/cvmfs/juno.ihep.ac.cn/centos7_amd64_gcc830/Pre-Release/J20v1r0-Pre2/ExternalLibs/ROOT/6.20.02/include/TClass.h:144:39:   required from here
/cvmfs/juno.ihep.ac.cn/centos7_amd64_gcc830/contrib/gcc/8.3.0/include/c++/8.3.0/bits/hashtable_policy.h:806:61: error: no type named ‘size_type’ in ‘struct std::__detail::_Hashtable_base<std::__cxx11::basic_string<char>, std::__cxx11::basic_string<char>, std::__detail::_Identity, std::equal_to<std::__cxx11::basic_string<char> >, std::hash<std::__cxx11::basic_string<char> >, std::__detail::_Mod_range_hashing, std::__detail::_Default_ranged_hash, std::__detail::_Hashtable_traits<true, true, true> >’
       using size_type = typename __hashtable_base::size_type;
                                                             ^
In file included from /cvmfs/juno.ihep.ac.cn/centos7_amd64_gcc830/contrib/gcc/8.3.0/include/c++/8.3.0/bits/basic_string.h:40,
                 from /cvmfs/juno.ihep.ac.cn/centos7_amd64_gcc830/contrib/gcc/8.3.0/include/c++/8.3.0/string:52,
                 from /dybfs/users/xuhangkun/SimTAO/analysis/calibrate/include/RunData.h:43,
                 from /dybfs/users/xuhangkun/SimTAO/analysis/calibrate/include/TAORunData.h:44,
                 from /dybfs/users/xuhangkun/SimTAO/analysis/calibrate/src/NonLinearCalibration.cpp:2:
/cvmfs/juno.ihep.ac.cn/centos7_amd64_gcc830/contrib/gcc/8.3.0/include/c++/8.3.0/ext/alloc_traits.h: In instantiation of ‘struct __gnu_cxx::__alloc_traits<std::allocator<std::__detail::_Hash_node<std::__cxx11::basic_string<char>, true> >, std::__detail::_Hash_node<std::__cxx11::basic_string<char>, true> >’:
/cvmfs/juno.ihep.ac.cn/centos7_amd64_gcc830/contrib/gcc/8.3.0/include/c++/8.3.0/bits/hashtable_policy.h:2027:49:   required from ‘struct std::__detail::_Hashtable_alloc<std::allocator<std::__detail::_Hash_node<std::__cxx11::basic_string<char>, true> > >’
/cvmfs/juno.ihep.ac.cn/centos7_amd64_gcc830/contrib/gcc/8.3.0/include/c++/8.3.0/bits/hashtable.h:173:11:   required from ‘class std::_Hashtable<std::__cxx11::basic_string<char>, std::__cxx11::basic_string<char>, std::allocator<std::__cxx11::basic_string<char> >, std::__detail::_Identity, std::equal_to<std::__cxx11::basic_string<char> >, std::hash<std::__cxx11::basic_string<char> >, std::__detail::_Mod_range_hashing, std::__detail::_Default_ranged_hash, std::__detail::_Prime_rehash_policy, std::__detail::_Hashtable_traits<true, true, true> >’
/cvmfs/juno.ihep.ac.cn/centos7_amd64_gcc830/contrib/gcc/8.3.0/include/c++/8.3.0/bits/unordered_set.h:100:18:   required from ‘class std::unordered_set<std::__cxx11::basic_string<char> >’
/cvmfs/juno.ihep.ac.cn/centos7_amd64_gcc830/Pre-Release/J20v1r0-Pre2/ExternalLibs/ROOT/6.20.02/include/TClass.h:144:39:   required from here
/cvmfs/juno.ihep.ac.cn/centos7_amd64_gcc830/contrib/gcc/8.3.0/include/c++/8.3.0/ext/alloc_traits.h:61:53: error: no type named ‘size_type’ in ‘struct std::allocator_traits<std::allocator<std::__detail::_Hash_node<std::__cxx11::basic_string<char>, true> > >’
     typedef typename _Base_type::size_type          size_type;
                                                     ^~~~~~~~~
/cvmfs/juno.ihep.ac.cn/centos7_amd64_gcc830/contrib/gcc/8.3.0/include/c++/8.3.0/ext/alloc_traits.h:62:53: error: no type named ‘difference_type’ in ‘struct std::allocator_traits<std::allocator<std::__detail::_Hash_node<std::__cxx11::basic_string<char>, true> > >’
     typedef typename _Base_type::difference_type    difference_type;
                                                     ^~~~~~~~~~~~~~~
/cvmfs/juno.ihep.ac.cn/centos7_amd64_gcc830/contrib/gcc/8.3.0/include/c++/8.3.0/ext/alloc_traits.h:70:23: error: no members matching ‘__gnu_cxx::__alloc_traits<std::allocator<std::__detail::_Hash_node<std::__cxx11::basic_string<char>, true> >, std::__detail::_Hash_node<std::__cxx11::basic_string<char>, true> >::_Base_type {aka std::allocator_traits<std::allocator<std::__detail::_Hash_node<std::__cxx11::basic_string<char>, true> > >}::max_size’ in ‘__gnu_cxx::__alloc_traits<std::allocator<std::__detail::_Hash_node<std::__cxx11::basic_string<char>, true> >, std::__detail::_Hash_node<std::__cxx11::basic_string<char>, true> >::_Base_type’ {aka ‘struct std::allocator_traits<std::allocator<std::__detail::_Hash_node<std::__cxx11::basic_string<char>, true> > >’}
     using _Base_type::max_size;
                       ^~~~~~~~
In file included from /cvmfs/juno.ihep.ac.cn/centos7_amd64_gcc830/contrib/gcc/8.3.0/include/c++/8.3.0/unordered_set:46,
                 from /cvmfs/juno.ihep.ac.cn/centos7_amd64_gcc830/Pre-Release/J20v1r0-Pre2/ExternalLibs/ROOT/6.20.02/include/TClass.h:31,
                 from /cvmfs/juno.ihep.ac.cn/centos7_amd64_gcc830/Pre-Release/J20v1r0-Pre2/ExternalLibs/ROOT/6.20.02/include/TBuffer.h:26,
                 from /cvmfs/juno.ihep.ac.cn/centos7_amd64_gcc830/Pre-Release/J20v1r0-Pre2/ExternalLibs/ROOT/6.20.02/include/TDirectory.h:24,
                 from /cvmfs/juno.ihep.ac.cn/centos7_amd64_gcc830/Pre-Release/J20v1r0-Pre2/ExternalLibs/ROOT/6.20.02/include/TDirectoryFile.h:25,
                 from /cvmfs/juno.ihep.ac.cn/centos7_amd64_gcc830/Pre-Release/J20v1r0-Pre2/ExternalLibs/ROOT/6.20.02/include/TFile.h:27,
                 from /dybfs/users/xuhangkun/SimTAO/analysis/calibrate/include/RunData.h:44,
                 from /dybfs/users/xuhangkun/SimTAO/analysis/calibrate/include/TAORunData.h:44,
                 from /dybfs/users/xuhangkun/SimTAO/analysis/calibrate/src/NonLinearCalibration.cpp:2:
/cvmfs/juno.ihep.ac.cn/centos7_amd64_gcc830/contrib/gcc/8.3.0/include/c++/8.3.0/bits/hashtable.h: In instantiation of ‘class std::_Hashtable<std::__cxx11::basic_string<char>, std::__cxx11::basic_string<char>, std::allocator<std::__cxx11::basic_string<char> >, std::__detail::_Identity, std::equal_to<std::__cxx11::basic_string<char> >, std::hash<std::__cxx11::basic_string<char> >, std::__detail::_Mod_range_hashing, std::__detail::_Default_ranged_hash, std::__detail::_Prime_rehash_policy, std::__detail::_Hashtable_traits<true, true, true> >’:
/cvmfs/juno.ihep.ac.cn/centos7_amd64_gcc830/contrib/gcc/8.3.0/include/c++/8.3.0/bits/unordered_set.h:100:18:   required from ‘class std::unordered_set<std::__cxx11::basic_string<char> >’
/cvmfs/juno.ihep.ac.cn/centos7_amd64_gcc830/Pre-Release/J20v1r0-Pre2/ExternalLibs/ROOT/6.20.02/include/TClass.h:144:39:   required from here
/cvmfs/juno.ihep.ac.cn/centos7_amd64_gcc830/contrib/gcc/8.3.0/include/c++/8.3.0/bits/hashtable.h:230:60: error: no type named ‘_State’ in ‘using __rehash_type = struct std::__detail::_Prime_rehash_policy’ {aka ‘struct std::__detail::_Prime_rehash_policy’}
       using __rehash_state = typename __rehash_type::_State;
                                                            ^
/cvmfs/juno.ihep.ac.cn/centos7_amd64_gcc830/contrib/gcc/8.3.0/include/c++/8.3.0/bits/hashtable.h: In instantiation of ‘struct std::_Hashtable<std::__cxx11::basic_string<char>, std::__cxx11::basic_string<char>, std::allocator<std::__cxx11::basic_string<char> >, std::__detail::_Identity, std::equal_to<std::__cxx11::basic_string<char> >, std::hash<std::__cxx11::basic_string<char> >, std::__detail::_Mod_range_hashing, std::__detail::_Default_ranged_hash, std::__detail::_Prime_rehash_policy, std::__detail::_Hashtable_traits<true, true, true> >::__hash_code_base_access’:
/cvmfs/juno.ihep.ac.cn/centos7_amd64_gcc830/contrib/gcc/8.3.0/include/c++/8.3.0/bits/hashtable.h:281:10:   required from ‘class std::_Hashtable<std::__cxx11::basic_string<char>, std::__cxx11::basic_string<char>, std::allocator<std::__cxx11::basic_string<char> >, std::__detail::_Identity, std::equal_to<std::__cxx11::basic_string<char> >, std::hash<std::__cxx11::basic_string<char> >, std::__detail::_Mod_range_hashing, std::__detail::_Default_ranged_hash, std::__detail::_Prime_rehash_policy, std::__detail::_Hashtable_traits<true, true, true> >’
/cvmfs/juno.ihep.ac.cn/centos7_amd64_gcc830/contrib/gcc/8.3.0/include/c++/8.3.0/bits/unordered_set.h:100:18:   required from ‘class std::unordered_set<std::__cxx11::basic_string<char> >’
/cvmfs/juno.ihep.ac.cn/centos7_amd64_gcc830/Pre-Release/J20v1r0-Pre2/ExternalLibs/ROOT/6.20.02/include/TClass.h:144:39:   required from here
/cvmfs/juno.ihep.ac.cn/centos7_amd64_gcc830/contrib/gcc/8.3.0/include/c++/8.3.0/bits/hashtable.h:276:33: error: no members matching ‘std::_Hashtable<std::__cxx11::basic_string<char>, std::__cxx11::basic_string<char>, std::allocator<std::__cxx11::basic_string<char> >, std::__detail::_Identity, std::equal_to<std::__cxx11::basic_string<char> >, std::hash<std::__cxx11::basic_string<char> >, std::__detail::_Mod_range_hashing, std::__detail::_Default_ranged_hash, std::__detail::_Prime_rehash_policy, std::__detail::_Hashtable_traits<true, true, true> >::__hash_code_base {aka std::__detail::_Hash_code_base<std::__cxx11::basic_string<char>, std::__cxx11::basic_string<char>, std::__detail::_Identity, std::hash<std::__cxx11::basic_string<char> >, std::__detail::_Mod_range_hashing, std::__detail::_Default_ranged_hash, true>}::_M_bucket_index’ in ‘using __hash_code_base = using __hash_code_base = struct std::__detail::_Hash_code_base<std::__cxx11::basic_string<char>, std::__cxx11::basic_string<char>, std::__detail::_Identity, std::hash<std::__cxx11::basic_string<char> >, std::__detail::_Mod_range_hashing, std::__detail::_Default_ranged_hash, true>’ {aka ‘struct std::__detail::_Hash_code_base<std::__cxx11::basic_string<char>, std::__cxx11::basic_string<char>, std::__detail::_Identity, std::hash<std::__cxx11::basic_string<char> >, std::__detail::_Mod_range_hashing, std::__detail::_Default_ranged_hash, true>’}
       { using __hash_code_base::_M_bucket_index; };
                                 ^~~~~~~~~~~~~~~
/cvmfs/juno.ihep.ac.cn/centos7_amd64_gcc830/contrib/gcc/8.3.0/include/c++/8.3.0/bits/hashtable.h: In instantiation of ‘class std::_Hashtable<std::__cxx11::basic_string<char>, std::__cxx11::basic_string<char>, std::allocator<std::__cxx11::basic_string<char> >, std::__detail::_Identity, std::equal_to<std::__cxx11::basic_string<char> >, std::hash<std::__cxx11::basic_string<char> >, std::__detail::_Mod_range_hashing, std::__detail::_Default_ranged_hash, std::__detail::_Prime_rehash_policy, std::__detail::_Hashtable_traits<true, true, true> >’:
/cvmfs/juno.ihep.ac.cn/centos7_amd64_gcc830/contrib/gcc/8.3.0/include/c++/8.3.0/bits/unordered_set.h:100:18:   required from ‘class std::unordered_set<std::__cxx11::basic_string<char> >’
/cvmfs/juno.ihep.ac.cn/centos7_amd64_gcc830/Pre-Release/J20v1r0-Pre2/ExternalLibs/ROOT/6.20.02/include/TClass.h:144:39:   required from here
/cvmfs/juno.ihep.ac.cn/centos7_amd64_gcc830/contrib/gcc/8.3.0/include/c++/8.3.0/bits/hashtable.h:281:10: error: ‘const struct std::_Hashtable<std::__cxx11::basic_string<char>, std::__cxx11::basic_string<char>, std::allocator<std::__cxx11::basic_string<char> >, std::__detail::_Identity, std::equal_to<std::__cxx11::basic_string<char> >, std::hash<std::__cxx11::basic_string<char> >, std::__detail::_Mod_range_hashing, std::__detail::_Default_ranged_hash, std::__detail::_Prime_rehash_policy, std::__detail::_Hashtable_traits<true, true, true> >::__hash_code_base_access’ has no member named ‘_M_bucket_index’
       static_assert(noexcept(declval<const __hash_code_base_access&>()
                              ~~~~~~~~~~~~~~~~~~~~~~~~~~~~~~~~~~~~~~~~~
         ._M_bucket_index((const __node_type*)nullptr,
         ~^~~~~~~~~~~~~~~
/cvmfs/juno.ihep.ac.cn/centos7_amd64_gcc830/contrib/gcc/8.3.0/include/c++/8.3.0/bits/hashtable.h:316:61: error: no type named ‘size_type’ in ‘struct std::__detail::_Hashtable_base<std::__cxx11::basic_string<char>, std::__cxx11::basic_string<char>, std::__detail::_Identity, std::equal_to<std::__cxx11::basic_string<char> >, std::hash<std::__cxx11::basic_string<char> >, std::__detail::_Mod_range_hashing, std::__detail::_Default_ranged_hash, std::__detail::_Hashtable_traits<true, true, true> >’
       using size_type = typename __hashtable_base::size_type;
                                                             ^
/cvmfs/juno.ihep.ac.cn/centos7_amd64_gcc830/contrib/gcc/8.3.0/include/c++/8.3.0/bits/hashtable.h:317:73: error: no type named ‘difference_type’ in ‘struct std::__detail::_Hashtable_base<std::__cxx11::basic_string<char>, std::__cxx11::basic_string<char>, std::__detail::_Identity, std::equal_to<std::__cxx11::basic_string<char> >, std::hash<std::__cxx11::basic_string<char> >, std::__detail::_Mod_range_hashing, std::__detail::_Default_ranged_hash, std::__detail::_Hashtable_traits<true, true, true> >’
       using difference_type = typename __hashtable_base::difference_type;
                                                                         ^
In file included from /cvmfs/juno.ihep.ac.cn/centos7_amd64_gcc830/contrib/gcc/8.3.0/include/c++/8.3.0/bits/basic_string.h:40,
                 from /cvmfs/juno.ihep.ac.cn/centos7_amd64_gcc830/contrib/gcc/8.3.0/include/c++/8.3.0/string:52,
                 from /dybfs/users/xuhangkun/SimTAO/analysis/calibrate/include/RunData.h:43,
                 from /dybfs/users/xuhangkun/SimTAO/analysis/calibrate/include/TAORunData.h:44,
                 from /dybfs/users/xuhangkun/SimTAO/analysis/calibrate/src/NonLinearCalibration.cpp:2:
/cvmfs/juno.ihep.ac.cn/centos7_amd64_gcc830/contrib/gcc/8.3.0/include/c++/8.3.0/ext/alloc_traits.h: In instantiation of ‘struct __gnu_cxx::__alloc_traits<std::allocator<TVirtualArray*>, TVirtualArray*>’:
/cvmfs/juno.ihep.ac.cn/centos7_amd64_gcc830/contrib/gcc/8.3.0/include/c++/8.3.0/bits/stl_vector.h:84:21:   required from ‘struct std::_Vector_base<TVirtualArray*, std::allocator<TVirtualArray*> >’
/cvmfs/juno.ihep.ac.cn/centos7_amd64_gcc830/contrib/gcc/8.3.0/include/c++/8.3.0/bits/stl_vector.h:339:11:   required from ‘class std::vector<TVirtualArray*>’
/cvmfs/juno.ihep.ac.cn/centos7_amd64_gcc830/Pre-Release/J20v1r0-Pre2/ExternalLibs/ROOT/6.20.02/include/TBuffer.h:55:21:   required from here
/cvmfs/juno.ihep.ac.cn/centos7_amd64_gcc830/contrib/gcc/8.3.0/include/c++/8.3.0/ext/alloc_traits.h:61:53: error: no type named ‘size_type’ in ‘struct std::allocator_traits<std::allocator<TVirtualArray*> >’
     typedef typename _Base_type::size_type          size_type;
                                                     ^~~~~~~~~
/cvmfs/juno.ihep.ac.cn/centos7_amd64_gcc830/contrib/gcc/8.3.0/include/c++/8.3.0/ext/alloc_traits.h:62:53: error: no type named ‘difference_type’ in ‘struct std::allocator_traits<std::allocator<TVirtualArray*> >’
     typedef typename _Base_type::difference_type    difference_type;
                                                     ^~~~~~~~~~~~~~~
/cvmfs/juno.ihep.ac.cn/centos7_amd64_gcc830/contrib/gcc/8.3.0/include/c++/8.3.0/ext/alloc_traits.h:70:23: error: no members matching ‘__gnu_cxx::__alloc_traits<std::allocator<TVirtualArray*>, TVirtualArray*>::_Base_type {aka std::allocator_traits<std::allocator<TVirtualArray*> >}::max_size’ in ‘__gnu_cxx::__alloc_traits<std::allocator<TVirtualArray*>, TVirtualArray*>::_Base_type’ {aka ‘struct std::allocator_traits<std::allocator<TVirtualArray*> >’}
     using _Base_type::max_size;
                       ^~~~~~~~
In file included from /cvmfs/juno.ihep.ac.cn/centos7_amd64_gcc830/Pre-Release/J20v1r0-Pre2/ExternalLibs/ROOT/6.20.02/include/TDirectory.h:26,
                 from /cvmfs/juno.ihep.ac.cn/centos7_amd64_gcc830/Pre-Release/J20v1r0-Pre2/ExternalLibs/ROOT/6.20.02/include/TDirectoryFile.h:25,
                 from /cvmfs/juno.ihep.ac.cn/centos7_amd64_gcc830/Pre-Release/J20v1r0-Pre2/ExternalLibs/ROOT/6.20.02/include/TFile.h:27,
                 from /dybfs/users/xuhangkun/SimTAO/analysis/calibrate/include/RunData.h:44,
                 from /dybfs/users/xuhangkun/SimTAO/analysis/calibrate/include/TAORunData.h:44,
                 from /dybfs/users/xuhangkun/SimTAO/analysis/calibrate/src/NonLinearCalibration.cpp:2:
/cvmfs/juno.ihep.ac.cn/centos7_amd64_gcc830/Pre-Release/J20v1r0-Pre2/ExternalLibs/ROOT/6.20.02/include/TList.h: At global scope:
/cvmfs/juno.ihep.ac.cn/centos7_amd64_gcc830/Pre-Release/J20v1r0-Pre2/ExternalLibs/ROOT/6.20.02/include/TList.h:199:55: error: ‘ptrdiff_t’ is not a member of ‘std’
                                        TObject*, std::ptrdiff_t,
                                                       ^~~~~~~~~
/cvmfs/juno.ihep.ac.cn/centos7_amd64_gcc830/Pre-Release/J20v1r0-Pre2/ExternalLibs/ROOT/6.20.02/include/TList.h:199:55: note: suggested alternative:
In file included from /cvmfs/juno.ihep.ac.cn/centos7_amd64_gcc830/contrib/gcc/8.3.0/include/c++/8.3.0/bits/cxxabi_init_exception.h:38,
                 from /cvmfs/juno.ihep.ac.cn/centos7_amd64_gcc830/contrib/gcc/8.3.0/include/c++/8.3.0/bits/exception_ptr.h:38,
                 from /cvmfs/juno.ihep.ac.cn/centos7_amd64_gcc830/contrib/gcc/8.3.0/include/c++/8.3.0/exception:143,
                 from /cvmfs/juno.ihep.ac.cn/centos7_amd64_gcc830/contrib/gcc/8.3.0/include/c++/8.3.0/new:40,
                 from /cvmfs/juno.ihep.ac.cn/centos7_amd64_gcc830/contrib/gcc/8.3.0/include/c++/8.3.0/ext/new_allocator.h:33,
                 from /cvmfs/juno.ihep.ac.cn/centos7_amd64_gcc830/contrib/gcc/8.3.0/include/c++/8.3.0/x86_64-pc-linux-gnu/bits/c++allocator.h:33,
                 from /cvmfs/juno.ihep.ac.cn/centos7_amd64_gcc830/contrib/gcc/8.3.0/include/c++/8.3.0/bits/allocator.h:46,
                 from /cvmfs/juno.ihep.ac.cn/centos7_amd64_gcc830/contrib/gcc/8.3.0/include/c++/8.3.0/string:41,
                 from /dybfs/users/xuhangkun/SimTAO/analysis/calibrate/include/RunData.h:43,
                 from /dybfs/users/xuhangkun/SimTAO/analysis/calibrate/include/TAORunData.h:44,
                 from /dybfs/users/xuhangkun/SimTAO/analysis/calibrate/src/NonLinearCalibration.cpp:2:
/cvmfs/juno.ihep.ac.cn/centos7_amd64_gcc830/contrib/gcc/8.3.0/lib/gcc/x86_64-pc-linux-gnu/8.3.0/include/stddef.h:149:26: note:   ‘ptrdiff_t’
 typedef __PTRDIFF_TYPE__ ptrdiff_t;
                          ^~~~~~~~~
In file included from /cvmfs/juno.ihep.ac.cn/centos7_amd64_gcc830/Pre-Release/J20v1r0-Pre2/ExternalLibs/ROOT/6.20.02/include/TDirectory.h:26,
                 from /cvmfs/juno.ihep.ac.cn/centos7_amd64_gcc830/Pre-Release/J20v1r0-Pre2/ExternalLibs/ROOT/6.20.02/include/TDirectoryFile.h:25,
                 from /cvmfs/juno.ihep.ac.cn/centos7_amd64_gcc830/Pre-Release/J20v1r0-Pre2/ExternalLibs/ROOT/6.20.02/include/TFile.h:27,
                 from /dybfs/users/xuhangkun/SimTAO/analysis/calibrate/include/RunData.h:44,
                 from /dybfs/users/xuhangkun/SimTAO/analysis/calibrate/include/TAORunData.h:44,
                 from /dybfs/users/xuhangkun/SimTAO/analysis/calibrate/src/NonLinearCalibration.cpp:2:
/cvmfs/juno.ihep.ac.cn/centos7_amd64_gcc830/Pre-Release/J20v1r0-Pre2/ExternalLibs/ROOT/6.20.02/include/TList.h:199:55: error: ‘ptrdiff_t’ is not a member of ‘std’
                                        TObject*, std::ptrdiff_t,
                                                       ^~~~~~~~~
/cvmfs/juno.ihep.ac.cn/centos7_amd64_gcc830/Pre-Release/J20v1r0-Pre2/ExternalLibs/ROOT/6.20.02/include/TList.h:199:55: note: suggested alternative:
In file included from /cvmfs/juno.ihep.ac.cn/centos7_amd64_gcc830/contrib/gcc/8.3.0/include/c++/8.3.0/bits/cxxabi_init_exception.h:38,
                 from /cvmfs/juno.ihep.ac.cn/centos7_amd64_gcc830/contrib/gcc/8.3.0/include/c++/8.3.0/bits/exception_ptr.h:38,
                 from /cvmfs/juno.ihep.ac.cn/centos7_amd64_gcc830/contrib/gcc/8.3.0/include/c++/8.3.0/exception:143,
                 from /cvmfs/juno.ihep.ac.cn/centos7_amd64_gcc830/contrib/gcc/8.3.0/include/c++/8.3.0/new:40,
                 from /cvmfs/juno.ihep.ac.cn/centos7_amd64_gcc830/contrib/gcc/8.3.0/include/c++/8.3.0/ext/new_allocator.h:33,
                 from /cvmfs/juno.ihep.ac.cn/centos7_amd64_gcc830/contrib/gcc/8.3.0/include/c++/8.3.0/x86_64-pc-linux-gnu/bits/c++allocator.h:33,
                 from /cvmfs/juno.ihep.ac.cn/centos7_amd64_gcc830/contrib/gcc/8.3.0/include/c++/8.3.0/bits/allocator.h:46,
                 from /cvmfs/juno.ihep.ac.cn/centos7_amd64_gcc830/contrib/gcc/8.3.0/include/c++/8.3.0/string:41,
                 from /dybfs/users/xuhangkun/SimTAO/analysis/calibrate/include/RunData.h:43,
                 from /dybfs/users/xuhangkun/SimTAO/analysis/calibrate/include/TAORunData.h:44,
                 from /dybfs/users/xuhangkun/SimTAO/analysis/calibrate/src/NonLinearCalibration.cpp:2:
/cvmfs/juno.ihep.ac.cn/centos7_amd64_gcc830/contrib/gcc/8.3.0/lib/gcc/x86_64-pc-linux-gnu/8.3.0/include/stddef.h:149:26: note:   ‘ptrdiff_t’
 typedef __PTRDIFF_TYPE__ ptrdiff_t;
                          ^~~~~~~~~
In file included from /cvmfs/juno.ihep.ac.cn/centos7_amd64_gcc830/Pre-Release/J20v1r0-Pre2/ExternalLibs/ROOT/6.20.02/include/TDirectory.h:26,
                 from /cvmfs/juno.ihep.ac.cn/centos7_amd64_gcc830/Pre-Release/J20v1r0-Pre2/ExternalLibs/ROOT/6.20.02/include/TDirectoryFile.h:25,
                 from /cvmfs/juno.ihep.ac.cn/centos7_amd64_gcc830/Pre-Release/J20v1r0-Pre2/ExternalLibs/ROOT/6.20.02/include/TFile.h:27,
                 from /dybfs/users/xuhangkun/SimTAO/analysis/calibrate/include/RunData.h:44,
                 from /dybfs/users/xuhangkun/SimTAO/analysis/calibrate/include/TAORunData.h:44,
                 from /dybfs/users/xuhangkun/SimTAO/analysis/calibrate/src/NonLinearCalibration.cpp:2:
/cvmfs/juno.ihep.ac.cn/centos7_amd64_gcc830/Pre-Release/J20v1r0-Pre2/ExternalLibs/ROOT/6.20.02/include/TList.h:200:72: error: template argument 3 is invalid
                                        const TObject**, const TObject*&> {
                                                                        ^
In file included from /cvmfs/juno.ihep.ac.cn/centos7_amd64_gcc830/Pre-Release/J20v1r0-Pre2/ExternalLibs/ROOT/6.20.02/include/TFile.h:28,
                 from /dybfs/users/xuhangkun/SimTAO/analysis/calibrate/include/RunData.h:44,
                 from /dybfs/users/xuhangkun/SimTAO/analysis/calibrate/include/TAORunData.h:44,
                 from /dybfs/users/xuhangkun/SimTAO/analysis/calibrate/src/NonLinearCalibration.cpp:2:
/cvmfs/juno.ihep.ac.cn/centos7_amd64_gcc830/Pre-Release/J20v1r0-Pre2/ExternalLibs/ROOT/6.20.02/include/TMap.h:146:54: error: ‘ptrdiff_t’ is not a member of ‘std’
                                       TObject*, std::ptrdiff_t,
                                                      ^~~~~~~~~
/cvmfs/juno.ihep.ac.cn/centos7_amd64_gcc830/Pre-Release/J20v1r0-Pre2/ExternalLibs/ROOT/6.20.02/include/TMap.h:146:54: note: suggested alternative:
In file included from /cvmfs/juno.ihep.ac.cn/centos7_amd64_gcc830/contrib/gcc/8.3.0/include/c++/8.3.0/bits/cxxabi_init_exception.h:38,
                 from /cvmfs/juno.ihep.ac.cn/centos7_amd64_gcc830/contrib/gcc/8.3.0/include/c++/8.3.0/bits/exception_ptr.h:38,
                 from /cvmfs/juno.ihep.ac.cn/centos7_amd64_gcc830/contrib/gcc/8.3.0/include/c++/8.3.0/exception:143,
                 from /cvmfs/juno.ihep.ac.cn/centos7_amd64_gcc830/contrib/gcc/8.3.0/include/c++/8.3.0/new:40,
                 from /cvmfs/juno.ihep.ac.cn/centos7_amd64_gcc830/contrib/gcc/8.3.0/include/c++/8.3.0/ext/new_allocator.h:33,
                 from /cvmfs/juno.ihep.ac.cn/centos7_amd64_gcc830/contrib/gcc/8.3.0/include/c++/8.3.0/x86_64-pc-linux-gnu/bits/c++allocator.h:33,
                 from /cvmfs/juno.ihep.ac.cn/centos7_amd64_gcc830/contrib/gcc/8.3.0/include/c++/8.3.0/bits/allocator.h:46,
                 from /cvmfs/juno.ihep.ac.cn/centos7_amd64_gcc830/contrib/gcc/8.3.0/include/c++/8.3.0/string:41,
                 from /dybfs/users/xuhangkun/SimTAO/analysis/calibrate/include/RunData.h:43,
                 from /dybfs/users/xuhangkun/SimTAO/analysis/calibrate/include/TAORunData.h:44,
                 from /dybfs/users/xuhangkun/SimTAO/analysis/calibrate/src/NonLinearCalibration.cpp:2:
/cvmfs/juno.ihep.ac.cn/centos7_amd64_gcc830/contrib/gcc/8.3.0/lib/gcc/x86_64-pc-linux-gnu/8.3.0/include/stddef.h:149:26: note:   ‘ptrdiff_t’
 typedef __PTRDIFF_TYPE__ ptrdiff_t;
                          ^~~~~~~~~
In file included from /cvmfs/juno.ihep.ac.cn/centos7_amd64_gcc830/Pre-Release/J20v1r0-Pre2/ExternalLibs/ROOT/6.20.02/include/TFile.h:28,
                 from /dybfs/users/xuhangkun/SimTAO/analysis/calibrate/include/RunData.h:44,
                 from /dybfs/users/xuhangkun/SimTAO/analysis/calibrate/include/TAORunData.h:44,
                 from /dybfs/users/xuhangkun/SimTAO/analysis/calibrate/src/NonLinearCalibration.cpp:2:
/cvmfs/juno.ihep.ac.cn/centos7_amd64_gcc830/Pre-Release/J20v1r0-Pre2/ExternalLibs/ROOT/6.20.02/include/TMap.h:146:54: error: ‘ptrdiff_t’ is not a member of ‘std’
                                       TObject*, std::ptrdiff_t,
                                                      ^~~~~~~~~
/cvmfs/juno.ihep.ac.cn/centos7_amd64_gcc830/Pre-Release/J20v1r0-Pre2/ExternalLibs/ROOT/6.20.02/include/TMap.h:146:54: note: suggested alternative:
In file included from /cvmfs/juno.ihep.ac.cn/centos7_amd64_gcc830/contrib/gcc/8.3.0/include/c++/8.3.0/bits/cxxabi_init_exception.h:38,
                 from /cvmfs/juno.ihep.ac.cn/centos7_amd64_gcc830/contrib/gcc/8.3.0/include/c++/8.3.0/bits/exception_ptr.h:38,
                 from /cvmfs/juno.ihep.ac.cn/centos7_amd64_gcc830/contrib/gcc/8.3.0/include/c++/8.3.0/exception:143,
                 from /cvmfs/juno.ihep.ac.cn/centos7_amd64_gcc830/contrib/gcc/8.3.0/include/c++/8.3.0/new:40,
                 from /cvmfs/juno.ihep.ac.cn/centos7_amd64_gcc830/contrib/gcc/8.3.0/include/c++/8.3.0/ext/new_allocator.h:33,
                 from /cvmfs/juno.ihep.ac.cn/centos7_amd64_gcc830/contrib/gcc/8.3.0/include/c++/8.3.0/x86_64-pc-linux-gnu/bits/c++allocator.h:33,
                 from /cvmfs/juno.ihep.ac.cn/centos7_amd64_gcc830/contrib/gcc/8.3.0/include/c++/8.3.0/bits/allocator.h:46,
                 from /cvmfs/juno.ihep.ac.cn/centos7_amd64_gcc830/contrib/gcc/8.3.0/include/c++/8.3.0/string:41,
                 from /dybfs/users/xuhangkun/SimTAO/analysis/calibrate/include/RunData.h:43,
                 from /dybfs/users/xuhangkun/SimTAO/analysis/calibrate/include/TAORunData.h:44,
                 from /dybfs/users/xuhangkun/SimTAO/analysis/calibrate/src/NonLinearCalibration.cpp:2:
/cvmfs/juno.ihep.ac.cn/centos7_amd64_gcc830/contrib/gcc/8.3.0/lib/gcc/x86_64-pc-linux-gnu/8.3.0/include/stddef.h:149:26: note:   ‘ptrdiff_t’
 typedef __PTRDIFF_TYPE__ ptrdiff_t;
                          ^~~~~~~~~
In file included from /cvmfs/juno.ihep.ac.cn/centos7_amd64_gcc830/Pre-Release/J20v1r0-Pre2/ExternalLibs/ROOT/6.20.02/include/TFile.h:28,
                 from /dybfs/users/xuhangkun/SimTAO/analysis/calibrate/include/RunData.h:44,
                 from /dybfs/users/xuhangkun/SimTAO/analysis/calibrate/include/TAORunData.h:44,
                 from /dybfs/users/xuhangkun/SimTAO/analysis/calibrate/src/NonLinearCalibration.cpp:2:
/cvmfs/juno.ihep.ac.cn/centos7_amd64_gcc830/Pre-Release/J20v1r0-Pre2/ExternalLibs/ROOT/6.20.02/include/TMap.h:147:71: error: template argument 3 is invalid
                                       const TObject**, const TObject*&> {
                                                                       ^
In file included from /cvmfs/juno.ihep.ac.cn/centos7_amd64_gcc830/Pre-Release/J20v1r0-Pre2/ExternalLibs/ROOT/6.20.02/include/ROOT/TIOFeatures.hxx:19,
                 from /cvmfs/juno.ihep.ac.cn/centos7_amd64_gcc830/Pre-Release/J20v1r0-Pre2/ExternalLibs/ROOT/6.20.02/include/TTree.h:30,
                 from /dybfs/users/xuhangkun/SimTAO/analysis/calibrate/include/RunData.h:45,
                 from /dybfs/users/xuhangkun/SimTAO/analysis/calibrate/include/TAORunData.h:44,
                 from /dybfs/users/xuhangkun/SimTAO/analysis/calibrate/src/NonLinearCalibration.cpp:2:
/cvmfs/juno.ihep.ac.cn/centos7_amd64_gcc830/contrib/gcc/8.3.0/include/c++/8.3.0/sstream:211:15: error: ‘streamsize’ does not name a type; did you mean ‘streambuf’?
       virtual streamsize
               ^~~~~~~~~~
               streambuf
/cvmfs/juno.ihep.ac.cn/centos7_amd64_gcc830/contrib/gcc/8.3.0/include/c++/8.3.0/sstream:244:30: error: ‘streamsize’ has not been declared
       setbuf(char_type* __s, streamsize __n)
                              ^~~~~~~~~~
In file included from /cvmfs/juno.ihep.ac.cn/centos7_amd64_gcc830/contrib/gcc/8.3.0/include/c++/8.3.0/bits/basic_string.h:40,
                 from /cvmfs/juno.ihep.ac.cn/centos7_amd64_gcc830/contrib/gcc/8.3.0/include/c++/8.3.0/string:52,
                 from /dybfs/users/xuhangkun/SimTAO/analysis/calibrate/include/RunData.h:43,
                 from /dybfs/users/xuhangkun/SimTAO/analysis/calibrate/include/TAORunData.h:44,
                 from /dybfs/users/xuhangkun/SimTAO/analysis/calibrate/src/NonLinearCalibration.cpp:2:
/cvmfs/juno.ihep.ac.cn/centos7_amd64_gcc830/contrib/gcc/8.3.0/include/c++/8.3.0/ext/alloc_traits.h: In instantiation of ‘struct __gnu_cxx::__alloc_traits<std::allocator<int>, int>’:
/cvmfs/juno.ihep.ac.cn/centos7_amd64_gcc830/contrib/gcc/8.3.0/include/c++/8.3.0/bits/stl_vector.h:84:21:   required from ‘struct std::_Vector_base<int, std::allocator<int> >’
/cvmfs/juno.ihep.ac.cn/centos7_amd64_gcc830/contrib/gcc/8.3.0/include/c++/8.3.0/bits/stl_vector.h:339:11:   required from ‘class std::vector<int>’
/cvmfs/juno.ihep.ac.cn/centos7_amd64_gcc830/Pre-Release/J20v1r0-Pre2/ExternalLibs/ROOT/6.20.02/include/TBranchCacheInfo.h:124:13:   required from here
/cvmfs/juno.ihep.ac.cn/centos7_amd64_gcc830/contrib/gcc/8.3.0/include/c++/8.3.0/ext/alloc_traits.h:61:53: error: no type named ‘size_type’ in ‘struct std::allocator_traits<std::allocator<int> >’
     typedef typename _Base_type::size_type          size_type;
                                                     ^~~~~~~~~
/cvmfs/juno.ihep.ac.cn/centos7_amd64_gcc830/contrib/gcc/8.3.0/include/c++/8.3.0/ext/alloc_traits.h:62:53: error: no type named ‘difference_type’ in ‘struct std::allocator_traits<std::allocator<int> >’
     typedef typename _Base_type::difference_type    difference_type;
                                                     ^~~~~~~~~~~~~~~
/cvmfs/juno.ihep.ac.cn/centos7_amd64_gcc830/contrib/gcc/8.3.0/include/c++/8.3.0/ext/alloc_traits.h:70:23: error: no members matching ‘__gnu_cxx::__alloc_traits<std::allocator<int>, int>::_Base_type {aka std::allocator_traits<std::allocator<int> >}::max_size’ in ‘__gnu_cxx::__alloc_traits<std::allocator<int>, int>::_Base_type’ {aka ‘struct std::allocator_traits<std::allocator<int> >’}
     using _Base_type::max_size;
                       ^~~~~~~~
/cvmfs/juno.ihep.ac.cn/centos7_amd64_gcc830/contrib/gcc/8.3.0/include/c++/8.3.0/ext/alloc_traits.h: In instantiation of ‘struct __gnu_cxx::__alloc_traits<std::allocator<std::pair<long long int, TBranch*> >, std::pair<long long int, TBranch*> >’:
/cvmfs/juno.ihep.ac.cn/centos7_amd64_gcc830/contrib/gcc/8.3.0/include/c++/8.3.0/bits/stl_vector.h:84:21:   required from ‘struct std::_Vector_base<std::pair<long long int, TBranch*>, std::allocator<std::pair<long long int, TBranch*> > >’
/cvmfs/juno.ihep.ac.cn/centos7_amd64_gcc830/contrib/gcc/8.3.0/include/c++/8.3.0/bits/stl_vector.h:339:11:   required from ‘class std::vector<std::pair<long long int, TBranch*> >’
/cvmfs/juno.ihep.ac.cn/centos7_amd64_gcc830/Pre-Release/J20v1r0-Pre2/ExternalLibs/ROOT/6.20.02/include/TTree.h:133:46:   required from here
/cvmfs/juno.ihep.ac.cn/centos7_amd64_gcc830/contrib/gcc/8.3.0/include/c++/8.3.0/ext/alloc_traits.h:61:53: error: no type named ‘size_type’ in ‘struct std::allocator_traits<std::allocator<std::pair<long long int, TBranch*> > >’
     typedef typename _Base_type::size_type          size_type;
                                                     ^~~~~~~~~
/cvmfs/juno.ihep.ac.cn/centos7_amd64_gcc830/contrib/gcc/8.3.0/include/c++/8.3.0/ext/alloc_traits.h:62:53: error: no type named ‘difference_type’ in ‘struct std::allocator_traits<std::allocator<std::pair<long long int, TBranch*> > >’
     typedef typename _Base_type::difference_type    difference_type;
                                                     ^~~~~~~~~~~~~~~
/cvmfs/juno.ihep.ac.cn/centos7_amd64_gcc830/contrib/gcc/8.3.0/include/c++/8.3.0/ext/alloc_traits.h:70:23: error: no members matching ‘__gnu_cxx::__alloc_traits<std::allocator<std::pair<long long int, TBranch*> >, std::pair<long long int, TBranch*> >::_Base_type {aka std::allocator_traits<std::allocator<std::pair<long long int, TBranch*> > >}::max_size’ in ‘__gnu_cxx::__alloc_traits<std::allocator<std::pair<long long int, TBranch*> >, std::pair<long long int, TBranch*> >::_Base_type’ {aka ‘struct std::allocator_traits<std::allocator<std::pair<long long int, TBranch*> > >’}
     using _Base_type::max_size;
                       ^~~~~~~~
/cvmfs/juno.ihep.ac.cn/centos7_amd64_gcc830/contrib/gcc/8.3.0/include/c++/8.3.0/ext/alloc_traits.h: In instantiation of ‘struct __gnu_cxx::__alloc_traits<std::allocator<TBranch*>, TBranch*>’:
/cvmfs/juno.ihep.ac.cn/centos7_amd64_gcc830/contrib/gcc/8.3.0/include/c++/8.3.0/bits/stl_vector.h:84:21:   required from ‘struct std::_Vector_base<TBranch*, std::allocator<TBranch*> >’
/cvmfs/juno.ihep.ac.cn/centos7_amd64_gcc830/contrib/gcc/8.3.0/include/c++/8.3.0/bits/stl_vector.h:339:11:   required from ‘class std::vector<TBranch*>’
/cvmfs/juno.ihep.ac.cn/centos7_amd64_gcc830/Pre-Release/J20v1r0-Pre2/ExternalLibs/ROOT/6.20.02/include/TTree.h:134:26:   required from here
/cvmfs/juno.ihep.ac.cn/centos7_amd64_gcc830/contrib/gcc/8.3.0/include/c++/8.3.0/ext/alloc_traits.h:61:53: error: no type named ‘size_type’ in ‘struct std::allocator_traits<std::allocator<TBranch*> >’
     typedef typename _Base_type::size_type          size_type;
                                                     ^~~~~~~~~
/cvmfs/juno.ihep.ac.cn/centos7_amd64_gcc830/contrib/gcc/8.3.0/include/c++/8.3.0/ext/alloc_traits.h:62:53: error: no type named ‘difference_type’ in ‘struct std::allocator_traits<std::allocator<TBranch*> >’
     typedef typename _Base_type::difference_type    difference_type;
                                                     ^~~~~~~~~~~~~~~
/cvmfs/juno.ihep.ac.cn/centos7_amd64_gcc830/contrib/gcc/8.3.0/include/c++/8.3.0/ext/alloc_traits.h:70:23: error: no members matching ‘__gnu_cxx::__alloc_traits<std::allocator<TBranch*>, TBranch*>::_Base_type {aka std::allocator_traits<std::allocator<TBranch*> >}::max_size’ in ‘__gnu_cxx::__alloc_traits<std::allocator<TBranch*>, TBranch*>::_Base_type’ {aka ‘struct std::allocator_traits<std::allocator<TBranch*> >’}
     using _Base_type::max_size;
                       ^~~~~~~~
In file included from /dybfs/users/xuhangkun/SimTAO/analysis/calibrate/include/RunData.h:45,
                 from /dybfs/users/xuhangkun/SimTAO/analysis/calibrate/include/TAORunData.h:44,
                 from /dybfs/users/xuhangkun/SimTAO/analysis/calibrate/src/NonLinearCalibration.cpp:2:
/cvmfs/juno.ihep.ac.cn/centos7_amd64_gcc830/Pre-Release/J20v1r0-Pre2/ExternalLibs/ROOT/6.20.02/include/TTree.h:163:83: error: ‘std::size_t’ has not been declared
    virtual TBranch *BranchImpArr(const char* branchname, EDataType datatype, std::size_t N, void* addobj, Int_t bufsize, Int_t splitlevel);
                                                                                   ^~~~~~
/cvmfs/juno.ihep.ac.cn/centos7_amd64_gcc830/Pre-Release/J20v1r0-Pre2/ExternalLibs/ROOT/6.20.02/include/TTree.h:384:31: error: ‘std::size_t’ has not been declared
    template <typename T, std::size_t N> TBranch *Branch(const char* name, std::array<T, N> *obj, Int_t bufsize = 32000, Int_t splitlevel = 99)
                               ^~~~~~
/cvmfs/juno.ihep.ac.cn/centos7_amd64_gcc830/Pre-Release/J20v1r0-Pre2/ExternalLibs/ROOT/6.20.02/include/TTree.h:384:89: error: ‘N’ was not declared in this scope
    template <typename T, std::size_t N> TBranch *Branch(const char* name, std::array<T, N> *obj, Int_t bufsize = 32000, Int_t splitlevel = 99)
                                                                                         ^
/cvmfs/juno.ihep.ac.cn/centos7_amd64_gcc830/Pre-Release/J20v1r0-Pre2/ExternalLibs/ROOT/6.20.02/include/TTree.h:384:90: error: template argument 2 is invalid
    template <typename T, std::size_t N> TBranch *Branch(const char* name, std::array<T, N> *obj, Int_t bufsize = 32000, Int_t splitlevel = 99)
                                                                                          ^
/cvmfs/juno.ihep.ac.cn/centos7_amd64_gcc830/Pre-Release/J20v1r0-Pre2/ExternalLibs/ROOT/6.20.02/include/TTree.h: In member function ‘TBranch* TTree::Branch(const char*, int*, Int_t, Int_t)’:
/cvmfs/juno.ihep.ac.cn/centos7_amd64_gcc830/Pre-Release/J20v1r0-Pre2/ExternalLibs/ROOT/6.20.02/include/TTree.h:388:57: error: ‘N’ was not declared in this scope
          TClass *arrCl = TClass::GetClass<std::array<T, N>>();
                                                         ^
/cvmfs/juno.ihep.ac.cn/centos7_amd64_gcc830/Pre-Release/J20v1r0-Pre2/ExternalLibs/ROOT/6.20.02/include/TTree.h:388:57: error: template argument 2 is invalid
/cvmfs/juno.ihep.ac.cn/centos7_amd64_gcc830/Pre-Release/J20v1r0-Pre2/ExternalLibs/ROOT/6.20.02/include/TTree.h:393:64: error: ‘N’ was not declared in this scope
       return BranchImpArr(name, TDataType::GetType(typeid(T)), N, obj, bufsize, splitlevel);
                                                                ^
In file included from /cvmfs/juno.ihep.ac.cn/centos7_amd64_gcc830/contrib/gcc/8.3.0/include/c++/8.3.0/functional:59,
                 from /cvmfs/juno.ihep.ac.cn/centos7_amd64_gcc830/Pre-Release/J20v1r0-Pre2/ExternalLibs/ROOT/6.20.02/include/TF1.h:25,
                 from /dybfs/users/xuhangkun/SimTAO/analysis/calibrate/include/RadioActiveSource.h:47,
                 from /dybfs/users/xuhangkun/SimTAO/analysis/calibrate/include/TAORunData.h:48,
                 from /dybfs/users/xuhangkun/SimTAO/analysis/calibrate/src/NonLinearCalibration.cpp:2:
/cvmfs/juno.ihep.ac.cn/centos7_amd64_gcc830/contrib/gcc/8.3.0/include/c++/8.3.0/bits/std_function.h: At global scope:
/cvmfs/juno.ihep.ac.cn/centos7_amd64_gcc830/contrib/gcc/8.3.0/include/c++/8.3.0/bits/std_function.h:134:23: error: ‘size_t’ in namespace ‘std’ does not name a type
     static const std::size_t _M_max_size = sizeof(_Nocopy_types);
                       ^~~~~~
/cvmfs/juno.ihep.ac.cn/centos7_amd64_gcc830/contrib/gcc/8.3.0/include/c++/8.3.0/bits/std_function.h:134:18: note: suggested alternative: ‘set’
     static const std::size_t _M_max_size = sizeof(_Nocopy_types);
                  ^~~
                  set
/cvmfs/juno.ihep.ac.cn/centos7_amd64_gcc830/contrib/gcc/8.3.0/include/c++/8.3.0/bits/std_function.h:135:23: error: ‘size_t’ in namespace ‘std’ does not name a type
     static const std::size_t _M_max_align = __alignof__(_Nocopy_types);
                       ^~~~~~
/cvmfs/juno.ihep.ac.cn/centos7_amd64_gcc830/contrib/gcc/8.3.0/include/c++/8.3.0/bits/std_function.h:135:18: note: suggested alternative: ‘set’
     static const std::size_t _M_max_align = __alignof__(_Nocopy_types);
                  ^~~
                  set
/cvmfs/juno.ihep.ac.cn/centos7_amd64_gcc830/contrib/gcc/8.3.0/include/c++/8.3.0/bits/std_function.h:143:26: error: ‘_M_max_size’ was not declared in this scope
   && sizeof(_Functor) <= _M_max_size
                          ^~~~~~~~~~~
/cvmfs/juno.ihep.ac.cn/centos7_amd64_gcc830/contrib/gcc/8.3.0/include/c++/8.3.0/bits/std_function.h:144:31: error: ‘_M_max_align’ was not declared in this scope
   && __alignof__(_Functor) <= _M_max_align
                               ^~~~~~~~~~~~
/cvmfs/juno.ihep.ac.cn/centos7_amd64_gcc830/contrib/gcc/8.3.0/include/c++/8.3.0/bits/std_function.h:144:31: note: suggested alternative: ‘max_align_t’
   && __alignof__(_Functor) <= _M_max_align
                               ^~~~~~~~~~~~
                               max_align_t
/cvmfs/juno.ihep.ac.cn/centos7_amd64_gcc830/contrib/gcc/8.3.0/include/c++/8.3.0/bits/std_function.h:145:7: error: ‘_M_max_align’ was not declared in this scope
   && (_M_max_align % __alignof__(_Functor) == 0));
       ^~~~~~~~~~~~
/cvmfs/juno.ihep.ac.cn/centos7_amd64_gcc830/contrib/gcc/8.3.0/include/c++/8.3.0/bits/std_function.h:145:7: note: suggested alternative: ‘max_align_t’
   && (_M_max_align % __alignof__(_Functor) == 0));
       ^~~~~~~~~~~~
       max_align_t
In file included from /cvmfs/juno.ihep.ac.cn/centos7_amd64_gcc830/Pre-Release/J20v1r0-Pre2/ExternalLibs/ROOT/6.20.02/include/TF1.h:25,
                 from /dybfs/users/xuhangkun/SimTAO/analysis/calibrate/include/RadioActiveSource.h:47,
                 from /dybfs/users/xuhangkun/SimTAO/analysis/calibrate/include/TAORunData.h:48,
                 from /dybfs/users/xuhangkun/SimTAO/analysis/calibrate/src/NonLinearCalibration.cpp:2:
/cvmfs/juno.ihep.ac.cn/centos7_amd64_gcc830/contrib/gcc/8.3.0/include/c++/8.3.0/functional:259:17: error: ‘std::size_t’ has not been declared
   template<std::size_t __i, typename _Tuple>
                 ^~~~~~
/cvmfs/juno.ihep.ac.cn/centos7_amd64_gcc830/contrib/gcc/8.3.0/include/c++/8.3.0/functional:261:29: error: ‘__i’ was not declared in this scope
       = typename enable_if<(__i < tuple_size<_Tuple>::value),
                             ^~~
/cvmfs/juno.ihep.ac.cn/centos7_amd64_gcc830/contrib/gcc/8.3.0/include/c++/8.3.0/functional:262:21: error: ‘__i’ was not declared in this scope
       tuple_element<__i, _Tuple>>::type::type;
                     ^~~
/cvmfs/juno.ihep.ac.cn/centos7_amd64_gcc830/contrib/gcc/8.3.0/include/c++/8.3.0/functional:262:26: error: template argument 1 is invalid
       tuple_element<__i, _Tuple>>::type::type;
                          ^~~~~~
/cvmfs/juno.ihep.ac.cn/centos7_amd64_gcc830/contrib/gcc/8.3.0/include/c++/8.3.0/functional:262:32: error: template argument 2 is invalid
       tuple_element<__i, _Tuple>>::type::type;
                                ^~
/cvmfs/juno.ihep.ac.cn/centos7_amd64_gcc830/contrib/gcc/8.3.0/include/c++/8.3.0/functional:262:36: error: ‘<expression error>::type’ has not been declared
       tuple_element<__i, _Tuple>>::type::type;
                                    ^~~~
/cvmfs/juno.ihep.ac.cn/centos7_amd64_gcc830/contrib/gcc/8.3.0/include/c++/8.3.0/functional:324:57: error: ‘std::size_t’ has not been declared
       template<typename _CVArg, typename... _Args, std::size_t... _Indexes>
                                                         ^~~~~~
/cvmfs/juno.ihep.ac.cn/centos7_amd64_gcc830/contrib/gcc/8.3.0/include/c++/8.3.0/functional:327:28: error: ‘_Indexes’ was not declared in this scope
         const _Index_tuple<_Indexes...>&) const volatile
                            ^~~~~~~~
/cvmfs/juno.ihep.ac.cn/centos7_amd64_gcc830/contrib/gcc/8.3.0/include/c++/8.3.0/functional:327:28: note: suggested alternative: ‘__ldexpl’
         const _Index_tuple<_Indexes...>&) const volatile
                            ^~~~~~~~
                            __ldexpl
/cvmfs/juno.ihep.ac.cn/centos7_amd64_gcc830/contrib/gcc/8.3.0/include/c++/8.3.0/functional:327:36: error: expected parameter pack before ‘...’
         const _Index_tuple<_Indexes...>&) const volatile
                                    ^~~
/cvmfs/juno.ihep.ac.cn/centos7_amd64_gcc830/contrib/gcc/8.3.0/include/c++/8.3.0/functional:327:39: error: template argument 1 is invalid
         const _Index_tuple<_Indexes...>&) const volatile
                                       ^
/cvmfs/juno.ihep.ac.cn/centos7_amd64_gcc830/contrib/gcc/8.3.0/include/c++/8.3.0/functional: In member function ‘decltype (__arg((declval<_Args>)()...)) std::_Mu<_Arg, true, false>::__call(_CVArg&, std::tuple<_Args2 ...>&, const int&) const volatile’:
/cvmfs/juno.ihep.ac.cn/centos7_amd64_gcc830/contrib/gcc/8.3.0/include/c++/8.3.0/functional:330:26: error: ‘_Indexes’ was not declared in this scope
    return __arg(std::get<_Indexes>(std::move(__tuple))...);
                          ^~~~~~~~
/cvmfs/juno.ihep.ac.cn/centos7_amd64_gcc830/contrib/gcc/8.3.0/include/c++/8.3.0/functional:330:26: note: suggested alternative: ‘__ldexpl’
    return __arg(std::get<_Indexes>(std::move(__tuple))...);
                          ^~~~~~~~
                          __ldexpl
/cvmfs/juno.ihep.ac.cn/centos7_amd64_gcc830/contrib/gcc/8.3.0/include/c++/8.3.0/functional:330:55: error: expansion pattern ‘get<<expression error> >(std::move(__tuple))’ contains no argument packs
    return __arg(std::get<_Indexes>(std::move(__tuple))...);
                                                       ^~~
/cvmfs/juno.ihep.ac.cn/centos7_amd64_gcc830/contrib/gcc/8.3.0/include/c++/8.3.0/functional: At global scope:
/cvmfs/juno.ihep.ac.cn/centos7_amd64_gcc830/contrib/gcc/8.3.0/include/c++/8.3.0/functional:344:2: error: ‘_Safe_tuple_element_t’ does not name a type; did you mean ‘tuple_element’?
  _Safe_tuple_element_t<(is_placeholder<_Arg>::value - 1), _Tuple>&&
  ^~~~~~~~~~~~~~~~~~~~~
  tuple_element
/cvmfs/juno.ihep.ac.cn/centos7_amd64_gcc830/contrib/gcc/8.3.0/include/c++/8.3.0/functional:368:17: error: ‘std::size_t’ has not been declared
   template<std::size_t _Ind, typename... _Tp>
                 ^~~~~~
/cvmfs/juno.ihep.ac.cn/centos7_amd64_gcc830/contrib/gcc/8.3.0/include/c++/8.3.0/functional:371:8: error: ‘__tuple_element_t’ does not name a type; did you mean ‘tuple_element’?
     -> __tuple_element_t<_Ind, tuple<_Tp...>> volatile&
        ^~~~~~~~~~~~~~~~~
        tuple_element
/cvmfs/juno.ihep.ac.cn/centos7_amd64_gcc830/contrib/gcc/8.3.0/include/c++/8.3.0/functional:371:25: error: expected initializer before ‘<’ token
     -> __tuple_element_t<_Ind, tuple<_Tp...>> volatile&
                         ^
/cvmfs/juno.ihep.ac.cn/centos7_amd64_gcc830/contrib/gcc/8.3.0/include/c++/8.3.0/functional:375:17: error: ‘std::size_t’ has not been declared
   template<std::size_t _Ind, typename... _Tp>
                 ^~~~~~
/cvmfs/juno.ihep.ac.cn/centos7_amd64_gcc830/contrib/gcc/8.3.0/include/c++/8.3.0/functional:378:8: error: ‘__tuple_element_t’ does not name a type; did you mean ‘tuple_element’?
     -> __tuple_element_t<_Ind, tuple<_Tp...>> const volatile&
        ^~~~~~~~~~~~~~~~~
        tuple_element
/cvmfs/juno.ihep.ac.cn/centos7_amd64_gcc830/contrib/gcc/8.3.0/include/c++/8.3.0/functional:378:25: error: expected initializer before ‘<’ token
     -> __tuple_element_t<_Ind, tuple<_Tp...>> const volatile&
                         ^
/cvmfs/juno.ihep.ac.cn/centos7_amd64_gcc830/contrib/gcc/8.3.0/include/c++/8.3.0/functional:396:58: error: ‘std::size_t’ has not been declared
       template<typename _Result, typename... _Args, std::size_t... _Indexes>
                                                          ^~~~~~
/cvmfs/juno.ihep.ac.cn/centos7_amd64_gcc830/contrib/gcc/8.3.0/include/c++/8.3.0/functional:398:48: error: ‘_Indexes’ was not declared in this scope
  __call(tuple<_Args...>&& __args, _Index_tuple<_Indexes...>)
                                                ^~~~~~~~
/cvmfs/juno.ihep.ac.cn/centos7_amd64_gcc830/contrib/gcc/8.3.0/include/c++/8.3.0/functional:398:48: note: suggested alternative: ‘__ldexpl’
  __call(tuple<_Args...>&& __args, _Index_tuple<_Indexes...>)
                                                ^~~~~~~~
                                                __ldexpl
/cvmfs/juno.ihep.ac.cn/centos7_amd64_gcc830/contrib/gcc/8.3.0/include/c++/8.3.0/functional:398:56: error: expected parameter pack before ‘...’
  __call(tuple<_Args...>&& __args, _Index_tuple<_Indexes...>)
                                                        ^~~
/cvmfs/juno.ihep.ac.cn/centos7_amd64_gcc830/contrib/gcc/8.3.0/include/c++/8.3.0/functional:398:59: error: template argument 1 is invalid
  __call(tuple<_Args...>&& __args, _Index_tuple<_Indexes...>)
                                                           ^
/cvmfs/juno.ihep.ac.cn/centos7_amd64_gcc830/contrib/gcc/8.3.0/include/c++/8.3.0/functional:406:58: error: ‘std::size_t’ has not been declared
       template<typename _Result, typename... _Args, std::size_t... _Indexes>
                                                          ^~~~~~
/cvmfs/juno.ihep.ac.cn/centos7_amd64_gcc830/contrib/gcc/8.3.0/include/c++/8.3.0/functional:408:50: error: ‘_Indexes’ was not declared in this scope
  __call_c(tuple<_Args...>&& __args, _Index_tuple<_Indexes...>) const
                                                  ^~~~~~~~
/cvmfs/juno.ihep.ac.cn/centos7_amd64_gcc830/contrib/gcc/8.3.0/include/c++/8.3.0/functional:408:50: note: suggested alternative: ‘__ldexpl’
  __call_c(tuple<_Args...>&& __args, _Index_tuple<_Indexes...>) const
                                                  ^~~~~~~~
                                                  __ldexpl
/cvmfs/juno.ihep.ac.cn/centos7_amd64_gcc830/contrib/gcc/8.3.0/include/c++/8.3.0/functional:408:58: error: expected parameter pack before ‘...’
  __call_c(tuple<_Args...>&& __args, _Index_tuple<_Indexes...>) const
                                                          ^~~
/cvmfs/juno.ihep.ac.cn/centos7_amd64_gcc830/contrib/gcc/8.3.0/include/c++/8.3.0/functional:408:61: error: template argument 1 is invalid
  __call_c(tuple<_Args...>&& __args, _Index_tuple<_Indexes...>) const
                                                             ^
/cvmfs/juno.ihep.ac.cn/centos7_amd64_gcc830/contrib/gcc/8.3.0/include/c++/8.3.0/functional:416:58: error: ‘std::size_t’ has not been declared
       template<typename _Result, typename... _Args, std::size_t... _Indexes>
                                                          ^~~~~~
/cvmfs/juno.ihep.ac.cn/centos7_amd64_gcc830/contrib/gcc/8.3.0/include/c++/8.3.0/functional:419:17: error: ‘_Indexes’ was not declared in this scope
    _Index_tuple<_Indexes...>) volatile
                 ^~~~~~~~
/cvmfs/juno.ihep.ac.cn/centos7_amd64_gcc830/contrib/gcc/8.3.0/include/c++/8.3.0/functional:419:17: note: suggested alternative: ‘__ldexpl’
    _Index_tuple<_Indexes...>) volatile
                 ^~~~~~~~
                 __ldexpl
/cvmfs/juno.ihep.ac.cn/centos7_amd64_gcc830/contrib/gcc/8.3.0/include/c++/8.3.0/functional:419:25: error: expected parameter pack before ‘...’
    _Index_tuple<_Indexes...>) volatile
                         ^~~
/cvmfs/juno.ihep.ac.cn/centos7_amd64_gcc830/contrib/gcc/8.3.0/include/c++/8.3.0/functional:419:28: error: template argument 1 is invalid
    _Index_tuple<_Indexes...>) volatile
                            ^
/cvmfs/juno.ihep.ac.cn/centos7_amd64_gcc830/contrib/gcc/8.3.0/include/c++/8.3.0/functional:427:58: error: ‘std::size_t’ has not been declared
       template<typename _Result, typename... _Args, std::size_t... _Indexes>
                                                          ^~~~~~
/cvmfs/juno.ihep.ac.cn/centos7_amd64_gcc830/contrib/gcc/8.3.0/include/c++/8.3.0/functional:430:19: error: ‘_Indexes’ was not declared in this scope
      _Index_tuple<_Indexes...>) const volatile
                   ^~~~~~~~
/cvmfs/juno.ihep.ac.cn/centos7_amd64_gcc830/contrib/gcc/8.3.0/include/c++/8.3.0/functional:430:19: note: suggested alternative: ‘__ldexpl’
      _Index_tuple<_Indexes...>) const volatile
                   ^~~~~~~~
                   __ldexpl
/cvmfs/juno.ihep.ac.cn/centos7_amd64_gcc830/contrib/gcc/8.3.0/include/c++/8.3.0/functional:430:27: error: expected parameter pack before ‘...’
      _Index_tuple<_Indexes...>) const volatile
                           ^~~
/cvmfs/juno.ihep.ac.cn/centos7_amd64_gcc830/contrib/gcc/8.3.0/include/c++/8.3.0/functional:430:30: error: template argument 1 is invalid
      _Index_tuple<_Indexes...>) const volatile
                              ^
/cvmfs/juno.ihep.ac.cn/centos7_amd64_gcc830/contrib/gcc/8.3.0/include/c++/8.3.0/functional: In member function ‘_Result std::_Bind<_Functor(_Bound_args ...)>::__call(std::tuple<_Args2 ...>&&, int)’:
/cvmfs/juno.ihep.ac.cn/centos7_amd64_gcc830/contrib/gcc/8.3.0/include/c++/8.3.0/functional:401:36: error: ‘_Indexes’ was not declared in this scope
        _Mu<_Bound_args>()(std::get<_Indexes>(_M_bound_args), __args)...
                                    ^~~~~~~~
/cvmfs/juno.ihep.ac.cn/centos7_amd64_gcc830/contrib/gcc/8.3.0/include/c++/8.3.0/functional:401:36: note: suggested alternative: ‘__ldexpl’
        _Mu<_Bound_args>()(std::get<_Indexes>(_M_bound_args), __args)...
                                    ^~~~~~~~
                                    __ldexpl
/cvmfs/juno.ihep.ac.cn/centos7_amd64_gcc830/contrib/gcc/8.3.0/include/c++/8.3.0/functional: In member function ‘_Result std::_Bind<_Functor(_Bound_args ...)>::__call_c(std::tuple<_Args2 ...>&&, int) const’:
/cvmfs/juno.ihep.ac.cn/centos7_amd64_gcc830/contrib/gcc/8.3.0/include/c++/8.3.0/functional:411:36: error: ‘_Indexes’ was not declared in this scope
        _Mu<_Bound_args>()(std::get<_Indexes>(_M_bound_args), __args)...
                                    ^~~~~~~~
/cvmfs/juno.ihep.ac.cn/centos7_amd64_gcc830/contrib/gcc/8.3.0/include/c++/8.3.0/functional:411:36: note: suggested alternative: ‘__ldexpl’
        _Mu<_Bound_args>()(std::get<_Indexes>(_M_bound_args), __args)...
                                    ^~~~~~~~
                                    __ldexpl
/cvmfs/juno.ihep.ac.cn/centos7_amd64_gcc830/contrib/gcc/8.3.0/include/c++/8.3.0/functional: In member function ‘_Result std::_Bind<_Functor(_Bound_args ...)>::__call_v(std::tuple<_Args2 ...>&&, int) volatile’:
/cvmfs/juno.ihep.ac.cn/centos7_amd64_gcc830/contrib/gcc/8.3.0/include/c++/8.3.0/functional:422:27: error: ‘__volget’ was not declared in this scope
        _Mu<_Bound_args>()(__volget<_Indexes>(_M_bound_args), __args)...
                           ^~~~~~~~
/cvmfs/juno.ihep.ac.cn/centos7_amd64_gcc830/contrib/gcc/8.3.0/include/c++/8.3.0/functional:422:27: note: suggested alternative: ‘__void_t’
        _Mu<_Bound_args>()(__volget<_Indexes>(_M_bound_args), __args)...
                           ^~~~~~~~
                           __void_t
/cvmfs/juno.ihep.ac.cn/centos7_amd64_gcc830/contrib/gcc/8.3.0/include/c++/8.3.0/functional:422:36: error: ‘_Indexes’ was not declared in this scope
        _Mu<_Bound_args>()(__volget<_Indexes>(_M_bound_args), __args)...
                                    ^~~~~~~~
/cvmfs/juno.ihep.ac.cn/centos7_amd64_gcc830/contrib/gcc/8.3.0/include/c++/8.3.0/functional:422:36: note: suggested alternative: ‘__ldexpl’
        _Mu<_Bound_args>()(__volget<_Indexes>(_M_bound_args), __args)...
                                    ^~~~~~~~
                                    __ldexpl
/cvmfs/juno.ihep.ac.cn/centos7_amd64_gcc830/contrib/gcc/8.3.0/include/c++/8.3.0/functional: In member function ‘_Result std::_Bind<_Functor(_Bound_args ...)>::__call_c_v(std::tuple<_Args2 ...>&&, int) const volatile’:
/cvmfs/juno.ihep.ac.cn/centos7_amd64_gcc830/contrib/gcc/8.3.0/include/c++/8.3.0/functional:433:27: error: ‘__volget’ was not declared in this scope
        _Mu<_Bound_args>()(__volget<_Indexes>(_M_bound_args), __args)...
                           ^~~~~~~~
/cvmfs/juno.ihep.ac.cn/centos7_amd64_gcc830/contrib/gcc/8.3.0/include/c++/8.3.0/functional:433:27: note: suggested alternative: ‘__void_t’
        _Mu<_Bound_args>()(__volget<_Indexes>(_M_bound_args), __args)...
                           ^~~~~~~~
                           __void_t
/cvmfs/juno.ihep.ac.cn/centos7_amd64_gcc830/contrib/gcc/8.3.0/include/c++/8.3.0/functional:433:36: error: ‘_Indexes’ was not declared in this scope
        _Mu<_Bound_args>()(__volget<_Indexes>(_M_bound_args), __args)...
                                    ^~~~~~~~
/cvmfs/juno.ihep.ac.cn/centos7_amd64_gcc830/contrib/gcc/8.3.0/include/c++/8.3.0/functional:433:36: note: suggested alternative: ‘__ldexpl’
        _Mu<_Bound_args>()(__volget<_Indexes>(_M_bound_args), __args)...
                                    ^~~~~~~~
                                    __ldexpl
/cvmfs/juno.ihep.ac.cn/centos7_amd64_gcc830/contrib/gcc/8.3.0/include/c++/8.3.0/functional: At global scope:
/cvmfs/juno.ihep.ac.cn/centos7_amd64_gcc830/contrib/gcc/8.3.0/include/c++/8.3.0/functional:552:55: error: ‘std::size_t’ has not been declared
       template<typename _Res, typename... _Args, std::size_t... _Indexes>
                                                       ^~~~~~
/cvmfs/juno.ihep.ac.cn/centos7_amd64_gcc830/contrib/gcc/8.3.0/include/c++/8.3.0/functional:554:48: error: ‘_Indexes’ was not declared in this scope
  __call(tuple<_Args...>&& __args, _Index_tuple<_Indexes...>)
                                                ^~~~~~~~
/cvmfs/juno.ihep.ac.cn/centos7_amd64_gcc830/contrib/gcc/8.3.0/include/c++/8.3.0/functional:554:48: note: suggested alternative: ‘__ldexpl’
  __call(tuple<_Args...>&& __args, _Index_tuple<_Indexes...>)
                                                ^~~~~~~~
                                                __ldexpl
/cvmfs/juno.ihep.ac.cn/centos7_amd64_gcc830/contrib/gcc/8.3.0/include/c++/8.3.0/functional:554:56: error: expected parameter pack before ‘...’
  __call(tuple<_Args...>&& __args, _Index_tuple<_Indexes...>)
                                                        ^~~
/cvmfs/juno.ihep.ac.cn/centos7_amd64_gcc830/contrib/gcc/8.3.0/include/c++/8.3.0/functional:554:59: error: template argument 1 is invalid
  __call(tuple<_Args...>&& __args, _Index_tuple<_Indexes...>)
                                                           ^
/cvmfs/juno.ihep.ac.cn/centos7_amd64_gcc830/contrib/gcc/8.3.0/include/c++/8.3.0/functional:561:55: error: ‘std::size_t’ has not been declared
       template<typename _Res, typename... _Args, std::size_t... _Indexes>
                                                       ^~~~~~
/cvmfs/juno.ihep.ac.cn/centos7_amd64_gcc830/contrib/gcc/8.3.0/include/c++/8.3.0/functional:563:48: error: ‘_Indexes’ was not declared in this scope
  __call(tuple<_Args...>&& __args, _Index_tuple<_Indexes...>)
                                                ^~~~~~~~
/cvmfs/juno.ihep.ac.cn/centos7_amd64_gcc830/contrib/gcc/8.3.0/include/c++/8.3.0/functional:563:48: note: suggested alternative: ‘__ldexpl’
  __call(tuple<_Args...>&& __args, _Index_tuple<_Indexes...>)
                                                ^~~~~~~~
                                                __ldexpl
/cvmfs/juno.ihep.ac.cn/centos7_amd64_gcc830/contrib/gcc/8.3.0/include/c++/8.3.0/functional:563:56: error: expected parameter pack before ‘...’
  __call(tuple<_Args...>&& __args, _Index_tuple<_Indexes...>)
                                                        ^~~
/cvmfs/juno.ihep.ac.cn/centos7_amd64_gcc830/contrib/gcc/8.3.0/include/c++/8.3.0/functional:563:59: error: template argument 1 is invalid
  __call(tuple<_Args...>&& __args, _Index_tuple<_Indexes...>)
                                                           ^
/cvmfs/juno.ihep.ac.cn/centos7_amd64_gcc830/contrib/gcc/8.3.0/include/c++/8.3.0/functional:570:55: error: ‘std::size_t’ has not been declared
       template<typename _Res, typename... _Args, std::size_t... _Indexes>
                                                       ^~~~~~
/cvmfs/juno.ihep.ac.cn/centos7_amd64_gcc830/contrib/gcc/8.3.0/include/c++/8.3.0/functional:572:48: error: ‘_Indexes’ was not declared in this scope
  __call(tuple<_Args...>&& __args, _Index_tuple<_Indexes...>) const
                                                ^~~~~~~~
/cvmfs/juno.ihep.ac.cn/centos7_amd64_gcc830/contrib/gcc/8.3.0/include/c++/8.3.0/functional:572:48: note: suggested alternative: ‘__ldexpl’
  __call(tuple<_Args...>&& __args, _Index_tuple<_Indexes...>) const
                                                ^~~~~~~~
                                                __ldexpl
/cvmfs/juno.ihep.ac.cn/centos7_amd64_gcc830/contrib/gcc/8.3.0/include/c++/8.3.0/functional:572:56: error: expected parameter pack before ‘...’
  __call(tuple<_Args...>&& __args, _Index_tuple<_Indexes...>) const
                                                        ^~~
/cvmfs/juno.ihep.ac.cn/centos7_amd64_gcc830/contrib/gcc/8.3.0/include/c++/8.3.0/functional:572:59: error: template argument 1 is invalid
  __call(tuple<_Args...>&& __args, _Index_tuple<_Indexes...>) const
                                                           ^
/cvmfs/juno.ihep.ac.cn/centos7_amd64_gcc830/contrib/gcc/8.3.0/include/c++/8.3.0/functional:579:55: error: ‘std::size_t’ has not been declared
       template<typename _Res, typename... _Args, std::size_t... _Indexes>
                                                       ^~~~~~
/cvmfs/juno.ihep.ac.cn/centos7_amd64_gcc830/contrib/gcc/8.3.0/include/c++/8.3.0/functional:581:48: error: ‘_Indexes’ was not declared in this scope
  __call(tuple<_Args...>&& __args, _Index_tuple<_Indexes...>) const
                                                ^~~~~~~~
/cvmfs/juno.ihep.ac.cn/centos7_amd64_gcc830/contrib/gcc/8.3.0/include/c++/8.3.0/functional:581:48: note: suggested alternative: ‘__ldexpl’
  __call(tuple<_Args...>&& __args, _Index_tuple<_Indexes...>) const
                                                ^~~~~~~~
                                                __ldexpl
/cvmfs/juno.ihep.ac.cn/centos7_amd64_gcc830/contrib/gcc/8.3.0/include/c++/8.3.0/functional:581:56: error: expected parameter pack before ‘...’
  __call(tuple<_Args...>&& __args, _Index_tuple<_Indexes...>) const
                                                        ^~~
/cvmfs/juno.ihep.ac.cn/centos7_amd64_gcc830/contrib/gcc/8.3.0/include/c++/8.3.0/functional:581:59: error: template argument 1 is invalid
  __call(tuple<_Args...>&& __args, _Index_tuple<_Indexes...>) const
                                                           ^
/cvmfs/juno.ihep.ac.cn/centos7_amd64_gcc830/contrib/gcc/8.3.0/include/c++/8.3.0/functional:588:55: error: ‘std::size_t’ has not been declared
       template<typename _Res, typename... _Args, std::size_t... _Indexes>
                                                       ^~~~~~
/cvmfs/juno.ihep.ac.cn/centos7_amd64_gcc830/contrib/gcc/8.3.0/include/c++/8.3.0/functional:590:48: error: ‘_Indexes’ was not declared in this scope
  __call(tuple<_Args...>&& __args, _Index_tuple<_Indexes...>) volatile
                                                ^~~~~~~~
/cvmfs/juno.ihep.ac.cn/centos7_amd64_gcc830/contrib/gcc/8.3.0/include/c++/8.3.0/functional:590:48: note: suggested alternative: ‘__ldexpl’
  __call(tuple<_Args...>&& __args, _Index_tuple<_Indexes...>) volatile
                                                ^~~~~~~~
                                                __ldexpl
/cvmfs/juno.ihep.ac.cn/centos7_amd64_gcc830/contrib/gcc/8.3.0/include/c++/8.3.0/functional:590:56: error: expected parameter pack before ‘...’
  __call(tuple<_Args...>&& __args, _Index_tuple<_Indexes...>) volatile
                                                        ^~~
/cvmfs/juno.ihep.ac.cn/centos7_amd64_gcc830/contrib/gcc/8.3.0/include/c++/8.3.0/functional:590:59: error: template argument 1 is invalid
  __call(tuple<_Args...>&& __args, _Index_tuple<_Indexes...>) volatile
                                                           ^
/cvmfs/juno.ihep.ac.cn/centos7_amd64_gcc830/contrib/gcc/8.3.0/include/c++/8.3.0/functional:597:55: error: ‘std::size_t’ has not been declared
       template<typename _Res, typename... _Args, std::size_t... _Indexes>
                                                       ^~~~~~
/cvmfs/juno.ihep.ac.cn/centos7_amd64_gcc830/contrib/gcc/8.3.0/include/c++/8.3.0/functional:599:48: error: ‘_Indexes’ was not declared in this scope
  __call(tuple<_Args...>&& __args, _Index_tuple<_Indexes...>) volatile
                                                ^~~~~~~~
/cvmfs/juno.ihep.ac.cn/centos7_amd64_gcc830/contrib/gcc/8.3.0/include/c++/8.3.0/functional:599:48: note: suggested alternative: ‘__ldexpl’
  __call(tuple<_Args...>&& __args, _Index_tuple<_Indexes...>) volatile
                                                ^~~~~~~~
                                                __ldexpl
/cvmfs/juno.ihep.ac.cn/centos7_amd64_gcc830/contrib/gcc/8.3.0/include/c++/8.3.0/functional:599:56: error: expected parameter pack before ‘...’
  __call(tuple<_Args...>&& __args, _Index_tuple<_Indexes...>) volatile
                                                        ^~~
/cvmfs/juno.ihep.ac.cn/centos7_amd64_gcc830/contrib/gcc/8.3.0/include/c++/8.3.0/functional:599:59: error: template argument 1 is invalid
  __call(tuple<_Args...>&& __args, _Index_tuple<_Indexes...>) volatile
                                                           ^
/cvmfs/juno.ihep.ac.cn/centos7_amd64_gcc830/contrib/gcc/8.3.0/include/c++/8.3.0/functional:606:55: error: ‘std::size_t’ has not been declared
       template<typename _Res, typename... _Args, std::size_t... _Indexes>
                                                       ^~~~~~
/cvmfs/juno.ihep.ac.cn/centos7_amd64_gcc830/contrib/gcc/8.3.0/include/c++/8.3.0/functional:609:22: error: ‘_Indexes’ was not declared in this scope
         _Index_tuple<_Indexes...>) const volatile
                      ^~~~~~~~
/cvmfs/juno.ihep.ac.cn/centos7_amd64_gcc830/contrib/gcc/8.3.0/include/c++/8.3.0/functional:609:22: note: suggested alternative: ‘__ldexpl’
         _Index_tuple<_Indexes...>) const volatile
                      ^~~~~~~~
                      __ldexpl
/cvmfs/juno.ihep.ac.cn/centos7_amd64_gcc830/contrib/gcc/8.3.0/include/c++/8.3.0/functional:609:30: error: expected parameter pack before ‘...’
         _Index_tuple<_Indexes...>) const volatile
                              ^~~
/cvmfs/juno.ihep.ac.cn/centos7_amd64_gcc830/contrib/gcc/8.3.0/include/c++/8.3.0/functional:609:33: error: template argument 1 is invalid
         _Index_tuple<_Indexes...>) const volatile
                                 ^
/cvmfs/juno.ihep.ac.cn/centos7_amd64_gcc830/contrib/gcc/8.3.0/include/c++/8.3.0/functional:616:55: error: ‘std::size_t’ has not been declared
       template<typename _Res, typename... _Args, std::size_t... _Indexes>
                                                       ^~~~~~
/cvmfs/juno.ihep.ac.cn/centos7_amd64_gcc830/contrib/gcc/8.3.0/include/c++/8.3.0/functional:619:22: error: ‘_Indexes’ was not declared in this scope
         _Index_tuple<_Indexes...>) const volatile
                      ^~~~~~~~
/cvmfs/juno.ihep.ac.cn/centos7_amd64_gcc830/contrib/gcc/8.3.0/include/c++/8.3.0/functional:619:22: note: suggested alternative: ‘__ldexpl’
         _Index_tuple<_Indexes...>) const volatile
                      ^~~~~~~~
                      __ldexpl
/cvmfs/juno.ihep.ac.cn/centos7_amd64_gcc830/contrib/gcc/8.3.0/include/c++/8.3.0/functional:619:30: error: expected parameter pack before ‘...’
         _Index_tuple<_Indexes...>) const volatile
                              ^~~
/cvmfs/juno.ihep.ac.cn/centos7_amd64_gcc830/contrib/gcc/8.3.0/include/c++/8.3.0/functional:619:33: error: template argument 1 is invalid
         _Index_tuple<_Indexes...>) const volatile
                                 ^
/cvmfs/juno.ihep.ac.cn/centos7_amd64_gcc830/contrib/gcc/8.3.0/include/c++/8.3.0/functional: In member function ‘std::_Bind_result<_Result, _Functor(_Bound_args ...)>::__disable_if_void<_Res> std::_Bind_result<_Result, _Functor(_Bound_args ...)>::__call(std::tuple<_Args2 ...>&&, int)’:
/cvmfs/juno.ihep.ac.cn/centos7_amd64_gcc830/contrib/gcc/8.3.0/include/c++/8.3.0/functional:557:19: error: ‘_Indexes’ was not declared in this scope
         (std::get<_Indexes>(_M_bound_args), __args)...);
                   ^~~~~~~~
/cvmfs/juno.ihep.ac.cn/centos7_amd64_gcc830/contrib/gcc/8.3.0/include/c++/8.3.0/functional:557:19: note: suggested alternative: ‘__ldexpl’
         (std::get<_Indexes>(_M_bound_args), __args)...);
                   ^~~~~~~~
                   __ldexpl
/cvmfs/juno.ihep.ac.cn/centos7_amd64_gcc830/contrib/gcc/8.3.0/include/c++/8.3.0/functional: In member function ‘std::_Bind_result<_Result, _Functor(_Bound_args ...)>::__enable_if_void<_Res> std::_Bind_result<_Result, _Functor(_Bound_args ...)>::__call(std::tuple<_Args2 ...>&&, int)’:
/cvmfs/juno.ihep.ac.cn/centos7_amd64_gcc830/contrib/gcc/8.3.0/include/c++/8.3.0/functional:566:19: error: ‘_Indexes’ was not declared in this scope
         (std::get<_Indexes>(_M_bound_args), __args)...);
                   ^~~~~~~~
/cvmfs/juno.ihep.ac.cn/centos7_amd64_gcc830/contrib/gcc/8.3.0/include/c++/8.3.0/functional:566:19: note: suggested alternative: ‘__ldexpl’
         (std::get<_Indexes>(_M_bound_args), __args)...);
                   ^~~~~~~~
                   __ldexpl
/cvmfs/juno.ihep.ac.cn/centos7_amd64_gcc830/contrib/gcc/8.3.0/include/c++/8.3.0/functional: In member function ‘std::_Bind_result<_Result, _Functor(_Bound_args ...)>::__disable_if_void<_Res> std::_Bind_result<_Result, _Functor(_Bound_args ...)>::__call(std::tuple<_Args2 ...>&&, int) const’:
/cvmfs/juno.ihep.ac.cn/centos7_amd64_gcc830/contrib/gcc/8.3.0/include/c++/8.3.0/functional:575:19: error: ‘_Indexes’ was not declared in this scope
         (std::get<_Indexes>(_M_bound_args), __args)...);
                   ^~~~~~~~
/cvmfs/juno.ihep.ac.cn/centos7_amd64_gcc830/contrib/gcc/8.3.0/include/c++/8.3.0/functional:575:19: note: suggested alternative: ‘__ldexpl’
         (std::get<_Indexes>(_M_bound_args), __args)...);
                   ^~~~~~~~
                   __ldexpl
/cvmfs/juno.ihep.ac.cn/centos7_amd64_gcc830/contrib/gcc/8.3.0/include/c++/8.3.0/functional: In member function ‘std::_Bind_result<_Result, _Functor(_Bound_args ...)>::__enable_if_void<_Res> std::_Bind_result<_Result, _Functor(_Bound_args ...)>::__call(std::tuple<_Args2 ...>&&, int) const’:
/cvmfs/juno.ihep.ac.cn/centos7_amd64_gcc830/contrib/gcc/8.3.0/include/c++/8.3.0/functional:584:19: error: ‘_Indexes’ was not declared in this scope
         (std::get<_Indexes>(_M_bound_args),  __args)...);
                   ^~~~~~~~
/cvmfs/juno.ihep.ac.cn/centos7_amd64_gcc830/contrib/gcc/8.3.0/include/c++/8.3.0/functional:584:19: note: suggested alternative: ‘__ldexpl’
         (std::get<_Indexes>(_M_bound_args),  __args)...);
                   ^~~~~~~~
                   __ldexpl
/cvmfs/juno.ihep.ac.cn/centos7_amd64_gcc830/contrib/gcc/8.3.0/include/c++/8.3.0/functional: In member function ‘std::_Bind_result<_Result, _Functor(_Bound_args ...)>::__disable_if_void<_Res> std::_Bind_result<_Result, _Functor(_Bound_args ...)>::__call(std::tuple<_Args2 ...>&&, int) volatile’:
/cvmfs/juno.ihep.ac.cn/centos7_amd64_gcc830/contrib/gcc/8.3.0/include/c++/8.3.0/functional:593:10: error: ‘__volget’ was not declared in this scope
         (__volget<_Indexes>(_M_bound_args), __args)...);
          ^~~~~~~~
/cvmfs/juno.ihep.ac.cn/centos7_amd64_gcc830/contrib/gcc/8.3.0/include/c++/8.3.0/functional:593:10: note: suggested alternative: ‘__void_t’
         (__volget<_Indexes>(_M_bound_args), __args)...);
          ^~~~~~~~
          __void_t
/cvmfs/juno.ihep.ac.cn/centos7_amd64_gcc830/contrib/gcc/8.3.0/include/c++/8.3.0/functional:593:19: error: ‘_Indexes’ was not declared in this scope
         (__volget<_Indexes>(_M_bound_args), __args)...);
                   ^~~~~~~~
/cvmfs/juno.ihep.ac.cn/centos7_amd64_gcc830/contrib/gcc/8.3.0/include/c++/8.3.0/functional:593:19: note: suggested alternative: ‘__ldexpl’
         (__volget<_Indexes>(_M_bound_args), __args)...);
                   ^~~~~~~~
                   __ldexpl
/cvmfs/juno.ihep.ac.cn/centos7_amd64_gcc830/contrib/gcc/8.3.0/include/c++/8.3.0/functional: In member function ‘std::_Bind_result<_Result, _Functor(_Bound_args ...)>::__enable_if_void<_Res> std::_Bind_result<_Result, _Functor(_Bound_args ...)>::__call(std::tuple<_Args2 ...>&&, int) volatile’:
/cvmfs/juno.ihep.ac.cn/centos7_amd64_gcc830/contrib/gcc/8.3.0/include/c++/8.3.0/functional:602:10: error: ‘__volget’ was not declared in this scope
         (__volget<_Indexes>(_M_bound_args), __args)...);
          ^~~~~~~~
/cvmfs/juno.ihep.ac.cn/centos7_amd64_gcc830/contrib/gcc/8.3.0/include/c++/8.3.0/functional:602:10: note: suggested alternative: ‘__void_t’
         (__volget<_Indexes>(_M_bound_args), __args)...);
          ^~~~~~~~
          __void_t
/cvmfs/juno.ihep.ac.cn/centos7_amd64_gcc830/contrib/gcc/8.3.0/include/c++/8.3.0/functional:602:19: error: ‘_Indexes’ was not declared in this scope
         (__volget<_Indexes>(_M_bound_args), __args)...);
                   ^~~~~~~~
/cvmfs/juno.ihep.ac.cn/centos7_amd64_gcc830/contrib/gcc/8.3.0/include/c++/8.3.0/functional:602:19: note: suggested alternative: ‘__ldexpl’
         (__volget<_Indexes>(_M_bound_args), __args)...);
                   ^~~~~~~~
                   __ldexpl
/cvmfs/juno.ihep.ac.cn/centos7_amd64_gcc830/contrib/gcc/8.3.0/include/c++/8.3.0/functional: In member function ‘std::_Bind_result<_Result, _Functor(_Bound_args ...)>::__disable_if_void<_Res> std::_Bind_result<_Result, _Functor(_Bound_args ...)>::__call(std::tuple<_Args2 ...>&&, int) const volatile’:
/cvmfs/juno.ihep.ac.cn/centos7_amd64_gcc830/contrib/gcc/8.3.0/include/c++/8.3.0/functional:612:10: error: ‘__volget’ was not declared in this scope
         (__volget<_Indexes>(_M_bound_args), __args)...);
          ^~~~~~~~
/cvmfs/juno.ihep.ac.cn/centos7_amd64_gcc830/contrib/gcc/8.3.0/include/c++/8.3.0/functional:612:10: note: suggested alternative: ‘__void_t’
         (__volget<_Indexes>(_M_bound_args), __args)...);
          ^~~~~~~~
          __void_t
/cvmfs/juno.ihep.ac.cn/centos7_amd64_gcc830/contrib/gcc/8.3.0/include/c++/8.3.0/functional:612:19: error: ‘_Indexes’ was not declared in this scope
         (__volget<_Indexes>(_M_bound_args), __args)...);
                   ^~~~~~~~
/cvmfs/juno.ihep.ac.cn/centos7_amd64_gcc830/contrib/gcc/8.3.0/include/c++/8.3.0/functional:612:19: note: suggested alternative: ‘__ldexpl’
         (__volget<_Indexes>(_M_bound_args), __args)...);
                   ^~~~~~~~
                   __ldexpl
/cvmfs/juno.ihep.ac.cn/centos7_amd64_gcc830/contrib/gcc/8.3.0/include/c++/8.3.0/functional: In member function ‘std::_Bind_result<_Result, _Functor(_Bound_args ...)>::__enable_if_void<_Res> std::_Bind_result<_Result, _Functor(_Bound_args ...)>::__call(std::tuple<_Args2 ...>&&, int) const volatile’:
/cvmfs/juno.ihep.ac.cn/centos7_amd64_gcc830/contrib/gcc/8.3.0/include/c++/8.3.0/functional:622:10: error: ‘__volget’ was not declared in this scope
         (__volget<_Indexes>(_M_bound_args), __args)...);
          ^~~~~~~~
/cvmfs/juno.ihep.ac.cn/centos7_amd64_gcc830/contrib/gcc/8.3.0/include/c++/8.3.0/functional:622:10: note: suggested alternative: ‘__void_t’
         (__volget<_Indexes>(_M_bound_args), __args)...);
          ^~~~~~~~
          __void_t
/cvmfs/juno.ihep.ac.cn/centos7_amd64_gcc830/contrib/gcc/8.3.0/include/c++/8.3.0/functional:622:19: error: ‘_Indexes’ was not declared in this scope
         (__volget<_Indexes>(_M_bound_args), __args)...);
                   ^~~~~~~~
/cvmfs/juno.ihep.ac.cn/centos7_amd64_gcc830/contrib/gcc/8.3.0/include/c++/8.3.0/functional:622:19: note: suggested alternative: ‘__ldexpl’
         (__volget<_Indexes>(_M_bound_args), __args)...);
                   ^~~~~~~~
                   __ldexpl
In file included from /cvmfs/juno.ihep.ac.cn/centos7_amd64_gcc830/contrib/gcc/8.3.0/include/c++/8.3.0/list:63,
                 from /cvmfs/juno.ihep.ac.cn/centos7_amd64_gcc830/Pre-Release/J20v1r0-Pre2/ExternalLibs/ROOT/6.20.02/include/TFormula.h:22,
                 from /cvmfs/juno.ihep.ac.cn/centos7_amd64_gcc830/Pre-Release/J20v1r0-Pre2/ExternalLibs/ROOT/6.20.02/include/TF1.h:27,
                 from /dybfs/users/xuhangkun/SimTAO/analysis/calibrate/include/RadioActiveSource.h:47,
                 from /dybfs/users/xuhangkun/SimTAO/analysis/calibrate/include/TAORunData.h:48,
                 from /dybfs/users/xuhangkun/SimTAO/analysis/calibrate/src/NonLinearCalibration.cpp:2:
/cvmfs/juno.ihep.ac.cn/centos7_amd64_gcc830/contrib/gcc/8.3.0/include/c++/8.3.0/bits/stl_list.h: At global scope:
/cvmfs/juno.ihep.ac.cn/centos7_amd64_gcc830/contrib/gcc/8.3.0/include/c++/8.3.0/bits/stl_list.h:106:12: error: ‘size_t’ in namespace ‘std’ does not name a type
       std::size_t _M_size;
            ^~~~~~
/cvmfs/juno.ihep.ac.cn/centos7_amd64_gcc830/contrib/gcc/8.3.0/include/c++/8.3.0/bits/stl_list.h:106:7: note: suggested alternative: ‘set’
       std::size_t _M_size;
       ^~~
       set
/cvmfs/juno.ihep.ac.cn/centos7_amd64_gcc830/contrib/gcc/8.3.0/include/c++/8.3.0/bits/stl_list.h: In constructor ‘std::__detail::_List_node_header::_List_node_header(std::__detail::_List_node_header&&)’:
/cvmfs/juno.ihep.ac.cn/centos7_amd64_gcc830/contrib/gcc/8.3.0/include/c++/8.3.0/bits/stl_list.h:116:9: error: class ‘std::__detail::_List_node_header’ does not have any field named ‘_M_size’
       , _M_size(__x._M_size)
         ^~~~~~~
/cvmfs/juno.ihep.ac.cn/centos7_amd64_gcc830/contrib/gcc/8.3.0/include/c++/8.3.0/bits/stl_list.h:116:21: error: ‘struct std::__detail::_List_node_header’ has no member named ‘_M_size’; did you mean ‘_M_base’?
       , _M_size(__x._M_size)
                     ^~~~~~~
                     _M_base
/cvmfs/juno.ihep.ac.cn/centos7_amd64_gcc830/contrib/gcc/8.3.0/include/c++/8.3.0/bits/stl_list.h: In member function ‘void std::__detail::_List_node_header::_M_move_nodes(std::__detail::_List_node_header&&)’:
/cvmfs/juno.ihep.ac.cn/centos7_amd64_gcc830/contrib/gcc/8.3.0/include/c++/8.3.0/bits/stl_list.h:141:6: error: ‘_M_size’ was not declared in this scope
      _M_size = __x._M_size;
      ^~~~~~~
/cvmfs/juno.ihep.ac.cn/centos7_amd64_gcc830/contrib/gcc/8.3.0/include/c++/8.3.0/bits/stl_list.h:141:6: note: suggested alternative: ‘_M_base’
      _M_size = __x._M_size;
      ^~~~~~~
      _M_base
/cvmfs/juno.ihep.ac.cn/centos7_amd64_gcc830/contrib/gcc/8.3.0/include/c++/8.3.0/bits/stl_list.h:141:20: error: ‘struct std::__detail::_List_node_header’ has no member named ‘_M_size’; did you mean ‘_M_base’?
      _M_size = __x._M_size;
                    ^~~~~~~
                    _M_base
/cvmfs/juno.ihep.ac.cn/centos7_amd64_gcc830/contrib/gcc/8.3.0/include/c++/8.3.0/bits/stl_list.h: In member function ‘void std::__detail::_List_node_header::_M_init()’:
/cvmfs/juno.ihep.ac.cn/centos7_amd64_gcc830/contrib/gcc/8.3.0/include/c++/8.3.0/bits/stl_list.h:153:8: error: ‘struct std::__detail::_List_node_header’ has no member named ‘_M_size’; did you mean ‘_M_base’?
  this->_M_size = 0;
        ^~~~~~~
        _M_base
/cvmfs/juno.ihep.ac.cn/centos7_amd64_gcc830/contrib/gcc/8.3.0/include/c++/8.3.0/bits/stl_list.h: In function ‘ptrdiff_t std::__distance(std::_List_const_iterator<_Val>, std::_List_const_iterator<_Val>, std::input_iterator_tag)’:
/cvmfs/juno.ihep.ac.cn/centos7_amd64_gcc830/contrib/gcc/8.3.0/include/c++/8.3.0/bits/stl_list.h:2082:56: error: ‘const _Sentinel’ {aka ‘const struct std::__detail::_List_node_header’} has no member named ‘_M_size’; did you mean ‘_M_base’?
  return static_cast<const _Sentinel*>(__last._M_node)->_M_size;
                                                        ^~~~~~~
                                                        _M_base
In file included from /cvmfs/juno.ihep.ac.cn/centos7_amd64_gcc830/contrib/gcc/8.3.0/include/c++/8.3.0/bits/basic_string.h:40,
                 from /cvmfs/juno.ihep.ac.cn/centos7_amd64_gcc830/contrib/gcc/8.3.0/include/c++/8.3.0/string:52,
                 from /dybfs/users/xuhangkun/SimTAO/analysis/calibrate/include/RunData.h:43,
                 from /dybfs/users/xuhangkun/SimTAO/analysis/calibrate/include/TAORunData.h:44,
                 from /dybfs/users/xuhangkun/SimTAO/analysis/calibrate/src/NonLinearCalibration.cpp:2:
/cvmfs/juno.ihep.ac.cn/centos7_amd64_gcc830/contrib/gcc/8.3.0/include/c++/8.3.0/ext/alloc_traits.h: In instantiation of ‘struct __gnu_cxx::__alloc_traits<std::allocator<double>, double>’:
/cvmfs/juno.ihep.ac.cn/centos7_amd64_gcc830/contrib/gcc/8.3.0/include/c++/8.3.0/bits/stl_vector.h:84:21:   required from ‘struct std::_Vector_base<double, std::allocator<double> >’
/cvmfs/juno.ihep.ac.cn/centos7_amd64_gcc830/contrib/gcc/8.3.0/include/c++/8.3.0/bits/stl_vector.h:339:11:   required from ‘class std::vector<double>’
/cvmfs/juno.ihep.ac.cn/centos7_amd64_gcc830/Pre-Release/J20v1r0-Pre2/ExternalLibs/ROOT/6.20.02/include/TFormula.h:90:27:   required from here
/cvmfs/juno.ihep.ac.cn/centos7_amd64_gcc830/contrib/gcc/8.3.0/include/c++/8.3.0/ext/alloc_traits.h:61:53: error: no type named ‘size_type’ in ‘struct std::allocator_traits<std::allocator<double> >’
     typedef typename _Base_type::size_type          size_type;
                                                     ^~~~~~~~~
/cvmfs/juno.ihep.ac.cn/centos7_amd64_gcc830/contrib/gcc/8.3.0/include/c++/8.3.0/ext/alloc_traits.h:62:53: error: no type named ‘difference_type’ in ‘struct std::allocator_traits<std::allocator<double> >’
     typedef typename _Base_type::difference_type    difference_type;
                                                     ^~~~~~~~~~~~~~~
/cvmfs/juno.ihep.ac.cn/centos7_amd64_gcc830/contrib/gcc/8.3.0/include/c++/8.3.0/ext/alloc_traits.h:70:23: error: no members matching ‘__gnu_cxx::__alloc_traits<std::allocator<double>, double>::_Base_type {aka std::allocator_traits<std::allocator<double> >}::max_size’ in ‘__gnu_cxx::__alloc_traits<std::allocator<double>, double>::_Base_type’ {aka ‘struct std::allocator_traits<std::allocator<double> >’}
     using _Base_type::max_size;
                       ^~~~~~~~
/cvmfs/juno.ihep.ac.cn/centos7_amd64_gcc830/contrib/gcc/8.3.0/include/c++/8.3.0/ext/alloc_traits.h: In instantiation of ‘struct __gnu_cxx::__alloc_traits<std::allocator<TFormulaFunction>, TFormulaFunction>’:
/cvmfs/juno.ihep.ac.cn/centos7_amd64_gcc830/contrib/gcc/8.3.0/include/c++/8.3.0/bits/stl_list.h:361:24:   required from ‘class std::__cxx11::_List_base<TFormulaFunction, std::allocator<TFormulaFunction> >’
/cvmfs/juno.ihep.ac.cn/centos7_amd64_gcc830/contrib/gcc/8.3.0/include/c++/8.3.0/bits/stl_list.h:564:11:   required from ‘class std::__cxx11::list<TFormulaFunction>’
/cvmfs/juno.ihep.ac.cn/centos7_amd64_gcc830/Pre-Release/J20v1r0-Pre2/ExternalLibs/ROOT/6.20.02/include/TFormula.h:133:40:   required from here
/cvmfs/juno.ihep.ac.cn/centos7_amd64_gcc830/contrib/gcc/8.3.0/include/c++/8.3.0/ext/alloc_traits.h:61:53: error: no type named ‘size_type’ in ‘struct std::allocator_traits<std::allocator<TFormulaFunction> >’
     typedef typename _Base_type::size_type          size_type;
                                                     ^~~~~~~~~
/cvmfs/juno.ihep.ac.cn/centos7_amd64_gcc830/contrib/gcc/8.3.0/include/c++/8.3.0/ext/alloc_traits.h:62:53: error: no type named ‘difference_type’ in ‘struct std::allocator_traits<std::allocator<TFormulaFunction> >’
     typedef typename _Base_type::difference_type    difference_type;
                                                     ^~~~~~~~~~~~~~~
/cvmfs/juno.ihep.ac.cn/centos7_amd64_gcc830/contrib/gcc/8.3.0/include/c++/8.3.0/ext/alloc_traits.h:70:23: error: no members matching ‘__gnu_cxx::__alloc_traits<std::allocator<TFormulaFunction>, TFormulaFunction>::_Base_type {aka std::allocator_traits<std::allocator<TFormulaFunction> >}::max_size’ in ‘__gnu_cxx::__alloc_traits<std::allocator<TFormulaFunction>, TFormulaFunction>::_Base_type’ {aka ‘struct std::allocator_traits<std::allocator<TFormulaFunction> >’}
     using _Base_type::max_size;
                       ^~~~~~~~
/cvmfs/juno.ihep.ac.cn/centos7_amd64_gcc830/contrib/gcc/8.3.0/include/c++/8.3.0/ext/alloc_traits.h: In instantiation of ‘struct __gnu_cxx::__alloc_traits<std::allocator<std::_List_node<TFormulaFunction> >, std::_List_node<TFormulaFunction> >’:
/cvmfs/juno.ihep.ac.cn/centos7_amd64_gcc830/contrib/gcc/8.3.0/include/c++/8.3.0/bits/stl_list.h:449:7:   required from ‘class std::__cxx11::_List_base<TFormulaFunction, std::allocator<TFormulaFunction> >’
/cvmfs/juno.ihep.ac.cn/centos7_amd64_gcc830/contrib/gcc/8.3.0/include/c++/8.3.0/bits/stl_list.h:564:11:   required from ‘class std::__cxx11::list<TFormulaFunction>’
/cvmfs/juno.ihep.ac.cn/centos7_amd64_gcc830/Pre-Release/J20v1r0-Pre2/ExternalLibs/ROOT/6.20.02/include/TFormula.h:133:40:   required from here
/cvmfs/juno.ihep.ac.cn/centos7_amd64_gcc830/contrib/gcc/8.3.0/include/c++/8.3.0/ext/alloc_traits.h:61:53: error: no type named ‘size_type’ in ‘struct std::allocator_traits<std::allocator<std::_List_node<TFormulaFunction> > >’
     typedef typename _Base_type::size_type          size_type;
                                                     ^~~~~~~~~
/cvmfs/juno.ihep.ac.cn/centos7_amd64_gcc830/contrib/gcc/8.3.0/include/c++/8.3.0/ext/alloc_traits.h:62:53: error: no type named ‘difference_type’ in ‘struct std::allocator_traits<std::allocator<std::_List_node<TFormulaFunction> > >’
     typedef typename _Base_type::difference_type    difference_type;
                                                     ^~~~~~~~~~~~~~~
/cvmfs/juno.ihep.ac.cn/centos7_amd64_gcc830/contrib/gcc/8.3.0/include/c++/8.3.0/ext/alloc_traits.h:70:23: error: no members matching ‘__gnu_cxx::__alloc_traits<std::allocator<std::_List_node<TFormulaFunction> >, std::_List_node<TFormulaFunction> >::_Base_type {aka std::allocator_traits<std::allocator<std::_List_node<TFormulaFunction> > >}::max_size’ in ‘__gnu_cxx::__alloc_traits<std::allocator<std::_List_node<TFormulaFunction> >, std::_List_node<TFormulaFunction> >::_Base_type’ {aka ‘struct std::allocator_traits<std::allocator<std::_List_node<TFormulaFunction> > >’}
     using _Base_type::max_size;
                       ^~~~~~~~
/cvmfs/juno.ihep.ac.cn/centos7_amd64_gcc830/contrib/gcc/8.3.0/include/c++/8.3.0/ext/alloc_traits.h: In instantiation of ‘struct __gnu_cxx::__alloc_traits<std::allocator<std::pair<const TString, TFormulaVariable> >, std::pair<const TString, TFormulaVariable> >’:
/cvmfs/juno.ihep.ac.cn/centos7_amd64_gcc830/contrib/gcc/8.3.0/include/c++/8.3.0/bits/stl_map.h:145:28:   required from ‘class std::map<TString, TFormulaVariable>’
/cvmfs/juno.ihep.ac.cn/centos7_amd64_gcc830/Pre-Release/J20v1r0-Pre2/ExternalLibs/ROOT/6.20.02/include/TFormula.h:134:40:   required from here
/cvmfs/juno.ihep.ac.cn/centos7_amd64_gcc830/contrib/gcc/8.3.0/include/c++/8.3.0/ext/alloc_traits.h:61:53: error: no type named ‘size_type’ in ‘struct std::allocator_traits<std::allocator<std::pair<const TString, TFormulaVariable> > >’
     typedef typename _Base_type::size_type          size_type;
                                                     ^~~~~~~~~
/cvmfs/juno.ihep.ac.cn/centos7_amd64_gcc830/contrib/gcc/8.3.0/include/c++/8.3.0/ext/alloc_traits.h:62:53: error: no type named ‘difference_type’ in ‘struct std::allocator_traits<std::allocator<std::pair<const TString, TFormulaVariable> > >’
     typedef typename _Base_type::difference_type    difference_type;
                                                     ^~~~~~~~~~~~~~~
/cvmfs/juno.ihep.ac.cn/centos7_amd64_gcc830/contrib/gcc/8.3.0/include/c++/8.3.0/ext/alloc_traits.h:70:23: error: no members matching ‘__gnu_cxx::__alloc_traits<std::allocator<std::pair<const TString, TFormulaVariable> >, std::pair<const TString, TFormulaVariable> >::_Base_type {aka std::allocator_traits<std::allocator<std::pair<const TString, TFormulaVariable> > >}::max_size’ in ‘__gnu_cxx::__alloc_traits<std::allocator<std::pair<const TString, TFormulaVariable> >, std::pair<const TString, TFormulaVariable> >::_Base_type’ {aka ‘struct std::allocator_traits<std::allocator<std::pair<const TString, TFormulaVariable> > >’}
     using _Base_type::max_size;
                       ^~~~~~~~
/cvmfs/juno.ihep.ac.cn/centos7_amd64_gcc830/contrib/gcc/8.3.0/include/c++/8.3.0/ext/alloc_traits.h: In instantiation of ‘struct __gnu_cxx::__alloc_traits<std::allocator<std::pair<const TString, int> >, std::pair<const TString, int> >’:
/cvmfs/juno.ihep.ac.cn/centos7_amd64_gcc830/contrib/gcc/8.3.0/include/c++/8.3.0/bits/stl_map.h:145:28:   required from ‘class std::map<TString, int, TFormulaParamOrder>’
/cvmfs/juno.ihep.ac.cn/centos7_amd64_gcc830/Pre-Release/J20v1r0-Pre2/ExternalLibs/ROOT/6.20.02/include/TFormula.h:135:49:   required from here
/cvmfs/juno.ihep.ac.cn/centos7_amd64_gcc830/contrib/gcc/8.3.0/include/c++/8.3.0/ext/alloc_traits.h:61:53: error: no type named ‘size_type’ in ‘struct std::allocator_traits<std::allocator<std::pair<const TString, int> > >’
     typedef typename _Base_type::size_type          size_type;
                                                     ^~~~~~~~~
/cvmfs/juno.ihep.ac.cn/centos7_amd64_gcc830/contrib/gcc/8.3.0/include/c++/8.3.0/ext/alloc_traits.h:62:53: error: no type named ‘difference_type’ in ‘struct std::allocator_traits<std::allocator<std::pair<const TString, int> > >’
     typedef typename _Base_type::difference_type    difference_type;
                                                     ^~~~~~~~~~~~~~~
/cvmfs/juno.ihep.ac.cn/centos7_amd64_gcc830/contrib/gcc/8.3.0/include/c++/8.3.0/ext/alloc_traits.h:70:23: error: no members matching ‘__gnu_cxx::__alloc_traits<std::allocator<std::pair<const TString, int> >, std::pair<const TString, int> >::_Base_type {aka std::allocator_traits<std::allocator<std::pair<const TString, int> > >}::max_size’ in ‘__gnu_cxx::__alloc_traits<std::allocator<std::pair<const TString, int> >, std::pair<const TString, int> >::_Base_type’ {aka ‘struct std::allocator_traits<std::allocator<std::pair<const TString, int> > >’}
     using _Base_type::max_size;
                       ^~~~~~~~
/cvmfs/juno.ihep.ac.cn/centos7_amd64_gcc830/contrib/gcc/8.3.0/include/c++/8.3.0/ext/alloc_traits.h: In instantiation of ‘struct __gnu_cxx::__alloc_traits<std::allocator<std::pair<const TString, double> >, std::pair<const TString, double> >’:
/cvmfs/juno.ihep.ac.cn/centos7_amd64_gcc830/contrib/gcc/8.3.0/include/c++/8.3.0/bits/stl_map.h:145:28:   required from ‘class std::map<TString, double>’
/cvmfs/juno.ihep.ac.cn/centos7_amd64_gcc830/Pre-Release/J20v1r0-Pre2/ExternalLibs/ROOT/6.20.02/include/TFormula.h:136:40:   required from here
/cvmfs/juno.ihep.ac.cn/centos7_amd64_gcc830/contrib/gcc/8.3.0/include/c++/8.3.0/ext/alloc_traits.h:61:53: error: no type named ‘size_type’ in ‘struct std::allocator_traits<std::allocator<std::pair<const TString, double> > >’
     typedef typename _Base_type::size_type          size_type;
                                                     ^~~~~~~~~
/cvmfs/juno.ihep.ac.cn/centos7_amd64_gcc830/contrib/gcc/8.3.0/include/c++/8.3.0/ext/alloc_traits.h:62:53: error: no type named ‘difference_type’ in ‘struct std::allocator_traits<std::allocator<std::pair<const TString, double> > >’
     typedef typename _Base_type::difference_type    difference_type;
                                                     ^~~~~~~~~~~~~~~
/cvmfs/juno.ihep.ac.cn/centos7_amd64_gcc830/contrib/gcc/8.3.0/include/c++/8.3.0/ext/alloc_traits.h:70:23: error: no members matching ‘__gnu_cxx::__alloc_traits<std::allocator<std::pair<const TString, double> >, std::pair<const TString, double> >::_Base_type {aka std::allocator_traits<std::allocator<std::pair<const TString, double> > >}::max_size’ in ‘__gnu_cxx::__alloc_traits<std::allocator<std::pair<const TString, double> >, std::pair<const TString, double> >::_Base_type’ {aka ‘struct std::allocator_traits<std::allocator<std::pair<const TString, double> > >’}
     using _Base_type::max_size;
                       ^~~~~~~~
/cvmfs/juno.ihep.ac.cn/centos7_amd64_gcc830/contrib/gcc/8.3.0/include/c++/8.3.0/ext/alloc_traits.h: In instantiation of ‘struct __gnu_cxx::__alloc_traits<std::allocator<std::pair<const TString, TString> >, std::pair<const TString, TString> >’:
/cvmfs/juno.ihep.ac.cn/centos7_amd64_gcc830/contrib/gcc/8.3.0/include/c++/8.3.0/bits/stl_map.h:145:28:   required from ‘class std::map<TString, TString>’
/cvmfs/juno.ihep.ac.cn/centos7_amd64_gcc830/Pre-Release/J20v1r0-Pre2/ExternalLibs/ROOT/6.20.02/include/TFormula.h:137:40:   required from here
/cvmfs/juno.ihep.ac.cn/centos7_amd64_gcc830/contrib/gcc/8.3.0/include/c++/8.3.0/ext/alloc_traits.h:61:53: error: no type named ‘size_type’ in ‘struct std::allocator_traits<std::allocator<std::pair<const TString, TString> > >’
     typedef typename _Base_type::size_type          size_type;
                                                     ^~~~~~~~~
/cvmfs/juno.ihep.ac.cn/centos7_amd64_gcc830/contrib/gcc/8.3.0/include/c++/8.3.0/ext/alloc_traits.h:62:53: error: no type named ‘difference_type’ in ‘struct std::allocator_traits<std::allocator<std::pair<const TString, TString> > >’
     typedef typename _Base_type::difference_type    difference_type;
                                                     ^~~~~~~~~~~~~~~
/cvmfs/juno.ihep.ac.cn/centos7_amd64_gcc830/contrib/gcc/8.3.0/include/c++/8.3.0/ext/alloc_traits.h:70:23: error: no members matching ‘__gnu_cxx::__alloc_traits<std::allocator<std::pair<const TString, TString> >, std::pair<const TString, TString> >::_Base_type {aka std::allocator_traits<std::allocator<std::pair<const TString, TString> > >}::max_size’ in ‘__gnu_cxx::__alloc_traits<std::allocator<std::pair<const TString, TString> >, std::pair<const TString, TString> >::_Base_type’ {aka ‘struct std::allocator_traits<std::allocator<std::pair<const TString, TString> > >’}
     using _Base_type::max_size;
                       ^~~~~~~~
/cvmfs/juno.ihep.ac.cn/centos7_amd64_gcc830/contrib/gcc/8.3.0/include/c++/8.3.0/ext/alloc_traits.h: In instantiation of ‘struct __gnu_cxx::__alloc_traits<std::allocator<TObject*>, TObject*>’:
/cvmfs/juno.ihep.ac.cn/centos7_amd64_gcc830/contrib/gcc/8.3.0/include/c++/8.3.0/bits/stl_vector.h:84:21:   required from ‘struct std::_Vector_base<TObject*, std::allocator<TObject*> >’
/cvmfs/juno.ihep.ac.cn/centos7_amd64_gcc830/contrib/gcc/8.3.0/include/c++/8.3.0/bits/stl_vector.h:339:11:   required from ‘class std::vector<TObject*>’
/cvmfs/juno.ihep.ac.cn/centos7_amd64_gcc830/Pre-Release/J20v1r0-Pre2/ExternalLibs/ROOT/6.20.02/include/TFormula.h:142:40:   required from here
/cvmfs/juno.ihep.ac.cn/centos7_amd64_gcc830/contrib/gcc/8.3.0/include/c++/8.3.0/ext/alloc_traits.h:61:53: error: no type named ‘size_type’ in ‘struct std::allocator_traits<std::allocator<TObject*> >’
     typedef typename _Base_type::size_type          size_type;
                                                     ^~~~~~~~~
/cvmfs/juno.ihep.ac.cn/centos7_amd64_gcc830/contrib/gcc/8.3.0/include/c++/8.3.0/ext/alloc_traits.h:62:53: error: no type named ‘difference_type’ in ‘struct std::allocator_traits<std::allocator<TObject*> >’
     typedef typename _Base_type::difference_type    difference_type;
                                                     ^~~~~~~~~~~~~~~
/cvmfs/juno.ihep.ac.cn/centos7_amd64_gcc830/contrib/gcc/8.3.0/include/c++/8.3.0/ext/alloc_traits.h:70:23: error: no members matching ‘__gnu_cxx::__alloc_traits<std::allocator<TObject*>, TObject*>::_Base_type {aka std::allocator_traits<std::allocator<TObject*> >}::max_size’ in ‘__gnu_cxx::__alloc_traits<std::allocator<TObject*>, TObject*>::_Base_type’ {aka ‘struct std::allocator_traits<std::allocator<TObject*> >’}
     using _Base_type::max_size;
                       ^~~~~~~~
/cvmfs/juno.ihep.ac.cn/centos7_amd64_gcc830/contrib/gcc/8.3.0/include/c++/8.3.0/ext/alloc_traits.h: In instantiation of ‘struct __gnu_cxx::__alloc_traits<std::allocator<std::__cxx11::basic_string<char> >, std::__cxx11::basic_string<char> >’:
/cvmfs/juno.ihep.ac.cn/centos7_amd64_gcc830/contrib/gcc/8.3.0/include/c++/8.3.0/bits/stl_vector.h:84:21:   required from ‘struct std::_Vector_base<std::__cxx11::basic_string<char>, std::allocator<std::__cxx11::basic_string<char> > >’
/cvmfs/juno.ihep.ac.cn/centos7_amd64_gcc830/contrib/gcc/8.3.0/include/c++/8.3.0/bits/stl_vector.h:339:11:   required from ‘class std::vector<std::__cxx11::basic_string<char> >’
/cvmfs/juno.ihep.ac.cn/centos7_amd64_gcc830/Pre-Release/J20v1r0-Pre2/ExternalLibs/ROOT/6.20.02/include/TF1.h:139:29:   required from here
/cvmfs/juno.ihep.ac.cn/centos7_amd64_gcc830/contrib/gcc/8.3.0/include/c++/8.3.0/ext/alloc_traits.h:61:53: error: no type named ‘size_type’ in ‘struct std::allocator_traits<std::allocator<std::__cxx11::basic_string<char> > >’
     typedef typename _Base_type::size_type          size_type;
                                                     ^~~~~~~~~
/cvmfs/juno.ihep.ac.cn/centos7_amd64_gcc830/contrib/gcc/8.3.0/include/c++/8.3.0/ext/alloc_traits.h:62:53: error: no type named ‘difference_type’ in ‘struct std::allocator_traits<std::allocator<std::__cxx11::basic_string<char> > >’
     typedef typename _Base_type::difference_type    difference_type;
                                                     ^~~~~~~~~~~~~~~
/cvmfs/juno.ihep.ac.cn/centos7_amd64_gcc830/contrib/gcc/8.3.0/include/c++/8.3.0/ext/alloc_traits.h:70:23: error: no members matching ‘__gnu_cxx::__alloc_traits<std::allocator<std::__cxx11::basic_string<char> >, std::__cxx11::basic_string<char> >::_Base_type {aka std::allocator_traits<std::allocator<std::__cxx11::basic_string<char> > >}::max_size’ in ‘__gnu_cxx::__alloc_traits<std::allocator<std::__cxx11::basic_string<char> >, std::__cxx11::basic_string<char> >::_Base_type’ {aka ‘struct std::allocator_traits<std::allocator<std::__cxx11::basic_string<char> > >’}
     using _Base_type::max_size;
                       ^~~~~~~~
In file included from /cvmfs/juno.ihep.ac.cn/centos7_amd64_gcc830/contrib/gcc/8.3.0/include/c++/8.3.0/bits/stl_algobase.h:67,
                 from /cvmfs/juno.ihep.ac.cn/centos7_amd64_gcc830/contrib/gcc/8.3.0/include/c++/8.3.0/bits/char_traits.h:39,
                 from /cvmfs/juno.ihep.ac.cn/centos7_amd64_gcc830/contrib/gcc/8.3.0/include/c++/8.3.0/string:40,
                 from /dybfs/users/xuhangkun/SimTAO/analysis/calibrate/include/RunData.h:43,
                 from /dybfs/users/xuhangkun/SimTAO/analysis/calibrate/include/TAORunData.h:44,
                 from /dybfs/users/xuhangkun/SimTAO/analysis/calibrate/src/NonLinearCalibration.cpp:2:
/cvmfs/juno.ihep.ac.cn/centos7_amd64_gcc830/contrib/gcc/8.3.0/include/c++/8.3.0/bits/stl_iterator.h: In instantiation of ‘class __gnu_cxx::__normal_iterator<double*, std::vector<double> >’:
/cvmfs/juno.ihep.ac.cn/centos7_amd64_gcc830/Pre-Release/J20v1r0-Pre2/ExternalLibs/ROOT/6.20.02/include/TF1.h:108:72:   required from here
/cvmfs/juno.ihep.ac.cn/centos7_amd64_gcc830/contrib/gcc/8.3.0/include/c++/8.3.0/bits/stl_iterator.h:775:56: error: no type named ‘difference_type’ in ‘struct std::iterator_traits<double*>’
       typedef typename __traits_type::difference_type  difference_type;
                                                        ^~~~~~~~~~~~~~~
/cvmfs/juno.ihep.ac.cn/centos7_amd64_gcc830/contrib/gcc/8.3.0/include/c++/8.3.0/bits/stl_iterator.h: In instantiation of ‘class __gnu_cxx::__normal_iterator<const double*, std::vector<double> >’:
/cvmfs/juno.ihep.ac.cn/centos7_amd64_gcc830/Pre-Release/J20v1r0-Pre2/ExternalLibs/ROOT/6.20.02/include/TF1.h:521:49:   required from here
/cvmfs/juno.ihep.ac.cn/centos7_amd64_gcc830/contrib/gcc/8.3.0/include/c++/8.3.0/bits/stl_iterator.h:775:56: error: no type named ‘difference_type’ in ‘struct std::iterator_traits<const double*>’
In file included from /cvmfs/juno.ihep.ac.cn/centos7_amd64_gcc830/contrib/gcc/8.3.0/include/c++/8.3.0/bits/basic_string.h:40,
                 from /cvmfs/juno.ihep.ac.cn/centos7_amd64_gcc830/contrib/gcc/8.3.0/include/c++/8.3.0/string:52,
                 from /dybfs/users/xuhangkun/SimTAO/analysis/calibrate/include/RunData.h:43,
                 from /dybfs/users/xuhangkun/SimTAO/analysis/calibrate/include/TAORunData.h:44,
                 from /dybfs/users/xuhangkun/SimTAO/analysis/calibrate/src/NonLinearCalibration.cpp:2:
/cvmfs/juno.ihep.ac.cn/centos7_amd64_gcc830/contrib/gcc/8.3.0/include/c++/8.3.0/ext/alloc_traits.h: In instantiation of ‘struct __gnu_cxx::__alloc_traits<std::allocator<TAORunData*>, TAORunData*>’:
/cvmfs/juno.ihep.ac.cn/centos7_amd64_gcc830/contrib/gcc/8.3.0/include/c++/8.3.0/bits/stl_vector.h:84:21:   required from ‘struct std::_Vector_base<TAORunData*, std::allocator<TAORunData*> >’
/cvmfs/juno.ihep.ac.cn/centos7_amd64_gcc830/contrib/gcc/8.3.0/include/c++/8.3.0/bits/stl_vector.h:339:11:   required from ‘class std::vector<TAORunData*>’
/dybfs/users/xuhangkun/SimTAO/analysis/calibrate/include/MultiTAORunData.h:61:30:   required from here
/cvmfs/juno.ihep.ac.cn/centos7_amd64_gcc830/contrib/gcc/8.3.0/include/c++/8.3.0/ext/alloc_traits.h:61:53: error: no type named ‘size_type’ in ‘struct std::allocator_traits<std::allocator<TAORunData*> >’
     typedef typename _Base_type::size_type          size_type;
                                                     ^~~~~~~~~
/cvmfs/juno.ihep.ac.cn/centos7_amd64_gcc830/contrib/gcc/8.3.0/include/c++/8.3.0/ext/alloc_traits.h:62:53: error: no type named ‘difference_type’ in ‘struct std::allocator_traits<std::allocator<TAORunData*> >’
     typedef typename _Base_type::difference_type    difference_type;
                                                     ^~~~~~~~~~~~~~~
/cvmfs/juno.ihep.ac.cn/centos7_amd64_gcc830/contrib/gcc/8.3.0/include/c++/8.3.0/ext/alloc_traits.h:70:23: error: no members matching ‘__gnu_cxx::__alloc_traits<std::allocator<TAORunData*>, TAORunData*>::_Base_type {aka std::allocator_traits<std::allocator<TAORunData*> >}::max_size’ in ‘__gnu_cxx::__alloc_traits<std::allocator<TAORunData*>, TAORunData*>::_Base_type’ {aka ‘struct std::allocator_traits<std::allocator<TAORunData*> >’}
     using _Base_type::max_size;
                       ^~~~~~~~
/dybfs/users/xuhangkun/SimTAO/analysis/calibrate/src/NonLinearCalibration.cpp: In function ‘void MultiSourceFitBias()’:
/dybfs/users/xuhangkun/SimTAO/analysis/calibrate/src/NonLinearCalibration.cpp:92:35: error: too many initializers for ‘int [3]’
     int Color[NSituation]={1,2,4,6};
                                   ^
/dybfs/users/xuhangkun/SimTAO/analysis/calibrate/src/NonLinearCalibration.cpp:93:45: error: too many initializers for ‘int [3]’
     int MarkerStyle[NSituation]={20,21,22,23};
                                             ^
/dybfs/users/xuhangkun/SimTAO/analysis/calibrate/src/NonLinearCalibration.cpp:121:9: error: ‘leg’ was not declared in this scope
         leg->AddEntry(gr_Bias[i],legName.c_str(),"PL");
         ^~~
/dybfs/users/xuhangkun/SimTAO/analysis/calibrate/src/NonLinearCalibration.cpp:121:9: note: suggested alternative: ‘log’
         leg->AddEntry(gr_Bias[i],legName.c_str(),"PL");
         ^~~
         log
/dybfs/users/xuhangkun/SimTAO/analysis/calibrate/src/NonLinearCalibration.cpp:121:42: error: request for member ‘c_str’ in ‘legName’, which is of non-class type ‘std::__cxx11::string [3]’ {aka ‘std::__cxx11::basic_string<char> [3]’}
         leg->AddEntry(gr_Bias[i],legName.c_str(),"PL");
                                          ^~~~~
In file included from /cvmfs/juno.ihep.ac.cn/centos7_amd64_gcc830/contrib/gcc/8.3.0/include/c++/8.3.0/string:52,
                 from /dybfs/users/xuhangkun/SimTAO/analysis/calibrate/include/RunData.h:43,
                 from /dybfs/users/xuhangkun/SimTAO/analysis/calibrate/include/TAORunData.h:44,
                 from /dybfs/users/xuhangkun/SimTAO/analysis/calibrate/src/NonLinearCalibration.cpp:2:
/cvmfs/juno.ihep.ac.cn/centos7_amd64_gcc830/contrib/gcc/8.3.0/include/c++/8.3.0/bits/basic_string.h: In instantiation of ‘std::__cxx11::basic_string<_CharT, _Traits, _Alloc>::basic_string(std::__cxx11::basic_string<_CharT, _Traits, _Alloc>&&) [with _CharT = char; _Traits = std::char_traits<char>; _Alloc = std::allocator<char>]’:
/cvmfs/juno.ihep.ac.cn/centos7_amd64_gcc830/contrib/gcc/8.3.0/include/c++/8.3.0/system_error:189:40:   required from here
/cvmfs/juno.ihep.ac.cn/centos7_amd64_gcc830/contrib/gcc/8.3.0/include/c++/8.3.0/bits/basic_string.h:552:24: error: ‘class std::__cxx11::basic_string<char>’ has no member named ‘_M_allocated_capacity’; did you mean ‘_S_local_capacity’?
      _M_capacity(__str._M_allocated_capacity);
                  ~~~~~~^~~~~~~~~~~~~~~~~~~~~
                  _S_local_capacity
/cvmfs/juno.ihep.ac.cn/centos7_amd64_gcc830/contrib/gcc/8.3.0/include/c++/8.3.0/bits/basic_string.h: In instantiation of ‘std::__cxx11::basic_string<_CharT, _Traits, _Alloc> std::operator+(std::__cxx11::basic_string<_CharT, _Traits, _Alloc>&&, std::__cxx11::basic_string<_CharT, _Traits, _Alloc>&&) [with _CharT = char; _Traits = std::char_traits<char>; _Alloc = std::allocator<char>]’:
/cvmfs/juno.ihep.ac.cn/centos7_amd64_gcc830/contrib/gcc/8.3.0/include/c++/8.3.0/system_error:351:50:   required from here
/cvmfs/juno.ihep.ac.cn/centos7_amd64_gcc830/contrib/gcc/8.3.0/include/c++/8.3.0/bits/basic_string.h:6007:33: error: ‘class std::__cxx11::basic_string<char>’ has no member named ‘size’
       const auto __size = __lhs.size() + __rhs.size();
                           ~~~~~~^~~~
/cvmfs/juno.ihep.ac.cn/centos7_amd64_gcc830/contrib/gcc/8.3.0/include/c++/8.3.0/bits/basic_string.h:6007:48: error: ‘class std::__cxx11::basic_string<char>’ has no member named ‘size’
       const auto __size = __lhs.size() + __rhs.size();
                                          ~~~~~~^~~~
/cvmfs/juno.ihep.ac.cn/centos7_amd64_gcc830/contrib/gcc/8.3.0/include/c++/8.3.0/bits/basic_string.h:6008:43: error: ‘class std::__cxx11::basic_string<char>’ has no member named ‘capacity’
       const bool __cond = (__size > __lhs.capacity()
                                     ~~~~~~^~~~~~~~
/cvmfs/juno.ihep.ac.cn/centos7_amd64_gcc830/contrib/gcc/8.3.0/include/c++/8.3.0/bits/basic_string.h:6009:26: error: ‘class std::__cxx11::basic_string<char>’ has no member named ‘capacity’
       && __size <= __rhs.capacity());
                    ~~~~~~^~~~~~~~
/cvmfs/juno.ihep.ac.cn/centos7_amd64_gcc830/contrib/gcc/8.3.0/include/c++/8.3.0/bits/basic_string.h:6010:32: error: no matching function for call to ‘std::__cxx11::basic_string<char>::insert(int, std::__cxx11::basic_string<char>&)’
       return __cond ? std::move(__rhs.insert(0, __lhs))
                       ~~~~~~~~~^~~~~~~~~~~~~~~~~~~~~~~~
/cvmfs/juno.ihep.ac.cn/centos7_amd64_gcc830/contrib/gcc/8.3.0/include/c++/8.3.0/bits/basic_string.h:1577:9: note: candidate: ‘template<class _InputIterator, class> std::__cxx11::basic_string<_CharT, _Traits, _Alloc>::iterator std::__cxx11::basic_string<_CharT, _Traits, _Alloc>::insert(std::__cxx11::basic_string<_CharT, _Traits, _Alloc>::const_iterator, _InputIterator, _InputIterator) [with _InputIterator = _InputIterator; <template-parameter-2-2> = <template-parameter-1-2>; _CharT = char; _Traits = std::char_traits<char>; _Alloc = std::allocator<char>]’
         insert(const_iterator __p, _InputIterator __beg, _InputIterator __end)
         ^~~~~~
/cvmfs/juno.ihep.ac.cn/centos7_amd64_gcc830/contrib/gcc/8.3.0/include/c++/8.3.0/bits/basic_string.h:1577:9: note:   template argument deduction/substitution failed:
/cvmfs/juno.ihep.ac.cn/centos7_amd64_gcc830/contrib/gcc/8.3.0/include/c++/8.3.0/bits/basic_string.h:6010:32: note:   candidate expects 3 arguments, 2 provided
       return __cond ? std::move(__rhs.insert(0, __lhs))
                       ~~~~~~~~~^~~~~~~~~~~~~~~~~~~~~~~~
/cvmfs/juno.ihep.ac.cn/centos7_amd64_gcc830/contrib/gcc/8.3.0/include/c++/8.3.0/bits/basic_string.h:1611:7: note: candidate: ‘void std::__cxx11::basic_string<_CharT, _Traits, _Alloc>::insert(std::__cxx11::basic_string<_CharT, _Traits, _Alloc>::iterator, std::initializer_list<_Tp>) [with _CharT = char; _Traits = std::char_traits<char>; _Alloc = std::allocator<char>; std::__cxx11::basic_string<_CharT, _Traits, _Alloc>::iterator = __gnu_cxx::__normal_iterator<char*, std::__cxx11::basic_string<char> >; typename __gnu_cxx::__alloc_traits<typename __gnu_cxx::__alloc_traits<_Alloc>::rebind<_CharT>::other>::pointer = char*]’
       insert(iterator __p, initializer_list<_CharT> __l)
       ^~~~~~
/cvmfs/juno.ihep.ac.cn/centos7_amd64_gcc830/contrib/gcc/8.3.0/include/c++/8.3.0/bits/basic_string.h:1611:7: note:   no known conversion for argument 1 from ‘int’ to ‘std::__cxx11::basic_string<char>::iterator’ {aka ‘__gnu_cxx::__normal_iterator<char*, std::__cxx11::basic_string<char> >’}
/cvmfs/juno.ihep.ac.cn/centos7_amd64_gcc830/contrib/gcc/8.3.0/include/c++/8.3.0/bits/basic_string.h:1738:7: note: candidate: ‘std::__cxx11::basic_string<_CharT, _Traits, _Alloc>::iterator std::__cxx11::basic_string<_CharT, _Traits, _Alloc>::insert(std::__cxx11::basic_string<_CharT, _Traits, _Alloc>::__const_iterator, _CharT) [with _CharT = char; _Traits = std::char_traits<char>; _Alloc = std::allocator<char>; std::__cxx11::basic_string<_CharT, _Traits, _Alloc>::iterator = __gnu_cxx::__normal_iterator<char*, std::__cxx11::basic_string<char> >; typename __gnu_cxx::__alloc_traits<typename __gnu_cxx::__alloc_traits<_Alloc>::rebind<_CharT>::other>::pointer = char*; std::__cxx11::basic_string<_CharT, _Traits, _Alloc>::__const_iterator = __gnu_cxx::__normal_iterator<const char*, std::__cxx11::basic_string<char> >; typename __gnu_cxx::__alloc_traits<typename __gnu_cxx::__alloc_traits<_Alloc>::rebind<_CharT>::other>::const_pointer = const char*]’
       insert(__const_iterator __p, _CharT __c)
       ^~~~~~
/cvmfs/juno.ihep.ac.cn/centos7_amd64_gcc830/contrib/gcc/8.3.0/include/c++/8.3.0/bits/basic_string.h:1738:7: note:   no known conversion for argument 1 from ‘int’ to ‘std::__cxx11::basic_string<char>::__const_iterator’ {aka ‘__gnu_cxx::__normal_iterator<const char*, std::__cxx11::basic_string<char> >’}
/cvmfs/juno.ihep.ac.cn/centos7_amd64_gcc830/contrib/gcc/8.3.0/include/c++/8.3.0/bits/basic_string.h: In instantiation of ‘std::__cxx11::basic_string<_CharT, _Traits, _Alloc> std::operator+(const _CharT*, std::__cxx11::basic_string<_CharT, _Traits, _Alloc>&&) [with _CharT = char; _Traits = std::char_traits<char>; _Alloc = std::allocator<char>]’:
/cvmfs/juno.ihep.ac.cn/centos7_amd64_gcc830/contrib/gcc/8.3.0/include/c++/8.3.0/system_error:354:51:   required from here
/cvmfs/juno.ihep.ac.cn/centos7_amd64_gcc830/contrib/gcc/8.3.0/include/c++/8.3.0/bits/basic_string.h:6018:23: error: no matching function for call to ‘std::__cxx11::basic_string<char>::insert(int, const char*&)’
     { return std::move(__rhs.insert(0, __lhs)); }
              ~~~~~~~~~^~~~~~~~~~~~~~~~~~~~~~~~
/cvmfs/juno.ihep.ac.cn/centos7_amd64_gcc830/contrib/gcc/8.3.0/include/c++/8.3.0/bits/basic_string.h:1577:9: note: candidate: ‘template<class _InputIterator, class> std::__cxx11::basic_string<_CharT, _Traits, _Alloc>::iterator std::__cxx11::basic_string<_CharT, _Traits, _Alloc>::insert(std::__cxx11::basic_string<_CharT, _Traits, _Alloc>::const_iterator, _InputIterator, _InputIterator) [with _InputIterator = _InputIterator; <template-parameter-2-2> = <template-parameter-1-2>; _CharT = char; _Traits = std::char_traits<char>; _Alloc = std::allocator<char>]’
         insert(const_iterator __p, _InputIterator __beg, _InputIterator __end)
         ^~~~~~
/cvmfs/juno.ihep.ac.cn/centos7_amd64_gcc830/contrib/gcc/8.3.0/include/c++/8.3.0/bits/basic_string.h:1577:9: note:   template argument deduction/substitution failed:
/cvmfs/juno.ihep.ac.cn/centos7_amd64_gcc830/contrib/gcc/8.3.0/include/c++/8.3.0/bits/basic_string.h:6018:23: note:   candidate expects 3 arguments, 2 provided
     { return std::move(__rhs.insert(0, __lhs)); }
              ~~~~~~~~~^~~~~~~~~~~~~~~~~~~~~~~~
/cvmfs/juno.ihep.ac.cn/centos7_amd64_gcc830/contrib/gcc/8.3.0/include/c++/8.3.0/bits/basic_string.h:1611:7: note: candidate: ‘void std::__cxx11::basic_string<_CharT, _Traits, _Alloc>::insert(std::__cxx11::basic_string<_CharT, _Traits, _Alloc>::iterator, std::initializer_list<_Tp>) [with _CharT = char; _Traits = std::char_traits<char>; _Alloc = std::allocator<char>; std::__cxx11::basic_string<_CharT, _Traits, _Alloc>::iterator = __gnu_cxx::__normal_iterator<char*, std::__cxx11::basic_string<char> >; typename __gnu_cxx::__alloc_traits<typename __gnu_cxx::__alloc_traits<_Alloc>::rebind<_CharT>::other>::pointer = char*]’
       insert(iterator __p, initializer_list<_CharT> __l)
       ^~~~~~
/cvmfs/juno.ihep.ac.cn/centos7_amd64_gcc830/contrib/gcc/8.3.0/include/c++/8.3.0/bits/basic_string.h:1611:7: note:   no known conversion for argument 1 from ‘int’ to ‘std::__cxx11::basic_string<char>::iterator’ {aka ‘__gnu_cxx::__normal_iterator<char*, std::__cxx11::basic_string<char> >’}
/cvmfs/juno.ihep.ac.cn/centos7_amd64_gcc830/contrib/gcc/8.3.0/include/c++/8.3.0/bits/basic_string.h:1738:7: note: candidate: ‘std::__cxx11::basic_string<_CharT, _Traits, _Alloc>::iterator std::__cxx11::basic_string<_CharT, _Traits, _Alloc>::insert(std::__cxx11::basic_string<_CharT, _Traits, _Alloc>::__const_iterator, _CharT) [with _CharT = char; _Traits = std::char_traits<char>; _Alloc = std::allocator<char>; std::__cxx11::basic_string<_CharT, _Traits, _Alloc>::iterator = __gnu_cxx::__normal_iterator<char*, std::__cxx11::basic_string<char> >; typename __gnu_cxx::__alloc_traits<typename __gnu_cxx::__alloc_traits<_Alloc>::rebind<_CharT>::other>::pointer = char*; std::__cxx11::basic_string<_CharT, _Traits, _Alloc>::__const_iterator = __gnu_cxx::__normal_iterator<const char*, std::__cxx11::basic_string<char> >; typename __gnu_cxx::__alloc_traits<typename __gnu_cxx::__alloc_traits<_Alloc>::rebind<_CharT>::other>::const_pointer = const char*]’
       insert(__const_iterator __p, _CharT __c)
       ^~~~~~
/cvmfs/juno.ihep.ac.cn/centos7_amd64_gcc830/contrib/gcc/8.3.0/include/c++/8.3.0/bits/basic_string.h:1738:7: note:   no known conversion for argument 1 from ‘int’ to ‘std::__cxx11::basic_string<char>::__const_iterator’ {aka ‘__gnu_cxx::__normal_iterator<const char*, std::__cxx11::basic_string<char> >’}
/cvmfs/juno.ihep.ac.cn/centos7_amd64_gcc830/contrib/gcc/8.3.0/include/c++/8.3.0/bits/basic_string.h: In instantiation of ‘std::__cxx11::basic_string<_CharT, _Traits, _Alloc>& std::__cxx11::basic_string<_CharT, _Traits, _Alloc>::operator=(std::__cxx11::basic_string<_CharT, _Traits, _Alloc>&&) [with _CharT = char; _Traits = std::char_traits<char>; _Alloc = std::allocator<char>]’:
/cvmfs/juno.ihep.ac.cn/centos7_amd64_gcc830/Pre-Release/J20v1r0-Pre2/ExternalLibs/ROOT/6.20.02/include/TF1.h:56:69:   required from here
/cvmfs/juno.ihep.ac.cn/centos7_amd64_gcc830/contrib/gcc/8.3.0/include/c++/8.3.0/bits/basic_string.h:740:17: error: using invalid field ‘std::__cxx11::basic_string<_CharT, _Traits, _Alloc>::<unnamed union>::_M_allocated_capacity’
      _M_destroy(_M_allocated_capacity);
                 ^~~~~~~~~~~~~~~~~~~~~
/cvmfs/juno.ihep.ac.cn/centos7_amd64_gcc830/contrib/gcc/8.3.0/include/c++/8.3.0/bits/basic_string.h:767:20: error: using invalid field ‘std::__cxx11::basic_string<_CharT, _Traits, _Alloc>::<unnamed union>::_M_allocated_capacity’
       __capacity = _M_allocated_capacity;
                    ^~~~~~~~~~~~~~~~~~~~~
/cvmfs/juno.ihep.ac.cn/centos7_amd64_gcc830/contrib/gcc/8.3.0/include/c++/8.3.0/bits/basic_string.h:770:16: error: using invalid field ‘std::__cxx11::basic_string<_CharT, _Traits, _Alloc>::<unnamed union>::_M_allocated_capacity’
     _M_destroy(_M_allocated_capacity);
                ^~~~~~~~~~~~~~~~~~~~~
/cvmfs/juno.ihep.ac.cn/centos7_amd64_gcc830/contrib/gcc/8.3.0/include/c++/8.3.0/bits/basic_string.h:775:24: error: ‘class std::__cxx11::basic_string<char>’ has no member named ‘_M_allocated_capacity’; did you mean ‘_S_local_capacity’?
      _M_capacity(__str._M_allocated_capacity);
                  ~~~~~~^~~~~~~~~~~~~~~~~~~~~
                  _S_local_capacity
In file included from /cvmfs/juno.ihep.ac.cn/centos7_amd64_gcc830/contrib/gcc/8.3.0/include/c++/8.3.0/bits/stl_algobase.h:67,
                 from /cvmfs/juno.ihep.ac.cn/centos7_amd64_gcc830/contrib/gcc/8.3.0/include/c++/8.3.0/bits/char_traits.h:39,
                 from /cvmfs/juno.ihep.ac.cn/centos7_amd64_gcc830/contrib/gcc/8.3.0/include/c++/8.3.0/string:40,
                 from /dybfs/users/xuhangkun/SimTAO/analysis/calibrate/include/RunData.h:43,
                 from /dybfs/users/xuhangkun/SimTAO/analysis/calibrate/include/TAORunData.h:44,
                 from /dybfs/users/xuhangkun/SimTAO/analysis/calibrate/src/NonLinearCalibration.cpp:2:
/cvmfs/juno.ihep.ac.cn/centos7_amd64_gcc830/contrib/gcc/8.3.0/include/c++/8.3.0/bits/stl_iterator.h: In instantiation of ‘class __gnu_cxx::__normal_iterator<const std::__cxx11::basic_string<char>*, std::vector<std::__cxx11::basic_string<char> > >’:
/cvmfs/juno.ihep.ac.cn/centos7_amd64_gcc830/contrib/gcc/8.3.0/include/c++/8.3.0/bits/stl_vector.h:463:31:   required from ‘std::vector<_Tp, _Alloc>::vector(const std::vector<_Tp, _Alloc>&) [with _Tp = std::__cxx11::basic_string<char>; _Alloc = std::allocator<std::__cxx11::basic_string<char> >]’
/cvmfs/juno.ihep.ac.cn/centos7_amd64_gcc830/Pre-Release/J20v1r0-Pre2/ExternalLibs/ROOT/6.20.02/include/TF1.h:62:30:   required from here
/cvmfs/juno.ihep.ac.cn/centos7_amd64_gcc830/contrib/gcc/8.3.0/include/c++/8.3.0/bits/stl_iterator.h:775:56: error: no type named ‘difference_type’ in ‘struct std::iterator_traits<const std::__cxx11::basic_string<char>*>’
       typedef typename __traits_type::difference_type  difference_type;
                                                        ^~~~~~~~~~~~~~~
/cvmfs/juno.ihep.ac.cn/centos7_amd64_gcc830/contrib/gcc/8.3.0/include/c++/8.3.0/bits/stl_iterator.h: In instantiation of ‘class __gnu_cxx::__normal_iterator<std::__cxx11::basic_string<char>*, std::vector<std::__cxx11::basic_string<char> > >’:
/cvmfs/juno.ihep.ac.cn/centos7_amd64_gcc830/contrib/gcc/8.3.0/include/c++/8.3.0/bits/vector.tcc:226:31:   required from ‘std::vector<_Tp, _Alloc>& std::vector<_Tp, _Alloc>::operator=(const std::vector<_Tp, _Alloc>&) [with _Tp = std::__cxx11::basic_string<char>; _Alloc = std::allocator<std::__cxx11::basic_string<char> >]’
/cvmfs/juno.ihep.ac.cn/centos7_amd64_gcc830/Pre-Release/J20v1r0-Pre2/ExternalLibs/ROOT/6.20.02/include/TF1.h:69:23:   required from here
/cvmfs/juno.ihep.ac.cn/centos7_amd64_gcc830/contrib/gcc/8.3.0/include/c++/8.3.0/bits/stl_iterator.h:775:56: error: no type named ‘difference_type’ in ‘struct std::iterator_traits<std::__cxx11::basic_string<char>*>’
In file included from /cvmfs/juno.ihep.ac.cn/centos7_amd64_gcc830/contrib/gcc/8.3.0/include/c++/8.3.0/string:52,
                 from /dybfs/users/xuhangkun/SimTAO/analysis/calibrate/include/RunData.h:43,
                 from /dybfs/users/xuhangkun/SimTAO/analysis/calibrate/include/TAORunData.h:44,
                 from /dybfs/users/xuhangkun/SimTAO/analysis/calibrate/src/NonLinearCalibration.cpp:2:
/cvmfs/juno.ihep.ac.cn/centos7_amd64_gcc830/contrib/gcc/8.3.0/include/c++/8.3.0/bits/basic_string.h: In instantiation of ‘void std::__cxx11::basic_string<_CharT, _Traits, _Alloc>::_M_dispose() [with _CharT = char; _Traits = std::char_traits<char>; _Alloc = std::allocator<char>]’:
/cvmfs/juno.ihep.ac.cn/centos7_amd64_gcc830/contrib/gcc/8.3.0/include/c++/8.3.0/bits/basic_string.h:657:9:   required from ‘std::__cxx11::basic_string<_CharT, _Traits, _Alloc>::~basic_string() [with _CharT = char; _Traits = std::char_traits<char>; _Alloc = std::allocator<char>]’
/cvmfs/juno.ihep.ac.cn/centos7_amd64_gcc830/Pre-Release/J20v1r0-Pre2/ExternalLibs/ROOT/6.20.02/include/TSchemaHelper.h:26:20:   required from here
/cvmfs/juno.ihep.ac.cn/centos7_amd64_gcc830/contrib/gcc/8.3.0/include/c++/8.3.0/bits/basic_string.h:221:15: error: using invalid field ‘std::__cxx11::basic_string<_CharT, _Traits, _Alloc>::<unnamed union>::_M_allocated_capacity’
    _M_destroy(_M_allocated_capacity);
               ^~~~~~~~~~~~~~~~~~~~~
In file included from /cvmfs/juno.ihep.ac.cn/centos7_amd64_gcc830/contrib/gcc/8.3.0/include/c++/8.3.0/bits/stl_algobase.h:67,
                 from /cvmfs/juno.ihep.ac.cn/centos7_amd64_gcc830/contrib/gcc/8.3.0/include/c++/8.3.0/bits/char_traits.h:39,
                 from /cvmfs/juno.ihep.ac.cn/centos7_amd64_gcc830/contrib/gcc/8.3.0/include/c++/8.3.0/string:40,
                 from /dybfs/users/xuhangkun/SimTAO/analysis/calibrate/include/RunData.h:43,
                 from /dybfs/users/xuhangkun/SimTAO/analysis/calibrate/include/TAORunData.h:44,
                 from /dybfs/users/xuhangkun/SimTAO/analysis/calibrate/src/NonLinearCalibration.cpp:2:
/cvmfs/juno.ihep.ac.cn/centos7_amd64_gcc830/contrib/gcc/8.3.0/include/c++/8.3.0/bits/stl_iterator.h: In instantiation of ‘class __gnu_cxx::__normal_iterator<int*, std::vector<int> >’:
/cvmfs/juno.ihep.ac.cn/centos7_amd64_gcc830/contrib/gcc/8.3.0/include/c++/8.3.0/bits/vector.tcc:109:4:   required from ‘void std::vector<_Tp, _Alloc>::emplace_back(_Args&& ...) [with _Args = {int}; _Tp = int; _Alloc = std::allocator<int>]’
/cvmfs/juno.ihep.ac.cn/centos7_amd64_gcc830/contrib/gcc/8.3.0/include/c++/8.3.0/bits/stl_vector.h:1091:9:   required from ‘void std::vector<_Tp, _Alloc>::push_back(std::vector<_Tp, _Alloc>::value_type&&) [with _Tp = int; _Alloc = std::allocator<int>; std::vector<_Tp, _Alloc>::value_type = int]’
/cvmfs/juno.ihep.ac.cn/centos7_amd64_gcc830/Pre-Release/J20v1r0-Pre2/ExternalLibs/ROOT/6.20.02/include/TBranchCacheInfo.h:128:49:   required from here
/cvmfs/juno.ihep.ac.cn/centos7_amd64_gcc830/contrib/gcc/8.3.0/include/c++/8.3.0/bits/stl_iterator.h:775:56: error: no type named ‘difference_type’ in ‘struct std::iterator_traits<int*>’
       typedef typename __traits_type::difference_type  difference_type;
                                                        ^~~~~~~~~~~~~~~
In file included from /cvmfs/juno.ihep.ac.cn/centos7_amd64_gcc830/contrib/gcc/8.3.0/include/c++/8.3.0/bits/locale_conv.h:41,
                 from /cvmfs/juno.ihep.ac.cn/centos7_amd64_gcc830/contrib/gcc/8.3.0/include/c++/8.3.0/locale:43,
                 from /cvmfs/juno.ihep.ac.cn/centos7_amd64_gcc830/contrib/gcc/8.3.0/include/c++/8.3.0/iomanip:43,
                 from /cvmfs/juno.ihep.ac.cn/centos7_amd64_gcc830/Pre-Release/J20v1r0-Pre2/ExternalLibs/ROOT/6.20.02/include/ROOT/RWrap_libcpp_string_view.h:44,
                 from /cvmfs/juno.ihep.ac.cn/centos7_amd64_gcc830/Pre-Release/J20v1r0-Pre2/ExternalLibs/ROOT/6.20.02/include/ROOT/RStringView.hxx:26,
                 from /cvmfs/juno.ihep.ac.cn/centos7_amd64_gcc830/Pre-Release/J20v1r0-Pre2/ExternalLibs/ROOT/6.20.02/include/TString.h:28,
                 from /cvmfs/juno.ihep.ac.cn/centos7_amd64_gcc830/Pre-Release/J20v1r0-Pre2/ExternalLibs/ROOT/6.20.02/include/TNamed.h:26,
                 from /cvmfs/juno.ihep.ac.cn/centos7_amd64_gcc830/Pre-Release/J20v1r0-Pre2/ExternalLibs/ROOT/6.20.02/include/TDictionary.h:44,
                 from /cvmfs/juno.ihep.ac.cn/centos7_amd64_gcc830/Pre-Release/J20v1r0-Pre2/ExternalLibs/ROOT/6.20.02/include/TDataType.h:25,
                 from /cvmfs/juno.ihep.ac.cn/centos7_amd64_gcc830/Pre-Release/J20v1r0-Pre2/ExternalLibs/ROOT/6.20.02/include/TBuffer.h:24,
                 from /cvmfs/juno.ihep.ac.cn/centos7_amd64_gcc830/Pre-Release/J20v1r0-Pre2/ExternalLibs/ROOT/6.20.02/include/TDirectory.h:24,
                 from /cvmfs/juno.ihep.ac.cn/centos7_amd64_gcc830/Pre-Release/J20v1r0-Pre2/ExternalLibs/ROOT/6.20.02/include/TDirectoryFile.h:25,
                 from /cvmfs/juno.ihep.ac.cn/centos7_amd64_gcc830/Pre-Release/J20v1r0-Pre2/ExternalLibs/ROOT/6.20.02/include/TFile.h:27,
                 from /dybfs/users/xuhangkun/SimTAO/analysis/calibrate/include/RunData.h:44,
                 from /dybfs/users/xuhangkun/SimTAO/analysis/calibrate/include/TAORunData.h:44,
                 from /dybfs/users/xuhangkun/SimTAO/analysis/calibrate/src/NonLinearCalibration.cpp:2:
/cvmfs/juno.ihep.ac.cn/centos7_amd64_gcc830/contrib/gcc/8.3.0/include/c++/8.3.0/bits/unique_ptr.h: In instantiation of ‘std::__uniq_ptr_impl<_Tp, _Dp>::pointer& std::__uniq_ptr_impl<_Tp, _Dp>::_M_ptr() [with _Tp = TInterpreterValue; _Dp = std::default_delete<TInterpreterValue>; std::__uniq_ptr_impl<_Tp, _Dp>::pointer = TInterpreterValue*]’:
/cvmfs/juno.ihep.ac.cn/centos7_amd64_gcc830/contrib/gcc/8.3.0/include/c++/8.3.0/bits/unique_ptr.h:272:8:   required from ‘std::unique_ptr<_Tp, _Dp>::~unique_ptr() [with _Tp = TInterpreterValue; _Dp = std::default_delete<TInterpreterValue>]’
/cvmfs/juno.ihep.ac.cn/centos7_amd64_gcc830/Pre-Release/J20v1r0-Pre2/ExternalLibs/ROOT/6.20.02/include/TInterpreter.h:271:35:   required from here
/cvmfs/juno.ihep.ac.cn/centos7_amd64_gcc830/contrib/gcc/8.3.0/include/c++/8.3.0/bits/unique_ptr.h:149:47: error: no matching function for call to ‘get<0>(std::tuple<TInterpreterValue*, std::default_delete<TInterpreterValue> >&)’
       pointer&   _M_ptr() { return std::get<0>(_M_t); }
                                    ~~~~~~~~~~~^~~~~~
In file included from /cvmfs/juno.ihep.ac.cn/centos7_amd64_gcc830/contrib/gcc/8.3.0/include/c++/8.3.0/algorithm:60,
                 from /cvmfs/juno.ihep.ac.cn/centos7_amd64_gcc830/Pre-Release/J20v1r0-Pre2/ExternalLibs/ROOT/6.20.02/include/TMathBase.h:33,
                 from /cvmfs/juno.ihep.ac.cn/centos7_amd64_gcc830/Pre-Release/J20v1r0-Pre2/ExternalLibs/ROOT/6.20.02/include/TString.h:26,
                 from /cvmfs/juno.ihep.ac.cn/centos7_amd64_gcc830/Pre-Release/J20v1r0-Pre2/ExternalLibs/ROOT/6.20.02/include/TNamed.h:26,
                 from /cvmfs/juno.ihep.ac.cn/centos7_amd64_gcc830/Pre-Release/J20v1r0-Pre2/ExternalLibs/ROOT/6.20.02/include/TDictionary.h:44,
                 from /cvmfs/juno.ihep.ac.cn/centos7_amd64_gcc830/Pre-Release/J20v1r0-Pre2/ExternalLibs/ROOT/6.20.02/include/TDataType.h:25,
                 from /cvmfs/juno.ihep.ac.cn/centos7_amd64_gcc830/Pre-Release/J20v1r0-Pre2/ExternalLibs/ROOT/6.20.02/include/TBuffer.h:24,
                 from /cvmfs/juno.ihep.ac.cn/centos7_amd64_gcc830/Pre-Release/J20v1r0-Pre2/ExternalLibs/ROOT/6.20.02/include/TDirectory.h:24,
                 from /cvmfs/juno.ihep.ac.cn/centos7_amd64_gcc830/Pre-Release/J20v1r0-Pre2/ExternalLibs/ROOT/6.20.02/include/TDirectoryFile.h:25,
                 from /cvmfs/juno.ihep.ac.cn/centos7_amd64_gcc830/Pre-Release/J20v1r0-Pre2/ExternalLibs/ROOT/6.20.02/include/TFile.h:27,
                 from /dybfs/users/xuhangkun/SimTAO/analysis/calibrate/include/RunData.h:44,
                 from /dybfs/users/xuhangkun/SimTAO/analysis/calibrate/include/TAORunData.h:44,
                 from /dybfs/users/xuhangkun/SimTAO/analysis/calibrate/src/NonLinearCalibration.cpp:2:
/cvmfs/juno.ihep.ac.cn/centos7_amd64_gcc830/contrib/gcc/8.3.0/include/c++/8.3.0/utility:216:5: note: candidate: ‘template<<declaration error>, class _Tp1, class _Tp2> constexpr int& std::get(std::pair<_Tp1, _Tp2>&)’
     get(std::pair<_Tp1, _Tp2>& __in) noexcept
     ^~~
/cvmfs/juno.ihep.ac.cn/centos7_amd64_gcc830/contrib/gcc/8.3.0/include/c++/8.3.0/utility:216:5: note:   template argument deduction/substitution failed:
/cvmfs/juno.ihep.ac.cn/centos7_amd64_gcc830/contrib/gcc/8.3.0/include/c++/8.3.0/utility:221:5: note: candidate: ‘template<<declaration error>, class _Tp1, class _Tp2> constexpr int&& std::get(std::pair<_Tp1, _Tp2>&&)’
     get(std::pair<_Tp1, _Tp2>&& __in) noexcept
     ^~~
/cvmfs/juno.ihep.ac.cn/centos7_amd64_gcc830/contrib/gcc/8.3.0/include/c++/8.3.0/utility:221:5: note:   template argument deduction/substitution failed:
/cvmfs/juno.ihep.ac.cn/centos7_amd64_gcc830/contrib/gcc/8.3.0/include/c++/8.3.0/utility:226:5: note: candidate: ‘template<<declaration error>, class _Tp1, class _Tp2> constexpr const int& std::get(const std::pair<_Tp1, _Tp2>&)’
     get(const std::pair<_Tp1, _Tp2>& __in) noexcept
     ^~~
/cvmfs/juno.ihep.ac.cn/centos7_amd64_gcc830/contrib/gcc/8.3.0/include/c++/8.3.0/utility:226:5: note:   template argument deduction/substitution failed:
/cvmfs/juno.ihep.ac.cn/centos7_amd64_gcc830/contrib/gcc/8.3.0/include/c++/8.3.0/utility:231:5: note: candidate: ‘template<<declaration error>, class _Tp1, class _Tp2> constexpr const int&& std::get(const std::pair<_Tp1, _Tp2>&&)’
     get(const std::pair<_Tp1, _Tp2>&& __in) noexcept
     ^~~
/cvmfs/juno.ihep.ac.cn/centos7_amd64_gcc830/contrib/gcc/8.3.0/include/c++/8.3.0/utility:231:5: note:   template argument deduction/substitution failed:
In file included from /cvmfs/juno.ihep.ac.cn/centos7_amd64_gcc830/contrib/gcc/8.3.0/include/c++/8.3.0/tuple:39,
                 from /cvmfs/juno.ihep.ac.cn/centos7_amd64_gcc830/contrib/gcc/8.3.0/include/c++/8.3.0/bits/unique_ptr.h:37,
                 from /cvmfs/juno.ihep.ac.cn/centos7_amd64_gcc830/contrib/gcc/8.3.0/include/c++/8.3.0/bits/locale_conv.h:41,
                 from /cvmfs/juno.ihep.ac.cn/centos7_amd64_gcc830/contrib/gcc/8.3.0/include/c++/8.3.0/locale:43,
                 from /cvmfs/juno.ihep.ac.cn/centos7_amd64_gcc830/contrib/gcc/8.3.0/include/c++/8.3.0/iomanip:43,
                 from /cvmfs/juno.ihep.ac.cn/centos7_amd64_gcc830/Pre-Release/J20v1r0-Pre2/ExternalLibs/ROOT/6.20.02/include/ROOT/RWrap_libcpp_string_view.h:44,
                 from /cvmfs/juno.ihep.ac.cn/centos7_amd64_gcc830/Pre-Release/J20v1r0-Pre2/ExternalLibs/ROOT/6.20.02/include/ROOT/RStringView.hxx:26,
                 from /cvmfs/juno.ihep.ac.cn/centos7_amd64_gcc830/Pre-Release/J20v1r0-Pre2/ExternalLibs/ROOT/6.20.02/include/TString.h:28,
                 from /cvmfs/juno.ihep.ac.cn/centos7_amd64_gcc830/Pre-Release/J20v1r0-Pre2/ExternalLibs/ROOT/6.20.02/include/TNamed.h:26,
                 from /cvmfs/juno.ihep.ac.cn/centos7_amd64_gcc830/Pre-Release/J20v1r0-Pre2/ExternalLibs/ROOT/6.20.02/include/TDictionary.h:44,
                 from /cvmfs/juno.ihep.ac.cn/centos7_amd64_gcc830/Pre-Release/J20v1r0-Pre2/ExternalLibs/ROOT/6.20.02/include/TDataType.h:25,
                 from /cvmfs/juno.ihep.ac.cn/centos7_amd64_gcc830/Pre-Release/J20v1r0-Pre2/ExternalLibs/ROOT/6.20.02/include/TBuffer.h:24,
                 from /cvmfs/juno.ihep.ac.cn/centos7_amd64_gcc830/Pre-Release/J20v1r0-Pre2/ExternalLibs/ROOT/6.20.02/include/TDirectory.h:24,
                 from /cvmfs/juno.ihep.ac.cn/centos7_amd64_gcc830/Pre-Release/J20v1r0-Pre2/ExternalLibs/ROOT/6.20.02/include/TDirectoryFile.h:25,
                 from /cvmfs/juno.ihep.ac.cn/centos7_amd64_gcc830/Pre-Release/J20v1r0-Pre2/ExternalLibs/ROOT/6.20.02/include/TFile.h:27,
                 from /dybfs/users/xuhangkun/SimTAO/analysis/calibrate/include/RunData.h:44,
                 from /dybfs/users/xuhangkun/SimTAO/analysis/calibrate/include/TAORunData.h:44,
                 from /dybfs/users/xuhangkun/SimTAO/analysis/calibrate/src/NonLinearCalibration.cpp:2:
/cvmfs/juno.ihep.ac.cn/centos7_amd64_gcc830/contrib/gcc/8.3.0/include/c++/8.3.0/array:307:5: note: candidate: ‘template<<declaration error>, class _Tp, <declaration error> > constexpr _Tp& std::get(int&)’
     get(array<_Tp, _Nm>& __arr) noexcept
     ^~~
/cvmfs/juno.ihep.ac.cn/centos7_amd64_gcc830/contrib/gcc/8.3.0/include/c++/8.3.0/array:307:5: note:   template argument deduction/substitution failed:
/cvmfs/juno.ihep.ac.cn/centos7_amd64_gcc830/contrib/gcc/8.3.0/include/c++/8.3.0/array:316:5: note: candidate: ‘template<<declaration error>, class _Tp, <declaration error> > constexpr _Tp&& std::get(int&&)’
     get(array<_Tp, _Nm>&& __arr) noexcept
     ^~~
/cvmfs/juno.ihep.ac.cn/centos7_amd64_gcc830/contrib/gcc/8.3.0/include/c++/8.3.0/array:316:5: note:   template argument deduction/substitution failed:
/cvmfs/juno.ihep.ac.cn/centos7_amd64_gcc830/contrib/gcc/8.3.0/include/c++/8.3.0/array:324:5: note: candidate: ‘template<<declaration error>, class _Tp, <declaration error> > constexpr const _Tp& std::get(const int&)’
     get(const array<_Tp, _Nm>& __arr) noexcept
     ^~~
/cvmfs/juno.ihep.ac.cn/centos7_amd64_gcc830/contrib/gcc/8.3.0/include/c++/8.3.0/array:324:5: note:   template argument deduction/substitution failed:
/cvmfs/juno.ihep.ac.cn/centos7_amd64_gcc830/contrib/gcc/8.3.0/include/c++/8.3.0/array:333:5: note: candidate: ‘template<<declaration error>, class _Tp, <declaration error> > constexpr const _Tp&& std::get(const int&&)’
     get(const array<_Tp, _Nm>&& __arr) noexcept
     ^~~
/cvmfs/juno.ihep.ac.cn/centos7_amd64_gcc830/contrib/gcc/8.3.0/include/c++/8.3.0/array:333:5: note:   template argument deduction/substitution failed:
In file included from /cvmfs/juno.ihep.ac.cn/centos7_amd64_gcc830/contrib/gcc/8.3.0/include/c++/8.3.0/bits/locale_conv.h:41,
                 from /cvmfs/juno.ihep.ac.cn/centos7_amd64_gcc830/contrib/gcc/8.3.0/include/c++/8.3.0/locale:43,
                 from /cvmfs/juno.ihep.ac.cn/centos7_amd64_gcc830/contrib/gcc/8.3.0/include/c++/8.3.0/iomanip:43,
                 from /cvmfs/juno.ihep.ac.cn/centos7_amd64_gcc830/Pre-Release/J20v1r0-Pre2/ExternalLibs/ROOT/6.20.02/include/ROOT/RWrap_libcpp_string_view.h:44,
                 from /cvmfs/juno.ihep.ac.cn/centos7_amd64_gcc830/Pre-Release/J20v1r0-Pre2/ExternalLibs/ROOT/6.20.02/include/ROOT/RStringView.hxx:26,
                 from /cvmfs/juno.ihep.ac.cn/centos7_amd64_gcc830/Pre-Release/J20v1r0-Pre2/ExternalLibs/ROOT/6.20.02/include/TString.h:28,
                 from /cvmfs/juno.ihep.ac.cn/centos7_amd64_gcc830/Pre-Release/J20v1r0-Pre2/ExternalLibs/ROOT/6.20.02/include/TNamed.h:26,
                 from /cvmfs/juno.ihep.ac.cn/centos7_amd64_gcc830/Pre-Release/J20v1r0-Pre2/ExternalLibs/ROOT/6.20.02/include/TDictionary.h:44,
                 from /cvmfs/juno.ihep.ac.cn/centos7_amd64_gcc830/Pre-Release/J20v1r0-Pre2/ExternalLibs/ROOT/6.20.02/include/TDataType.h:25,
                 from /cvmfs/juno.ihep.ac.cn/centos7_amd64_gcc830/Pre-Release/J20v1r0-Pre2/ExternalLibs/ROOT/6.20.02/include/TBuffer.h:24,
                 from /cvmfs/juno.ihep.ac.cn/centos7_amd64_gcc830/Pre-Release/J20v1r0-Pre2/ExternalLibs/ROOT/6.20.02/include/TDirectory.h:24,
                 from /cvmfs/juno.ihep.ac.cn/centos7_amd64_gcc830/Pre-Release/J20v1r0-Pre2/ExternalLibs/ROOT/6.20.02/include/TDirectoryFile.h:25,
                 from /cvmfs/juno.ihep.ac.cn/centos7_amd64_gcc830/Pre-Release/J20v1r0-Pre2/ExternalLibs/ROOT/6.20.02/include/TFile.h:27,
                 from /dybfs/users/xuhangkun/SimTAO/analysis/calibrate/include/RunData.h:44,
                 from /dybfs/users/xuhangkun/SimTAO/analysis/calibrate/include/TAORunData.h:44,
                 from /dybfs/users/xuhangkun/SimTAO/analysis/calibrate/src/NonLinearCalibration.cpp:2:
/cvmfs/juno.ihep.ac.cn/centos7_amd64_gcc830/contrib/gcc/8.3.0/include/c++/8.3.0/bits/unique_ptr.h: In instantiation of ‘std::__uniq_ptr_impl<_Tp, _Dp>::pointer& std::__uniq_ptr_impl<_Tp, _Dp>::_M_ptr() [with _Tp = TF1AbsComposition; _Dp = std::default_delete<TF1AbsComposition>; std::__uniq_ptr_impl<_Tp, _Dp>::pointer = TF1AbsComposition*]’:
/cvmfs/juno.ihep.ac.cn/centos7_amd64_gcc830/contrib/gcc/8.3.0/include/c++/8.3.0/bits/unique_ptr.h:272:8:   required from ‘std::unique_ptr<_Tp, _Dp>::~unique_ptr() [with _Tp = TF1AbsComposition; _Dp = std::default_delete<TF1AbsComposition>]’
/cvmfs/juno.ihep.ac.cn/centos7_amd64_gcc830/Pre-Release/J20v1r0-Pre2/ExternalLibs/ROOT/6.20.02/include/TF1.h:274:109:   required from here
/cvmfs/juno.ihep.ac.cn/centos7_amd64_gcc830/contrib/gcc/8.3.0/include/c++/8.3.0/bits/unique_ptr.h:149:47: error: no matching function for call to ‘get<0>(std::tuple<TF1AbsComposition*, std::default_delete<TF1AbsComposition> >&)’
       pointer&   _M_ptr() { return std::get<0>(_M_t); }
                                    ~~~~~~~~~~~^~~~~~
In file included from /cvmfs/juno.ihep.ac.cn/centos7_amd64_gcc830/contrib/gcc/8.3.0/include/c++/8.3.0/algorithm:60,
                 from /cvmfs/juno.ihep.ac.cn/centos7_amd64_gcc830/Pre-Release/J20v1r0-Pre2/ExternalLibs/ROOT/6.20.02/include/TMathBase.h:33,
                 from /cvmfs/juno.ihep.ac.cn/centos7_amd64_gcc830/Pre-Release/J20v1r0-Pre2/ExternalLibs/ROOT/6.20.02/include/TString.h:26,
                 from /cvmfs/juno.ihep.ac.cn/centos7_amd64_gcc830/Pre-Release/J20v1r0-Pre2/ExternalLibs/ROOT/6.20.02/include/TNamed.h:26,
                 from /cvmfs/juno.ihep.ac.cn/centos7_amd64_gcc830/Pre-Release/J20v1r0-Pre2/ExternalLibs/ROOT/6.20.02/include/TDictionary.h:44,
                 from /cvmfs/juno.ihep.ac.cn/centos7_amd64_gcc830/Pre-Release/J20v1r0-Pre2/ExternalLibs/ROOT/6.20.02/include/TDataType.h:25,
                 from /cvmfs/juno.ihep.ac.cn/centos7_amd64_gcc830/Pre-Release/J20v1r0-Pre2/ExternalLibs/ROOT/6.20.02/include/TBuffer.h:24,
                 from /cvmfs/juno.ihep.ac.cn/centos7_amd64_gcc830/Pre-Release/J20v1r0-Pre2/ExternalLibs/ROOT/6.20.02/include/TDirectory.h:24,
                 from /cvmfs/juno.ihep.ac.cn/centos7_amd64_gcc830/Pre-Release/J20v1r0-Pre2/ExternalLibs/ROOT/6.20.02/include/TDirectoryFile.h:25,
                 from /cvmfs/juno.ihep.ac.cn/centos7_amd64_gcc830/Pre-Release/J20v1r0-Pre2/ExternalLibs/ROOT/6.20.02/include/TFile.h:27,
                 from /dybfs/users/xuhangkun/SimTAO/analysis/calibrate/include/RunData.h:44,
                 from /dybfs/users/xuhangkun/SimTAO/analysis/calibrate/include/TAORunData.h:44,
                 from /dybfs/users/xuhangkun/SimTAO/analysis/calibrate/src/NonLinearCalibration.cpp:2:
/cvmfs/juno.ihep.ac.cn/centos7_amd64_gcc830/contrib/gcc/8.3.0/include/c++/8.3.0/utility:216:5: note: candidate: ‘template<<declaration error>, class _Tp1, class _Tp2> constexpr int& std::get(std::pair<_Tp1, _Tp2>&)’
     get(std::pair<_Tp1, _Tp2>& __in) noexcept
     ^~~
/cvmfs/juno.ihep.ac.cn/centos7_amd64_gcc830/contrib/gcc/8.3.0/include/c++/8.3.0/utility:216:5: note:   template argument deduction/substitution failed:
/cvmfs/juno.ihep.ac.cn/centos7_amd64_gcc830/contrib/gcc/8.3.0/include/c++/8.3.0/utility:221:5: note: candidate: ‘template<<declaration error>, class _Tp1, class _Tp2> constexpr int&& std::get(std::pair<_Tp1, _Tp2>&&)’
     get(std::pair<_Tp1, _Tp2>&& __in) noexcept
     ^~~
/cvmfs/juno.ihep.ac.cn/centos7_amd64_gcc830/contrib/gcc/8.3.0/include/c++/8.3.0/utility:221:5: note:   template argument deduction/substitution failed:
/cvmfs/juno.ihep.ac.cn/centos7_amd64_gcc830/contrib/gcc/8.3.0/include/c++/8.3.0/utility:226:5: note: candidate: ‘template<<declaration error>, class _Tp1, class _Tp2> constexpr const int& std::get(const std::pair<_Tp1, _Tp2>&)’
     get(const std::pair<_Tp1, _Tp2>& __in) noexcept
     ^~~
/cvmfs/juno.ihep.ac.cn/centos7_amd64_gcc830/contrib/gcc/8.3.0/include/c++/8.3.0/utility:226:5: note:   template argument deduction/substitution failed:
/cvmfs/juno.ihep.ac.cn/centos7_amd64_gcc830/contrib/gcc/8.3.0/include/c++/8.3.0/utility:231:5: note: candidate: ‘template<<declaration error>, class _Tp1, class _Tp2> constexpr const int&& std::get(const std::pair<_Tp1, _Tp2>&&)’
     get(const std::pair<_Tp1, _Tp2>&& __in) noexcept
     ^~~
/cvmfs/juno.ihep.ac.cn/centos7_amd64_gcc830/contrib/gcc/8.3.0/include/c++/8.3.0/utility:231:5: note:   template argument deduction/substitution failed:
In file included from /cvmfs/juno.ihep.ac.cn/centos7_amd64_gcc830/contrib/gcc/8.3.0/include/c++/8.3.0/tuple:39,
                 from /cvmfs/juno.ihep.ac.cn/centos7_amd64_gcc830/contrib/gcc/8.3.0/include/c++/8.3.0/bits/unique_ptr.h:37,
                 from /cvmfs/juno.ihep.ac.cn/centos7_amd64_gcc830/contrib/gcc/8.3.0/include/c++/8.3.0/bits/locale_conv.h:41,
                 from /cvmfs/juno.ihep.ac.cn/centos7_amd64_gcc830/contrib/gcc/8.3.0/include/c++/8.3.0/locale:43,
                 from /cvmfs/juno.ihep.ac.cn/centos7_amd64_gcc830/contrib/gcc/8.3.0/include/c++/8.3.0/iomanip:43,
                 from /cvmfs/juno.ihep.ac.cn/centos7_amd64_gcc830/Pre-Release/J20v1r0-Pre2/ExternalLibs/ROOT/6.20.02/include/ROOT/RWrap_libcpp_string_view.h:44,
                 from /cvmfs/juno.ihep.ac.cn/centos7_amd64_gcc830/Pre-Release/J20v1r0-Pre2/ExternalLibs/ROOT/6.20.02/include/ROOT/RStringView.hxx:26,
                 from /cvmfs/juno.ihep.ac.cn/centos7_amd64_gcc830/Pre-Release/J20v1r0-Pre2/ExternalLibs/ROOT/6.20.02/include/TString.h:28,
                 from /cvmfs/juno.ihep.ac.cn/centos7_amd64_gcc830/Pre-Release/J20v1r0-Pre2/ExternalLibs/ROOT/6.20.02/include/TNamed.h:26,
                 from /cvmfs/juno.ihep.ac.cn/centos7_amd64_gcc830/Pre-Release/J20v1r0-Pre2/ExternalLibs/ROOT/6.20.02/include/TDictionary.h:44,
                 from /cvmfs/juno.ihep.ac.cn/centos7_amd64_gcc830/Pre-Release/J20v1r0-Pre2/ExternalLibs/ROOT/6.20.02/include/TDataType.h:25,
                 from /cvmfs/juno.ihep.ac.cn/centos7_amd64_gcc830/Pre-Release/J20v1r0-Pre2/ExternalLibs/ROOT/6.20.02/include/TBuffer.h:24,
                 from /cvmfs/juno.ihep.ac.cn/centos7_amd64_gcc830/Pre-Release/J20v1r0-Pre2/ExternalLibs/ROOT/6.20.02/include/TDirectory.h:24,
                 from /cvmfs/juno.ihep.ac.cn/centos7_amd64_gcc830/Pre-Release/J20v1r0-Pre2/ExternalLibs/ROOT/6.20.02/include/TDirectoryFile.h:25,
                 from /cvmfs/juno.ihep.ac.cn/centos7_amd64_gcc830/Pre-Release/J20v1r0-Pre2/ExternalLibs/ROOT/6.20.02/include/TFile.h:27,
                 from /dybfs/users/xuhangkun/SimTAO/analysis/calibrate/include/RunData.h:44,
                 from /dybfs/users/xuhangkun/SimTAO/analysis/calibrate/include/TAORunData.h:44,
                 from /dybfs/users/xuhangkun/SimTAO/analysis/calibrate/src/NonLinearCalibration.cpp:2:
/cvmfs/juno.ihep.ac.cn/centos7_amd64_gcc830/contrib/gcc/8.3.0/include/c++/8.3.0/array:307:5: note: candidate: ‘template<<declaration error>, class _Tp, <declaration error> > constexpr _Tp& std::get(int&)’
     get(array<_Tp, _Nm>& __arr) noexcept
     ^~~
/cvmfs/juno.ihep.ac.cn/centos7_amd64_gcc830/contrib/gcc/8.3.0/include/c++/8.3.0/array:307:5: note:   template argument deduction/substitution failed:
/cvmfs/juno.ihep.ac.cn/centos7_amd64_gcc830/contrib/gcc/8.3.0/include/c++/8.3.0/array:316:5: note: candidate: ‘template<<declaration error>, class _Tp, <declaration error> > constexpr _Tp&& std::get(int&&)’
     get(array<_Tp, _Nm>&& __arr) noexcept
     ^~~
/cvmfs/juno.ihep.ac.cn/centos7_amd64_gcc830/contrib/gcc/8.3.0/include/c++/8.3.0/array:316:5: note:   template argument deduction/substitution failed:
/cvmfs/juno.ihep.ac.cn/centos7_amd64_gcc830/contrib/gcc/8.3.0/include/c++/8.3.0/array:324:5: note: candidate: ‘template<<declaration error>, class _Tp, <declaration error> > constexpr const _Tp& std::get(const int&)’
     get(const array<_Tp, _Nm>& __arr) noexcept
     ^~~
/cvmfs/juno.ihep.ac.cn/centos7_amd64_gcc830/contrib/gcc/8.3.0/include/c++/8.3.0/array:324:5: note:   template argument deduction/substitution failed:
/cvmfs/juno.ihep.ac.cn/centos7_amd64_gcc830/contrib/gcc/8.3.0/include/c++/8.3.0/array:333:5: note: candidate: ‘template<<declaration error>, class _Tp, <declaration error> > constexpr const _Tp&& std::get(const int&&)’
     get(const array<_Tp, _Nm>&& __arr) noexcept
     ^~~
/cvmfs/juno.ihep.ac.cn/centos7_amd64_gcc830/contrib/gcc/8.3.0/include/c++/8.3.0/array:333:5: note:   template argument deduction/substitution failed:
In file included from /cvmfs/juno.ihep.ac.cn/centos7_amd64_gcc830/contrib/gcc/8.3.0/include/c++/8.3.0/bits/locale_conv.h:41,
                 from /cvmfs/juno.ihep.ac.cn/centos7_amd64_gcc830/contrib/gcc/8.3.0/include/c++/8.3.0/locale:43,
                 from /cvmfs/juno.ihep.ac.cn/centos7_amd64_gcc830/contrib/gcc/8.3.0/include/c++/8.3.0/iomanip:43,
                 from /cvmfs/juno.ihep.ac.cn/centos7_amd64_gcc830/Pre-Release/J20v1r0-Pre2/ExternalLibs/ROOT/6.20.02/include/ROOT/RWrap_libcpp_string_view.h:44,
                 from /cvmfs/juno.ihep.ac.cn/centos7_amd64_gcc830/Pre-Release/J20v1r0-Pre2/ExternalLibs/ROOT/6.20.02/include/ROOT/RStringView.hxx:26,
                 from /cvmfs/juno.ihep.ac.cn/centos7_amd64_gcc830/Pre-Release/J20v1r0-Pre2/ExternalLibs/ROOT/6.20.02/include/TString.h:28,
                 from /cvmfs/juno.ihep.ac.cn/centos7_amd64_gcc830/Pre-Release/J20v1r0-Pre2/ExternalLibs/ROOT/6.20.02/include/TNamed.h:26,
                 from /cvmfs/juno.ihep.ac.cn/centos7_amd64_gcc830/Pre-Release/J20v1r0-Pre2/ExternalLibs/ROOT/6.20.02/include/TDictionary.h:44,
                 from /cvmfs/juno.ihep.ac.cn/centos7_amd64_gcc830/Pre-Release/J20v1r0-Pre2/ExternalLibs/ROOT/6.20.02/include/TDataType.h:25,
                 from /cvmfs/juno.ihep.ac.cn/centos7_amd64_gcc830/Pre-Release/J20v1r0-Pre2/ExternalLibs/ROOT/6.20.02/include/TBuffer.h:24,
                 from /cvmfs/juno.ihep.ac.cn/centos7_amd64_gcc830/Pre-Release/J20v1r0-Pre2/ExternalLibs/ROOT/6.20.02/include/TDirectory.h:24,
                 from /cvmfs/juno.ihep.ac.cn/centos7_amd64_gcc830/Pre-Release/J20v1r0-Pre2/ExternalLibs/ROOT/6.20.02/include/TDirectoryFile.h:25,
                 from /cvmfs/juno.ihep.ac.cn/centos7_amd64_gcc830/Pre-Release/J20v1r0-Pre2/ExternalLibs/ROOT/6.20.02/include/TFile.h:27,
                 from /dybfs/users/xuhangkun/SimTAO/analysis/calibrate/include/RunData.h:44,
                 from /dybfs/users/xuhangkun/SimTAO/analysis/calibrate/include/TAORunData.h:44,
                 from /dybfs/users/xuhangkun/SimTAO/analysis/calibrate/src/NonLinearCalibration.cpp:2:
/cvmfs/juno.ihep.ac.cn/centos7_amd64_gcc830/contrib/gcc/8.3.0/include/c++/8.3.0/bits/unique_ptr.h: In instantiation of ‘_Dp& std::__uniq_ptr_impl<_Tp, _Dp>::_M_deleter() [with _Tp = TInterpreterValue; _Dp = std::default_delete<TInterpreterValue>]’:
/cvmfs/juno.ihep.ac.cn/centos7_amd64_gcc830/contrib/gcc/8.3.0/include/c++/8.3.0/bits/unique_ptr.h:348:32:   required from ‘std::unique_ptr<_Tp, _Dp>::deleter_type& std::unique_ptr<_Tp, _Dp>::get_deleter() [with _Tp = TInterpreterValue; _Dp = std::default_delete<TInterpreterValue>; std::unique_ptr<_Tp, _Dp>::deleter_type = std::default_delete<TInterpreterValue>]’
/cvmfs/juno.ihep.ac.cn/centos7_amd64_gcc830/contrib/gcc/8.3.0/include/c++/8.3.0/bits/unique_ptr.h:274:17:   required from ‘std::unique_ptr<_Tp, _Dp>::~unique_ptr() [with _Tp = TInterpreterValue; _Dp = std::default_delete<TInterpreterValue>]’
/cvmfs/juno.ihep.ac.cn/centos7_amd64_gcc830/Pre-Release/J20v1r0-Pre2/ExternalLibs/ROOT/6.20.02/include/TInterpreter.h:271:35:   required from here
/cvmfs/juno.ihep.ac.cn/centos7_amd64_gcc830/contrib/gcc/8.3.0/include/c++/8.3.0/bits/unique_ptr.h:151:51: error: no matching function for call to ‘get<1>(std::tuple<TInterpreterValue*, std::default_delete<TInterpreterValue> >&)’
       _Dp&       _M_deleter() { return std::get<1>(_M_t); }
                                        ~~~~~~~~~~~^~~~~~
In file included from /cvmfs/juno.ihep.ac.cn/centos7_amd64_gcc830/contrib/gcc/8.3.0/include/c++/8.3.0/algorithm:60,
                 from /cvmfs/juno.ihep.ac.cn/centos7_amd64_gcc830/Pre-Release/J20v1r0-Pre2/ExternalLibs/ROOT/6.20.02/include/TMathBase.h:33,
                 from /cvmfs/juno.ihep.ac.cn/centos7_amd64_gcc830/Pre-Release/J20v1r0-Pre2/ExternalLibs/ROOT/6.20.02/include/TString.h:26,
                 from /cvmfs/juno.ihep.ac.cn/centos7_amd64_gcc830/Pre-Release/J20v1r0-Pre2/ExternalLibs/ROOT/6.20.02/include/TNamed.h:26,
                 from /cvmfs/juno.ihep.ac.cn/centos7_amd64_gcc830/Pre-Release/J20v1r0-Pre2/ExternalLibs/ROOT/6.20.02/include/TDictionary.h:44,
                 from /cvmfs/juno.ihep.ac.cn/centos7_amd64_gcc830/Pre-Release/J20v1r0-Pre2/ExternalLibs/ROOT/6.20.02/include/TDataType.h:25,
                 from /cvmfs/juno.ihep.ac.cn/centos7_amd64_gcc830/Pre-Release/J20v1r0-Pre2/ExternalLibs/ROOT/6.20.02/include/TBuffer.h:24,
                 from /cvmfs/juno.ihep.ac.cn/centos7_amd64_gcc830/Pre-Release/J20v1r0-Pre2/ExternalLibs/ROOT/6.20.02/include/TDirectory.h:24,
                 from /cvmfs/juno.ihep.ac.cn/centos7_amd64_gcc830/Pre-Release/J20v1r0-Pre2/ExternalLibs/ROOT/6.20.02/include/TDirectoryFile.h:25,
                 from /cvmfs/juno.ihep.ac.cn/centos7_amd64_gcc830/Pre-Release/J20v1r0-Pre2/ExternalLibs/ROOT/6.20.02/include/TFile.h:27,
                 from /dybfs/users/xuhangkun/SimTAO/analysis/calibrate/include/RunData.h:44,
                 from /dybfs/users/xuhangkun/SimTAO/analysis/calibrate/include/TAORunData.h:44,
                 from /dybfs/users/xuhangkun/SimTAO/analysis/calibrate/src/NonLinearCalibration.cpp:2:
/cvmfs/juno.ihep.ac.cn/centos7_amd64_gcc830/contrib/gcc/8.3.0/include/c++/8.3.0/utility:216:5: note: candidate: ‘template<<declaration error>, class _Tp1, class _Tp2> constexpr int& std::get(std::pair<_Tp1, _Tp2>&)’
     get(std::pair<_Tp1, _Tp2>& __in) noexcept
     ^~~
/cvmfs/juno.ihep.ac.cn/centos7_amd64_gcc830/contrib/gcc/8.3.0/include/c++/8.3.0/utility:216:5: note:   template argument deduction/substitution failed:
/cvmfs/juno.ihep.ac.cn/centos7_amd64_gcc830/contrib/gcc/8.3.0/include/c++/8.3.0/utility:221:5: note: candidate: ‘template<<declaration error>, class _Tp1, class _Tp2> constexpr int&& std::get(std::pair<_Tp1, _Tp2>&&)’
     get(std::pair<_Tp1, _Tp2>&& __in) noexcept
     ^~~
/cvmfs/juno.ihep.ac.cn/centos7_amd64_gcc830/contrib/gcc/8.3.0/include/c++/8.3.0/utility:221:5: note:   template argument deduction/substitution failed:
/cvmfs/juno.ihep.ac.cn/centos7_amd64_gcc830/contrib/gcc/8.3.0/include/c++/8.3.0/utility:226:5: note: candidate: ‘template<<declaration error>, class _Tp1, class _Tp2> constexpr const int& std::get(const std::pair<_Tp1, _Tp2>&)’
     get(const std::pair<_Tp1, _Tp2>& __in) noexcept
     ^~~
/cvmfs/juno.ihep.ac.cn/centos7_amd64_gcc830/contrib/gcc/8.3.0/include/c++/8.3.0/utility:226:5: note:   template argument deduction/substitution failed:
/cvmfs/juno.ihep.ac.cn/centos7_amd64_gcc830/contrib/gcc/8.3.0/include/c++/8.3.0/utility:231:5: note: candidate: ‘template<<declaration error>, class _Tp1, class _Tp2> constexpr const int&& std::get(const std::pair<_Tp1, _Tp2>&&)’
     get(const std::pair<_Tp1, _Tp2>&& __in) noexcept
     ^~~
/cvmfs/juno.ihep.ac.cn/centos7_amd64_gcc830/contrib/gcc/8.3.0/include/c++/8.3.0/utility:231:5: note:   template argument deduction/substitution failed:
In file included from /cvmfs/juno.ihep.ac.cn/centos7_amd64_gcc830/contrib/gcc/8.3.0/include/c++/8.3.0/tuple:39,
                 from /cvmfs/juno.ihep.ac.cn/centos7_amd64_gcc830/contrib/gcc/8.3.0/include/c++/8.3.0/bits/unique_ptr.h:37,
                 from /cvmfs/juno.ihep.ac.cn/centos7_amd64_gcc830/contrib/gcc/8.3.0/include/c++/8.3.0/bits/locale_conv.h:41,
                 from /cvmfs/juno.ihep.ac.cn/centos7_amd64_gcc830/contrib/gcc/8.3.0/include/c++/8.3.0/locale:43,
                 from /cvmfs/juno.ihep.ac.cn/centos7_amd64_gcc830/contrib/gcc/8.3.0/include/c++/8.3.0/iomanip:43,
                 from /cvmfs/juno.ihep.ac.cn/centos7_amd64_gcc830/Pre-Release/J20v1r0-Pre2/ExternalLibs/ROOT/6.20.02/include/ROOT/RWrap_libcpp_string_view.h:44,
                 from /cvmfs/juno.ihep.ac.cn/centos7_amd64_gcc830/Pre-Release/J20v1r0-Pre2/ExternalLibs/ROOT/6.20.02/include/ROOT/RStringView.hxx:26,
                 from /cvmfs/juno.ihep.ac.cn/centos7_amd64_gcc830/Pre-Release/J20v1r0-Pre2/ExternalLibs/ROOT/6.20.02/include/TString.h:28,
                 from /cvmfs/juno.ihep.ac.cn/centos7_amd64_gcc830/Pre-Release/J20v1r0-Pre2/ExternalLibs/ROOT/6.20.02/include/TNamed.h:26,
                 from /cvmfs/juno.ihep.ac.cn/centos7_amd64_gcc830/Pre-Release/J20v1r0-Pre2/ExternalLibs/ROOT/6.20.02/include/TDictionary.h:44,
                 from /cvmfs/juno.ihep.ac.cn/centos7_amd64_gcc830/Pre-Release/J20v1r0-Pre2/ExternalLibs/ROOT/6.20.02/include/TDataType.h:25,
                 from /cvmfs/juno.ihep.ac.cn/centos7_amd64_gcc830/Pre-Release/J20v1r0-Pre2/ExternalLibs/ROOT/6.20.02/include/TBuffer.h:24,
                 from /cvmfs/juno.ihep.ac.cn/centos7_amd64_gcc830/Pre-Release/J20v1r0-Pre2/ExternalLibs/ROOT/6.20.02/include/TDirectory.h:24,
                 from /cvmfs/juno.ihep.ac.cn/centos7_amd64_gcc830/Pre-Release/J20v1r0-Pre2/ExternalLibs/ROOT/6.20.02/include/TDirectoryFile.h:25,
                 from /cvmfs/juno.ihep.ac.cn/centos7_amd64_gcc830/Pre-Release/J20v1r0-Pre2/ExternalLibs/ROOT/6.20.02/include/TFile.h:27,
                 from /dybfs/users/xuhangkun/SimTAO/analysis/calibrate/include/RunData.h:44,
                 from /dybfs/users/xuhangkun/SimTAO/analysis/calibrate/include/TAORunData.h:44,
                 from /dybfs/users/xuhangkun/SimTAO/analysis/calibrate/src/NonLinearCalibration.cpp:2:
/cvmfs/juno.ihep.ac.cn/centos7_amd64_gcc830/contrib/gcc/8.3.0/include/c++/8.3.0/array:307:5: note: candidate: ‘template<<declaration error>, class _Tp, <declaration error> > constexpr _Tp& std::get(int&)’
     get(array<_Tp, _Nm>& __arr) noexcept
     ^~~
/cvmfs/juno.ihep.ac.cn/centos7_amd64_gcc830/contrib/gcc/8.3.0/include/c++/8.3.0/array:307:5: note:   template argument deduction/substitution failed:
/cvmfs/juno.ihep.ac.cn/centos7_amd64_gcc830/contrib/gcc/8.3.0/include/c++/8.3.0/array:316:5: note: candidate: ‘template<<declaration error>, class _Tp, <declaration error> > constexpr _Tp&& std::get(int&&)’
     get(array<_Tp, _Nm>&& __arr) noexcept
     ^~~
/cvmfs/juno.ihep.ac.cn/centos7_amd64_gcc830/contrib/gcc/8.3.0/include/c++/8.3.0/array:316:5: note:   template argument deduction/substitution failed:
/cvmfs/juno.ihep.ac.cn/centos7_amd64_gcc830/contrib/gcc/8.3.0/include/c++/8.3.0/array:324:5: note: candidate: ‘template<<declaration error>, class _Tp, <declaration error> > constexpr const _Tp& std::get(const int&)’
     get(const array<_Tp, _Nm>& __arr) noexcept
     ^~~
/cvmfs/juno.ihep.ac.cn/centos7_amd64_gcc830/contrib/gcc/8.3.0/include/c++/8.3.0/array:324:5: note:   template argument deduction/substitution failed:
/cvmfs/juno.ihep.ac.cn/centos7_amd64_gcc830/contrib/gcc/8.3.0/include/c++/8.3.0/array:333:5: note: candidate: ‘template<<declaration error>, class _Tp, <declaration error> > constexpr const _Tp&& std::get(const int&&)’
     get(const array<_Tp, _Nm>&& __arr) noexcept
     ^~~
/cvmfs/juno.ihep.ac.cn/centos7_amd64_gcc830/contrib/gcc/8.3.0/include/c++/8.3.0/array:333:5: note:   template argument deduction/substitution failed:
In file included from /cvmfs/juno.ihep.ac.cn/centos7_amd64_gcc830/contrib/gcc/8.3.0/include/c++/8.3.0/bits/locale_conv.h:41,
                 from /cvmfs/juno.ihep.ac.cn/centos7_amd64_gcc830/contrib/gcc/8.3.0/include/c++/8.3.0/locale:43,
                 from /cvmfs/juno.ihep.ac.cn/centos7_amd64_gcc830/contrib/gcc/8.3.0/include/c++/8.3.0/iomanip:43,
                 from /cvmfs/juno.ihep.ac.cn/centos7_amd64_gcc830/Pre-Release/J20v1r0-Pre2/ExternalLibs/ROOT/6.20.02/include/ROOT/RWrap_libcpp_string_view.h:44,
                 from /cvmfs/juno.ihep.ac.cn/centos7_amd64_gcc830/Pre-Release/J20v1r0-Pre2/ExternalLibs/ROOT/6.20.02/include/ROOT/RStringView.hxx:26,
                 from /cvmfs/juno.ihep.ac.cn/centos7_amd64_gcc830/Pre-Release/J20v1r0-Pre2/ExternalLibs/ROOT/6.20.02/include/TString.h:28,
                 from /cvmfs/juno.ihep.ac.cn/centos7_amd64_gcc830/Pre-Release/J20v1r0-Pre2/ExternalLibs/ROOT/6.20.02/include/TNamed.h:26,
                 from /cvmfs/juno.ihep.ac.cn/centos7_amd64_gcc830/Pre-Release/J20v1r0-Pre2/ExternalLibs/ROOT/6.20.02/include/TDictionary.h:44,
                 from /cvmfs/juno.ihep.ac.cn/centos7_amd64_gcc830/Pre-Release/J20v1r0-Pre2/ExternalLibs/ROOT/6.20.02/include/TDataType.h:25,
                 from /cvmfs/juno.ihep.ac.cn/centos7_amd64_gcc830/Pre-Release/J20v1r0-Pre2/ExternalLibs/ROOT/6.20.02/include/TBuffer.h:24,
                 from /cvmfs/juno.ihep.ac.cn/centos7_amd64_gcc830/Pre-Release/J20v1r0-Pre2/ExternalLibs/ROOT/6.20.02/include/TDirectory.h:24,
                 from /cvmfs/juno.ihep.ac.cn/centos7_amd64_gcc830/Pre-Release/J20v1r0-Pre2/ExternalLibs/ROOT/6.20.02/include/TDirectoryFile.h:25,
                 from /cvmfs/juno.ihep.ac.cn/centos7_amd64_gcc830/Pre-Release/J20v1r0-Pre2/ExternalLibs/ROOT/6.20.02/include/TFile.h:27,
                 from /dybfs/users/xuhangkun/SimTAO/analysis/calibrate/include/RunData.h:44,
                 from /dybfs/users/xuhangkun/SimTAO/analysis/calibrate/include/TAORunData.h:44,
                 from /dybfs/users/xuhangkun/SimTAO/analysis/calibrate/src/NonLinearCalibration.cpp:2:
/cvmfs/juno.ihep.ac.cn/centos7_amd64_gcc830/contrib/gcc/8.3.0/include/c++/8.3.0/bits/unique_ptr.h: In instantiation of ‘std::__uniq_ptr_impl<_Tp, _Dp>::pointer std::__uniq_ptr_impl<_Tp, _Dp>::_M_ptr() const [with _Tp = TInterpreterValue; _Dp = std::default_delete<TInterpreterValue>; std::__uniq_ptr_impl<_Tp, _Dp>::pointer = TInterpreterValue*]’:
/cvmfs/juno.ihep.ac.cn/centos7_amd64_gcc830/contrib/gcc/8.3.0/include/c++/8.3.0/bits/unique_ptr.h:343:28:   required from ‘std::unique_ptr<_Tp, _Dp>::pointer std::unique_ptr<_Tp, _Dp>::get() const [with _Tp = TInterpreterValue; _Dp = std::default_delete<TInterpreterValue>; std::unique_ptr<_Tp, _Dp>::pointer = TInterpreterValue*]’
/cvmfs/juno.ihep.ac.cn/centos7_amd64_gcc830/contrib/gcc/8.3.0/include/c++/8.3.0/bits/unique_ptr.h:365:16:   required from ‘std::unique_ptr<_Tp, _Dp>::pointer std::unique_ptr<_Tp, _Dp>::release() [with _Tp = TInterpreterValue; _Dp = std::default_delete<TInterpreterValue>; std::unique_ptr<_Tp, _Dp>::pointer = TInterpreterValue*]’
/cvmfs/juno.ihep.ac.cn/centos7_amd64_gcc830/Pre-Release/J20v1r0-Pre2/ExternalLibs/ROOT/6.20.02/include/TInterpreter.h:271:45:   required from here
/cvmfs/juno.ihep.ac.cn/centos7_amd64_gcc830/contrib/gcc/8.3.0/include/c++/8.3.0/bits/unique_ptr.h:150:53: error: no matching function for call to ‘get<0>(const std::tuple<TInterpreterValue*, std::default_delete<TInterpreterValue> >&)’
       pointer    _M_ptr() const { return std::get<0>(_M_t); }
                                          ~~~~~~~~~~~^~~~~~
In file included from /cvmfs/juno.ihep.ac.cn/centos7_amd64_gcc830/contrib/gcc/8.3.0/include/c++/8.3.0/algorithm:60,
                 from /cvmfs/juno.ihep.ac.cn/centos7_amd64_gcc830/Pre-Release/J20v1r0-Pre2/ExternalLibs/ROOT/6.20.02/include/TMathBase.h:33,
                 from /cvmfs/juno.ihep.ac.cn/centos7_amd64_gcc830/Pre-Release/J20v1r0-Pre2/ExternalLibs/ROOT/6.20.02/include/TString.h:26,
                 from /cvmfs/juno.ihep.ac.cn/centos7_amd64_gcc830/Pre-Release/J20v1r0-Pre2/ExternalLibs/ROOT/6.20.02/include/TNamed.h:26,
                 from /cvmfs/juno.ihep.ac.cn/centos7_amd64_gcc830/Pre-Release/J20v1r0-Pre2/ExternalLibs/ROOT/6.20.02/include/TDictionary.h:44,
                 from /cvmfs/juno.ihep.ac.cn/centos7_amd64_gcc830/Pre-Release/J20v1r0-Pre2/ExternalLibs/ROOT/6.20.02/include/TDataType.h:25,
                 from /cvmfs/juno.ihep.ac.cn/centos7_amd64_gcc830/Pre-Release/J20v1r0-Pre2/ExternalLibs/ROOT/6.20.02/include/TBuffer.h:24,
                 from /cvmfs/juno.ihep.ac.cn/centos7_amd64_gcc830/Pre-Release/J20v1r0-Pre2/ExternalLibs/ROOT/6.20.02/include/TDirectory.h:24,
                 from /cvmfs/juno.ihep.ac.cn/centos7_amd64_gcc830/Pre-Release/J20v1r0-Pre2/ExternalLibs/ROOT/6.20.02/include/TDirectoryFile.h:25,
                 from /cvmfs/juno.ihep.ac.cn/centos7_amd64_gcc830/Pre-Release/J20v1r0-Pre2/ExternalLibs/ROOT/6.20.02/include/TFile.h:27,
                 from /dybfs/users/xuhangkun/SimTAO/analysis/calibrate/include/RunData.h:44,
                 from /dybfs/users/xuhangkun/SimTAO/analysis/calibrate/include/TAORunData.h:44,
                 from /dybfs/users/xuhangkun/SimTAO/analysis/calibrate/src/NonLinearCalibration.cpp:2:
/cvmfs/juno.ihep.ac.cn/centos7_amd64_gcc830/contrib/gcc/8.3.0/include/c++/8.3.0/utility:216:5: note: candidate: ‘template<<declaration error>, class _Tp1, class _Tp2> constexpr int& std::get(std::pair<_Tp1, _Tp2>&)’
     get(std::pair<_Tp1, _Tp2>& __in) noexcept
     ^~~
/cvmfs/juno.ihep.ac.cn/centos7_amd64_gcc830/contrib/gcc/8.3.0/include/c++/8.3.0/utility:216:5: note:   template argument deduction/substitution failed:
/cvmfs/juno.ihep.ac.cn/centos7_amd64_gcc830/contrib/gcc/8.3.0/include/c++/8.3.0/utility:221:5: note: candidate: ‘template<<declaration error>, class _Tp1, class _Tp2> constexpr int&& std::get(std::pair<_Tp1, _Tp2>&&)’
     get(std::pair<_Tp1, _Tp2>&& __in) noexcept
     ^~~
/cvmfs/juno.ihep.ac.cn/centos7_amd64_gcc830/contrib/gcc/8.3.0/include/c++/8.3.0/utility:221:5: note:   template argument deduction/substitution failed:
/cvmfs/juno.ihep.ac.cn/centos7_amd64_gcc830/contrib/gcc/8.3.0/include/c++/8.3.0/utility:226:5: note: candidate: ‘template<<declaration error>, class _Tp1, class _Tp2> constexpr const int& std::get(const std::pair<_Tp1, _Tp2>&)’
     get(const std::pair<_Tp1, _Tp2>& __in) noexcept
     ^~~
/cvmfs/juno.ihep.ac.cn/centos7_amd64_gcc830/contrib/gcc/8.3.0/include/c++/8.3.0/utility:226:5: note:   template argument deduction/substitution failed:
/cvmfs/juno.ihep.ac.cn/centos7_amd64_gcc830/contrib/gcc/8.3.0/include/c++/8.3.0/utility:231:5: note: candidate: ‘template<<declaration error>, class _Tp1, class _Tp2> constexpr const int&& std::get(const std::pair<_Tp1, _Tp2>&&)’
     get(const std::pair<_Tp1, _Tp2>&& __in) noexcept
     ^~~
/cvmfs/juno.ihep.ac.cn/centos7_amd64_gcc830/contrib/gcc/8.3.0/include/c++/8.3.0/utility:231:5: note:   template argument deduction/substitution failed:
In file included from /cvmfs/juno.ihep.ac.cn/centos7_amd64_gcc830/contrib/gcc/8.3.0/include/c++/8.3.0/tuple:39,
                 from /cvmfs/juno.ihep.ac.cn/centos7_amd64_gcc830/contrib/gcc/8.3.0/include/c++/8.3.0/bits/unique_ptr.h:37,
                 from /cvmfs/juno.ihep.ac.cn/centos7_amd64_gcc830/contrib/gcc/8.3.0/include/c++/8.3.0/bits/locale_conv.h:41,
                 from /cvmfs/juno.ihep.ac.cn/centos7_amd64_gcc830/contrib/gcc/8.3.0/include/c++/8.3.0/locale:43,
                 from /cvmfs/juno.ihep.ac.cn/centos7_amd64_gcc830/contrib/gcc/8.3.0/include/c++/8.3.0/iomanip:43,
                 from /cvmfs/juno.ihep.ac.cn/centos7_amd64_gcc830/Pre-Release/J20v1r0-Pre2/ExternalLibs/ROOT/6.20.02/include/ROOT/RWrap_libcpp_string_view.h:44,
                 from /cvmfs/juno.ihep.ac.cn/centos7_amd64_gcc830/Pre-Release/J20v1r0-Pre2/ExternalLibs/ROOT/6.20.02/include/ROOT/RStringView.hxx:26,
                 from /cvmfs/juno.ihep.ac.cn/centos7_amd64_gcc830/Pre-Release/J20v1r0-Pre2/ExternalLibs/ROOT/6.20.02/include/TString.h:28,
                 from /cvmfs/juno.ihep.ac.cn/centos7_amd64_gcc830/Pre-Release/J20v1r0-Pre2/ExternalLibs/ROOT/6.20.02/include/TNamed.h:26,
                 from /cvmfs/juno.ihep.ac.cn/centos7_amd64_gcc830/Pre-Release/J20v1r0-Pre2/ExternalLibs/ROOT/6.20.02/include/TDictionary.h:44,
                 from /cvmfs/juno.ihep.ac.cn/centos7_amd64_gcc830/Pre-Release/J20v1r0-Pre2/ExternalLibs/ROOT/6.20.02/include/TDataType.h:25,
                 from /cvmfs/juno.ihep.ac.cn/centos7_amd64_gcc830/Pre-Release/J20v1r0-Pre2/ExternalLibs/ROOT/6.20.02/include/TBuffer.h:24,
                 from /cvmfs/juno.ihep.ac.cn/centos7_amd64_gcc830/Pre-Release/J20v1r0-Pre2/ExternalLibs/ROOT/6.20.02/include/TDirectory.h:24,
                 from /cvmfs/juno.ihep.ac.cn/centos7_amd64_gcc830/Pre-Release/J20v1r0-Pre2/ExternalLibs/ROOT/6.20.02/include/TDirectoryFile.h:25,
                 from /cvmfs/juno.ihep.ac.cn/centos7_amd64_gcc830/Pre-Release/J20v1r0-Pre2/ExternalLibs/ROOT/6.20.02/include/TFile.h:27,
                 from /dybfs/users/xuhangkun/SimTAO/analysis/calibrate/include/RunData.h:44,
                 from /dybfs/users/xuhangkun/SimTAO/analysis/calibrate/include/TAORunData.h:44,
                 from /dybfs/users/xuhangkun/SimTAO/analysis/calibrate/src/NonLinearCalibration.cpp:2:
/cvmfs/juno.ihep.ac.cn/centos7_amd64_gcc830/contrib/gcc/8.3.0/include/c++/8.3.0/array:307:5: note: candidate: ‘template<<declaration error>, class _Tp, <declaration error> > constexpr _Tp& std::get(int&)’
     get(array<_Tp, _Nm>& __arr) noexcept
     ^~~
/cvmfs/juno.ihep.ac.cn/centos7_amd64_gcc830/contrib/gcc/8.3.0/include/c++/8.3.0/array:307:5: note:   template argument deduction/substitution failed:
/cvmfs/juno.ihep.ac.cn/centos7_amd64_gcc830/contrib/gcc/8.3.0/include/c++/8.3.0/array:316:5: note: candidate: ‘template<<declaration error>, class _Tp, <declaration error> > constexpr _Tp&& std::get(int&&)’
     get(array<_Tp, _Nm>&& __arr) noexcept
     ^~~
/cvmfs/juno.ihep.ac.cn/centos7_amd64_gcc830/contrib/gcc/8.3.0/include/c++/8.3.0/array:316:5: note:   template argument deduction/substitution failed:
/cvmfs/juno.ihep.ac.cn/centos7_amd64_gcc830/contrib/gcc/8.3.0/include/c++/8.3.0/array:324:5: note: candidate: ‘template<<declaration error>, class _Tp, <declaration error> > constexpr const _Tp& std::get(const int&)’
     get(const array<_Tp, _Nm>& __arr) noexcept
     ^~~
/cvmfs/juno.ihep.ac.cn/centos7_amd64_gcc830/contrib/gcc/8.3.0/include/c++/8.3.0/array:324:5: note:   template argument deduction/substitution failed:
/cvmfs/juno.ihep.ac.cn/centos7_amd64_gcc830/contrib/gcc/8.3.0/include/c++/8.3.0/array:333:5: note: candidate: ‘template<<declaration error>, class _Tp, <declaration error> > constexpr const _Tp&& std::get(const int&&)’
     get(const array<_Tp, _Nm>&& __arr) noexcept
     ^~~
/cvmfs/juno.ihep.ac.cn/centos7_amd64_gcc830/contrib/gcc/8.3.0/include/c++/8.3.0/array:333:5: note:   template argument deduction/substitution failed:
In file included from /cvmfs/juno.ihep.ac.cn/centos7_amd64_gcc830/contrib/gcc/8.3.0/include/c++/8.3.0/bits/locale_conv.h:41,
                 from /cvmfs/juno.ihep.ac.cn/centos7_amd64_gcc830/contrib/gcc/8.3.0/include/c++/8.3.0/locale:43,
                 from /cvmfs/juno.ihep.ac.cn/centos7_amd64_gcc830/contrib/gcc/8.3.0/include/c++/8.3.0/iomanip:43,
                 from /cvmfs/juno.ihep.ac.cn/centos7_amd64_gcc830/Pre-Release/J20v1r0-Pre2/ExternalLibs/ROOT/6.20.02/include/ROOT/RWrap_libcpp_string_view.h:44,
                 from /cvmfs/juno.ihep.ac.cn/centos7_amd64_gcc830/Pre-Release/J20v1r0-Pre2/ExternalLibs/ROOT/6.20.02/include/ROOT/RStringView.hxx:26,
                 from /cvmfs/juno.ihep.ac.cn/centos7_amd64_gcc830/Pre-Release/J20v1r0-Pre2/ExternalLibs/ROOT/6.20.02/include/TString.h:28,
                 from /cvmfs/juno.ihep.ac.cn/centos7_amd64_gcc830/Pre-Release/J20v1r0-Pre2/ExternalLibs/ROOT/6.20.02/include/TNamed.h:26,
                 from /cvmfs/juno.ihep.ac.cn/centos7_amd64_gcc830/Pre-Release/J20v1r0-Pre2/ExternalLibs/ROOT/6.20.02/include/TDictionary.h:44,
                 from /cvmfs/juno.ihep.ac.cn/centos7_amd64_gcc830/Pre-Release/J20v1r0-Pre2/ExternalLibs/ROOT/6.20.02/include/TDataType.h:25,
                 from /cvmfs/juno.ihep.ac.cn/centos7_amd64_gcc830/Pre-Release/J20v1r0-Pre2/ExternalLibs/ROOT/6.20.02/include/TBuffer.h:24,
                 from /cvmfs/juno.ihep.ac.cn/centos7_amd64_gcc830/Pre-Release/J20v1r0-Pre2/ExternalLibs/ROOT/6.20.02/include/TDirectory.h:24,
                 from /cvmfs/juno.ihep.ac.cn/centos7_amd64_gcc830/Pre-Release/J20v1r0-Pre2/ExternalLibs/ROOT/6.20.02/include/TDirectoryFile.h:25,
                 from /cvmfs/juno.ihep.ac.cn/centos7_amd64_gcc830/Pre-Release/J20v1r0-Pre2/ExternalLibs/ROOT/6.20.02/include/TFile.h:27,
                 from /dybfs/users/xuhangkun/SimTAO/analysis/calibrate/include/RunData.h:44,
                 from /dybfs/users/xuhangkun/SimTAO/analysis/calibrate/include/TAORunData.h:44,
                 from /dybfs/users/xuhangkun/SimTAO/analysis/calibrate/src/NonLinearCalibration.cpp:2:
/cvmfs/juno.ihep.ac.cn/centos7_amd64_gcc830/contrib/gcc/8.3.0/include/c++/8.3.0/bits/unique_ptr.h: In instantiation of ‘std::__uniq_ptr_impl<_Tp, _Dp>::pointer std::__uniq_ptr_impl<_Tp, _Dp>::_M_ptr() const [with _Tp = TMethodCall; _Dp = std::default_delete<TMethodCall>; std::__uniq_ptr_impl<_Tp, _Dp>::pointer = TMethodCall*]’:
/cvmfs/juno.ihep.ac.cn/centos7_amd64_gcc830/contrib/gcc/8.3.0/include/c++/8.3.0/bits/unique_ptr.h:343:28:   required from ‘std::unique_ptr<_Tp, _Dp>::pointer std::unique_ptr<_Tp, _Dp>::get() const [with _Tp = TMethodCall; _Dp = std::default_delete<TMethodCall>; std::unique_ptr<_Tp, _Dp>::pointer = TMethodCall*]’
/cvmfs/juno.ihep.ac.cn/centos7_amd64_gcc830/contrib/gcc/8.3.0/include/c++/8.3.0/bits/unique_ptr.h:357:16:   required from ‘std::unique_ptr<_Tp, _Dp>::operator bool() const [with _Tp = TMethodCall; _Dp = std::default_delete<TMethodCall>]’
/cvmfs/juno.ihep.ac.cn/centos7_amd64_gcc830/Pre-Release/J20v1r0-Pre2/ExternalLibs/ROOT/6.20.02/include/TFormula.h:128:15:   required from here
/cvmfs/juno.ihep.ac.cn/centos7_amd64_gcc830/contrib/gcc/8.3.0/include/c++/8.3.0/bits/unique_ptr.h:150:53: error: no matching function for call to ‘get<0>(const std::tuple<TMethodCall*, std::default_delete<TMethodCall> >&)’
       pointer    _M_ptr() const { return std::get<0>(_M_t); }
                                          ~~~~~~~~~~~^~~~~~
In file included from /cvmfs/juno.ihep.ac.cn/centos7_amd64_gcc830/contrib/gcc/8.3.0/include/c++/8.3.0/algorithm:60,
                 from /cvmfs/juno.ihep.ac.cn/centos7_amd64_gcc830/Pre-Release/J20v1r0-Pre2/ExternalLibs/ROOT/6.20.02/include/TMathBase.h:33,
                 from /cvmfs/juno.ihep.ac.cn/centos7_amd64_gcc830/Pre-Release/J20v1r0-Pre2/ExternalLibs/ROOT/6.20.02/include/TString.h:26,
                 from /cvmfs/juno.ihep.ac.cn/centos7_amd64_gcc830/Pre-Release/J20v1r0-Pre2/ExternalLibs/ROOT/6.20.02/include/TNamed.h:26,
                 from /cvmfs/juno.ihep.ac.cn/centos7_amd64_gcc830/Pre-Release/J20v1r0-Pre2/ExternalLibs/ROOT/6.20.02/include/TDictionary.h:44,
                 from /cvmfs/juno.ihep.ac.cn/centos7_amd64_gcc830/Pre-Release/J20v1r0-Pre2/ExternalLibs/ROOT/6.20.02/include/TDataType.h:25,
                 from /cvmfs/juno.ihep.ac.cn/centos7_amd64_gcc830/Pre-Release/J20v1r0-Pre2/ExternalLibs/ROOT/6.20.02/include/TBuffer.h:24,
                 from /cvmfs/juno.ihep.ac.cn/centos7_amd64_gcc830/Pre-Release/J20v1r0-Pre2/ExternalLibs/ROOT/6.20.02/include/TDirectory.h:24,
                 from /cvmfs/juno.ihep.ac.cn/centos7_amd64_gcc830/Pre-Release/J20v1r0-Pre2/ExternalLibs/ROOT/6.20.02/include/TDirectoryFile.h:25,
                 from /cvmfs/juno.ihep.ac.cn/centos7_amd64_gcc830/Pre-Release/J20v1r0-Pre2/ExternalLibs/ROOT/6.20.02/include/TFile.h:27,
                 from /dybfs/users/xuhangkun/SimTAO/analysis/calibrate/include/RunData.h:44,
                 from /dybfs/users/xuhangkun/SimTAO/analysis/calibrate/include/TAORunData.h:44,
                 from /dybfs/users/xuhangkun/SimTAO/analysis/calibrate/src/NonLinearCalibration.cpp:2:
/cvmfs/juno.ihep.ac.cn/centos7_amd64_gcc830/contrib/gcc/8.3.0/include/c++/8.3.0/utility:216:5: note: candidate: ‘template<<declaration error>, class _Tp1, class _Tp2> constexpr int& std::get(std::pair<_Tp1, _Tp2>&)’
     get(std::pair<_Tp1, _Tp2>& __in) noexcept
     ^~~
/cvmfs/juno.ihep.ac.cn/centos7_amd64_gcc830/contrib/gcc/8.3.0/include/c++/8.3.0/utility:216:5: note:   template argument deduction/substitution failed:
/cvmfs/juno.ihep.ac.cn/centos7_amd64_gcc830/contrib/gcc/8.3.0/include/c++/8.3.0/utility:221:5: note: candidate: ‘template<<declaration error>, class _Tp1, class _Tp2> constexpr int&& std::get(std::pair<_Tp1, _Tp2>&&)’
     get(std::pair<_Tp1, _Tp2>&& __in) noexcept
     ^~~
/cvmfs/juno.ihep.ac.cn/centos7_amd64_gcc830/contrib/gcc/8.3.0/include/c++/8.3.0/utility:221:5: note:   template argument deduction/substitution failed:
/cvmfs/juno.ihep.ac.cn/centos7_amd64_gcc830/contrib/gcc/8.3.0/include/c++/8.3.0/utility:226:5: note: candidate: ‘template<<declaration error>, class _Tp1, class _Tp2> constexpr const int& std::get(const std::pair<_Tp1, _Tp2>&)’
     get(const std::pair<_Tp1, _Tp2>& __in) noexcept
     ^~~
/cvmfs/juno.ihep.ac.cn/centos7_amd64_gcc830/contrib/gcc/8.3.0/include/c++/8.3.0/utility:226:5: note:   template argument deduction/substitution failed:
/cvmfs/juno.ihep.ac.cn/centos7_amd64_gcc830/contrib/gcc/8.3.0/include/c++/8.3.0/utility:231:5: note: candidate: ‘template<<declaration error>, class _Tp1, class _Tp2> constexpr const int&& std::get(const std::pair<_Tp1, _Tp2>&&)’
     get(const std::pair<_Tp1, _Tp2>&& __in) noexcept
     ^~~
/cvmfs/juno.ihep.ac.cn/centos7_amd64_gcc830/contrib/gcc/8.3.0/include/c++/8.3.0/utility:231:5: note:   template argument deduction/substitution failed:
In file included from /cvmfs/juno.ihep.ac.cn/centos7_amd64_gcc830/contrib/gcc/8.3.0/include/c++/8.3.0/tuple:39,
                 from /cvmfs/juno.ihep.ac.cn/centos7_amd64_gcc830/contrib/gcc/8.3.0/include/c++/8.3.0/bits/unique_ptr.h:37,
                 from /cvmfs/juno.ihep.ac.cn/centos7_amd64_gcc830/contrib/gcc/8.3.0/include/c++/8.3.0/bits/locale_conv.h:41,
                 from /cvmfs/juno.ihep.ac.cn/centos7_amd64_gcc830/contrib/gcc/8.3.0/include/c++/8.3.0/locale:43,
                 from /cvmfs/juno.ihep.ac.cn/centos7_amd64_gcc830/contrib/gcc/8.3.0/include/c++/8.3.0/iomanip:43,
                 from /cvmfs/juno.ihep.ac.cn/centos7_amd64_gcc830/Pre-Release/J20v1r0-Pre2/ExternalLibs/ROOT/6.20.02/include/ROOT/RWrap_libcpp_string_view.h:44,
                 from /cvmfs/juno.ihep.ac.cn/centos7_amd64_gcc830/Pre-Release/J20v1r0-Pre2/ExternalLibs/ROOT/6.20.02/include/ROOT/RStringView.hxx:26,
                 from /cvmfs/juno.ihep.ac.cn/centos7_amd64_gcc830/Pre-Release/J20v1r0-Pre2/ExternalLibs/ROOT/6.20.02/include/TString.h:28,
                 from /cvmfs/juno.ihep.ac.cn/centos7_amd64_gcc830/Pre-Release/J20v1r0-Pre2/ExternalLibs/ROOT/6.20.02/include/TNamed.h:26,
                 from /cvmfs/juno.ihep.ac.cn/centos7_amd64_gcc830/Pre-Release/J20v1r0-Pre2/ExternalLibs/ROOT/6.20.02/include/TDictionary.h:44,
                 from /cvmfs/juno.ihep.ac.cn/centos7_amd64_gcc830/Pre-Release/J20v1r0-Pre2/ExternalLibs/ROOT/6.20.02/include/TDataType.h:25,
                 from /cvmfs/juno.ihep.ac.cn/centos7_amd64_gcc830/Pre-Release/J20v1r0-Pre2/ExternalLibs/ROOT/6.20.02/include/TBuffer.h:24,
                 from /cvmfs/juno.ihep.ac.cn/centos7_amd64_gcc830/Pre-Release/J20v1r0-Pre2/ExternalLibs/ROOT/6.20.02/include/TDirectory.h:24,
                 from /cvmfs/juno.ihep.ac.cn/centos7_amd64_gcc830/Pre-Release/J20v1r0-Pre2/ExternalLibs/ROOT/6.20.02/include/TDirectoryFile.h:25,
                 from /cvmfs/juno.ihep.ac.cn/centos7_amd64_gcc830/Pre-Release/J20v1r0-Pre2/ExternalLibs/ROOT/6.20.02/include/TFile.h:27,
                 from /dybfs/users/xuhangkun/SimTAO/analysis/calibrate/include/RunData.h:44,
                 from /dybfs/users/xuhangkun/SimTAO/analysis/calibrate/include/TAORunData.h:44,
                 from /dybfs/users/xuhangkun/SimTAO/analysis/calibrate/src/NonLinearCalibration.cpp:2:
/cvmfs/juno.ihep.ac.cn/centos7_amd64_gcc830/contrib/gcc/8.3.0/include/c++/8.3.0/array:307:5: note: candidate: ‘template<<declaration error>, class _Tp, <declaration error> > constexpr _Tp& std::get(int&)’
     get(array<_Tp, _Nm>& __arr) noexcept
     ^~~
/cvmfs/juno.ihep.ac.cn/centos7_amd64_gcc830/contrib/gcc/8.3.0/include/c++/8.3.0/array:307:5: note:   template argument deduction/substitution failed:
/cvmfs/juno.ihep.ac.cn/centos7_amd64_gcc830/contrib/gcc/8.3.0/include/c++/8.3.0/array:316:5: note: candidate: ‘template<<declaration error>, class _Tp, <declaration error> > constexpr _Tp&& std::get(int&&)’
     get(array<_Tp, _Nm>&& __arr) noexcept
     ^~~
/cvmfs/juno.ihep.ac.cn/centos7_amd64_gcc830/contrib/gcc/8.3.0/include/c++/8.3.0/array:316:5: note:   template argument deduction/substitution failed:
/cvmfs/juno.ihep.ac.cn/centos7_amd64_gcc830/contrib/gcc/8.3.0/include/c++/8.3.0/array:324:5: note: candidate: ‘template<<declaration error>, class _Tp, <declaration error> > constexpr const _Tp& std::get(const int&)’
     get(const array<_Tp, _Nm>& __arr) noexcept
     ^~~
/cvmfs/juno.ihep.ac.cn/centos7_amd64_gcc830/contrib/gcc/8.3.0/include/c++/8.3.0/array:324:5: note:   template argument deduction/substitution failed:
/cvmfs/juno.ihep.ac.cn/centos7_amd64_gcc830/contrib/gcc/8.3.0/include/c++/8.3.0/array:333:5: note: candidate: ‘template<<declaration error>, class _Tp, <declaration error> > constexpr const _Tp&& std::get(const int&&)’
     get(const array<_Tp, _Nm>&& __arr) noexcept
     ^~~
/cvmfs/juno.ihep.ac.cn/centos7_amd64_gcc830/contrib/gcc/8.3.0/include/c++/8.3.0/array:333:5: note:   template argument deduction/substitution failed:
In file included from /cvmfs/juno.ihep.ac.cn/centos7_amd64_gcc830/contrib/gcc/8.3.0/include/c++/8.3.0/vector:63,
                 from /cvmfs/juno.ihep.ac.cn/centos7_amd64_gcc830/Pre-Release/J20v1r0-Pre2/ExternalLibs/ROOT/6.20.02/include/TGenericClassInfo.h:15,
                 from /cvmfs/juno.ihep.ac.cn/centos7_amd64_gcc830/Pre-Release/J20v1r0-Pre2/ExternalLibs/ROOT/6.20.02/include/Rtypes.h:193,
                 from /cvmfs/juno.ihep.ac.cn/centos7_amd64_gcc830/Pre-Release/J20v1r0-Pre2/ExternalLibs/ROOT/6.20.02/include/Compression.h:15,
                 from /cvmfs/juno.ihep.ac.cn/centos7_amd64_gcc830/Pre-Release/J20v1r0-Pre2/ExternalLibs/ROOT/6.20.02/include/TFile.h:26,
                 from /dybfs/users/xuhangkun/SimTAO/analysis/calibrate/include/RunData.h:44,
                 from /dybfs/users/xuhangkun/SimTAO/analysis/calibrate/include/TAORunData.h:44,
                 from /dybfs/users/xuhangkun/SimTAO/analysis/calibrate/src/NonLinearCalibration.cpp:2:
/cvmfs/juno.ihep.ac.cn/centos7_amd64_gcc830/contrib/gcc/8.3.0/include/c++/8.3.0/bits/stl_uninitialized.h: In instantiation of ‘_ForwardIterator std::uninitialized_copy(_InputIterator, _InputIterator, _ForwardIterator) [with _InputIterator = __gnu_cxx::__normal_iterator<const double*, std::vector<double> >; _ForwardIterator = double*]’:
/cvmfs/juno.ihep.ac.cn/centos7_amd64_gcc830/contrib/gcc/8.3.0/include/c++/8.3.0/bits/stl_uninitialized.h:289:37:   required from ‘_ForwardIterator std::__uninitialized_copy_a(_InputIterator, _InputIterator, _ForwardIterator, std::allocator<_Tp>&) [with _InputIterator = __gnu_cxx::__normal_iterator<const double*, std::vector<double> >; _ForwardIterator = double*; _Tp = double]’
/cvmfs/juno.ihep.ac.cn/centos7_amd64_gcc830/contrib/gcc/8.3.0/include/c++/8.3.0/bits/stl_vector.h:463:31:   required from ‘std::vector<_Tp, _Alloc>::vector(const std::vector<_Tp, _Alloc>&) [with _Tp = double; _Alloc = std::allocator<double>]’
/cvmfs/juno.ihep.ac.cn/centos7_amd64_gcc830/Pre-Release/J20v1r0-Pre2/ExternalLibs/ROOT/6.20.02/include/TF1.h:62:30:   required from here
/cvmfs/juno.ihep.ac.cn/centos7_amd64_gcc830/contrib/gcc/8.3.0/include/c++/8.3.0/bits/stl_uninitialized.h:119:2: error: no type named ‘value_type’ in ‘struct std::iterator_traits<__gnu_cxx::__normal_iterator<const double*, std::vector<double> > >’
  _ValueType1;
  ^~~~~~~~~~~
/cvmfs/juno.ihep.ac.cn/centos7_amd64_gcc830/contrib/gcc/8.3.0/include/c++/8.3.0/bits/stl_uninitialized.h:126:67: error: no type named ‘reference’ in ‘struct std::iterator_traits<__gnu_cxx::__normal_iterator<const double*, std::vector<double> > >’
       typedef typename iterator_traits<_InputIterator>::reference _RefType1;
                                                                   ^~~~~~~~~
/cvmfs/juno.ihep.ac.cn/centos7_amd64_gcc830/contrib/gcc/8.3.0/include/c++/8.3.0/bits/stl_uninitialized.h:128:18: error: no type named ‘reference’ in ‘struct std::iterator_traits<__gnu_cxx::__normal_iterator<const double*, std::vector<double> > >’
       const bool __assignable = is_assignable<_RefType2, _RefType1>::value;
                  ^~~~~~~~~~~~
/cvmfs/juno.ihep.ac.cn/centos7_amd64_gcc830/contrib/gcc/8.3.0/include/c++/8.3.0/bits/stl_uninitialized.h:132:12: error: no type named ‘value_type’ in ‘struct std::iterator_traits<__gnu_cxx::__normal_iterator<const double*, std::vector<double> > >’
       return std::__uninitialized_copy<__is_trivial(_ValueType1)
                                        ~~~~~~~~~~~~~~~~~~~~~~~~~
            && __is_trivial(_ValueType2)
            ^~~~~~~~~~~~~~~~~~~~~~~~~~~~
In file included from /cvmfs/juno.ihep.ac.cn/centos7_amd64_gcc830/contrib/gcc/8.3.0/include/c++/8.3.0/vector:62,
                 from /cvmfs/juno.ihep.ac.cn/centos7_amd64_gcc830/Pre-Release/J20v1r0-Pre2/ExternalLibs/ROOT/6.20.02/include/TGenericClassInfo.h:15,
                 from /cvmfs/juno.ihep.ac.cn/centos7_amd64_gcc830/Pre-Release/J20v1r0-Pre2/ExternalLibs/ROOT/6.20.02/include/Rtypes.h:193,
                 from /cvmfs/juno.ihep.ac.cn/centos7_amd64_gcc830/Pre-Release/J20v1r0-Pre2/ExternalLibs/ROOT/6.20.02/include/Compression.h:15,
                 from /cvmfs/juno.ihep.ac.cn/centos7_amd64_gcc830/Pre-Release/J20v1r0-Pre2/ExternalLibs/ROOT/6.20.02/include/TFile.h:26,
                 from /dybfs/users/xuhangkun/SimTAO/analysis/calibrate/include/RunData.h:44,
                 from /dybfs/users/xuhangkun/SimTAO/analysis/calibrate/include/TAORunData.h:44,
                 from /dybfs/users/xuhangkun/SimTAO/analysis/calibrate/src/NonLinearCalibration.cpp:2:
/cvmfs/juno.ihep.ac.cn/centos7_amd64_gcc830/contrib/gcc/8.3.0/include/c++/8.3.0/bits/stl_construct.h: In instantiation of ‘void std::_Destroy(_ForwardIterator, _ForwardIterator) [with _ForwardIterator = __gnu_cxx::__normal_iterator<double*, std::vector<double> >]’:
/cvmfs/juno.ihep.ac.cn/centos7_amd64_gcc830/contrib/gcc/8.3.0/include/c++/8.3.0/bits/stl_construct.h:206:15:   required from ‘void std::_Destroy(_ForwardIterator, _ForwardIterator, std::allocator<_T2>&) [with _ForwardIterator = __gnu_cxx::__normal_iterator<double*, std::vector<double> >; _Tp = double]’
/cvmfs/juno.ihep.ac.cn/centos7_amd64_gcc830/contrib/gcc/8.3.0/include/c++/8.3.0/bits/vector.tcc:226:21:   required from ‘std::vector<_Tp, _Alloc>& std::vector<_Tp, _Alloc>::operator=(const std::vector<_Tp, _Alloc>&) [with _Tp = double; _Alloc = std::allocator<double>]’
/cvmfs/juno.ihep.ac.cn/centos7_amd64_gcc830/Pre-Release/J20v1r0-Pre2/ExternalLibs/ROOT/6.20.02/include/TF1.h:68:25:   required from here
/cvmfs/juno.ihep.ac.cn/centos7_amd64_gcc830/contrib/gcc/8.3.0/include/c++/8.3.0/bits/stl_construct.h:130:24: error: no type named ‘value_type’ in ‘struct std::iterator_traits<__gnu_cxx::__normal_iterator<double*, std::vector<double> > >’
                        _Value_type;
                        ^~~~~~~~~~~
/cvmfs/juno.ihep.ac.cn/centos7_amd64_gcc830/contrib/gcc/8.3.0/include/c++/8.3.0/bits/stl_construct.h:137:28: error: no type named ‘value_type’ in ‘struct std::iterator_traits<__gnu_cxx::__normal_iterator<double*, std::vector<double> > >’
  __destroy(__first, __last);
                            ^
/cvmfs/juno.ihep.ac.cn/centos7_amd64_gcc830/contrib/gcc/8.3.0/include/c++/8.3.0/bits/stl_construct.h:137:11: error: no type named ‘value_type’ in ‘struct std::iterator_traits<__gnu_cxx::__normal_iterator<double*, std::vector<double> > >’
       std::_Destroy_aux<__has_trivial_destructor(_Value_type)>::
       ~~~~~~~~~~~~~~~~~~~~~~~~~~~~~~~~~~~~~~~~~~~~~~~~~~~~~~~~~~
  __destroy(__first, __last);
  ~~~~~~~~~^~~~~~~~~~~~~~~~~
In file included from /cvmfs/juno.ihep.ac.cn/centos7_amd64_gcc830/contrib/gcc/8.3.0/include/c++/8.3.0/bits/locale_conv.h:41,
                 from /cvmfs/juno.ihep.ac.cn/centos7_amd64_gcc830/contrib/gcc/8.3.0/include/c++/8.3.0/locale:43,
                 from /cvmfs/juno.ihep.ac.cn/centos7_amd64_gcc830/contrib/gcc/8.3.0/include/c++/8.3.0/iomanip:43,
                 from /cvmfs/juno.ihep.ac.cn/centos7_amd64_gcc830/Pre-Release/J20v1r0-Pre2/ExternalLibs/ROOT/6.20.02/include/ROOT/RWrap_libcpp_string_view.h:44,
                 from /cvmfs/juno.ihep.ac.cn/centos7_amd64_gcc830/Pre-Release/J20v1r0-Pre2/ExternalLibs/ROOT/6.20.02/include/ROOT/RStringView.hxx:26,
                 from /cvmfs/juno.ihep.ac.cn/centos7_amd64_gcc830/Pre-Release/J20v1r0-Pre2/ExternalLibs/ROOT/6.20.02/include/TString.h:28,
                 from /cvmfs/juno.ihep.ac.cn/centos7_amd64_gcc830/Pre-Release/J20v1r0-Pre2/ExternalLibs/ROOT/6.20.02/include/TNamed.h:26,
                 from /cvmfs/juno.ihep.ac.cn/centos7_amd64_gcc830/Pre-Release/J20v1r0-Pre2/ExternalLibs/ROOT/6.20.02/include/TDictionary.h:44,
                 from /cvmfs/juno.ihep.ac.cn/centos7_amd64_gcc830/Pre-Release/J20v1r0-Pre2/ExternalLibs/ROOT/6.20.02/include/TDataType.h:25,
                 from /cvmfs/juno.ihep.ac.cn/centos7_amd64_gcc830/Pre-Release/J20v1r0-Pre2/ExternalLibs/ROOT/6.20.02/include/TBuffer.h:24,
                 from /cvmfs/juno.ihep.ac.cn/centos7_amd64_gcc830/Pre-Release/J20v1r0-Pre2/ExternalLibs/ROOT/6.20.02/include/TDirectory.h:24,
                 from /cvmfs/juno.ihep.ac.cn/centos7_amd64_gcc830/Pre-Release/J20v1r0-Pre2/ExternalLibs/ROOT/6.20.02/include/TDirectoryFile.h:25,
                 from /cvmfs/juno.ihep.ac.cn/centos7_amd64_gcc830/Pre-Release/J20v1r0-Pre2/ExternalLibs/ROOT/6.20.02/include/TFile.h:27,
                 from /dybfs/users/xuhangkun/SimTAO/analysis/calibrate/include/RunData.h:44,
                 from /dybfs/users/xuhangkun/SimTAO/analysis/calibrate/include/TAORunData.h:44,
                 from /dybfs/users/xuhangkun/SimTAO/analysis/calibrate/src/NonLinearCalibration.cpp:2:
/cvmfs/juno.ihep.ac.cn/centos7_amd64_gcc830/contrib/gcc/8.3.0/include/c++/8.3.0/bits/unique_ptr.h: In instantiation of ‘_Dp& std::__uniq_ptr_impl<_Tp, _Dp>::_M_deleter() [with _Tp = TF1AbsComposition; _Dp = std::default_delete<TF1AbsComposition>]’:
/cvmfs/juno.ihep.ac.cn/centos7_amd64_gcc830/contrib/gcc/8.3.0/include/c++/8.3.0/bits/unique_ptr.h:348:32:   required from ‘std::unique_ptr<_Tp, _Dp>::deleter_type& std::unique_ptr<_Tp, _Dp>::get_deleter() [with _Tp = TF1AbsComposition; _Dp = std::default_delete<TF1AbsComposition>; std::unique_ptr<_Tp, _Dp>::deleter_type = std::default_delete<TF1AbsComposition>]’
/cvmfs/juno.ihep.ac.cn/centos7_amd64_gcc830/contrib/gcc/8.3.0/include/c++/8.3.0/bits/unique_ptr.h:274:17:   required from ‘std::unique_ptr<_Tp, _Dp>::~unique_ptr() [with _Tp = TF1AbsComposition; _Dp = std::default_delete<TF1AbsComposition>]’
/cvmfs/juno.ihep.ac.cn/centos7_amd64_gcc830/Pre-Release/J20v1r0-Pre2/ExternalLibs/ROOT/6.20.02/include/TF1.h:274:109:   required from here
/cvmfs/juno.ihep.ac.cn/centos7_amd64_gcc830/contrib/gcc/8.3.0/include/c++/8.3.0/bits/unique_ptr.h:151:51: error: no matching function for call to ‘get<1>(std::tuple<TF1AbsComposition*, std::default_delete<TF1AbsComposition> >&)’
       _Dp&       _M_deleter() { return std::get<1>(_M_t); }
                                        ~~~~~~~~~~~^~~~~~
In file included from /cvmfs/juno.ihep.ac.cn/centos7_amd64_gcc830/contrib/gcc/8.3.0/include/c++/8.3.0/algorithm:60,
                 from /cvmfs/juno.ihep.ac.cn/centos7_amd64_gcc830/Pre-Release/J20v1r0-Pre2/ExternalLibs/ROOT/6.20.02/include/TMathBase.h:33,
                 from /cvmfs/juno.ihep.ac.cn/centos7_amd64_gcc830/Pre-Release/J20v1r0-Pre2/ExternalLibs/ROOT/6.20.02/include/TString.h:26,
                 from /cvmfs/juno.ihep.ac.cn/centos7_amd64_gcc830/Pre-Release/J20v1r0-Pre2/ExternalLibs/ROOT/6.20.02/include/TNamed.h:26,
                 from /cvmfs/juno.ihep.ac.cn/centos7_amd64_gcc830/Pre-Release/J20v1r0-Pre2/ExternalLibs/ROOT/6.20.02/include/TDictionary.h:44,
                 from /cvmfs/juno.ihep.ac.cn/centos7_amd64_gcc830/Pre-Release/J20v1r0-Pre2/ExternalLibs/ROOT/6.20.02/include/TDataType.h:25,
                 from /cvmfs/juno.ihep.ac.cn/centos7_amd64_gcc830/Pre-Release/J20v1r0-Pre2/ExternalLibs/ROOT/6.20.02/include/TBuffer.h:24,
                 from /cvmfs/juno.ihep.ac.cn/centos7_amd64_gcc830/Pre-Release/J20v1r0-Pre2/ExternalLibs/ROOT/6.20.02/include/TDirectory.h:24,
                 from /cvmfs/juno.ihep.ac.cn/centos7_amd64_gcc830/Pre-Release/J20v1r0-Pre2/ExternalLibs/ROOT/6.20.02/include/TDirectoryFile.h:25,
                 from /cvmfs/juno.ihep.ac.cn/centos7_amd64_gcc830/Pre-Release/J20v1r0-Pre2/ExternalLibs/ROOT/6.20.02/include/TFile.h:27,
                 from /dybfs/users/xuhangkun/SimTAO/analysis/calibrate/include/RunData.h:44,
                 from /dybfs/users/xuhangkun/SimTAO/analysis/calibrate/include/TAORunData.h:44,
                 from /dybfs/users/xuhangkun/SimTAO/analysis/calibrate/src/NonLinearCalibration.cpp:2:
/cvmfs/juno.ihep.ac.cn/centos7_amd64_gcc830/contrib/gcc/8.3.0/include/c++/8.3.0/utility:216:5: note: candidate: ‘template<<declaration error>, class _Tp1, class _Tp2> constexpr int& std::get(std::pair<_Tp1, _Tp2>&)’
     get(std::pair<_Tp1, _Tp2>& __in) noexcept
     ^~~
/cvmfs/juno.ihep.ac.cn/centos7_amd64_gcc830/contrib/gcc/8.3.0/include/c++/8.3.0/utility:216:5: note:   template argument deduction/substitution failed:
/cvmfs/juno.ihep.ac.cn/centos7_amd64_gcc830/contrib/gcc/8.3.0/include/c++/8.3.0/utility:221:5: note: candidate: ‘template<<declaration error>, class _Tp1, class _Tp2> constexpr int&& std::get(std::pair<_Tp1, _Tp2>&&)’
     get(std::pair<_Tp1, _Tp2>&& __in) noexcept
     ^~~
/cvmfs/juno.ihep.ac.cn/centos7_amd64_gcc830/contrib/gcc/8.3.0/include/c++/8.3.0/utility:221:5: note:   template argument deduction/substitution failed:
/cvmfs/juno.ihep.ac.cn/centos7_amd64_gcc830/contrib/gcc/8.3.0/include/c++/8.3.0/utility:226:5: note: candidate: ‘template<<declaration error>, class _Tp1, class _Tp2> constexpr const int& std::get(const std::pair<_Tp1, _Tp2>&)’
     get(const std::pair<_Tp1, _Tp2>& __in) noexcept
     ^~~
/cvmfs/juno.ihep.ac.cn/centos7_amd64_gcc830/contrib/gcc/8.3.0/include/c++/8.3.0/utility:226:5: note:   template argument deduction/substitution failed:
/cvmfs/juno.ihep.ac.cn/centos7_amd64_gcc830/contrib/gcc/8.3.0/include/c++/8.3.0/utility:231:5: note: candidate: ‘template<<declaration error>, class _Tp1, class _Tp2> constexpr const int&& std::get(const std::pair<_Tp1, _Tp2>&&)’
     get(const std::pair<_Tp1, _Tp2>&& __in) noexcept
     ^~~
/cvmfs/juno.ihep.ac.cn/centos7_amd64_gcc830/contrib/gcc/8.3.0/include/c++/8.3.0/utility:231:5: note:   template argument deduction/substitution failed:
In file included from /cvmfs/juno.ihep.ac.cn/centos7_amd64_gcc830/contrib/gcc/8.3.0/include/c++/8.3.0/tuple:39,
                 from /cvmfs/juno.ihep.ac.cn/centos7_amd64_gcc830/contrib/gcc/8.3.0/include/c++/8.3.0/bits/unique_ptr.h:37,
                 from /cvmfs/juno.ihep.ac.cn/centos7_amd64_gcc830/contrib/gcc/8.3.0/include/c++/8.3.0/bits/locale_conv.h:41,
                 from /cvmfs/juno.ihep.ac.cn/centos7_amd64_gcc830/contrib/gcc/8.3.0/include/c++/8.3.0/locale:43,
                 from /cvmfs/juno.ihep.ac.cn/centos7_amd64_gcc830/contrib/gcc/8.3.0/include/c++/8.3.0/iomanip:43,
                 from /cvmfs/juno.ihep.ac.cn/centos7_amd64_gcc830/Pre-Release/J20v1r0-Pre2/ExternalLibs/ROOT/6.20.02/include/ROOT/RWrap_libcpp_string_view.h:44,
                 from /cvmfs/juno.ihep.ac.cn/centos7_amd64_gcc830/Pre-Release/J20v1r0-Pre2/ExternalLibs/ROOT/6.20.02/include/ROOT/RStringView.hxx:26,
                 from /cvmfs/juno.ihep.ac.cn/centos7_amd64_gcc830/Pre-Release/J20v1r0-Pre2/ExternalLibs/ROOT/6.20.02/include/TString.h:28,
                 from /cvmfs/juno.ihep.ac.cn/centos7_amd64_gcc830/Pre-Release/J20v1r0-Pre2/ExternalLibs/ROOT/6.20.02/include/TNamed.h:26,
                 from /cvmfs/juno.ihep.ac.cn/centos7_amd64_gcc830/Pre-Release/J20v1r0-Pre2/ExternalLibs/ROOT/6.20.02/include/TDictionary.h:44,
                 from /cvmfs/juno.ihep.ac.cn/centos7_amd64_gcc830/Pre-Release/J20v1r0-Pre2/ExternalLibs/ROOT/6.20.02/include/TDataType.h:25,
                 from /cvmfs/juno.ihep.ac.cn/centos7_amd64_gcc830/Pre-Release/J20v1r0-Pre2/ExternalLibs/ROOT/6.20.02/include/TBuffer.h:24,
                 from /cvmfs/juno.ihep.ac.cn/centos7_amd64_gcc830/Pre-Release/J20v1r0-Pre2/ExternalLibs/ROOT/6.20.02/include/TDirectory.h:24,
                 from /cvmfs/juno.ihep.ac.cn/centos7_amd64_gcc830/Pre-Release/J20v1r0-Pre2/ExternalLibs/ROOT/6.20.02/include/TDirectoryFile.h:25,
                 from /cvmfs/juno.ihep.ac.cn/centos7_amd64_gcc830/Pre-Release/J20v1r0-Pre2/ExternalLibs/ROOT/6.20.02/include/TFile.h:27,
                 from /dybfs/users/xuhangkun/SimTAO/analysis/calibrate/include/RunData.h:44,
                 from /dybfs/users/xuhangkun/SimTAO/analysis/calibrate/include/TAORunData.h:44,
                 from /dybfs/users/xuhangkun/SimTAO/analysis/calibrate/src/NonLinearCalibration.cpp:2:
/cvmfs/juno.ihep.ac.cn/centos7_amd64_gcc830/contrib/gcc/8.3.0/include/c++/8.3.0/array:307:5: note: candidate: ‘template<<declaration error>, class _Tp, <declaration error> > constexpr _Tp& std::get(int&)’
     get(array<_Tp, _Nm>& __arr) noexcept
     ^~~
/cvmfs/juno.ihep.ac.cn/centos7_amd64_gcc830/contrib/gcc/8.3.0/include/c++/8.3.0/array:307:5: note:   template argument deduction/substitution failed:
/cvmfs/juno.ihep.ac.cn/centos7_amd64_gcc830/contrib/gcc/8.3.0/include/c++/8.3.0/array:316:5: note: candidate: ‘template<<declaration error>, class _Tp, <declaration error> > constexpr _Tp&& std::get(int&&)’
     get(array<_Tp, _Nm>&& __arr) noexcept
     ^~~
/cvmfs/juno.ihep.ac.cn/centos7_amd64_gcc830/contrib/gcc/8.3.0/include/c++/8.3.0/array:316:5: note:   template argument deduction/substitution failed:
/cvmfs/juno.ihep.ac.cn/centos7_amd64_gcc830/contrib/gcc/8.3.0/include/c++/8.3.0/array:324:5: note: candidate: ‘template<<declaration error>, class _Tp, <declaration error> > constexpr const _Tp& std::get(const int&)’
     get(const array<_Tp, _Nm>& __arr) noexcept
     ^~~
/cvmfs/juno.ihep.ac.cn/centos7_amd64_gcc830/contrib/gcc/8.3.0/include/c++/8.3.0/array:324:5: note:   template argument deduction/substitution failed:
/cvmfs/juno.ihep.ac.cn/centos7_amd64_gcc830/contrib/gcc/8.3.0/include/c++/8.3.0/array:333:5: note: candidate: ‘template<<declaration error>, class _Tp, <declaration error> > constexpr const _Tp&& std::get(const int&&)’
     get(const array<_Tp, _Nm>&& __arr) noexcept
     ^~~
/cvmfs/juno.ihep.ac.cn/centos7_amd64_gcc830/contrib/gcc/8.3.0/include/c++/8.3.0/array:333:5: note:   template argument deduction/substitution failed:
In file included from /cvmfs/juno.ihep.ac.cn/centos7_amd64_gcc830/contrib/gcc/8.3.0/include/c++/8.3.0/x86_64-pc-linux-gnu/bits/c++allocator.h:33,
                 from /cvmfs/juno.ihep.ac.cn/centos7_amd64_gcc830/contrib/gcc/8.3.0/include/c++/8.3.0/bits/allocator.h:46,
                 from /cvmfs/juno.ihep.ac.cn/centos7_amd64_gcc830/contrib/gcc/8.3.0/include/c++/8.3.0/string:41,
                 from /dybfs/users/xuhangkun/SimTAO/analysis/calibrate/include/RunData.h:43,
                 from /dybfs/users/xuhangkun/SimTAO/analysis/calibrate/include/TAORunData.h:44,
                 from /dybfs/users/xuhangkun/SimTAO/analysis/calibrate/src/NonLinearCalibration.cpp:2:
/cvmfs/juno.ihep.ac.cn/centos7_amd64_gcc830/contrib/gcc/8.3.0/include/c++/8.3.0/ext/new_allocator.h: In instantiation of ‘void __gnu_cxx::new_allocator<_Tp>::construct(_Up*, _Args&& ...) [with _Up = int; _Args = {int}; _Tp = int]’:
/cvmfs/juno.ihep.ac.cn/centos7_amd64_gcc830/contrib/gcc/8.3.0/include/c++/8.3.0/bits/alloc_traits.h:475:4:   required from ‘static void std::allocator_traits<std::allocator<_CharT> >::construct(std::allocator_traits<std::allocator<_CharT> >::allocator_type&, _Up*, _Args&& ...) [with _Up = int; _Args = {int}; _Tp = int; std::allocator_traits<std::allocator<_CharT> >::allocator_type = std::allocator<int>]’
/cvmfs/juno.ihep.ac.cn/centos7_amd64_gcc830/contrib/gcc/8.3.0/include/c++/8.3.0/bits/vector.tcc:103:30:   required from ‘void std::vector<_Tp, _Alloc>::emplace_back(_Args&& ...) [with _Args = {int}; _Tp = int; _Alloc = std::allocator<int>]’
/cvmfs/juno.ihep.ac.cn/centos7_amd64_gcc830/contrib/gcc/8.3.0/include/c++/8.3.0/bits/stl_vector.h:1091:9:   required from ‘void std::vector<_Tp, _Alloc>::push_back(std::vector<_Tp, _Alloc>::value_type&&) [with _Tp = int; _Alloc = std::allocator<int>; std::vector<_Tp, _Alloc>::value_type = int]’
/cvmfs/juno.ihep.ac.cn/centos7_amd64_gcc830/Pre-Release/J20v1r0-Pre2/ExternalLibs/ROOT/6.20.02/include/TBranchCacheInfo.h:128:49:   required from here
/cvmfs/juno.ihep.ac.cn/centos7_amd64_gcc830/contrib/gcc/8.3.0/include/c++/8.3.0/ext/new_allocator.h:136:4: error: no matching function for call to ‘operator new(sizetype, void*)’
  { ::new((void *)__p) _Up(std::forward<_Args>(__args)...); }
    ^~~~~~~~~~~~~~~~~~~~~~~~~~~~~~~~~~~~~~~~~~~~~~~~~~~~~~
<built-in>: note: candidate: ‘void* operator new(long unsigned int)’
<built-in>: note:   candidate expects 1 argument, 2 provided
In file included from /cvmfs/juno.ihep.ac.cn/centos7_amd64_gcc830/contrib/gcc/8.3.0/include/c++/8.3.0/bits/shared_ptr.h:52,
                 from /cvmfs/juno.ihep.ac.cn/centos7_amd64_gcc830/contrib/gcc/8.3.0/include/c++/8.3.0/memory:81,
                 from /cvmfs/juno.ihep.ac.cn/centos7_amd64_gcc830/Pre-Release/J20v1r0-Pre2/ExternalLibs/ROOT/6.20.02/include/ROOT/TypeTraits.hxx:15,
                 from /cvmfs/juno.ihep.ac.cn/centos7_amd64_gcc830/Pre-Release/J20v1r0-Pre2/ExternalLibs/ROOT/6.20.02/include/TString.h:29,
                 from /cvmfs/juno.ihep.ac.cn/centos7_amd64_gcc830/Pre-Release/J20v1r0-Pre2/ExternalLibs/ROOT/6.20.02/include/TNamed.h:26,
                 from /cvmfs/juno.ihep.ac.cn/centos7_amd64_gcc830/Pre-Release/J20v1r0-Pre2/ExternalLibs/ROOT/6.20.02/include/TDictionary.h:44,
                 from /cvmfs/juno.ihep.ac.cn/centos7_amd64_gcc830/Pre-Release/J20v1r0-Pre2/ExternalLibs/ROOT/6.20.02/include/TDataType.h:25,
                 from /cvmfs/juno.ihep.ac.cn/centos7_amd64_gcc830/Pre-Release/J20v1r0-Pre2/ExternalLibs/ROOT/6.20.02/include/TBuffer.h:24,
                 from /cvmfs/juno.ihep.ac.cn/centos7_amd64_gcc830/Pre-Release/J20v1r0-Pre2/ExternalLibs/ROOT/6.20.02/include/TDirectory.h:24,
                 from /cvmfs/juno.ihep.ac.cn/centos7_amd64_gcc830/Pre-Release/J20v1r0-Pre2/ExternalLibs/ROOT/6.20.02/include/TDirectoryFile.h:25,
                 from /cvmfs/juno.ihep.ac.cn/centos7_amd64_gcc830/Pre-Release/J20v1r0-Pre2/ExternalLibs/ROOT/6.20.02/include/TFile.h:27,
                 from /dybfs/users/xuhangkun/SimTAO/analysis/calibrate/include/RunData.h:44,
                 from /dybfs/users/xuhangkun/SimTAO/analysis/calibrate/include/TAORunData.h:44,
                 from /dybfs/users/xuhangkun/SimTAO/analysis/calibrate/src/NonLinearCalibration.cpp:2:
/cvmfs/juno.ihep.ac.cn/centos7_amd64_gcc830/contrib/gcc/8.3.0/include/c++/8.3.0/bits/shared_ptr_base.h: In instantiation of ‘std::__shared_count<_Lp>::__shared_count(_Tp*&, std::_Sp_alloc_shared_tag<_Alloc>, _Args&& ...) [with _Tp = std::mutex; _Alloc = std::allocator<std::mutex>; _Args = {}; __gnu_cxx::_Lock_policy _Lp = (__gnu_cxx::_Lock_policy)2]’:
/cvmfs/juno.ihep.ac.cn/centos7_amd64_gcc830/contrib/gcc/8.3.0/include/c++/8.3.0/bits/shared_ptr_base.h:1342:71:   required from ‘std::__shared_ptr<_Tp, _Lp>::__shared_ptr(std::_Sp_alloc_shared_tag<_Tp>, _Args&& ...) [with _Alloc = std::allocator<std::mutex>; _Args = {}; _Tp = std::mutex; __gnu_cxx::_Lock_policy _Lp = (__gnu_cxx::_Lock_policy)2]’
/cvmfs/juno.ihep.ac.cn/centos7_amd64_gcc830/contrib/gcc/8.3.0/include/c++/8.3.0/bits/shared_ptr.h:359:59:   required from ‘std::shared_ptr<_Tp>::shared_ptr(std::_Sp_alloc_shared_tag<_Tp>, _Args&& ...) [with _Alloc = std::allocator<std::mutex>; _Args = {}; _Tp = std::mutex]’
/cvmfs/juno.ihep.ac.cn/centos7_amd64_gcc830/contrib/gcc/8.3.0/include/c++/8.3.0/bits/shared_ptr.h:705:14:   required from ‘std::shared_ptr<_Tp> std::allocate_shared(const _Alloc&, _Args&& ...) [with _Tp = std::mutex; _Alloc = std::allocator<std::mutex>; _Args = {}]’
/cvmfs/juno.ihep.ac.cn/centos7_amd64_gcc830/contrib/gcc/8.3.0/include/c++/8.3.0/bits/shared_ptr.h:721:39:   required from ‘std::shared_ptr<_Tp> std::make_shared(_Args&& ...) [with _Tp = std::mutex; _Args = {}]’
/cvmfs/juno.ihep.ac.cn/centos7_amd64_gcc830/contrib/gcc/8.3.0/include/c++/8.3.0/condition_variable:233:65:   required from here
/cvmfs/juno.ihep.ac.cn/centos7_amd64_gcc830/contrib/gcc/8.3.0/include/c++/8.3.0/bits/shared_ptr_base.h:677:16: error: no matching function for call to ‘operator new(sizetype, _Sp_cp_type*&)’
    auto __pi = ::new (__mem)
                ^~~~~~~~~~~~~
      _Sp_cp_type(__a._M_a, std::forward<_Args>(__args)...);
      ~~~~~~~~~~~~~~~~~~~~~~~~~~~~~~~~~~~~~~~~~~~~~~~~~~~~~
<built-in>: note: candidate: ‘void* operator new(long unsigned int)’
<built-in>: note:   candidate expects 1 argument, 2 provided
/cvmfs/juno.ihep.ac.cn/centos7_amd64_gcc830/contrib/gcc/8.3.0/include/c++/8.3.0/bits/shared_ptr_base.h:679:12: error: no match for ‘operator=’ (operand types are ‘std::__allocated_ptr<std::allocator<std::_Sp_counted_ptr_inplace<std::mutex, std::allocator<std::mutex>, (__gnu_cxx::_Lock_policy)2> > >’ and ‘std::nullptr_t’)
    __guard = nullptr;
    ~~~~~~~~^~~~~~~~~
In file included from /cvmfs/juno.ihep.ac.cn/centos7_amd64_gcc830/contrib/gcc/8.3.0/include/c++/8.3.0/bits/shared_ptr_base.h:53,
                 from /cvmfs/juno.ihep.ac.cn/centos7_amd64_gcc830/contrib/gcc/8.3.0/include/c++/8.3.0/bits/shared_ptr.h:52,
                 from /cvmfs/juno.ihep.ac.cn/centos7_amd64_gcc830/contrib/gcc/8.3.0/include/c++/8.3.0/memory:81,
                 from /cvmfs/juno.ihep.ac.cn/centos7_amd64_gcc830/Pre-Release/J20v1r0-Pre2/ExternalLibs/ROOT/6.20.02/include/ROOT/TypeTraits.hxx:15,
                 from /cvmfs/juno.ihep.ac.cn/centos7_amd64_gcc830/Pre-Release/J20v1r0-Pre2/ExternalLibs/ROOT/6.20.02/include/TString.h:29,
                 from /cvmfs/juno.ihep.ac.cn/centos7_amd64_gcc830/Pre-Release/J20v1r0-Pre2/ExternalLibs/ROOT/6.20.02/include/TNamed.h:26,
                 from /cvmfs/juno.ihep.ac.cn/centos7_amd64_gcc830/Pre-Release/J20v1r0-Pre2/ExternalLibs/ROOT/6.20.02/include/TDictionary.h:44,
                 from /cvmfs/juno.ihep.ac.cn/centos7_amd64_gcc830/Pre-Release/J20v1r0-Pre2/ExternalLibs/ROOT/6.20.02/include/TDataType.h:25,
                 from /cvmfs/juno.ihep.ac.cn/centos7_amd64_gcc830/Pre-Release/J20v1r0-Pre2/ExternalLibs/ROOT/6.20.02/include/TBuffer.h:24,
                 from /cvmfs/juno.ihep.ac.cn/centos7_amd64_gcc830/Pre-Release/J20v1r0-Pre2/ExternalLibs/ROOT/6.20.02/include/TDirectory.h:24,
                 from /cvmfs/juno.ihep.ac.cn/centos7_amd64_gcc830/Pre-Release/J20v1r0-Pre2/ExternalLibs/ROOT/6.20.02/include/TDirectoryFile.h:25,
                 from /cvmfs/juno.ihep.ac.cn/centos7_amd64_gcc830/Pre-Release/J20v1r0-Pre2/ExternalLibs/ROOT/6.20.02/include/TFile.h:27,
                 from /dybfs/users/xuhangkun/SimTAO/analysis/calibrate/include/RunData.h:44,
                 from /dybfs/users/xuhangkun/SimTAO/analysis/calibrate/include/TAORunData.h:44,
                 from /dybfs/users/xuhangkun/SimTAO/analysis/calibrate/src/NonLinearCalibration.cpp:2:
/cvmfs/juno.ihep.ac.cn/centos7_amd64_gcc830/contrib/gcc/8.3.0/include/c++/8.3.0/bits/allocated_ptr.h:46:12: note: candidate: ‘std::__allocated_ptr<std::allocator<std::_Sp_counted_ptr_inplace<std::mutex, std::allocator<std::mutex>, (__gnu_cxx::_Lock_policy)2> > >& std::__allocated_ptr<std::allocator<std::_Sp_counted_ptr_inplace<std::mutex, std::allocator<std::mutex>, (__gnu_cxx::_Lock_policy)2> > >::operator=(const std::__allocated_ptr<std::allocator<std::_Sp_counted_ptr_inplace<std::mutex, std::allocator<std::mutex>, (__gnu_cxx::_Lock_policy)2> > >&)’ <deleted>
     struct __allocated_ptr
            ^~~~~~~~~~~~~~~
/cvmfs/juno.ihep.ac.cn/centos7_amd64_gcc830/contrib/gcc/8.3.0/include/c++/8.3.0/bits/allocated_ptr.h:46:12: note:   no known conversion for argument 1 from ‘std::nullptr_t’ to ‘const std::__allocated_ptr<std::allocator<std::_Sp_counted_ptr_inplace<std::mutex, std::allocator<std::mutex>, (__gnu_cxx::_Lock_policy)2> > >&’
In file included from /cvmfs/juno.ihep.ac.cn/centos7_amd64_gcc830/contrib/gcc/8.3.0/include/c++/8.3.0/vector:62,
                 from /cvmfs/juno.ihep.ac.cn/centos7_amd64_gcc830/Pre-Release/J20v1r0-Pre2/ExternalLibs/ROOT/6.20.02/include/TGenericClassInfo.h:15,
                 from /cvmfs/juno.ihep.ac.cn/centos7_amd64_gcc830/Pre-Release/J20v1r0-Pre2/ExternalLibs/ROOT/6.20.02/include/Rtypes.h:193,
                 from /cvmfs/juno.ihep.ac.cn/centos7_amd64_gcc830/Pre-Release/J20v1r0-Pre2/ExternalLibs/ROOT/6.20.02/include/Compression.h:15,
                 from /cvmfs/juno.ihep.ac.cn/centos7_amd64_gcc830/Pre-Release/J20v1r0-Pre2/ExternalLibs/ROOT/6.20.02/include/TFile.h:26,
                 from /dybfs/users/xuhangkun/SimTAO/analysis/calibrate/include/RunData.h:44,
                 from /dybfs/users/xuhangkun/SimTAO/analysis/calibrate/include/TAORunData.h:44,
                 from /dybfs/users/xuhangkun/SimTAO/analysis/calibrate/src/NonLinearCalibration.cpp:2:
/cvmfs/juno.ihep.ac.cn/centos7_amd64_gcc830/contrib/gcc/8.3.0/include/c++/8.3.0/bits/stl_construct.h: In instantiation of ‘void std::_Construct(_T1*, _Args&& ...) [with _T1 = std::__cxx11::basic_string<char>; _Args = {}]’:
/cvmfs/juno.ihep.ac.cn/centos7_amd64_gcc830/contrib/gcc/8.3.0/include/c++/8.3.0/bits/stl_uninitialized.h:527:18:   required from ‘static _ForwardIterator std::__uninitialized_default_n_1<_TrivialValueType>::__uninit_default_n(_ForwardIterator, _Size) [with _ForwardIterator = std::__cxx11::basic_string<char>*; _Size = long unsigned int; bool _TrivialValueType = false]’
/cvmfs/juno.ihep.ac.cn/centos7_amd64_gcc830/contrib/gcc/8.3.0/include/c++/8.3.0/bits/stl_uninitialized.h:583:20:   required from ‘_ForwardIterator std::__uninitialized_default_n(_ForwardIterator, _Size) [with _ForwardIterator = std::__cxx11::basic_string<char>*; _Size = long unsigned int]’
/cvmfs/juno.ihep.ac.cn/centos7_amd64_gcc830/contrib/gcc/8.3.0/include/c++/8.3.0/bits/stl_uninitialized.h:645:44:   required from ‘_ForwardIterator std::__uninitialized_default_n_a(_ForwardIterator, _Size, std::allocator<_Tp>&) [with _ForwardIterator = std::__cxx11::basic_string<char>*; _Size = long unsigned int; _Tp = std::__cxx11::basic_string<char>]’
/cvmfs/juno.ihep.ac.cn/centos7_amd64_gcc830/contrib/gcc/8.3.0/include/c++/8.3.0/bits/stl_vector.h:1490:36:   required from ‘void std::vector<_Tp, _Alloc>::_M_default_initialize(std::vector<_Tp, _Alloc>::size_type) [with _Tp = std::__cxx11::basic_string<char>; _Alloc = std::allocator<std::__cxx11::basic_string<char> >; std::vector<_Tp, _Alloc>::size_type = long unsigned int]’
/cvmfs/juno.ihep.ac.cn/centos7_amd64_gcc830/contrib/gcc/8.3.0/include/c++/8.3.0/bits/stl_vector.h:417:9:   required from ‘std::vector<_Tp, _Alloc>::vector(std::vector<_Tp, _Alloc>::size_type, const allocator_type&) [with _Tp = std::__cxx11::basic_string<char>; _Alloc = std::allocator<std::__cxx11::basic_string<char> >; std::vector<_Tp, _Alloc>::size_type = long unsigned int; std::vector<_Tp, _Alloc>::allocator_type = std::allocator<std::__cxx11::basic_string<char> >]’
/cvmfs/juno.ihep.ac.cn/centos7_amd64_gcc830/Pre-Release/J20v1r0-Pre2/ExternalLibs/ROOT/6.20.02/include/TF1.h:53:46:   required from here
/cvmfs/juno.ihep.ac.cn/centos7_amd64_gcc830/contrib/gcc/8.3.0/include/c++/8.3.0/bits/stl_construct.h:75:7: error: no matching function for call to ‘operator new(sizetype, void*)’
     { ::new(static_cast<void*>(__p)) _T1(std::forward<_Args>(__args)...); }
       ^~~~~~~~~~~~~~~~~~~~~~~~~~~~~~~~~~~~~~~~~~~~~~~~~~~~~~~~~~~~~~~~~~
<built-in>: note: candidate: ‘void* operator new(long unsigned int)’
<built-in>: note:   candidate expects 1 argument, 2 provided
make[2]: *** [CMakeFiles/mylib.dir/src/NonLinearCalibration.cpp.o] Error 1
make[1]: *** [CMakeFiles/mylib.dir/all] Error 2
make: *** [all] Error 2
